customer_data/sales_history.csv
date,product_id,product_name,brand,category,selling_price,units_sold,revenue,promotion_discount_pct
2025-11-20,SKU_1002,Coca Cola 200ml Value,Coca Cola,Beverages,21.72,290,6298.8,10.0
2025-11-21,SKU_1002,Coca Cola 200ml Value,Coca Cola,Beverages,24.15,238,5747.7,0.0
2025-11-22,SKU_1002,Coca Cola 200ml Value,Coca Cola,Beverages,28.94,246,7119.24,0.0
2025-11-23,SKU_1002,Coca Cola 200ml Value,Coca Cola,Beverages,24.65,320,7888.0,0.0
2025-11-24,SKU_1002,Coca Cola 200ml Value,Coca Cola,Beverages,25.62,220,5636.4,5.0
2025-11-25,SKU_1002,Coca Cola 200ml Value,Coca Cola,Beverages,29.42,201,5913.42,0.0
2025-11-26,SKU_1002,Coca Cola 200ml Value,Coca Cola,Beverages,22.13,238,5266.94,0.0
2025-11-27,SKU_1002,Coca Cola 200ml Value,Coca Cola,Beverages,27.67,195,5395.65,10.0
2025-11-28,SKU_1002,Coca Cola 200ml Value,Coca Cola,Beverages,24.52,235,5762.2,10.0
2025-11-29,SKU_1002,Coca Cola 200ml Value,Coca Cola,Beverages,27.6,230,6348.0,10.0
2025-11-30,SKU_1002,Coca Cola 200ml Value,Coca Cola,Beverages,21.85,309,6751.65,0.0
2025-12-01,SKU_1002,Coca Cola 200ml Value,Coca Cola,Beverages,27.06,238,6440.28,0.0
2025-12-02,SKU_1002,Coca Cola 200ml Value,Coca Cola,Beverages,24.96,291,7263.36,0.0
2025-12-03,SKU_1002,Coca Cola 200ml Value,Coca Cola,Beverages,28.66,233,6677.78,0.0
2025-12-04,SKU_1002,Coca Cola 200ml Value,Coca Cola,Beverages,27.99,232,6493.68,0.0
2025-12-05,SKU_1002,Coca Cola 200ml Value,Coca Cola,Beverages,28.3,231,6537.3,0.0
2025-12-06,SKU_1002,Coca Cola 200ml Value,Coca Cola,Beverages,22.88,410,9380.8,5.0
2025-12-07,SKU_1002,Coca Cola 200ml Value,Coca Cola,Beverages,19.9,448,8915.2,0.0
2025-12-08,SKU_1002,Coca Cola 200ml Value,Coca Cola,Beverages,26.8,270,7236.0,10.0
2025-12-09,SKU_1002,Coca Cola 200ml Value,Coca Cola,Beverages,25.82,282,7281.24,5.0
2025-12-10,SKU_1002,Coca Cola 200ml Value,Coca Cola,Beverages,24.64,281,6923.84,5.0
2025-12-11,SKU_1002,Coca Cola 200ml Value,Coca Cola,Beverages,22.26,274,6099.24,5.0
2025-12-12,SKU_1002,Coca Cola 200ml Value,Coca Cola,Beverages,29.05,211,6129.55,10.0
2025-12-13,SKU_1002,Coca Cola 200ml Value,Coca Cola,Beverages,22.92,346,7930.32,10.0
2025-12-14,SKU_1002,Coca Cola 200ml Value,Coca Cola,Beverages,29.51,245,7229.95,0.0
2025-12-15,SKU_1002,Coca Cola 200ml Value,Coca Cola,Beverages,25.16,250,6290.0,5.0
2025-12-16,SKU_1002,Coca Cola 200ml Value,Coca Cola,Beverages,25.46,230,5855.8,5.0
2025-12-17,SKU_1002,Coca Cola 200ml Value,Coca Cola,Beverages,28.61,228,6523.08,10.0
2025-12-18,SKU_1002,Coca Cola 200ml Value,Coca Cola,Beverages,24.91,262,6526.42,0.0
2025-12-19,SKU_1002,Coca Cola 200ml Value,Coca Cola,Beverages,29.22,217,6340.74,0.0
2025-12-20,SKU_1002,Coca Cola 200ml Value,Coca Cola,Beverages,19.93,423,8430.39,5.0
2025-12-21,SKU_1002,Coca Cola 200ml Value,Coca Cola,Beverages,25.41,310,7877.1,5.0
2025-12-22,SKU_1002,Coca Cola 200ml Value,Coca Cola,Beverages,26.97,248,6688.56,0.0
2025-12-23,SKU_1002,Coca Cola 200ml Value,Coca Cola,Beverages,29.25,212,6201.0,0.0
2025-12-24,SKU_1002,Coca Cola 200ml Value,Coca Cola,Beverages,19.46,372,7239.12,0.0
2025-12-25,SKU_1002,Coca Cola 200ml Value,Coca Cola,Beverages,28.21,212,5980.52,0.0
2025-12-26,SKU_1002,Coca Cola 200ml Value,Coca Cola,Beverages,29.2,204,5956.8,0.0
2025-12-27,SKU_1002,Coca Cola 200ml Value,Coca Cola,Beverages,24.35,305,7426.75,5.0
2025-12-28,SKU_1002,Coca Cola 200ml Value,Coca Cola,Beverages,22.9,305,6984.5,0.0
2025-12-29,SKU_1002,Coca Cola 200ml Value,Coca Cola,Beverages,22.13,284,6284.92,0.0
2025-12-30,SKU_1002,Coca Cola 200ml Value,Coca Cola,Beverages,18.15,338,6134.7,5.0
2025-12-31,SKU_1002,Coca Cola 200ml Value,Coca Cola,Beverages,22.89,264,6042.96,0.0
2026-01-01,SKU_1002,Coca Cola 200ml Value,Coca Cola,Beverages,29.18,246,7178.28,10.0
2026-01-02,SKU_1002,Coca Cola 200ml Value,Coca Cola,Beverages,22.27,360,8017.2,0.0
2026-01-03,SKU_1002,Coca Cola 200ml Value,Coca Cola,Beverages,23.54,393,9251.22,0.0
2026-01-04,SKU_1002,Coca Cola 200ml Value,Coca Cola,Beverages,23.55,389,9160.95,5.0
2026-01-05,SKU_1002,Coca Cola 200ml Value,Coca Cola,Beverages,20.22,394,7966.68,10.0
2026-01-06,SKU_1002,Coca Cola 200ml Value,Coca Cola,Beverages,23.14,356,8237.84,0.0
2026-01-07,SKU_1002,Coca Cola 200ml Value,Coca Cola,Beverages,22.46,353,7928.38,10.0
2026-01-08,SKU_1002,Coca Cola 200ml Value,Coca Cola,Beverages,25.72,277,7124.44,0.0
2026-01-09,SKU_1002,Coca Cola 200ml Value,Coca Cola,Beverages,26.09,280,7305.2,0.0
2026-01-10,SKU_1002,Coca Cola 200ml Value,Coca Cola,Beverages,29.68,300,8904.0,0.0
2026-01-11,SKU_1002,Coca Cola 200ml Value,Coca Cola,Beverages,23.09,350,8081.5,10.0
2026-01-12,SKU_1002,Coca Cola 200ml Value,Coca Cola,Beverages,30.11,217,6533.87,0.0
2026-01-13,SKU_1002,Coca Cola 200ml Value,Coca Cola,Beverages,25.27,252,6368.04,0.0
2026-01-14,SKU_1002,Coca Cola 200ml Value,Coca Cola,Beverages,27.13,236,6402.68,0.0
2026-01-15,SKU_1002,Coca Cola 200ml Value,Coca Cola,Beverages,28.92,219,6333.48,0.0
2026-01-16,SKU_1002,Coca Cola 200ml Value,Coca Cola,Beverages,20.39,326,6647.14,5.0
2026-01-17,SKU_1002,Coca Cola 200ml Value,Coca Cola,Beverages,23.78,367,8727.26,0.0
2026-01-18,SKU_1002,Coca Cola 200ml Value,Coca Cola,Beverages,18.88,499,9421.12,0.0
2026-01-19,SKU_1002,Coca Cola 200ml Value,Coca Cola,Beverages,23.56,296,6973.76,10.0
2026-01-20,SKU_1002,Coca Cola 200ml Value,Coca Cola,Beverages,23.41,294,6882.54,10.0
2026-01-21,SKU_1002,Coca Cola 200ml Value,Coca Cola,Beverages,24.84,265,6582.6,10.0
2026-01-22,SKU_1002,Coca Cola 200ml Value,Coca Cola,Beverages,20.28,374,7584.72,10.0
2026-01-23,SKU_1002,Coca Cola 200ml Value,Coca Cola,Beverages,29.5,224,6608.0,10.0
2026-01-24,SKU_1002,Coca Cola 200ml Value,Coca Cola,Beverages,21.36,429,9163.44,0.0
2026-01-25,SKU_1002,Coca Cola 200ml Value,Coca Cola,Beverages,23.02,359,8264.18,10.0
2026-01-26,SKU_1002,Coca Cola 200ml Value,Coca Cola,Beverages,19.97,339,6769.83,5.0
2026-01-27,SKU_1002,Coca Cola 200ml Value,Coca Cola,Beverages,26.04,224,5832.96,0.0
2026-01-28,SKU_1002,Coca Cola 200ml Value,Coca Cola,Beverages,20.77,304,6314.08,0.0
2026-01-29,SKU_1002,Coca Cola 200ml Value,Coca Cola,Beverages,26.19,223,5840.37,0.0
2026-01-30,SKU_1002,Coca Cola 200ml Value,Coca Cola,Beverages,19.35,359,6946.65,0.0
2026-01-31,SKU_1002,Coca Cola 200ml Value,Coca Cola,Beverages,20.24,418,8460.32,10.0
2026-02-01,SKU_1002,Coca Cola 200ml Value,Coca Cola,Beverages,20.96,474,9935.04,10.0
2026-02-02,SKU_1002,Coca Cola 200ml Value,Coca Cola,Beverages,21.02,414,8702.28,0.0
2026-02-03,SKU_1002,Coca Cola 200ml Value,Coca Cola,Beverages,28.41,293,8324.13,0.0
2026-02-04,SKU_1002,Coca Cola 200ml Value,Coca Cola,Beverages,22.88,373,8534.24,5.0
2026-02-05,SKU_1002,Coca Cola 200ml Value,Coca Cola,Beverages,20.56,403,8285.68,0.0
2026-02-06,SKU_1002,Coca Cola 200ml Value,Coca Cola,Beverages,28.9,258,7456.2,5.0
2026-02-07,SKU_1002,Coca Cola 200ml Value,Coca Cola,Beverages,19.12,545,10420.4,10.0
2026-02-08,SKU_1002,Coca Cola 200ml Value,Coca Cola,Beverages,18.41,569,10475.29,0.0
2026-02-09,SKU_1002,Coca Cola 200ml Value,Coca Cola,Beverages,25.12,325,8164.0,10.0
2026-02-10,SKU_1002,Coca Cola 200ml Value,Coca Cola,Beverages,28.86,291,8398.26,5.0
2026-02-11,SKU_1002,Coca Cola 200ml Value,Coca Cola,Beverages,22.21,321,7129.41,10.0
2026-02-12,SKU_1002,Coca Cola 200ml Value,Coca Cola,Beverages,22.67,329,7458.43,10.0
2026-02-13,SKU_1002,Coca Cola 200ml Value,Coca Cola,Beverages,21.32,357,7611.24,10.0
2026-02-14,SKU_1002,Coca Cola 200ml Value,Coca Cola,Beverages,23.03,403,9281.09,5.0
2026-02-15,SKU_1002,Coca Cola 200ml Value,Coca Cola,Beverages,23.35,383,8943.05,10.0
2026-02-16,SKU_1002,Coca Cola 200ml Value,Coca Cola,Beverages,29.53,247,7293.91,10.0
2026-02-17,SKU_1002,Coca Cola 200ml Value,Coca Cola,Beverages,19.78,406,8030.68,0.0
2026-02-18,SKU_1002,Coca Cola 200ml Value,Coca Cola,Beverages,23.97,324,7766.28,0.0
2026-02-19,SKU_1002,Coca Cola 200ml Value,Coca Cola,Beverages,27.74,255,7073.7,0.0
2026-02-20,SKU_1002,Coca Cola 200ml Value,Coca Cola,Beverages,18.36,410,7527.6,0.0
2026-02-21,SKU_1002,Coca Cola 200ml Value,Coca Cola,Beverages,24.62,380,9355.6,0.0
2026-02-22,SKU_1002,Coca Cola 200ml Value,Coca Cola,Beverages,21.2,425,9010.0,5.0
2026-02-23,SKU_1002,Coca Cola 200ml Value,Coca Cola,Beverages,28.16,272,7659.52,10.0
2026-02-24,SKU_1002,Coca Cola 200ml Value,Coca Cola,Beverages,24.43,289,7060.27,0.0
2026-02-25,SKU_1002,Coca Cola 200ml Value,Coca Cola,Beverages,21.37,332,7094.84,0.0
2026-02-26,SKU_1002,Coca Cola 200ml Value,Coca Cola,Beverages,29.12,209,6086.08,0.0
2026-02-27,SKU_1002,Coca Cola 200ml Value,Coca Cola,Beverages,25.04,257,6435.28,10.0
2026-02-28,SKU_1002,Coca Cola 200ml Value,Coca Cola,Beverages,24.77,344,8520.88,5.0
2026-03-01,SKU_1002,Coca Cola 200ml Value,Coca Cola,Beverages,28.1,355,9975.5,10.0
2026-03-02,SKU_1002,Coca Cola 200ml Value,Coca Cola,Beverages,18.22,473,8618.06,0.0
2026-03-03,SKU_1002,Coca Cola 200ml Value,Coca Cola,Beverages,28.94,302,8739.88,0.0
2026-03-04,SKU_1002,Coca Cola 200ml Value,Coca Cola,Beverages,25.29,342,8649.18,5.0
2026-03-05,SKU_1002,Coca Cola 200ml Value,Coca Cola,Beverages,26.11,310,8094.1,10.0
2026-03-06,SKU_1002,Coca Cola 200ml Value,Coca Cola,Beverages,29.12,282,8211.84,0.0
2026-03-07,SKU_1002,Coca Cola 200ml Value,Coca Cola,Beverages,22.71,482,10946.22,5.0
2026-03-08,SKU_1002,Coca Cola 200ml Value,Coca Cola,Beverages,18.66,581,10841.46,0.0
2026-03-09,SKU_1002,Coca Cola 200ml Value,Coca Cola,Beverages,26.99,295,7962.05,5.0
2026-03-10,SKU_1002,Coca Cola 200ml Value,Coca Cola,Beverages,21.05,716,15071.8,0.0
2026-03-11,SKU_1002,Coca Cola 200ml Value,Coca Cola,Beverages,22.38,529,11839.02,0.0
2026-03-12,SKU_1002,Coca Cola 200ml Value,Coca Cola,Beverages,24.92,452,11263.84,0.0
2026-03-13,SKU_1002,Coca Cola 200ml Value,Coca Cola,Beverages,29.39,450,13225.5,10.0
2026-03-14,SKU_1002,Coca Cola 200ml Value,Coca Cola,Beverages,18.47,756,13963.32,0.0
2026-03-15,SKU_1002,Coca Cola 200ml Value,Coca Cola,Beverages,18.71,911,17044.81,5.0
2026-03-16,SKU_1002,Coca Cola 200ml Value,Coca Cola,Beverages,22.12,620,13714.4,0.0
2026-03-17,SKU_1002,Coca Cola 200ml Value,Coca Cola,Beverages,19.0,592,11248.0,5.0
2026-03-18,SKU_1002,Coca Cola 200ml Value,Coca Cola,Beverages,26.39,460,12139.4,10.0
2026-03-19,SKU_1002,Coca Cola 200ml Value,Coca Cola,Beverages,21.06,386,8129.16,0.0
2026-03-20,SKU_1002,Coca Cola 200ml Value,Coca Cola,Beverages,27.73,273,7570.29,0.0
2026-03-21,SKU_1002,Coca Cola 200ml Value,Coca Cola,Beverages,21.37,460,9830.2,0.0
2026-03-22,SKU_1002,Coca Cola 200ml Value,Coca Cola,Beverages,22.44,404,9065.76,0.0
2026-03-23,SKU_1002,Coca Cola 200ml Value,Coca Cola,Beverages,29.15,238,6937.7,10.0
2026-03-24,SKU_1002,Coca Cola 200ml Value,Coca Cola,Beverages,29.55,245,7239.75,5.0
2026-03-25,SKU_1002,Coca Cola 200ml Value,Coca Cola,Beverages,20.32,389,7904.48,0.0
2026-03-26,SKU_1002,Coca Cola 200ml Value,Coca Cola,Beverages,28.62,238,6811.56,0.0
2026-03-27,SKU_1002,Coca Cola 200ml Value,Coca Cola,Beverages,27.82,244,6788.08,0.0
2026-03-28,SKU_1002,Coca Cola 200ml Value,Coca Cola,Beverages,26.44,333,8804.52,0.0
2026-03-29,SKU_1002,Coca Cola 200ml Value,Coca Cola,Beverages,21.1,415,8756.5,5.0
2026-03-30,SKU_1002,Coca Cola 200ml Value,Coca Cola,Beverages,20.76,363,7535.88,0.0
2026-03-31,SKU_1002,Coca Cola 200ml Value,Coca Cola,Beverages,29.48,209,6161.32,0.0
2026-04-01,SKU_1002,Coca Cola 200ml Value,Coca Cola,Beverages,26.6,341,9070.6,10.0
2026-04-02,SKU_1002,Coca Cola 200ml Value,Coca Cola,Beverages,20.27,451,9141.77,0.0
2026-04-03,SKU_1002,Coca Cola 200ml Value,Coca Cola,Beverages,29.13,270,7865.1,0.0
2026-04-04,SKU_1002,Coca Cola 200ml Value,Coca Cola,Beverages,26.5,393,10414.5,0.0
2026-04-05,SKU_1002,Coca Cola 200ml Value,Coca Cola,Beverages,29.24,383,11198.92,0.0
2026-04-06,SKU_1002,Coca Cola 200ml Value,Coca Cola,Beverages,29.48,284,8372.32,10.0
2026-04-07,SKU_1002,Coca Cola 200ml Value,Coca Cola,Beverages,28.49,311,8860.39,0.0
2026-04-08,SKU_1002,Coca Cola 200ml Value,Coca Cola,Beverages,21.94,424,9302.56,10.0
2026-04-09,SKU_1002,Coca Cola 200ml Value,Coca Cola,Beverages,18.54,503,9325.62,0.0
2026-04-10,SKU_1002,Coca Cola 200ml Value,Coca Cola,Beverages,20.86,408,8510.88,0.0
2026-04-11,SKU_1002,Coca Cola 200ml Value,Coca Cola,Beverages,19.02,537,10213.74,0.0
2026-04-12,SKU_1002,Coca Cola 200ml Value,Coca Cola,Beverages,22.19,448,9941.12,0.0
2026-04-13,SKU_1002,Coca Cola 200ml Value,Coca Cola,Beverages,18.88,411,7759.68,5.0
2026-04-14,SKU_1002,Coca Cola 200ml Value,Coca Cola,Beverages,24.6,319,7847.4,0.0
2026-04-15,SKU_1002,Coca Cola 200ml Value,Coca Cola,Beverages,21.93,358,7850.94,10.0
2026-04-16,SKU_1002,Coca Cola 200ml Value,Coca Cola,Beverages,28.77,258,7422.66,5.0
2026-04-17,SKU_1002,Coca Cola 200ml Value,Coca Cola,Beverages,20.9,348,7273.2,0.0
2026-04-18,SKU_1002,Coca Cola 200ml Value,Coca Cola,Beverages,28.58,298,8516.84,5.0
2026-04-19,SKU_1002,Coca Cola 200ml Value,Coca Cola,Beverages,28.64,320,9164.8,0.0
2026-04-20,SKU_1002,Coca Cola 200ml Value,Coca Cola,Beverages,29.42,257,7560.94,10.0
2026-04-21,SKU_1002,Coca Cola 200ml Value,Coca Cola,Beverages,30.13,235,7080.55,5.0
2026-04-22,SKU_1002,Coca Cola 200ml Value,Coca Cola,Beverages,27.34,265,7245.1,10.0
2026-04-23,SKU_1002,Coca Cola 200ml Value,Coca Cola,Beverages,23.88,322,7689.36,5.0
2026-04-24,SKU_1002,Coca Cola 200ml Value,Coca Cola,Beverages,28.63,271,7758.73,10.0
2026-04-25,SKU_1002,Coca Cola 200ml Value,Coca Cola,Beverages,27.36,331,9056.16,0.0
2026-04-26,SKU_1002,Coca Cola 200ml Value,Coca Cola,Beverages,23.17,380,8804.6,5.0
2026-04-27,SKU_1002,Coca Cola 200ml Value,Coca Cola,Beverages,20.97,313,6563.61,10.0
2026-04-28,SKU_1002,Coca Cola 200ml Value,Coca Cola,Beverages,22.37,297,6643.89,10.0
2026-04-29,SKU_1002,Coca Cola 200ml Value,Coca Cola,Beverages,21.66,306,6627.96,0.0
2026-04-30,SKU_1002,Coca Cola 200ml Value,Coca Cola,Beverages,18.6,355,6603.0,0.0
2026-05-01,SKU_1002,Coca Cola 200ml Value,Coca Cola,Beverages,30.0,272,8160.0,0.0
2026-05-02,SKU_1002,Coca Cola 200ml Value,Coca Cola,Beverages,22.72,490,11132.8,0.0
2026-05-03,SKU_1002,Coca Cola 200ml Value,Coca Cola,Beverages,20.72,567,11748.24,0.0
2026-05-04,SKU_1002,Coca Cola 200ml Value,Coca Cola,Beverages,27.57,285,7857.45,0.0
2026-05-05,SKU_1002,Coca Cola 200ml Value,Coca Cola,Beverages,23.13,393,9090.09,5.0
2026-05-06,SKU_1002,Coca Cola 200ml Value,Coca Cola,Beverages,29.48,277,8165.96,0.0
2026-05-07,SKU_1002,Coca Cola 200ml Value,Coca Cola,Beverages,25.49,316,8054.84,0.0
2026-05-08,SKU_1002,Coca Cola 200ml Value,Coca Cola,Beverages,30.04,261,7840.44,10.0
2026-05-09,SKU_1002,Coca Cola 200ml Value,Coca Cola,Beverages,29.46,354,10428.84,0.0
2026-05-10,SKU_1002,Coca Cola 200ml Value,Coca Cola,Beverages,25.42,414,10523.88,0.0
2026-05-11,SKU_1002,Coca Cola 200ml Value,Coca Cola,Beverages,20.87,347,7241.89,5.0
2026-05-12,SKU_1002,Coca Cola 200ml Value,Coca Cola,Beverages,20.75,350,7262.5,0.0
2026-05-13,SKU_1002,Coca Cola 200ml Value,Coca Cola,Beverages,27.49,255,7009.95,5.0
2026-05-14,SKU_1002,Coca Cola 200ml Value,Coca Cola,Beverages,18.79,438,8230.02,5.0
2026-05-15,SKU_1002,Coca Cola 200ml Value,Coca Cola,Beverages,28.75,261,7503.75,5.0
2026-05-16,SKU_1002,Coca Cola 200ml Value,Coca Cola,Beverages,30.09,278,8365.02,0.0
2026-05-17,SKU_1002,Coca Cola 200ml Value,Coca Cola,Beverages,22.87,418,9559.66,5.0
2026-05-18,SKU_1002,Coca Cola 200ml Value,Coca Cola,Beverages,26.48,257,6805.36,5.0
