customer_data/sales_history.csv
date,product_id,product_name,brand,category,selling_price,units_sold,revenue,promotion_discount_pct
2025-11-20,SKU_1003,Coca Cola 200ml Family,Coca Cola,Beverages,26.2,257,6733.4,0.0
2025-11-21,SKU_1003,Coca Cola 200ml Family,Coca Cola,Beverages,30.95,240,7428.0,0.0
2025-11-22,SKU_1003,Coca Cola 200ml Family,Coca Cola,Beverages,31.61,276,8724.36,10.0
2025-11-23,SKU_1003,Coca Cola 200ml Family,Coca Cola,Beverages,36.13,257,9285.41,0.0
2025-11-24,SKU_1003,Coca Cola 200ml Family,Coca Cola,Beverages,24.76,297,7353.72,0.0
2025-11-25,SKU_1003,Coca Cola 200ml Family,Coca Cola,Beverages,37.31,219,8170.89,10.0
2025-11-26,SKU_1003,Coca Cola 200ml Family,Coca Cola,Beverages,35.09,201,7053.09,5.0
2025-11-27,SKU_1003,Coca Cola 200ml Family,Coca Cola,Beverages,31.16,203,6325.48,0.0
2025-11-28,SKU_1003,Coca Cola 200ml Family,Coca Cola,Beverages,29.0,223,6467.0,0.0
2025-11-29,SKU_1003,Coca Cola 200ml Family,Coca Cola,Beverages,26.74,312,8342.88,0.0
2025-11-30,SKU_1003,Coca Cola 200ml Family,Coca Cola,Beverages,30.33,260,7885.8,0.0
2025-12-01,SKU_1003,Coca Cola 200ml Family,Coca Cola,Beverages,26.14,324,8469.36,5.0
2025-12-02,SKU_1003,Coca Cola 200ml Family,Coca Cola,Beverages,23.95,355,8502.25,10.0
2025-12-03,SKU_1003,Coca Cola 200ml Family,Coca Cola,Beverages,30.32,284,8610.88,10.0
2025-12-04,SKU_1003,Coca Cola 200ml Family,Coca Cola,Beverages,31.79,288,9155.52,0.0
2025-12-05,SKU_1003,Coca Cola 200ml Family,Coca Cola,Beverages,28.08,310,8704.8,0.0
2025-12-06,SKU_1003,Coca Cola 200ml Family,Coca Cola,Beverages,31.39,338,10609.82,0.0
2025-12-07,SKU_1003,Coca Cola 200ml Family,Coca Cola,Beverages,36.14,329,11890.06,0.0
2025-12-08,SKU_1003,Coca Cola 200ml Family,Coca Cola,Beverages,32.8,285,9348.0,0.0
2025-12-09,SKU_1003,Coca Cola 200ml Family,Coca Cola,Beverages,35.97,262,9424.14,0.0
2025-12-10,SKU_1003,Coca Cola 200ml Family,Coca Cola,Beverages,35.51,265,9410.15,10.0
2025-12-11,SKU_1003,Coca Cola 200ml Family,Coca Cola,Beverages,33.13,240,7951.2,5.0
2025-12-12,SKU_1003,Coca Cola 200ml Family,Coca Cola,Beverages,34.23,220,7530.6,10.0
2025-12-13,SKU_1003,Coca Cola 200ml Family,Coca Cola,Beverages,36.18,293,10600.74,0.0
2025-12-14,SKU_1003,Coca Cola 200ml Family,Coca Cola,Beverages,23.24,405,9412.2,5.0
2025-12-15,SKU_1003,Coca Cola 200ml Family,Coca Cola,Beverages,24.75,290,7177.5,5.0
2025-12-16,SKU_1003,Coca Cola 200ml Family,Coca Cola,Beverages,34.09,223,7602.07,0.0
2025-12-17,SKU_1003,Coca Cola 200ml Family,Coca Cola,Beverages,35.22,240,8452.8,0.0
2025-12-18,SKU_1003,Coca Cola 200ml Family,Coca Cola,Beverages,30.5,238,7259.0,5.0
2025-12-19,SKU_1003,Coca Cola 200ml Family,Coca Cola,Beverages,27.15,284,7710.6,5.0
2025-12-20,SKU_1003,Coca Cola 200ml Family,Coca Cola,Beverages,37.7,280,10556.0,5.0
2025-12-21,SKU_1003,Coca Cola 200ml Family,Coca Cola,Beverages,26.74,362,9679.88,0.0
2025-12-22,SKU_1003,Coca Cola 200ml Family,Coca Cola,Beverages,31.0,266,8246.0,10.0
2025-12-23,SKU_1003,Coca Cola 200ml Family,Coca Cola,Beverages,24.42,317,7741.14,0.0
2025-12-24,SKU_1003,Coca Cola 200ml Family,Coca Cola,Beverages,31.02,273,8468.46,0.0
2025-12-25,SKU_1003,Coca Cola 200ml Family,Coca Cola,Beverages,27.99,283,7921.17,10.0
2025-12-26,SKU_1003,Coca Cola 200ml Family,Coca Cola,Beverages,36.95,193,7131.35,0.0
2025-12-27,SKU_1003,Coca Cola 200ml Family,Coca Cola,Beverages,37.03,262,9701.86,0.0
2025-12-28,SKU_1003,Coca Cola 200ml Family,Coca Cola,Beverages,23.82,345,8217.9,10.0
2025-12-29,SKU_1003,Coca Cola 200ml Family,Coca Cola,Beverages,33.55,208,6978.4,5.0
2025-12-30,SKU_1003,Coca Cola 200ml Family,Coca Cola,Beverages,31.64,226,7150.64,0.0
2025-12-31,SKU_1003,Coca Cola 200ml Family,Coca Cola,Beverages,32.23,214,6897.22,5.0
2026-01-01,SKU_1003,Coca Cola 200ml Family,Coca Cola,Beverages,36.04,288,10379.52,10.0
2026-01-02,SKU_1003,Coca Cola 200ml Family,Coca Cola,Beverages,37.51,272,10202.72,0.0
2026-01-03,SKU_1003,Coca Cola 200ml Family,Coca Cola,Beverages,24.77,464,11493.28,0.0
2026-01-04,SKU_1003,Coca Cola 200ml Family,Coca Cola,Beverages,23.17,440,10194.8,0.0
2026-01-05,SKU_1003,Coca Cola 200ml Family,Coca Cola,Beverages,27.71,331,9172.01,10.0
2026-01-06,SKU_1003,Coca Cola 200ml Family,Coca Cola,Beverages,34.5,290,10005.0,0.0
2026-01-07,SKU_1003,Coca Cola 200ml Family,Coca Cola,Beverages,29.57,307,9077.99,0.0
2026-01-08,SKU_1003,Coca Cola 200ml Family,Coca Cola,Beverages,37.94,262,9940.28,0.0
2026-01-09,SKU_1003,Coca Cola 200ml Family,Coca Cola,Beverages,29.65,303,8983.95,5.0
2026-01-10,SKU_1003,Coca Cola 200ml Family,Coca Cola,Beverages,34.87,363,12657.81,0.0
2026-01-11,SKU_1003,Coca Cola 200ml Family,Coca Cola,Beverages,26.15,359,9387.85,0.0
2026-01-12,SKU_1003,Coca Cola 200ml Family,Coca Cola,Beverages,33.13,262,8680.06,0.0
2026-01-13,SKU_1003,Coca Cola 200ml Family,Coca Cola,Beverages,26.94,319,8593.86,0.0
2026-01-14,SKU_1003,Coca Cola 200ml Family,Coca Cola,Beverages,25.09,314,7878.26,5.0
2026-01-15,SKU_1003,Coca Cola 200ml Family,Coca Cola,Beverages,37.13,235,8725.55,0.0
2026-01-16,SKU_1003,Coca Cola 200ml Family,Coca Cola,Beverages,32.49,259,8414.91,0.0
2026-01-17,SKU_1003,Coca Cola 200ml Family,Coca Cola,Beverages,26.96,404,10891.84,0.0
2026-01-18,SKU_1003,Coca Cola 200ml Family,Coca Cola,Beverages,29.01,379,10994.79,0.0
2026-01-19,SKU_1003,Coca Cola 200ml Family,Coca Cola,Beverages,26.29,297,7808.13,5.0
2026-01-20,SKU_1003,Coca Cola 200ml Family,Coca Cola,Beverages,23.27,347,8074.69,0.0
2026-01-21,SKU_1003,Coca Cola 200ml Family,Coca Cola,Beverages,28.39,309,8772.51,5.0
2026-01-22,SKU_1003,Coca Cola 200ml Family,Coca Cola,Beverages,29.98,302,9053.96,0.0
2026-01-23,SKU_1003,Coca Cola 200ml Family,Coca Cola,Beverages,25.61,335,8579.35,10.0
2026-01-24,SKU_1003,Coca Cola 200ml Family,Coca Cola,Beverages,34.59,332,11483.88,5.0
2026-01-25,SKU_1003,Coca Cola 200ml Family,Coca Cola,Beverages,35.63,325,11579.75,0.0
2026-01-26,SKU_1003,Coca Cola 200ml Family,Coca Cola,Beverages,32.31,231,7463.61,10.0
2026-01-27,SKU_1003,Coca Cola 200ml Family,Coca Cola,Beverages,23.29,329,7662.41,0.0
2026-01-28,SKU_1003,Coca Cola 200ml Family,Coca Cola,Beverages,32.16,255,8200.8,0.0
2026-01-29,SKU_1003,Coca Cola 200ml Family,Coca Cola,Beverages,30.11,244,7346.84,0.0
2026-01-30,SKU_1003,Coca Cola 200ml Family,Coca Cola,Beverages,24.69,307,7579.83,10.0
2026-01-31,SKU_1003,Coca Cola 200ml Family,Coca Cola,Beverages,29.33,316,9268.28,0.0
2026-02-01,SKU_1003,Coca Cola 200ml Family,Coca Cola,Beverages,30.26,388,11740.88,0.0
2026-02-02,SKU_1003,Coca Cola 200ml Family,Coca Cola,Beverages,31.64,310,9808.4,0.0
2026-02-03,SKU_1003,Coca Cola 200ml Family,Coca Cola,Beverages,34.91,290,10123.9,0.0
2026-02-04,SKU_1003,Coca Cola 200ml Family,Coca Cola,Beverages,29.71,314,9328.94,0.0
2026-02-05,SKU_1003,Coca Cola 200ml Family,Coca Cola,Beverages,23.89,391,9340.99,0.0
2026-02-06,SKU_1003,Coca Cola 200ml Family,Coca Cola,Beverages,30.09,340,10230.6,0.0
2026-02-07,SKU_1003,Coca Cola 200ml Family,Coca Cola,Beverages,27.22,464,12630.08,0.0
2026-02-08,SKU_1003,Coca Cola 200ml Family,Coca Cola,Beverages,35.86,384,13770.24,0.0
2026-02-09,SKU_1003,Coca Cola 200ml Family,Coca Cola,Beverages,23.39,405,9472.95,10.0
2026-02-10,SKU_1003,Coca Cola 200ml Family,Coca Cola,Beverages,24.39,380,9268.2,0.0
2026-02-11,SKU_1003,Coca Cola 200ml Family,Coca Cola,Beverages,37.78,236,8916.08,0.0
2026-02-12,SKU_1003,Coca Cola 200ml Family,Coca Cola,Beverages,30.37,297,9019.89,5.0
2026-02-13,SKU_1003,Coca Cola 200ml Family,Coca Cola,Beverages,33.47,275,9204.25,0.0
2026-02-14,SKU_1003,Coca Cola 200ml Family,Coca Cola,Beverages,22.94,440,10093.6,10.0
2026-02-15,SKU_1003,Coca Cola 200ml Family,Coca Cola,Beverages,30.66,344,10547.04,0.0
2026-02-16,SKU_1003,Coca Cola 200ml Family,Coca Cola,Beverages,28.12,291,8182.92,0.0
2026-02-17,SKU_1003,Coca Cola 200ml Family,Coca Cola,Beverages,23.99,346,8300.54,0.0
2026-02-18,SKU_1003,Coca Cola 200ml Family,Coca Cola,Beverages,24.81,346,8584.26,0.0
2026-02-19,SKU_1003,Coca Cola 200ml Family,Coca Cola,Beverages,33.27,288,9581.76,0.0
2026-02-20,SKU_1003,Coca Cola 200ml Family,Coca Cola,Beverages,25.83,318,8213.94,0.0
2026-02-21,SKU_1003,Coca Cola 200ml Family,Coca Cola,Beverages,24.38,445,10849.1,10.0
2026-02-22,SKU_1003,Coca Cola 200ml Family,Coca Cola,Beverages,33.53,323,10830.19,0.0
2026-02-23,SKU_1003,Coca Cola 200ml Family,Coca Cola,Beverages,37.02,241,8921.82,0.0
2026-02-24,SKU_1003,Coca Cola 200ml Family,Coca Cola,Beverages,31.02,302,9368.04,0.0
2026-02-25,SKU_1003,Coca Cola 200ml Family,Coca Cola,Beverages,36.03,271,9764.13,5.0
2026-02-26,SKU_1003,Coca Cola 200ml Family,Coca Cola,Beverages,34.97,237,8287.89,0.0
2026-02-27,SKU_1003,Coca Cola 200ml Family,Coca Cola,Beverages,35.17,227,7983.59,5.0
2026-02-28,SKU_1003,Coca Cola 200ml Family,Coca Cola,Beverages,36.39,297,10807.83,10.0
2026-03-01,SKU_1003,Coca Cola 200ml Family,Coca Cola,Beverages,35.21,384,13520.64,10.0
2026-03-02,SKU_1003,Coca Cola 200ml Family,Coca Cola,Beverages,32.57,329,10715.53,10.0
2026-03-03,SKU_1003,Coca Cola 200ml Family,Coca Cola,Beverages,33.91,300,10173.0,5.0
2026-03-04,SKU_1003,Coca Cola 200ml Family,Coca Cola,Beverages,23.71,401,9507.71,5.0
2026-03-05,SKU_1003,Coca Cola 200ml Family,Coca Cola,Beverages,25.22,418,10541.96,5.0
2026-03-06,SKU_1003,Coca Cola 200ml Family,Coca Cola,Beverages,26.12,413,10787.56,10.0
2026-03-07,SKU_1003,Coca Cola 200ml Family,Coca Cola,Beverages,27.91,441,12308.31,0.0
2026-03-08,SKU_1003,Coca Cola 200ml Family,Coca Cola,Beverages,34.79,401,13950.79,5.0
2026-03-09,SKU_1003,Coca Cola 200ml Family,Coca Cola,Beverages,30.36,350,10626.0,0.0
2026-03-10,SKU_1003,Coca Cola 200ml Family,Coca Cola,Beverages,26.26,747,19616.22,0.0
2026-03-11,SKU_1003,Coca Cola 200ml Family,Coca Cola,Beverages,32.67,545,17805.15,0.0
2026-03-12,SKU_1003,Coca Cola 200ml Family,Coca Cola,Beverages,23.89,601,14357.89,0.0
2026-03-13,SKU_1003,Coca Cola 200ml Family,Coca Cola,Beverages,29.82,479,14283.78,0.0
2026-03-14,SKU_1003,Coca Cola 200ml Family,Coca Cola,Beverages,34.08,624,21265.92,5.0
2026-03-15,SKU_1003,Coca Cola 200ml Family,Coca Cola,Beverages,28.43,657,18678.51,5.0
2026-03-16,SKU_1003,Coca Cola 200ml Family,Coca Cola,Beverages,35.97,360,12949.2,10.0
2026-03-17,SKU_1003,Coca Cola 200ml Family,Coca Cola,Beverages,33.81,451,15248.31,0.0
2026-03-18,SKU_1003,Coca Cola 200ml Family,Coca Cola,Beverages,36.48,502,18312.96,0.0
2026-03-19,SKU_1003,Coca Cola 200ml Family,Coca Cola,Beverages,27.0,336,9072.0,5.0
2026-03-20,SKU_1003,Coca Cola 200ml Family,Coca Cola,Beverages,36.66,254,9311.64,10.0
2026-03-21,SKU_1003,Coca Cola 200ml Family,Coca Cola,Beverages,32.26,371,11968.46,5.0
2026-03-22,SKU_1003,Coca Cola 200ml Family,Coca Cola,Beverages,33.93,333,11298.69,10.0
2026-03-23,SKU_1003,Coca Cola 200ml Family,Coca Cola,Beverages,33.67,299,10067.33,0.0
2026-03-24,SKU_1003,Coca Cola 200ml Family,Coca Cola,Beverages,25.52,334,8523.68,10.0
2026-03-25,SKU_1003,Coca Cola 200ml Family,Coca Cola,Beverages,37.55,249,9349.95,0.0
2026-03-26,SKU_1003,Coca Cola 200ml Family,Coca Cola,Beverages,35.77,243,8692.11,0.0
2026-03-27,SKU_1003,Coca Cola 200ml Family,Coca Cola,Beverages,26.55,319,8469.45,0.0
2026-03-28,SKU_1003,Coca Cola 200ml Family,Coca Cola,Beverages,29.56,351,10375.56,0.0
2026-03-29,SKU_1003,Coca Cola 200ml Family,Coca Cola,Beverages,28.25,367,10367.75,0.0
2026-03-30,SKU_1003,Coca Cola 200ml Family,Coca Cola,Beverages,25.28,310,7836.8,0.0
2026-03-31,SKU_1003,Coca Cola 200ml Family,Coca Cola,Beverages,37.52,227,8517.04,10.0
2026-04-01,SKU_1003,Coca Cola 200ml Family,Coca Cola,Beverages,32.77,324,10617.48,0.0
2026-04-02,SKU_1003,Coca Cola 200ml Family,Coca Cola,Beverages,34.55,303,10468.65,0.0
2026-04-03,SKU_1003,Coca Cola 200ml Family,Coca Cola,Beverages,37.53,298,11183.94,0.0
2026-04-04,SKU_1003,Coca Cola 200ml Family,Coca Cola,Beverages,26.38,458,12082.04,0.0
2026-04-05,SKU_1003,Coca Cola 200ml Family,Coca Cola,Beverages,25.37,503,12761.11,5.0
2026-04-06,SKU_1003,Coca Cola 200ml Family,Coca Cola,Beverages,27.91,391,10912.81,5.0
2026-04-07,SKU_1003,Coca Cola 200ml Family,Coca Cola,Beverages,29.34,347,10180.98,5.0
2026-04-08,SKU_1003,Coca Cola 200ml Family,Coca Cola,Beverages,32.17,346,11130.82,0.0
2026-04-09,SKU_1003,Coca Cola 200ml Family,Coca Cola,Beverages,25.33,383,9701.39,0.0
2026-04-10,SKU_1003,Coca Cola 200ml Family,Coca Cola,Beverages,23.35,440,10274.0,0.0
2026-04-11,SKU_1003,Coca Cola 200ml Family,Coca Cola,Beverages,32.88,358,11771.04,5.0
2026-04-12,SKU_1003,Coca Cola 200ml Family,Coca Cola,Beverages,35.62,353,12573.86,5.0
2026-04-13,SKU_1003,Coca Cola 200ml Family,Coca Cola,Beverages,31.69,310,9823.9,10.0
2026-04-14,SKU_1003,Coca Cola 200ml Family,Coca Cola,Beverages,25.92,324,8398.08,10.0
2026-04-15,SKU_1003,Coca Cola 200ml Family,Coca Cola,Beverages,26.89,312,8389.68,0.0
2026-04-16,SKU_1003,Coca Cola 200ml Family,Coca Cola,Beverages,30.86,319,9844.34,0.0
2026-04-17,SKU_1003,Coca Cola 200ml Family,Coca Cola,Beverages,23.39,349,8163.11,0.0
2026-04-18,SKU_1003,Coca Cola 200ml Family,Coca Cola,Beverages,29.66,410,12160.6,10.0
2026-04-19,SKU_1003,Coca Cola 200ml Family,Coca Cola,Beverages,27.6,408,11260.8,10.0
2026-04-20,SKU_1003,Coca Cola 200ml Family,Coca Cola,Beverages,23.42,350,8197.0,5.0
2026-04-21,SKU_1003,Coca Cola 200ml Family,Coca Cola,Beverages,37.78,275,10389.5,10.0
2026-04-22,SKU_1003,Coca Cola 200ml Family,Coca Cola,Beverages,22.87,397,9079.39,5.0
2026-04-23,SKU_1003,Coca Cola 200ml Family,Coca Cola,Beverages,32.5,303,9847.5,0.0
2026-04-24,SKU_1003,Coca Cola 200ml Family,Coca Cola,Beverages,29.7,308,9147.6,0.0
2026-04-25,SKU_1003,Coca Cola 200ml Family,Coca Cola,Beverages,30.22,388,11725.36,10.0
2026-04-26,SKU_1003,Coca Cola 200ml Family,Coca Cola,Beverages,24.91,367,9141.97,10.0
2026-04-27,SKU_1003,Coca Cola 200ml Family,Coca Cola,Beverages,27.47,301,8268.47,5.0
2026-04-28,SKU_1003,Coca Cola 200ml Family,Coca Cola,Beverages,25.86,313,8094.18,0.0
2026-04-29,SKU_1003,Coca Cola 200ml Family,Coca Cola,Beverages,37.53,218,8181.54,10.0
2026-04-30,SKU_1003,Coca Cola 200ml Family,Coca Cola,Beverages,33.01,252,8318.52,0.0
2026-05-01,SKU_1003,Coca Cola 200ml Family,Coca Cola,Beverages,35.98,291,10470.18,0.0
2026-05-02,SKU_1003,Coca Cola 200ml Family,Coca Cola,Beverages,33.32,422,14061.04,0.0
2026-05-03,SKU_1003,Coca Cola 200ml Family,Coca Cola,Beverages,37.15,381,14154.15,0.0
2026-05-04,SKU_1003,Coca Cola 200ml Family,Coca Cola,Beverages,30.35,350,10622.5,0.0
2026-05-05,SKU_1003,Coca Cola 200ml Family,Coca Cola,Beverages,36.0,306,11016.0,0.0
2026-05-06,SKU_1003,Coca Cola 200ml Family,Coca Cola,Beverages,23.25,444,10323.0,0.0
2026-05-07,SKU_1003,Coca Cola 200ml Family,Coca Cola,Beverages,33.27,328,10912.56,0.0
2026-05-08,SKU_1003,Coca Cola 200ml Family,Coca Cola,Beverages,26.07,392,10219.44,5.0
2026-05-09,SKU_1003,Coca Cola 200ml Family,Coca Cola,Beverages,28.78,454,13066.12,0.0
2026-05-10,SKU_1003,Coca Cola 200ml Family,Coca Cola,Beverages,24.41,513,12522.33,0.0
2026-05-11,SKU_1003,Coca Cola 200ml Family,Coca Cola,Beverages,37.98,235,8925.3,0.0
2026-05-12,SKU_1003,Coca Cola 200ml Family,Coca Cola,Beverages,37.64,249,9372.36,5.0
2026-05-13,SKU_1003,Coca Cola 200ml Family,Coca Cola,Beverages,36.02,271,9761.42,0.0
2026-05-14,SKU_1003,Coca Cola 200ml Family,Coca Cola,Beverages,31.41,298,9360.18,0.0
2026-05-15,SKU_1003,Coca Cola 200ml Family,Coca Cola,Beverages,36.14,256,9251.84,0.0
2026-05-16,SKU_1003,Coca Cola 200ml Family,Coca Cola,Beverages,27.76,402,11159.52,0.0
2026-05-17,SKU_1003,Coca Cola 200ml Family,Coca Cola,Beverages,35.07,342,11993.94,5.0
2026-05-18,SKU_1003,Coca Cola 200ml Family,Coca Cola,Beverages,34.92,262,9149.04,10.0
