customer_data/sales_history.csv
date,product_id,product_name,brand,category,selling_price,units_sold,revenue,promotion_discount_pct
2025-11-20,SKU_1004,Coca Cola 750ml Mini,Coca Cola,Beverages,22.73,280,6364.4,5.0
2025-11-21,SKU_1004,Coca Cola 750ml Mini,Coca Cola,Beverages,21.13,287,6064.31,0.0
2025-11-22,SKU_1004,Coca Cola 750ml Mini,Coca Cola,Beverages,26.19,310,8118.9,5.0
2025-11-23,SKU_1004,Coca Cola 750ml Mini,Coca Cola,Beverages,30.8,275,8470.0,0.0
2025-11-24,SKU_1004,Coca Cola 750ml Mini,Coca Cola,Beverages,27.34,236,6452.24,0.0
2025-11-25,SKU_1004,Coca Cola 750ml Mini,Coca Cola,Beverages,26.28,243,6386.04,0.0
2025-11-26,SKU_1004,Coca Cola 750ml Mini,Coca Cola,Beverages,22.07,263,5804.41,0.0
2025-11-27,SKU_1004,Coca Cola 750ml Mini,Coca Cola,Beverages,30.42,208,6327.36,5.0
2025-11-28,SKU_1004,Coca Cola 750ml Mini,Coca Cola,Beverages,27.55,217,5978.35,10.0
2025-11-29,SKU_1004,Coca Cola 750ml Mini,Coca Cola,Beverages,33.16,242,8024.72,0.0
2025-11-30,SKU_1004,Coca Cola 750ml Mini,Coca Cola,Beverages,27.77,258,7164.66,0.0
2025-12-01,SKU_1004,Coca Cola 750ml Mini,Coca Cola,Beverages,25.83,293,7568.19,0.0
2025-12-02,SKU_1004,Coca Cola 750ml Mini,Coca Cola,Beverages,26.64,296,7885.44,0.0
2025-12-03,SKU_1004,Coca Cola 750ml Mini,Coca Cola,Beverages,28.53,283,8073.99,0.0
2025-12-04,SKU_1004,Coca Cola 750ml Mini,Coca Cola,Beverages,31.78,269,8548.82,0.0
2025-12-05,SKU_1004,Coca Cola 750ml Mini,Coca Cola,Beverages,31.12,279,8682.48,0.0
2025-12-06,SKU_1004,Coca Cola 750ml Mini,Coca Cola,Beverages,21.3,417,8882.1,0.0
2025-12-07,SKU_1004,Coca Cola 750ml Mini,Coca Cola,Beverages,21.15,447,9454.05,5.0
2025-12-08,SKU_1004,Coca Cola 750ml Mini,Coca Cola,Beverages,33.64,241,8107.24,0.0
2025-12-09,SKU_1004,Coca Cola 750ml Mini,Coca Cola,Beverages,34.05,233,7933.65,0.0
2025-12-10,SKU_1004,Coca Cola 750ml Mini,Coca Cola,Beverages,34.16,243,8300.88,0.0
2025-12-11,SKU_1004,Coca Cola 750ml Mini,Coca Cola,Beverages,22.47,294,6606.18,0.0
2025-12-12,SKU_1004,Coca Cola 750ml Mini,Coca Cola,Beverages,24.65,268,6606.2,0.0
2025-12-13,SKU_1004,Coca Cola 750ml Mini,Coca Cola,Beverages,25.36,353,8952.08,0.0
2025-12-14,SKU_1004,Coca Cola 750ml Mini,Coca Cola,Beverages,28.61,302,8640.22,0.0
2025-12-15,SKU_1004,Coca Cola 750ml Mini,Coca Cola,Beverages,29.61,250,7402.5,0.0
2025-12-16,SKU_1004,Coca Cola 750ml Mini,Coca Cola,Beverages,24.87,274,6814.38,0.0
2025-12-17,SKU_1004,Coca Cola 750ml Mini,Coca Cola,Beverages,22.76,283,6441.08,5.0
2025-12-18,SKU_1004,Coca Cola 750ml Mini,Coca Cola,Beverages,30.6,228,6976.8,0.0
2025-12-19,SKU_1004,Coca Cola 750ml Mini,Coca Cola,Beverages,28.41,260,7386.6,5.0
2025-12-20,SKU_1004,Coca Cola 750ml Mini,Coca Cola,Beverages,22.54,380,8565.2,0.0
2025-12-21,SKU_1004,Coca Cola 750ml Mini,Coca Cola,Beverages,24.64,376,9264.64,5.0
2025-12-22,SKU_1004,Coca Cola 750ml Mini,Coca Cola,Beverages,27.83,270,7514.1,0.0
2025-12-23,SKU_1004,Coca Cola 750ml Mini,Coca Cola,Beverages,28.76,237,6816.12,0.0
2025-12-24,SKU_1004,Coca Cola 750ml Mini,Coca Cola,Beverages,29.93,262,7841.66,5.0
2025-12-25,SKU_1004,Coca Cola 750ml Mini,Coca Cola,Beverages,29.49,261,7696.89,5.0
2025-12-26,SKU_1004,Coca Cola 750ml Mini,Coca Cola,Beverages,33.45,198,6623.1,0.0
2025-12-27,SKU_1004,Coca Cola 750ml Mini,Coca Cola,Beverages,24.02,334,8022.68,5.0
2025-12-28,SKU_1004,Coca Cola 750ml Mini,Coca Cola,Beverages,26.81,319,8552.39,0.0
2025-12-29,SKU_1004,Coca Cola 750ml Mini,Coca Cola,Beverages,33.67,202,6801.34,0.0
2025-12-30,SKU_1004,Coca Cola 750ml Mini,Coca Cola,Beverages,24.37,273,6653.01,0.0
2025-12-31,SKU_1004,Coca Cola 750ml Mini,Coca Cola,Beverages,24.9,271,6747.9,0.0
2026-01-01,SKU_1004,Coca Cola 750ml Mini,Coca Cola,Beverages,26.99,320,8636.8,0.0
2026-01-02,SKU_1004,Coca Cola 750ml Mini,Coca Cola,Beverages,22.39,366,8194.74,0.0
2026-01-03,SKU_1004,Coca Cola 750ml Mini,Coca Cola,Beverages,27.38,393,10760.34,0.0
2026-01-04,SKU_1004,Coca Cola 750ml Mini,Coca Cola,Beverages,23.4,452,10576.8,0.0
2026-01-05,SKU_1004,Coca Cola 750ml Mini,Coca Cola,Beverages,33.15,261,8652.15,5.0
2026-01-06,SKU_1004,Coca Cola 750ml Mini,Coca Cola,Beverages,22.39,339,7590.21,0.0
2026-01-07,SKU_1004,Coca Cola 750ml Mini,Coca Cola,Beverages,30.05,298,8954.9,5.0
2026-01-08,SKU_1004,Coca Cola 750ml Mini,Coca Cola,Beverages,28.72,293,8414.96,0.0
2026-01-09,SKU_1004,Coca Cola 750ml Mini,Coca Cola,Beverages,26.53,327,8675.31,5.0
2026-01-10,SKU_1004,Coca Cola 750ml Mini,Coca Cola,Beverages,28.01,416,11652.16,0.0
2026-01-11,SKU_1004,Coca Cola 750ml Mini,Coca Cola,Beverages,22.96,403,9252.88,5.0
2026-01-12,SKU_1004,Coca Cola 750ml Mini,Coca Cola,Beverages,26.72,279,7454.88,10.0
2026-01-13,SKU_1004,Coca Cola 750ml Mini,Coca Cola,Beverages,31.11,259,8057.49,10.0
2026-01-14,SKU_1004,Coca Cola 750ml Mini,Coca Cola,Beverages,34.95,220,7689.0,0.0
2026-01-15,SKU_1004,Coca Cola 750ml Mini,Coca Cola,Beverages,22.51,332,7473.32,0.0
2026-01-16,SKU_1004,Coca Cola 750ml Mini,Coca Cola,Beverages,29.16,258,7523.28,0.0
2026-01-17,SKU_1004,Coca Cola 750ml Mini,Coca Cola,Beverages,22.16,385,8531.6,0.0
2026-01-18,SKU_1004,Coca Cola 750ml Mini,Coca Cola,Beverages,33.59,289,9707.51,0.0
2026-01-19,SKU_1004,Coca Cola 750ml Mini,Coca Cola,Beverages,25.58,284,7264.72,10.0
2026-01-20,SKU_1004,Coca Cola 750ml Mini,Coca Cola,Beverages,26.03,275,7158.25,0.0
2026-01-21,SKU_1004,Coca Cola 750ml Mini,Coca Cola,Beverages,28.33,259,7337.47,10.0
2026-01-22,SKU_1004,Coca Cola 750ml Mini,Coca Cola,Beverages,32.27,242,7809.34,0.0
2026-01-23,SKU_1004,Coca Cola 750ml Mini,Coca Cola,Beverages,28.62,289,8271.18,5.0
2026-01-24,SKU_1004,Coca Cola 750ml Mini,Coca Cola,Beverages,30.18,332,10019.76,10.0
2026-01-25,SKU_1004,Coca Cola 750ml Mini,Coca Cola,Beverages,25.6,366,9369.6,0.0
2026-01-26,SKU_1004,Coca Cola 750ml Mini,Coca Cola,Beverages,30.44,254,7731.76,0.0
2026-01-27,SKU_1004,Coca Cola 750ml Mini,Coca Cola,Beverages,30.33,241,7309.53,5.0
2026-01-28,SKU_1004,Coca Cola 750ml Mini,Coca Cola,Beverages,31.3,233,7292.9,5.0
2026-01-29,SKU_1004,Coca Cola 750ml Mini,Coca Cola,Beverages,21.89,308,6742.12,0.0
2026-01-30,SKU_1004,Coca Cola 750ml Mini,Coca Cola,Beverages,34.48,209,7206.32,5.0
2026-01-31,SKU_1004,Coca Cola 750ml Mini,Coca Cola,Beverages,30.73,286,8788.78,0.0
2026-02-01,SKU_1004,Coca Cola 750ml Mini,Coca Cola,Beverages,28.56,380,10852.8,0.0
2026-02-02,SKU_1004,Coca Cola 750ml Mini,Coca Cola,Beverages,27.36,346,9466.56,0.0
2026-02-03,SKU_1004,Coca Cola 750ml Mini,Coca Cola,Beverages,25.92,356,9227.52,5.0
2026-02-04,SKU_1004,Coca Cola 750ml Mini,Coca Cola,Beverages,32.21,315,10146.15,0.0
2026-02-05,SKU_1004,Coca Cola 750ml Mini,Coca Cola,Beverages,24.34,361,8786.74,0.0
2026-02-06,SKU_1004,Coca Cola 750ml Mini,Coca Cola,Beverages,23.18,406,9411.08,0.0
2026-02-07,SKU_1004,Coca Cola 750ml Mini,Coca Cola,Beverages,34.05,360,12258.0,0.0
2026-02-08,SKU_1004,Coca Cola 750ml Mini,Coca Cola,Beverages,32.86,370,12158.2,0.0
2026-02-09,SKU_1004,Coca Cola 750ml Mini,Coca Cola,Beverages,29.79,299,8907.21,0.0
2026-02-10,SKU_1004,Coca Cola 750ml Mini,Coca Cola,Beverages,31.64,288,9112.32,0.0
2026-02-11,SKU_1004,Coca Cola 750ml Mini,Coca Cola,Beverages,32.63,269,8777.47,10.0
2026-02-12,SKU_1004,Coca Cola 750ml Mini,Coca Cola,Beverages,30.99,252,7809.48,0.0
2026-02-13,SKU_1004,Coca Cola 750ml Mini,Coca Cola,Beverages,25.3,303,7665.9,0.0
2026-02-14,SKU_1004,Coca Cola 750ml Mini,Coca Cola,Beverages,26.1,362,9448.2,5.0
2026-02-15,SKU_1004,Coca Cola 750ml Mini,Coca Cola,Beverages,34.19,318,10872.42,0.0
2026-02-16,SKU_1004,Coca Cola 750ml Mini,Coca Cola,Beverages,25.33,310,7852.3,0.0
2026-02-17,SKU_1004,Coca Cola 750ml Mini,Coca Cola,Beverages,27.32,303,8277.96,5.0
2026-02-18,SKU_1004,Coca Cola 750ml Mini,Coca Cola,Beverages,28.28,308,8710.24,10.0
2026-02-19,SKU_1004,Coca Cola 750ml Mini,Coca Cola,Beverages,28.02,314,8798.28,10.0
2026-02-20,SKU_1004,Coca Cola 750ml Mini,Coca Cola,Beverages,32.99,250,8247.5,5.0
2026-02-21,SKU_1004,Coca Cola 750ml Mini,Coca Cola,Beverages,34.1,302,10298.2,0.0
2026-02-22,SKU_1004,Coca Cola 750ml Mini,Coca Cola,Beverages,32.51,325,10565.75,0.0
2026-02-23,SKU_1004,Coca Cola 750ml Mini,Coca Cola,Beverages,33.36,273,9107.28,0.0
2026-02-24,SKU_1004,Coca Cola 750ml Mini,Coca Cola,Beverages,32.35,277,8960.95,5.0
2026-02-25,SKU_1004,Coca Cola 750ml Mini,Coca Cola,Beverages,25.32,301,7621.32,0.0
2026-02-26,SKU_1004,Coca Cola 750ml Mini,Coca Cola,Beverages,26.7,264,7048.8,0.0
2026-02-27,SKU_1004,Coca Cola 750ml Mini,Coca Cola,Beverages,30.8,244,7515.2,0.0
2026-02-28,SKU_1004,Coca Cola 750ml Mini,Coca Cola,Beverages,34.73,291,10106.43,0.0
2026-03-01,SKU_1004,Coca Cola 750ml Mini,Coca Cola,Beverages,32.58,363,11826.54,10.0
2026-03-02,SKU_1004,Coca Cola 750ml Mini,Coca Cola,Beverages,33.14,321,10637.94,5.0
2026-03-03,SKU_1004,Coca Cola 750ml Mini,Coca Cola,Beverages,27.88,350,9758.0,0.0
2026-03-04,SKU_1004,Coca Cola 750ml Mini,Coca Cola,Beverages,31.78,299,9502.22,10.0
2026-03-05,SKU_1004,Coca Cola 750ml Mini,Coca Cola,Beverages,28.1,338,9497.8,0.0
2026-03-06,SKU_1004,Coca Cola 750ml Mini,Coca Cola,Beverages,23.1,390,9009.0,5.0
2026-03-07,SKU_1004,Coca Cola 750ml Mini,Coca Cola,Beverages,22.0,481,10582.0,5.0
2026-03-08,SKU_1004,Coca Cola 750ml Mini,Coca Cola,Beverages,22.94,532,12204.08,0.0
2026-03-09,SKU_1004,Coca Cola 750ml Mini,Coca Cola,Beverages,28.75,361,10378.75,0.0
2026-03-10,SKU_1004,Coca Cola 750ml Mini,Coca Cola,Beverages,25.42,596,15150.32,0.0
2026-03-11,SKU_1004,Coca Cola 750ml Mini,Coca Cola,Beverages,22.53,579,13044.87,5.0
2026-03-12,SKU_1004,Coca Cola 750ml Mini,Coca Cola,Beverages,29.74,427,12698.98,10.0
2026-03-13,SKU_1004,Coca Cola 750ml Mini,Coca Cola,Beverages,21.91,528,11568.48,0.0
2026-03-14,SKU_1004,Coca Cola 750ml Mini,Coca Cola,Beverages,21.86,785,17160.1,10.0
2026-03-15,SKU_1004,Coca Cola 750ml Mini,Coca Cola,Beverages,30.8,503,15492.4,0.0
2026-03-16,SKU_1004,Coca Cola 750ml Mini,Coca Cola,Beverages,23.04,484,11151.36,0.0
2026-03-17,SKU_1004,Coca Cola 750ml Mini,Coca Cola,Beverages,22.46,552,12397.92,0.0
2026-03-18,SKU_1004,Coca Cola 750ml Mini,Coca Cola,Beverages,28.19,432,12178.08,10.0
2026-03-19,SKU_1004,Coca Cola 750ml Mini,Coca Cola,Beverages,32.47,276,8961.72,0.0
2026-03-20,SKU_1004,Coca Cola 750ml Mini,Coca Cola,Beverages,25.34,331,8387.54,0.0
2026-03-21,SKU_1004,Coca Cola 750ml Mini,Coca Cola,Beverages,28.44,370,10522.8,0.0
2026-03-22,SKU_1004,Coca Cola 750ml Mini,Coca Cola,Beverages,22.88,463,10593.44,0.0
2026-03-23,SKU_1004,Coca Cola 750ml Mini,Coca Cola,Beverages,27.36,295,8071.2,0.0
2026-03-24,SKU_1004,Coca Cola 750ml Mini,Coca Cola,Beverages,26.2,314,8226.8,10.0
2026-03-25,SKU_1004,Coca Cola 750ml Mini,Coca Cola,Beverages,32.66,280,9144.8,10.0
2026-03-26,SKU_1004,Coca Cola 750ml Mini,Coca Cola,Beverages,31.84,231,7355.04,10.0
2026-03-27,SKU_1004,Coca Cola 750ml Mini,Coca Cola,Beverages,26.88,281,7553.28,0.0
2026-03-28,SKU_1004,Coca Cola 750ml Mini,Coca Cola,Beverages,21.31,403,8587.93,10.0
2026-03-29,SKU_1004,Coca Cola 750ml Mini,Coca Cola,Beverages,31.71,296,9386.16,10.0
2026-03-30,SKU_1004,Coca Cola 750ml Mini,Coca Cola,Beverages,28.56,258,7368.48,0.0
2026-03-31,SKU_1004,Coca Cola 750ml Mini,Coca Cola,Beverages,21.22,323,6854.06,10.0
2026-04-01,SKU_1004,Coca Cola 750ml Mini,Coca Cola,Beverages,34.74,310,10769.4,10.0
2026-04-02,SKU_1004,Coca Cola 750ml Mini,Coca Cola,Beverages,34.51,299,10318.49,0.0
2026-04-03,SKU_1004,Coca Cola 750ml Mini,Coca Cola,Beverages,22.58,412,9302.96,10.0
2026-04-04,SKU_1004,Coca Cola 750ml Mini,Coca Cola,Beverages,27.42,464,12722.88,0.0
2026-04-05,SKU_1004,Coca Cola 750ml Mini,Coca Cola,Beverages,22.42,513,11501.46,10.0
2026-04-06,SKU_1004,Coca Cola 750ml Mini,Coca Cola,Beverages,23.15,392,9074.8,10.0
2026-04-07,SKU_1004,Coca Cola 750ml Mini,Coca Cola,Beverages,31.39,320,10044.8,0.0
2026-04-08,SKU_1004,Coca Cola 750ml Mini,Coca Cola,Beverages,26.32,360,9475.2,0.0
2026-04-09,SKU_1004,Coca Cola 750ml Mini,Coca Cola,Beverages,27.49,367,10088.83,0.0
2026-04-10,SKU_1004,Coca Cola 750ml Mini,Coca Cola,Beverages,33.56,324,10873.44,0.0
2026-04-11,SKU_1004,Coca Cola 750ml Mini,Coca Cola,Beverages,32.09,334,10718.06,5.0
2026-04-12,SKU_1004,Coca Cola 750ml Mini,Coca Cola,Beverages,30.7,351,10775.7,0.0
2026-04-13,SKU_1004,Coca Cola 750ml Mini,Coca Cola,Beverages,24.62,349,8592.38,10.0
2026-04-14,SKU_1004,Coca Cola 750ml Mini,Coca Cola,Beverages,21.58,387,8351.46,5.0
2026-04-15,SKU_1004,Coca Cola 750ml Mini,Coca Cola,Beverages,27.52,312,8586.24,0.0
2026-04-16,SKU_1004,Coca Cola 750ml Mini,Coca Cola,Beverages,30.3,301,9120.3,10.0
2026-04-17,SKU_1004,Coca Cola 750ml Mini,Coca Cola,Beverages,29.98,292,8754.16,0.0
2026-04-18,SKU_1004,Coca Cola 750ml Mini,Coca Cola,Beverages,21.98,452,9934.96,10.0
2026-04-19,SKU_1004,Coca Cola 750ml Mini,Coca Cola,Beverages,23.15,448,10371.2,10.0
2026-04-20,SKU_1004,Coca Cola 750ml Mini,Coca Cola,Beverages,28.23,307,8666.61,0.0
2026-04-21,SKU_1004,Coca Cola 750ml Mini,Coca Cola,Beverages,21.63,343,7419.09,0.0
2026-04-22,SKU_1004,Coca Cola 750ml Mini,Coca Cola,Beverages,31.1,262,8148.2,0.0
2026-04-23,SKU_1004,Coca Cola 750ml Mini,Coca Cola,Beverages,22.04,334,7361.36,10.0
2026-04-24,SKU_1004,Coca Cola 750ml Mini,Coca Cola,Beverages,34.46,266,9166.36,0.0
2026-04-25,SKU_1004,Coca Cola 750ml Mini,Coca Cola,Beverages,26.0,385,10010.0,0.0
2026-04-26,SKU_1004,Coca Cola 750ml Mini,Coca Cola,Beverages,25.95,371,9627.45,0.0
2026-04-27,SKU_1004,Coca Cola 750ml Mini,Coca Cola,Beverages,30.32,243,7367.76,0.0
2026-04-28,SKU_1004,Coca Cola 750ml Mini,Coca Cola,Beverages,23.49,289,6788.61,0.0
2026-04-29,SKU_1004,Coca Cola 750ml Mini,Coca Cola,Beverages,30.31,263,7971.53,0.0
2026-04-30,SKU_1004,Coca Cola 750ml Mini,Coca Cola,Beverages,24.76,275,6809.0,0.0
2026-05-01,SKU_1004,Coca Cola 750ml Mini,Coca Cola,Beverages,22.2,434,9634.8,0.0
2026-05-02,SKU_1004,Coca Cola 750ml Mini,Coca Cola,Beverages,25.19,481,12116.39,0.0
2026-05-03,SKU_1004,Coca Cola 750ml Mini,Coca Cola,Beverages,29.81,402,11983.62,0.0
2026-05-04,SKU_1004,Coca Cola 750ml Mini,Coca Cola,Beverages,23.93,364,8710.52,10.0
2026-05-05,SKU_1004,Coca Cola 750ml Mini,Coca Cola,Beverages,29.67,340,10087.8,0.0
2026-05-06,SKU_1004,Coca Cola 750ml Mini,Coca Cola,Beverages,30.08,325,9776.0,10.0
2026-05-07,SKU_1004,Coca Cola 750ml Mini,Coca Cola,Beverages,21.63,439,9495.57,5.0
2026-05-08,SKU_1004,Coca Cola 750ml Mini,Coca Cola,Beverages,32.25,298,9610.5,0.0
2026-05-09,SKU_1004,Coca Cola 750ml Mini,Coca Cola,Beverages,34.79,367,12767.93,0.0
2026-05-10,SKU_1004,Coca Cola 750ml Mini,Coca Cola,Beverages,29.22,425,12418.5,0.0
2026-05-11,SKU_1004,Coca Cola 750ml Mini,Coca Cola,Beverages,32.43,270,8756.1,0.0
2026-05-12,SKU_1004,Coca Cola 750ml Mini,Coca Cola,Beverages,22.84,334,7628.56,10.0
2026-05-13,SKU_1004,Coca Cola 750ml Mini,Coca Cola,Beverages,34.07,244,8313.08,0.0
2026-05-14,SKU_1004,Coca Cola 750ml Mini,Coca Cola,Beverages,26.27,304,7986.08,5.0
2026-05-15,SKU_1004,Coca Cola 750ml Mini,Coca Cola,Beverages,27.21,304,8271.84,10.0
2026-05-16,SKU_1004,Coca Cola 750ml Mini,Coca Cola,Beverages,34.28,303,10386.84,10.0
2026-05-17,SKU_1004,Coca Cola 750ml Mini,Coca Cola,Beverages,22.75,407,9259.25,0.0
2026-05-18,SKU_1004,Coca Cola 750ml Mini,Coca Cola,Beverages,33.49,261,8740.89,5.0
