customer_data/sales_history.csv
date,product_id,product_name,brand,category,selling_price,units_sold,revenue,promotion_discount_pct
2025-11-20,SKU_1005,Coca Cola 750ml Regular,Coca Cola,Beverages,47.15,205,9665.75,0.0
2025-11-21,SKU_1005,Coca Cola 750ml Regular,Coca Cola,Beverages,47.78,203,9699.34,10.0
2025-11-22,SKU_1005,Coca Cola 750ml Regular,Coca Cola,Beverages,35.68,378,13487.04,5.0
2025-11-23,SKU_1005,Coca Cola 750ml Regular,Coca Cola,Beverages,39.92,326,13013.92,5.0
2025-11-24,SKU_1005,Coca Cola 750ml Regular,Coca Cola,Beverages,45.37,216,9799.92,10.0
2025-11-25,SKU_1005,Coca Cola 750ml Regular,Coca Cola,Beverages,43.9,209,9175.1,5.0
2025-11-26,SKU_1005,Coca Cola 750ml Regular,Coca Cola,Beverages,41.64,227,9452.28,10.0
2025-11-27,SKU_1005,Coca Cola 750ml Regular,Coca Cola,Beverages,49.63,155,7692.65,0.0
2025-11-28,SKU_1005,Coca Cola 750ml Regular,Coca Cola,Beverages,33.9,272,9220.8,10.0
2025-11-29,SKU_1005,Coca Cola 750ml Regular,Coca Cola,Beverages,45.32,248,11239.36,5.0
2025-11-30,SKU_1005,Coca Cola 750ml Regular,Coca Cola,Beverages,34.89,346,12071.94,0.0
2025-12-01,SKU_1005,Coca Cola 750ml Regular,Coca Cola,Beverages,47.66,234,11152.44,10.0
2025-12-02,SKU_1005,Coca Cola 750ml Regular,Coca Cola,Beverages,41.58,280,11642.4,0.0
2025-12-03,SKU_1005,Coca Cola 750ml Regular,Coca Cola,Beverages,40.89,275,11244.75,5.0
2025-12-04,SKU_1005,Coca Cola 750ml Regular,Coca Cola,Beverages,42.04,280,11771.2,5.0
2025-12-05,SKU_1005,Coca Cola 750ml Regular,Coca Cola,Beverages,48.32,229,11065.28,0.0
2025-12-06,SKU_1005,Coca Cola 750ml Regular,Coca Cola,Beverages,46.04,287,13213.48,5.0
2025-12-07,SKU_1005,Coca Cola 750ml Regular,Coca Cola,Beverages,39.94,345,13779.3,5.0
2025-12-08,SKU_1005,Coca Cola 750ml Regular,Coca Cola,Beverages,35.56,362,12872.72,5.0
2025-12-09,SKU_1005,Coca Cola 750ml Regular,Coca Cola,Beverages,50.73,200,10146.0,10.0
2025-12-10,SKU_1005,Coca Cola 750ml Regular,Coca Cola,Beverages,38.71,325,12580.75,0.0
2025-12-11,SKU_1005,Coca Cola 750ml Regular,Coca Cola,Beverages,34.69,321,11135.49,0.0
2025-12-12,SKU_1005,Coca Cola 750ml Regular,Coca Cola,Beverages,45.47,220,10003.4,0.0
2025-12-13,SKU_1005,Coca Cola 750ml Regular,Coca Cola,Beverages,34.37,397,13644.89,0.0
2025-12-14,SKU_1005,Coca Cola 750ml Regular,Coca Cola,Beverages,46.5,266,12369.0,0.0
2025-12-15,SKU_1005,Coca Cola 750ml Regular,Coca Cola,Beverages,30.65,398,12198.7,0.0
2025-12-16,SKU_1005,Coca Cola 750ml Regular,Coca Cola,Beverages,31.26,387,12097.62,0.0
2025-12-17,SKU_1005,Coca Cola 750ml Regular,Coca Cola,Beverages,34.66,344,11923.04,0.0
2025-12-18,SKU_1005,Coca Cola 750ml Regular,Coca Cola,Beverages,38.03,277,10534.31,0.0
2025-12-19,SKU_1005,Coca Cola 750ml Regular,Coca Cola,Beverages,33.57,331,11111.67,0.0
2025-12-20,SKU_1005,Coca Cola 750ml Regular,Coca Cola,Beverages,48.39,271,13113.69,0.0
2025-12-21,SKU_1005,Coca Cola 750ml Regular,Coca Cola,Beverages,38.04,355,13504.2,0.0
2025-12-22,SKU_1005,Coca Cola 750ml Regular,Coca Cola,Beverages,45.24,236,10676.64,0.0
2025-12-23,SKU_1005,Coca Cola 750ml Regular,Coca Cola,Beverages,42.61,241,10269.01,10.0
2025-12-24,SKU_1005,Coca Cola 750ml Regular,Coca Cola,Beverages,38.94,287,11175.78,10.0
2025-12-25,SKU_1005,Coca Cola 750ml Regular,Coca Cola,Beverages,30.61,401,12274.61,0.0
2025-12-26,SKU_1005,Coca Cola 750ml Regular,Coca Cola,Beverages,37.78,274,10351.72,0.0
2025-12-27,SKU_1005,Coca Cola 750ml Regular,Coca Cola,Beverages,32.43,416,13490.88,5.0
2025-12-28,SKU_1005,Coca Cola 750ml Regular,Coca Cola,Beverages,40.33,308,12421.64,5.0
2025-12-29,SKU_1005,Coca Cola 750ml Regular,Coca Cola,Beverages,31.86,343,10927.98,0.0
2025-12-30,SKU_1005,Coca Cola 750ml Regular,Coca Cola,Beverages,41.97,231,9695.07,0.0
2025-12-31,SKU_1005,Coca Cola 750ml Regular,Coca Cola,Beverages,42.83,229,9808.07,0.0
2026-01-01,SKU_1005,Coca Cola 750ml Regular,Coca Cola,Beverages,46.93,243,11403.99,0.0
2026-01-02,SKU_1005,Coca Cola 750ml Regular,Coca Cola,Beverages,47.34,248,11740.32,0.0
2026-01-03,SKU_1005,Coca Cola 750ml Regular,Coca Cola,Beverages,32.11,509,16343.99,5.0
2026-01-04,SKU_1005,Coca Cola 750ml Regular,Coca Cola,Beverages,37.35,455,16994.25,10.0
2026-01-05,SKU_1005,Coca Cola 750ml Regular,Coca Cola,Beverages,44.95,280,12586.0,0.0
2026-01-06,SKU_1005,Coca Cola 750ml Regular,Coca Cola,Beverages,41.07,305,12526.35,0.0
2026-01-07,SKU_1005,Coca Cola 750ml Regular,Coca Cola,Beverages,33.54,402,13483.08,10.0
2026-01-08,SKU_1005,Coca Cola 750ml Regular,Coca Cola,Beverages,39.38,309,12168.42,0.0
2026-01-09,SKU_1005,Coca Cola 750ml Regular,Coca Cola,Beverages,35.03,394,13801.82,0.0
2026-01-10,SKU_1005,Coca Cola 750ml Regular,Coca Cola,Beverages,45.52,359,16341.68,0.0
2026-01-11,SKU_1005,Coca Cola 750ml Regular,Coca Cola,Beverages,49.54,264,13078.56,10.0
2026-01-12,SKU_1005,Coca Cola 750ml Regular,Coca Cola,Beverages,39.12,296,11579.52,10.0
2026-01-13,SKU_1005,Coca Cola 750ml Regular,Coca Cola,Beverages,46.54,215,10006.1,0.0
2026-01-14,SKU_1005,Coca Cola 750ml Regular,Coca Cola,Beverages,38.89,309,12017.01,10.0
2026-01-15,SKU_1005,Coca Cola 750ml Regular,Coca Cola,Beverages,38.35,304,11658.4,0.0
2026-01-16,SKU_1005,Coca Cola 750ml Regular,Coca Cola,Beverages,42.51,249,10584.99,5.0
2026-01-17,SKU_1005,Coca Cola 750ml Regular,Coca Cola,Beverages,37.92,376,14257.92,0.0
2026-01-18,SKU_1005,Coca Cola 750ml Regular,Coca Cola,Beverages,31.07,478,14851.46,5.0
2026-01-19,SKU_1005,Coca Cola 750ml Regular,Coca Cola,Beverages,47.47,217,10300.99,0.0
2026-01-20,SKU_1005,Coca Cola 750ml Regular,Coca Cola,Beverages,41.09,269,11053.21,5.0
2026-01-21,SKU_1005,Coca Cola 750ml Regular,Coca Cola,Beverages,49.69,204,10136.76,0.0
2026-01-22,SKU_1005,Coca Cola 750ml Regular,Coca Cola,Beverages,39.29,311,12219.19,0.0
2026-01-23,SKU_1005,Coca Cola 750ml Regular,Coca Cola,Beverages,47.68,215,10251.2,5.0
2026-01-24,SKU_1005,Coca Cola 750ml Regular,Coca Cola,Beverages,46.88,287,13454.56,5.0
2026-01-25,SKU_1005,Coca Cola 750ml Regular,Coca Cola,Beverages,40.37,340,13725.8,5.0
2026-01-26,SKU_1005,Coca Cola 750ml Regular,Coca Cola,Beverages,32.18,369,11874.42,5.0
2026-01-27,SKU_1005,Coca Cola 750ml Regular,Coca Cola,Beverages,40.65,254,10325.1,5.0
2026-01-28,SKU_1005,Coca Cola 750ml Regular,Coca Cola,Beverages,45.39,228,10348.92,0.0
2026-01-29,SKU_1005,Coca Cola 750ml Regular,Coca Cola,Beverages,33.78,341,11518.98,10.0
2026-01-30,SKU_1005,Coca Cola 750ml Regular,Coca Cola,Beverages,33.3,355,11821.5,0.0
2026-01-31,SKU_1005,Coca Cola 750ml Regular,Coca Cola,Beverages,43.92,308,13527.36,0.0
2026-02-01,SKU_1005,Coca Cola 750ml Regular,Coca Cola,Beverages,31.94,548,17503.12,5.0
2026-02-02,SKU_1005,Coca Cola 750ml Regular,Coca Cola,Beverages,36.29,377,13681.33,5.0
2026-02-03,SKU_1005,Coca Cola 750ml Regular,Coca Cola,Beverages,35.57,425,15117.25,10.0
2026-02-04,SKU_1005,Coca Cola 750ml Regular,Coca Cola,Beverages,35.62,390,13891.8,5.0
2026-02-05,SKU_1005,Coca Cola 750ml Regular,Coca Cola,Beverages,46.0,278,12788.0,5.0
2026-02-06,SKU_1005,Coca Cola 750ml Regular,Coca Cola,Beverages,46.35,261,12097.35,5.0
2026-02-07,SKU_1005,Coca Cola 750ml Regular,Coca Cola,Beverages,40.47,394,15945.18,0.0
2026-02-08,SKU_1005,Coca Cola 750ml Regular,Coca Cola,Beverages,31.82,630,20046.6,0.0
2026-02-09,SKU_1005,Coca Cola 750ml Regular,Coca Cola,Beverages,33.38,448,14954.24,5.0
2026-02-10,SKU_1005,Coca Cola 750ml Regular,Coca Cola,Beverages,38.91,351,13657.41,10.0
2026-02-11,SKU_1005,Coca Cola 750ml Regular,Coca Cola,Beverages,48.86,211,10309.46,10.0
2026-02-12,SKU_1005,Coca Cola 750ml Regular,Coca Cola,Beverages,44.05,279,12289.95,10.0
2026-02-13,SKU_1005,Coca Cola 750ml Regular,Coca Cola,Beverages,41.95,299,12543.05,0.0
2026-02-14,SKU_1005,Coca Cola 750ml Regular,Coca Cola,Beverages,31.6,523,16526.8,0.0
2026-02-15,SKU_1005,Coca Cola 750ml Regular,Coca Cola,Beverages,35.84,457,16378.88,10.0
2026-02-16,SKU_1005,Coca Cola 750ml Regular,Coca Cola,Beverages,50.52,210,10609.2,5.0
2026-02-17,SKU_1005,Coca Cola 750ml Regular,Coca Cola,Beverages,43.86,255,11184.3,0.0
2026-02-18,SKU_1005,Coca Cola 750ml Regular,Coca Cola,Beverages,42.05,282,11858.1,0.0
2026-02-19,SKU_1005,Coca Cola 750ml Regular,Coca Cola,Beverages,50.33,223,11223.59,0.0
2026-02-20,SKU_1005,Coca Cola 750ml Regular,Coca Cola,Beverages,37.66,314,11825.24,5.0
2026-02-21,SKU_1005,Coca Cola 750ml Regular,Coca Cola,Beverages,33.62,470,15801.4,0.0
2026-02-22,SKU_1005,Coca Cola 750ml Regular,Coca Cola,Beverages,35.65,473,16862.45,10.0
2026-02-23,SKU_1005,Coca Cola 750ml Regular,Coca Cola,Beverages,41.97,287,12045.39,10.0
2026-02-24,SKU_1005,Coca Cola 750ml Regular,Coca Cola,Beverages,32.88,426,14006.88,0.0
2026-02-25,SKU_1005,Coca Cola 750ml Regular,Coca Cola,Beverages,45.26,242,10952.92,10.0
2026-02-26,SKU_1005,Coca Cola 750ml Regular,Coca Cola,Beverages,44.95,236,10608.2,0.0
2026-02-27,SKU_1005,Coca Cola 750ml Regular,Coca Cola,Beverages,32.2,375,12075.0,0.0
2026-02-28,SKU_1005,Coca Cola 750ml Regular,Coca Cola,Beverages,40.41,326,13173.66,10.0
2026-03-01,SKU_1005,Coca Cola 750ml Regular,Coca Cola,Beverages,49.79,340,16928.6,5.0
2026-03-02,SKU_1005,Coca Cola 750ml Regular,Coca Cola,Beverages,44.16,307,13557.12,5.0
2026-03-03,SKU_1005,Coca Cola 750ml Regular,Coca Cola,Beverages,38.92,378,14711.76,0.0
2026-03-04,SKU_1005,Coca Cola 750ml Regular,Coca Cola,Beverages,41.64,316,13158.24,0.0
2026-03-05,SKU_1005,Coca Cola 750ml Regular,Coca Cola,Beverages,40.97,359,14708.23,0.0
2026-03-06,SKU_1005,Coca Cola 750ml Regular,Coca Cola,Beverages,39.89,336,13403.04,5.0
2026-03-07,SKU_1005,Coca Cola 750ml Regular,Coca Cola,Beverages,46.55,344,16013.2,5.0
2026-03-08,SKU_1005,Coca Cola 750ml Regular,Coca Cola,Beverages,35.81,499,17869.19,0.0
2026-03-09,SKU_1005,Coca Cola 750ml Regular,Coca Cola,Beverages,37.26,410,15276.6,5.0
2026-03-10,SKU_1005,Coca Cola 750ml Regular,Coca Cola,Beverages,34.71,768,26657.28,0.0
2026-03-11,SKU_1005,Coca Cola 750ml Regular,Coca Cola,Beverages,48.26,440,21234.4,5.0
2026-03-12,SKU_1005,Coca Cola 750ml Regular,Coca Cola,Beverages,50.59,374,18920.66,0.0
2026-03-13,SKU_1005,Coca Cola 750ml Regular,Coca Cola,Beverages,31.87,567,18070.29,5.0
2026-03-14,SKU_1005,Coca Cola 750ml Regular,Coca Cola,Beverages,41.51,717,29762.67,0.0
2026-03-15,SKU_1005,Coca Cola 750ml Regular,Coca Cola,Beverages,43.91,491,21559.81,0.0
2026-03-16,SKU_1005,Coca Cola 750ml Regular,Coca Cola,Beverages,46.33,423,19597.59,10.0
2026-03-17,SKU_1005,Coca Cola 750ml Regular,Coca Cola,Beverages,41.19,420,17299.8,0.0
2026-03-18,SKU_1005,Coca Cola 750ml Regular,Coca Cola,Beverages,42.3,546,23095.8,10.0
2026-03-19,SKU_1005,Coca Cola 750ml Regular,Coca Cola,Beverages,46.79,247,11557.13,10.0
2026-03-20,SKU_1005,Coca Cola 750ml Regular,Coca Cola,Beverages,49.17,235,11554.95,0.0
2026-03-21,SKU_1005,Coca Cola 750ml Regular,Coca Cola,Beverages,33.76,513,17318.88,0.0
2026-03-22,SKU_1005,Coca Cola 750ml Regular,Coca Cola,Beverages,46.69,306,14287.14,0.0
2026-03-23,SKU_1005,Coca Cola 750ml Regular,Coca Cola,Beverages,47.99,256,12285.44,10.0
2026-03-24,SKU_1005,Coca Cola 750ml Regular,Coca Cola,Beverages,36.18,387,14001.66,0.0
2026-03-25,SKU_1005,Coca Cola 750ml Regular,Coca Cola,Beverages,33.4,389,12992.6,0.0
2026-03-26,SKU_1005,Coca Cola 750ml Regular,Coca Cola,Beverages,34.29,372,12755.88,5.0
2026-03-27,SKU_1005,Coca Cola 750ml Regular,Coca Cola,Beverages,43.86,236,10350.96,10.0
2026-03-28,SKU_1005,Coca Cola 750ml Regular,Coca Cola,Beverages,39.5,366,14457.0,10.0
2026-03-29,SKU_1005,Coca Cola 750ml Regular,Coca Cola,Beverages,32.24,507,16345.68,0.0
2026-03-30,SKU_1005,Coca Cola 750ml Regular,Coca Cola,Beverages,46.9,226,10599.4,0.0
2026-03-31,SKU_1005,Coca Cola 750ml Regular,Coca Cola,Beverages,50.23,202,10146.46,0.0
2026-04-01,SKU_1005,Coca Cola 750ml Regular,Coca Cola,Beverages,50.58,265,13403.7,0.0
2026-04-02,SKU_1005,Coca Cola 750ml Regular,Coca Cola,Beverages,43.46,306,13298.76,0.0
2026-04-03,SKU_1005,Coca Cola 750ml Regular,Coca Cola,Beverages,48.5,272,13192.0,0.0
2026-04-04,SKU_1005,Coca Cola 750ml Regular,Coca Cola,Beverages,33.84,535,18104.4,0.0
2026-04-05,SKU_1005,Coca Cola 750ml Regular,Coca Cola,Beverages,41.94,424,17782.56,5.0
2026-04-06,SKU_1005,Coca Cola 750ml Regular,Coca Cola,Beverages,45.19,320,14460.8,0.0
2026-04-07,SKU_1005,Coca Cola 750ml Regular,Coca Cola,Beverages,32.16,509,16369.44,0.0
2026-04-08,SKU_1005,Coca Cola 750ml Regular,Coca Cola,Beverages,34.36,471,16183.56,10.0
2026-04-09,SKU_1005,Coca Cola 750ml Regular,Coca Cola,Beverages,47.22,287,13552.14,5.0
2026-04-10,SKU_1005,Coca Cola 750ml Regular,Coca Cola,Beverages,45.0,297,13365.0,0.0
2026-04-11,SKU_1005,Coca Cola 750ml Regular,Coca Cola,Beverages,40.13,408,16373.04,0.0
2026-04-12,SKU_1005,Coca Cola 750ml Regular,Coca Cola,Beverages,39.89,386,15397.54,0.0
2026-04-13,SKU_1005,Coca Cola 750ml Regular,Coca Cola,Beverages,40.6,321,13032.6,5.0
2026-04-14,SKU_1005,Coca Cola 750ml Regular,Coca Cola,Beverages,37.36,330,12328.8,0.0
2026-04-15,SKU_1005,Coca Cola 750ml Regular,Coca Cola,Beverages,45.04,276,12431.04,0.0
2026-04-16,SKU_1005,Coca Cola 750ml Regular,Coca Cola,Beverages,32.59,404,13166.36,10.0
2026-04-17,SKU_1005,Coca Cola 750ml Regular,Coca Cola,Beverages,33.43,396,13238.28,10.0
2026-04-18,SKU_1005,Coca Cola 750ml Regular,Coca Cola,Beverages,39.71,409,16241.39,10.0
2026-04-19,SKU_1005,Coca Cola 750ml Regular,Coca Cola,Beverages,43.8,349,15286.2,0.0
2026-04-20,SKU_1005,Coca Cola 750ml Regular,Coca Cola,Beverages,37.71,356,13424.76,0.0
2026-04-21,SKU_1005,Coca Cola 750ml Regular,Coca Cola,Beverages,40.14,331,13286.34,5.0
2026-04-22,SKU_1005,Coca Cola 750ml Regular,Coca Cola,Beverages,43.45,263,11427.35,5.0
2026-04-23,SKU_1005,Coca Cola 750ml Regular,Coca Cola,Beverages,44.31,263,11653.53,0.0
2026-04-24,SKU_1005,Coca Cola 750ml Regular,Coca Cola,Beverages,44.51,251,11172.01,0.0
2026-04-25,SKU_1005,Coca Cola 750ml Regular,Coca Cola,Beverages,34.1,513,17493.3,0.0
2026-04-26,SKU_1005,Coca Cola 750ml Regular,Coca Cola,Beverages,35.17,440,15474.8,0.0
2026-04-27,SKU_1005,Coca Cola 750ml Regular,Coca Cola,Beverages,36.23,328,11883.44,10.0
2026-04-28,SKU_1005,Coca Cola 750ml Regular,Coca Cola,Beverages,44.67,239,10676.13,0.0
2026-04-29,SKU_1005,Coca Cola 750ml Regular,Coca Cola,Beverages,36.76,302,11101.52,0.0
2026-04-30,SKU_1005,Coca Cola 750ml Regular,Coca Cola,Beverages,31.22,386,12050.92,0.0
2026-05-01,SKU_1005,Coca Cola 750ml Regular,Coca Cola,Beverages,43.84,331,14511.04,10.0
2026-05-02,SKU_1005,Coca Cola 750ml Regular,Coca Cola,Beverages,48.28,352,16994.56,0.0
2026-05-03,SKU_1005,Coca Cola 750ml Regular,Coca Cola,Beverages,46.59,365,17005.35,0.0
2026-05-04,SKU_1005,Coca Cola 750ml Regular,Coca Cola,Beverages,35.84,438,15697.92,0.0
2026-05-05,SKU_1005,Coca Cola 750ml Regular,Coca Cola,Beverages,44.2,309,13657.8,0.0
2026-05-06,SKU_1005,Coca Cola 750ml Regular,Coca Cola,Beverages,32.8,466,15284.8,5.0
2026-05-07,SKU_1005,Coca Cola 750ml Regular,Coca Cola,Beverages,39.91,372,14846.52,5.0
2026-05-08,SKU_1005,Coca Cola 750ml Regular,Coca Cola,Beverages,41.67,327,13626.09,0.0
2026-05-09,SKU_1005,Coca Cola 750ml Regular,Coca Cola,Beverages,50.43,299,15078.57,0.0
2026-05-10,SKU_1005,Coca Cola 750ml Regular,Coca Cola,Beverages,39.14,424,16595.36,10.0
2026-05-11,SKU_1005,Coca Cola 750ml Regular,Coca Cola,Beverages,45.6,268,12220.8,10.0
2026-05-12,SKU_1005,Coca Cola 750ml Regular,Coca Cola,Beverages,36.24,368,13336.32,0.0
2026-05-13,SKU_1005,Coca Cola 750ml Regular,Coca Cola,Beverages,36.49,367,13391.83,5.0
2026-05-14,SKU_1005,Coca Cola 750ml Regular,Coca Cola,Beverages,45.89,260,11931.4,0.0
2026-05-15,SKU_1005,Coca Cola 750ml Regular,Coca Cola,Beverages,30.91,467,14434.97,0.0
2026-05-16,SKU_1005,Coca Cola 750ml Regular,Coca Cola,Beverages,45.34,308,13964.72,0.0
2026-05-17,SKU_1005,Coca Cola 750ml Regular,Coca Cola,Beverages,47.43,287,13612.41,0.0
2026-05-18,SKU_1005,Coca Cola 750ml Regular,Coca Cola,Beverages,48.31,218,10531.58,0.0
