customer_data/sales_history.csv
date,product_id,product_name,brand,category,selling_price,units_sold,revenue,promotion_discount_pct
2025-11-20,SKU_1006,Coca Cola 750ml Value,Coca Cola,Beverages,49.62,225,11164.5,0.0
2025-11-21,SKU_1006,Coca Cola 750ml Value,Coca Cola,Beverages,42.35,256,10841.6,5.0
2025-11-22,SKU_1006,Coca Cola 750ml Value,Coca Cola,Beverages,47.87,301,14408.87,10.0
2025-11-23,SKU_1006,Coca Cola 750ml Value,Coca Cola,Beverages,51.02,285,14540.7,10.0
2025-11-24,SKU_1006,Coca Cola 750ml Value,Coca Cola,Beverages,43.77,278,12168.06,0.0
2025-11-25,SKU_1006,Coca Cola 750ml Value,Coca Cola,Beverages,37.64,325,12233.0,0.0
2025-11-26,SKU_1006,Coca Cola 750ml Value,Coca Cola,Beverages,57.2,196,11211.2,10.0
2025-11-27,SKU_1006,Coca Cola 750ml Value,Coca Cola,Beverages,50.9,225,11452.5,0.0
2025-11-28,SKU_1006,Coca Cola 750ml Value,Coca Cola,Beverages,40.98,244,9999.12,10.0
2025-11-29,SKU_1006,Coca Cola 750ml Value,Coca Cola,Beverages,42.3,329,13916.7,5.0
2025-11-30,SKU_1006,Coca Cola 750ml Value,Coca Cola,Beverages,37.32,357,13323.24,0.0
2025-12-01,SKU_1006,Coca Cola 750ml Value,Coca Cola,Beverages,60.68,247,14987.96,0.0
2025-12-02,SKU_1006,Coca Cola 750ml Value,Coca Cola,Beverages,49.15,267,13123.05,0.0
2025-12-03,SKU_1006,Coca Cola 750ml Value,Coca Cola,Beverages,56.69,255,14455.95,0.0
2025-12-04,SKU_1006,Coca Cola 750ml Value,Coca Cola,Beverages,39.27,329,12919.83,0.0
2025-12-05,SKU_1006,Coca Cola 750ml Value,Coca Cola,Beverages,58.59,251,14706.09,0.0
2025-12-06,SKU_1006,Coca Cola 750ml Value,Coca Cola,Beverages,56.64,334,18917.76,0.0
2025-12-07,SKU_1006,Coca Cola 750ml Value,Coca Cola,Beverages,50.38,353,17784.14,0.0
2025-12-08,SKU_1006,Coca Cola 750ml Value,Coca Cola,Beverages,46.94,293,13753.42,0.0
2025-12-09,SKU_1006,Coca Cola 750ml Value,Coca Cola,Beverages,47.04,312,14676.48,0.0
2025-12-10,SKU_1006,Coca Cola 750ml Value,Coca Cola,Beverages,51.11,296,15128.56,10.0
2025-12-11,SKU_1006,Coca Cola 750ml Value,Coca Cola,Beverages,47.25,266,12568.5,0.0
2025-12-12,SKU_1006,Coca Cola 750ml Value,Coca Cola,Beverages,51.82,245,12695.9,0.0
2025-12-13,SKU_1006,Coca Cola 750ml Value,Coca Cola,Beverages,53.56,284,15211.04,10.0
2025-12-14,SKU_1006,Coca Cola 750ml Value,Coca Cola,Beverages,48.93,302,14776.86,0.0
2025-12-15,SKU_1006,Coca Cola 750ml Value,Coca Cola,Beverages,45.82,272,12463.04,5.0
2025-12-16,SKU_1006,Coca Cola 750ml Value,Coca Cola,Beverages,52.33,258,13501.14,10.0
2025-12-17,SKU_1006,Coca Cola 750ml Value,Coca Cola,Beverages,51.08,257,13127.56,10.0
2025-12-18,SKU_1006,Coca Cola 750ml Value,Coca Cola,Beverages,48.78,264,12877.92,0.0
2025-12-19,SKU_1006,Coca Cola 750ml Value,Coca Cola,Beverages,38.2,312,11918.4,5.0
2025-12-20,SKU_1006,Coca Cola 750ml Value,Coca Cola,Beverages,45.27,347,15708.69,0.0
2025-12-21,SKU_1006,Coca Cola 750ml Value,Coca Cola,Beverages,37.58,391,14693.78,0.0
2025-12-22,SKU_1006,Coca Cola 750ml Value,Coca Cola,Beverages,43.2,311,13435.2,0.0
2025-12-23,SKU_1006,Coca Cola 750ml Value,Coca Cola,Beverages,44.53,284,12646.52,0.0
2025-12-24,SKU_1006,Coca Cola 750ml Value,Coca Cola,Beverages,41.24,310,12784.4,0.0
2025-12-25,SKU_1006,Coca Cola 750ml Value,Coca Cola,Beverages,43.3,281,12167.3,0.0
2025-12-26,SKU_1006,Coca Cola 750ml Value,Coca Cola,Beverages,49.03,221,10835.63,5.0
2025-12-27,SKU_1006,Coca Cola 750ml Value,Coca Cola,Beverages,36.66,369,13527.54,0.0
2025-12-28,SKU_1006,Coca Cola 750ml Value,Coca Cola,Beverages,37.37,358,13378.46,5.0
2025-12-29,SKU_1006,Coca Cola 750ml Value,Coca Cola,Beverages,44.71,270,12071.7,5.0
2025-12-30,SKU_1006,Coca Cola 750ml Value,Coca Cola,Beverages,50.38,234,11788.92,10.0
2025-12-31,SKU_1006,Coca Cola 750ml Value,Coca Cola,Beverages,43.61,283,12341.63,0.0
2026-01-01,SKU_1006,Coca Cola 750ml Value,Coca Cola,Beverages,46.13,306,14115.78,0.0
2026-01-02,SKU_1006,Coca Cola 750ml Value,Coca Cola,Beverages,51.48,280,14414.4,10.0
2026-01-03,SKU_1006,Coca Cola 750ml Value,Coca Cola,Beverages,44.87,419,18800.53,10.0
2026-01-04,SKU_1006,Coca Cola 750ml Value,Coca Cola,Beverages,57.73,335,19339.55,10.0
2026-01-05,SKU_1006,Coca Cola 750ml Value,Coca Cola,Beverages,53.55,308,16493.4,0.0
2026-01-06,SKU_1006,Coca Cola 750ml Value,Coca Cola,Beverages,39.67,364,14439.88,0.0
2026-01-07,SKU_1006,Coca Cola 750ml Value,Coca Cola,Beverages,46.07,327,15064.89,0.0
2026-01-08,SKU_1006,Coca Cola 750ml Value,Coca Cola,Beverages,46.47,347,16125.09,0.0
2026-01-09,SKU_1006,Coca Cola 750ml Value,Coca Cola,Beverages,53.83,294,15826.02,0.0
2026-01-10,SKU_1006,Coca Cola 750ml Value,Coca Cola,Beverages,43.99,453,19927.47,5.0
2026-01-11,SKU_1006,Coca Cola 750ml Value,Coca Cola,Beverages,59.69,301,17966.69,0.0
2026-01-12,SKU_1006,Coca Cola 750ml Value,Coca Cola,Beverages,36.51,364,13289.64,10.0
2026-01-13,SKU_1006,Coca Cola 750ml Value,Coca Cola,Beverages,37.72,336,12673.92,10.0
2026-01-14,SKU_1006,Coca Cola 750ml Value,Coca Cola,Beverages,37.92,352,13347.84,0.0
2026-01-15,SKU_1006,Coca Cola 750ml Value,Coca Cola,Beverages,53.17,244,12973.48,0.0
2026-01-16,SKU_1006,Coca Cola 750ml Value,Coca Cola,Beverages,45.81,293,13422.33,0.0
2026-01-17,SKU_1006,Coca Cola 750ml Value,Coca Cola,Beverages,45.45,353,16043.85,5.0
2026-01-18,SKU_1006,Coca Cola 750ml Value,Coca Cola,Beverages,46.66,378,17637.48,5.0
2026-01-19,SKU_1006,Coca Cola 750ml Value,Coca Cola,Beverages,38.2,329,12567.8,0.0
2026-01-20,SKU_1006,Coca Cola 750ml Value,Coca Cola,Beverages,45.1,321,14477.1,5.0
2026-01-21,SKU_1006,Coca Cola 750ml Value,Coca Cola,Beverages,52.73,270,14237.1,10.0
2026-01-22,SKU_1006,Coca Cola 750ml Value,Coca Cola,Beverages,45.27,306,13852.62,0.0
2026-01-23,SKU_1006,Coca Cola 750ml Value,Coca Cola,Beverages,36.72,372,13659.84,5.0
2026-01-24,SKU_1006,Coca Cola 750ml Value,Coca Cola,Beverages,58.68,307,18014.76,0.0
2026-01-25,SKU_1006,Coca Cola 750ml Value,Coca Cola,Beverages,57.72,317,18297.24,10.0
2026-01-26,SKU_1006,Coca Cola 750ml Value,Coca Cola,Beverages,39.4,328,12923.2,0.0
2026-01-27,SKU_1006,Coca Cola 750ml Value,Coca Cola,Beverages,38.09,322,12264.98,0.0
2026-01-28,SKU_1006,Coca Cola 750ml Value,Coca Cola,Beverages,39.93,287,11459.91,5.0
2026-01-29,SKU_1006,Coca Cola 750ml Value,Coca Cola,Beverages,46.73,261,12196.53,0.0
2026-01-30,SKU_1006,Coca Cola 750ml Value,Coca Cola,Beverages,48.29,264,12748.56,5.0
2026-01-31,SKU_1006,Coca Cola 750ml Value,Coca Cola,Beverages,37.54,388,14565.52,0.0
2026-02-01,SKU_1006,Coca Cola 750ml Value,Coca Cola,Beverages,50.06,398,19923.88,0.0
2026-02-02,SKU_1006,Coca Cola 750ml Value,Coca Cola,Beverages,54.2,310,16802.0,0.0
2026-02-03,SKU_1006,Coca Cola 750ml Value,Coca Cola,Beverages,57.03,299,17051.97,5.0
2026-02-04,SKU_1006,Coca Cola 750ml Value,Coca Cola,Beverages,46.93,355,16660.15,0.0
2026-02-05,SKU_1006,Coca Cola 750ml Value,Coca Cola,Beverages,43.17,364,15713.88,10.0
2026-02-06,SKU_1006,Coca Cola 750ml Value,Coca Cola,Beverages,55.66,297,16531.02,0.0
2026-02-07,SKU_1006,Coca Cola 750ml Value,Coca Cola,Beverages,55.89,390,21797.1,0.0
2026-02-08,SKU_1006,Coca Cola 750ml Value,Coca Cola,Beverages,57.32,387,22182.84,0.0
2026-02-09,SKU_1006,Coca Cola 750ml Value,Coca Cola,Beverages,46.95,341,16009.95,5.0
2026-02-10,SKU_1006,Coca Cola 750ml Value,Coca Cola,Beverages,50.63,322,16302.86,0.0
2026-02-11,SKU_1006,Coca Cola 750ml Value,Coca Cola,Beverages,51.09,291,14867.19,10.0
2026-02-12,SKU_1006,Coca Cola 750ml Value,Coca Cola,Beverages,53.21,269,14313.49,10.0
2026-02-13,SKU_1006,Coca Cola 750ml Value,Coca Cola,Beverages,40.53,345,13982.85,0.0
2026-02-14,SKU_1006,Coca Cola 750ml Value,Coca Cola,Beverages,39.94,466,18612.04,5.0
2026-02-15,SKU_1006,Coca Cola 750ml Value,Coca Cola,Beverages,44.88,380,17054.4,5.0
2026-02-16,SKU_1006,Coca Cola 750ml Value,Coca Cola,Beverages,37.09,387,14353.83,0.0
2026-02-17,SKU_1006,Coca Cola 750ml Value,Coca Cola,Beverages,51.96,275,14289.0,5.0
2026-02-18,SKU_1006,Coca Cola 750ml Value,Coca Cola,Beverages,38.22,366,13988.52,0.0
2026-02-19,SKU_1006,Coca Cola 750ml Value,Coca Cola,Beverages,44.04,335,14753.4,0.0
2026-02-20,SKU_1006,Coca Cola 750ml Value,Coca Cola,Beverages,51.2,281,14387.2,0.0
2026-02-21,SKU_1006,Coca Cola 750ml Value,Coca Cola,Beverages,41.77,459,19172.43,10.0
2026-02-22,SKU_1006,Coca Cola 750ml Value,Coca Cola,Beverages,47.51,394,18718.94,0.0
2026-02-23,SKU_1006,Coca Cola 750ml Value,Coca Cola,Beverages,39.89,358,14280.62,0.0
2026-02-24,SKU_1006,Coca Cola 750ml Value,Coca Cola,Beverages,37.14,383,14224.62,5.0
2026-02-25,SKU_1006,Coca Cola 750ml Value,Coca Cola,Beverages,59.91,247,14797.77,5.0
2026-02-26,SKU_1006,Coca Cola 750ml Value,Coca Cola,Beverages,37.42,321,12011.82,5.0
2026-02-27,SKU_1006,Coca Cola 750ml Value,Coca Cola,Beverages,45.91,273,12533.43,5.0
2026-02-28,SKU_1006,Coca Cola 750ml Value,Coca Cola,Beverages,37.04,450,16668.0,10.0
2026-03-01,SKU_1006,Coca Cola 750ml Value,Coca Cola,Beverages,47.62,432,20571.84,5.0
2026-03-02,SKU_1006,Coca Cola 750ml Value,Coca Cola,Beverages,58.36,281,16399.16,10.0
2026-03-03,SKU_1006,Coca Cola 750ml Value,Coca Cola,Beverages,59.72,284,16960.48,5.0
2026-03-04,SKU_1006,Coca Cola 750ml Value,Coca Cola,Beverages,58.07,304,17653.28,5.0
2026-03-05,SKU_1006,Coca Cola 750ml Value,Coca Cola,Beverages,56.57,328,18554.96,5.0
2026-03-06,SKU_1006,Coca Cola 750ml Value,Coca Cola,Beverages,43.49,413,17961.37,0.0
2026-03-07,SKU_1006,Coca Cola 750ml Value,Coca Cola,Beverages,45.94,455,20902.7,0.0
2026-03-08,SKU_1006,Coca Cola 750ml Value,Coca Cola,Beverages,44.75,476,21301.0,0.0
2026-03-09,SKU_1006,Coca Cola 750ml Value,Coca Cola,Beverages,40.22,420,16892.4,10.0
2026-03-10,SKU_1006,Coca Cola 750ml Value,Coca Cola,Beverages,55.0,555,30525.0,5.0
2026-03-11,SKU_1006,Coca Cola 750ml Value,Coca Cola,Beverages,43.82,523,22917.86,5.0
2026-03-12,SKU_1006,Coca Cola 750ml Value,Coca Cola,Beverages,37.87,538,20374.06,0.0
2026-03-13,SKU_1006,Coca Cola 750ml Value,Coca Cola,Beverages,59.97,383,22968.51,0.0
2026-03-14,SKU_1006,Coca Cola 750ml Value,Coca Cola,Beverages,50.59,544,27520.96,0.0
2026-03-15,SKU_1006,Coca Cola 750ml Value,Coca Cola,Beverages,51.7,586,30296.2,0.0
2026-03-16,SKU_1006,Coca Cola 750ml Value,Coca Cola,Beverages,60.64,422,25590.08,5.0
2026-03-17,SKU_1006,Coca Cola 750ml Value,Coca Cola,Beverages,50.32,528,26568.96,0.0
2026-03-18,SKU_1006,Coca Cola 750ml Value,Coca Cola,Beverages,46.08,436,20090.88,0.0
2026-03-19,SKU_1006,Coca Cola 750ml Value,Coca Cola,Beverages,48.04,314,15084.56,0.0
2026-03-20,SKU_1006,Coca Cola 750ml Value,Coca Cola,Beverages,42.01,374,15711.74,10.0
2026-03-21,SKU_1006,Coca Cola 750ml Value,Coca Cola,Beverages,58.59,337,19744.83,0.0
2026-03-22,SKU_1006,Coca Cola 750ml Value,Coca Cola,Beverages,49.44,400,19776.0,0.0
2026-03-23,SKU_1006,Coca Cola 750ml Value,Coca Cola,Beverages,39.65,385,15265.25,0.0
2026-03-24,SKU_1006,Coca Cola 750ml Value,Coca Cola,Beverages,39.51,387,15290.37,10.0
2026-03-25,SKU_1006,Coca Cola 750ml Value,Coca Cola,Beverages,43.18,361,15587.98,10.0
2026-03-26,SKU_1006,Coca Cola 750ml Value,Coca Cola,Beverages,59.43,221,13134.03,5.0
2026-03-27,SKU_1006,Coca Cola 750ml Value,Coca Cola,Beverages,47.72,302,14411.44,0.0
2026-03-28,SKU_1006,Coca Cola 750ml Value,Coca Cola,Beverages,48.23,368,17748.64,10.0
2026-03-29,SKU_1006,Coca Cola 750ml Value,Coca Cola,Beverages,50.79,329,16709.91,10.0
2026-03-30,SKU_1006,Coca Cola 750ml Value,Coca Cola,Beverages,43.42,295,12808.9,0.0
2026-03-31,SKU_1006,Coca Cola 750ml Value,Coca Cola,Beverages,55.0,246,13530.0,0.0
2026-04-01,SKU_1006,Coca Cola 750ml Value,Coca Cola,Beverages,48.9,354,17310.6,10.0
2026-04-02,SKU_1006,Coca Cola 750ml Value,Coca Cola,Beverages,50.51,362,18284.62,0.0
2026-04-03,SKU_1006,Coca Cola 750ml Value,Coca Cola,Beverages,60.32,290,17492.8,0.0
2026-04-04,SKU_1006,Coca Cola 750ml Value,Coca Cola,Beverages,56.59,403,22805.77,0.0
2026-04-05,SKU_1006,Coca Cola 750ml Value,Coca Cola,Beverages,50.42,458,23092.36,0.0
2026-04-06,SKU_1006,Coca Cola 750ml Value,Coca Cola,Beverages,41.35,388,16043.8,0.0
2026-04-07,SKU_1006,Coca Cola 750ml Value,Coca Cola,Beverages,57.24,305,17458.2,0.0
2026-04-08,SKU_1006,Coca Cola 750ml Value,Coca Cola,Beverages,57.07,325,18547.75,10.0
2026-04-09,SKU_1006,Coca Cola 750ml Value,Coca Cola,Beverages,37.99,466,17703.34,5.0
2026-04-10,SKU_1006,Coca Cola 750ml Value,Coca Cola,Beverages,47.37,364,17242.68,10.0
2026-04-11,SKU_1006,Coca Cola 750ml Value,Coca Cola,Beverages,51.71,387,20011.77,5.0
2026-04-12,SKU_1006,Coca Cola 750ml Value,Coca Cola,Beverages,36.94,491,18137.54,10.0
2026-04-13,SKU_1006,Coca Cola 750ml Value,Coca Cola,Beverages,53.19,294,15637.86,5.0
2026-04-14,SKU_1006,Coca Cola 750ml Value,Coca Cola,Beverages,53.31,270,14393.7,0.0
2026-04-15,SKU_1006,Coca Cola 750ml Value,Coca Cola,Beverages,43.75,332,14525.0,10.0
2026-04-16,SKU_1006,Coca Cola 750ml Value,Coca Cola,Beverages,56.03,263,14735.89,10.0
2026-04-17,SKU_1006,Coca Cola 750ml Value,Coca Cola,Beverages,41.6,376,15641.6,10.0
2026-04-18,SKU_1006,Coca Cola 750ml Value,Coca Cola,Beverages,36.69,528,19372.32,0.0
2026-04-19,SKU_1006,Coca Cola 750ml Value,Coca Cola,Beverages,52.93,373,19742.89,10.0
2026-04-20,SKU_1006,Coca Cola 750ml Value,Coca Cola,Beverages,43.64,315,13746.6,5.0
2026-04-21,SKU_1006,Coca Cola 750ml Value,Coca Cola,Beverages,54.41,291,15833.31,10.0
2026-04-22,SKU_1006,Coca Cola 750ml Value,Coca Cola,Beverages,54.48,264,14382.72,5.0
2026-04-23,SKU_1006,Coca Cola 750ml Value,Coca Cola,Beverages,54.79,286,15669.94,0.0
2026-04-24,SKU_1006,Coca Cola 750ml Value,Coca Cola,Beverages,52.48,297,15586.56,0.0
2026-04-25,SKU_1006,Coca Cola 750ml Value,Coca Cola,Beverages,57.04,337,19222.48,0.0
2026-04-26,SKU_1006,Coca Cola 750ml Value,Coca Cola,Beverages,38.63,421,16263.23,10.0
2026-04-27,SKU_1006,Coca Cola 750ml Value,Coca Cola,Beverages,38.36,335,12850.6,0.0
2026-04-28,SKU_1006,Coca Cola 750ml Value,Coca Cola,Beverages,46.37,269,12473.53,0.0
2026-04-29,SKU_1006,Coca Cola 750ml Value,Coca Cola,Beverages,44.95,278,12496.1,5.0
2026-04-30,SKU_1006,Coca Cola 750ml Value,Coca Cola,Beverages,56.12,257,14422.84,0.0
2026-05-01,SKU_1006,Coca Cola 750ml Value,Coca Cola,Beverages,38.23,460,17585.8,0.0
2026-05-02,SKU_1006,Coca Cola 750ml Value,Coca Cola,Beverages,49.18,420,20655.6,0.0
2026-05-03,SKU_1006,Coca Cola 750ml Value,Coca Cola,Beverages,38.34,538,20626.92,0.0
2026-05-04,SKU_1006,Coca Cola 750ml Value,Coca Cola,Beverages,55.79,318,17741.22,10.0
2026-05-05,SKU_1006,Coca Cola 750ml Value,Coca Cola,Beverages,37.69,410,15452.9,10.0
2026-05-06,SKU_1006,Coca Cola 750ml Value,Coca Cola,Beverages,46.27,353,16333.31,0.0
2026-05-07,SKU_1006,Coca Cola 750ml Value,Coca Cola,Beverages,42.12,382,16089.84,10.0
2026-05-08,SKU_1006,Coca Cola 750ml Value,Coca Cola,Beverages,56.01,324,18147.24,0.0
2026-05-09,SKU_1006,Coca Cola 750ml Value,Coca Cola,Beverages,46.32,478,22140.96,0.0
2026-05-10,SKU_1006,Coca Cola 750ml Value,Coca Cola,Beverages,44.29,468,20727.72,0.0
2026-05-11,SKU_1006,Coca Cola 750ml Value,Coca Cola,Beverages,41.97,349,14647.53,5.0
2026-05-12,SKU_1006,Coca Cola 750ml Value,Coca Cola,Beverages,60.28,252,15190.56,0.0
2026-05-13,SKU_1006,Coca Cola 750ml Value,Coca Cola,Beverages,45.17,326,14725.42,0.0
2026-05-14,SKU_1006,Coca Cola 750ml Value,Coca Cola,Beverages,39.46,379,14955.34,10.0
2026-05-15,SKU_1006,Coca Cola 750ml Value,Coca Cola,Beverages,48.7,296,14415.2,10.0
2026-05-16,SKU_1006,Coca Cola 750ml Value,Coca Cola,Beverages,50.72,365,18512.8,5.0
2026-05-17,SKU_1006,Coca Cola 750ml Value,Coca Cola,Beverages,38.22,472,18039.84,0.0
2026-05-18,SKU_1006,Coca Cola 750ml Value,Coca Cola,Beverages,42.36,346,14656.56,5.0
