customer_data/sales_history.csv
date,product_id,product_name,brand,category,selling_price,units_sold,revenue,promotion_discount_pct
2025-11-20,SKU_1007,Coca Cola 750ml Family,Coca Cola,Beverages,69.61,216,15035.76,10.0
2025-11-21,SKU_1007,Coca Cola 750ml Family,Coca Cola,Beverages,61.03,225,13731.75,0.0
2025-11-22,SKU_1007,Coca Cola 750ml Family,Coca Cola,Beverages,68.74,264,18147.36,0.0
2025-11-23,SKU_1007,Coca Cola 750ml Family,Coca Cola,Beverages,60.33,291,17556.03,5.0
2025-11-24,SKU_1007,Coca Cola 750ml Family,Coca Cola,Beverages,49.36,284,14018.24,0.0
2025-11-25,SKU_1007,Coca Cola 750ml Family,Coca Cola,Beverages,46.96,300,14088.0,0.0
2025-11-26,SKU_1007,Coca Cola 750ml Family,Coca Cola,Beverages,54.91,217,11915.47,5.0
2025-11-27,SKU_1007,Coca Cola 750ml Family,Coca Cola,Beverages,60.76,203,12334.28,10.0
2025-11-28,SKU_1007,Coca Cola 750ml Family,Coca Cola,Beverages,53.66,245,13146.7,0.0
2025-11-29,SKU_1007,Coca Cola 750ml Family,Coca Cola,Beverages,47.21,343,16193.03,5.0
2025-11-30,SKU_1007,Coca Cola 750ml Family,Coca Cola,Beverages,45.43,326,14810.18,0.0
2025-12-01,SKU_1007,Coca Cola 750ml Family,Coca Cola,Beverages,67.7,252,17060.4,10.0
2025-12-02,SKU_1007,Coca Cola 750ml Family,Coca Cola,Beverages,48.4,325,15730.0,5.0
2025-12-03,SKU_1007,Coca Cola 750ml Family,Coca Cola,Beverages,53.49,324,17330.76,0.0
2025-12-04,SKU_1007,Coca Cola 750ml Family,Coca Cola,Beverages,54.79,316,17313.64,5.0
2025-12-05,SKU_1007,Coca Cola 750ml Family,Coca Cola,Beverages,72.26,247,17848.22,0.0
2025-12-06,SKU_1007,Coca Cola 750ml Family,Coca Cola,Beverages,72.81,305,22207.05,10.0
2025-12-07,SKU_1007,Coca Cola 750ml Family,Coca Cola,Beverages,74.45,289,21516.05,0.0
2025-12-08,SKU_1007,Coca Cola 750ml Family,Coca Cola,Beverages,66.08,268,17709.44,5.0
2025-12-09,SKU_1007,Coca Cola 750ml Family,Coca Cola,Beverages,57.03,305,17394.15,0.0
2025-12-10,SKU_1007,Coca Cola 750ml Family,Coca Cola,Beverages,66.58,249,16578.42,0.0
2025-12-11,SKU_1007,Coca Cola 750ml Family,Coca Cola,Beverages,50.36,295,14856.2,10.0
2025-12-12,SKU_1007,Coca Cola 750ml Family,Coca Cola,Beverages,65.45,252,16493.4,10.0
2025-12-13,SKU_1007,Coca Cola 750ml Family,Coca Cola,Beverages,68.31,306,20902.86,0.0
2025-12-14,SKU_1007,Coca Cola 750ml Family,Coca Cola,Beverages,66.54,286,19030.44,0.0
2025-12-15,SKU_1007,Coca Cola 750ml Family,Coca Cola,Beverages,48.5,309,14986.5,0.0
2025-12-16,SKU_1007,Coca Cola 750ml Family,Coca Cola,Beverages,64.78,226,14640.28,0.0
2025-12-17,SKU_1007,Coca Cola 750ml Family,Coca Cola,Beverages,56.2,286,16073.2,10.0
2025-12-18,SKU_1007,Coca Cola 750ml Family,Coca Cola,Beverages,60.44,253,15291.32,0.0
2025-12-19,SKU_1007,Coca Cola 750ml Family,Coca Cola,Beverages,59.15,249,14728.35,0.0
2025-12-20,SKU_1007,Coca Cola 750ml Family,Coca Cola,Beverages,56.46,331,18688.26,0.0
2025-12-21,SKU_1007,Coca Cola 750ml Family,Coca Cola,Beverages,46.9,401,18806.9,0.0
2025-12-22,SKU_1007,Coca Cola 750ml Family,Coca Cola,Beverages,57.9,278,16096.2,10.0
2025-12-23,SKU_1007,Coca Cola 750ml Family,Coca Cola,Beverages,71.01,221,15693.21,0.0
2025-12-24,SKU_1007,Coca Cola 750ml Family,Coca Cola,Beverages,65.18,244,15903.92,0.0
2025-12-25,SKU_1007,Coca Cola 750ml Family,Coca Cola,Beverages,71.91,220,15820.2,0.0
2025-12-26,SKU_1007,Coca Cola 750ml Family,Coca Cola,Beverages,65.8,224,14739.2,5.0
2025-12-27,SKU_1007,Coca Cola 750ml Family,Coca Cola,Beverages,54.24,302,16380.48,0.0
2025-12-28,SKU_1007,Coca Cola 750ml Family,Coca Cola,Beverages,65.01,289,18787.89,0.0
2025-12-29,SKU_1007,Coca Cola 750ml Family,Coca Cola,Beverages,54.85,259,14206.15,10.0
2025-12-30,SKU_1007,Coca Cola 750ml Family,Coca Cola,Beverages,57.26,254,14544.04,10.0
2025-12-31,SKU_1007,Coca Cola 750ml Family,Coca Cola,Beverages,51.34,282,14477.88,0.0
2026-01-01,SKU_1007,Coca Cola 750ml Family,Coca Cola,Beverages,54.0,324,17496.0,5.0
2026-01-02,SKU_1007,Coca Cola 750ml Family,Coca Cola,Beverages,47.07,346,16286.22,0.0
2026-01-03,SKU_1007,Coca Cola 750ml Family,Coca Cola,Beverages,60.9,368,22411.2,0.0
2026-01-04,SKU_1007,Coca Cola 750ml Family,Coca Cola,Beverages,70.56,319,22508.64,0.0
2026-01-05,SKU_1007,Coca Cola 750ml Family,Coca Cola,Beverages,56.77,315,17882.55,0.0
2026-01-06,SKU_1007,Coca Cola 750ml Family,Coca Cola,Beverages,45.9,357,16386.3,0.0
2026-01-07,SKU_1007,Coca Cola 750ml Family,Coca Cola,Beverages,57.82,319,18444.58,0.0
2026-01-08,SKU_1007,Coca Cola 750ml Family,Coca Cola,Beverages,57.53,323,18582.19,10.0
2026-01-09,SKU_1007,Coca Cola 750ml Family,Coca Cola,Beverages,63.3,280,17724.0,10.0
2026-01-10,SKU_1007,Coca Cola 750ml Family,Coca Cola,Beverages,59.34,420,24922.8,0.0
2026-01-11,SKU_1007,Coca Cola 750ml Family,Coca Cola,Beverages,61.0,345,21045.0,10.0
2026-01-12,SKU_1007,Coca Cola 750ml Family,Coca Cola,Beverages,54.74,304,16640.96,0.0
2026-01-13,SKU_1007,Coca Cola 750ml Family,Coca Cola,Beverages,68.67,249,17098.83,10.0
2026-01-14,SKU_1007,Coca Cola 750ml Family,Coca Cola,Beverages,74.81,222,16607.82,10.0
2026-01-15,SKU_1007,Coca Cola 750ml Family,Coca Cola,Beverages,45.83,348,15948.84,0.0
2026-01-16,SKU_1007,Coca Cola 750ml Family,Coca Cola,Beverages,69.7,234,16309.8,0.0
2026-01-17,SKU_1007,Coca Cola 750ml Family,Coca Cola,Beverages,53.34,352,18775.68,10.0
2026-01-18,SKU_1007,Coca Cola 750ml Family,Coca Cola,Beverages,54.18,388,21021.84,0.0
2026-01-19,SKU_1007,Coca Cola 750ml Family,Coca Cola,Beverages,60.97,269,16400.93,5.0
2026-01-20,SKU_1007,Coca Cola 750ml Family,Coca Cola,Beverages,56.55,271,15325.05,0.0
2026-01-21,SKU_1007,Coca Cola 750ml Family,Coca Cola,Beverages,54.38,306,16640.28,0.0
2026-01-22,SKU_1007,Coca Cola 750ml Family,Coca Cola,Beverages,74.75,250,18687.5,0.0
2026-01-23,SKU_1007,Coca Cola 750ml Family,Coca Cola,Beverages,46.03,360,16570.8,0.0
2026-01-24,SKU_1007,Coca Cola 750ml Family,Coca Cola,Beverages,68.98,330,22763.4,5.0
2026-01-25,SKU_1007,Coca Cola 750ml Family,Coca Cola,Beverages,59.16,351,20765.16,0.0
2026-01-26,SKU_1007,Coca Cola 750ml Family,Coca Cola,Beverages,54.47,256,13944.32,5.0
2026-01-27,SKU_1007,Coca Cola 750ml Family,Coca Cola,Beverages,52.21,272,14201.12,5.0
2026-01-28,SKU_1007,Coca Cola 750ml Family,Coca Cola,Beverages,59.94,264,15824.16,0.0
2026-01-29,SKU_1007,Coca Cola 750ml Family,Coca Cola,Beverages,59.63,241,14370.83,0.0
2026-01-30,SKU_1007,Coca Cola 750ml Family,Coca Cola,Beverages,74.26,233,17302.58,0.0
2026-01-31,SKU_1007,Coca Cola 750ml Family,Coca Cola,Beverages,69.04,310,21402.4,0.0
2026-02-01,SKU_1007,Coca Cola 750ml Family,Coca Cola,Beverages,61.77,429,26499.33,0.0
2026-02-02,SKU_1007,Coca Cola 750ml Family,Coca Cola,Beverages,47.6,383,18230.8,5.0
2026-02-03,SKU_1007,Coca Cola 750ml Family,Coca Cola,Beverages,52.13,351,18297.63,10.0
2026-02-04,SKU_1007,Coca Cola 750ml Family,Coca Cola,Beverages,49.57,387,19183.59,5.0
2026-02-05,SKU_1007,Coca Cola 750ml Family,Coca Cola,Beverages,68.92,303,20882.76,5.0
2026-02-06,SKU_1007,Coca Cola 750ml Family,Coca Cola,Beverages,49.76,398,19804.48,10.0
2026-02-07,SKU_1007,Coca Cola 750ml Family,Coca Cola,Beverages,64.53,389,25102.17,0.0
2026-02-08,SKU_1007,Coca Cola 750ml Family,Coca Cola,Beverages,65.69,377,24765.13,0.0
2026-02-09,SKU_1007,Coca Cola 750ml Family,Coca Cola,Beverages,55.75,373,20794.75,0.0
2026-02-10,SKU_1007,Coca Cola 750ml Family,Coca Cola,Beverages,54.1,360,19476.0,0.0
2026-02-11,SKU_1007,Coca Cola 750ml Family,Coca Cola,Beverages,72.21,262,18919.02,10.0
2026-02-12,SKU_1007,Coca Cola 750ml Family,Coca Cola,Beverages,47.2,331,15623.2,5.0
2026-02-13,SKU_1007,Coca Cola 750ml Family,Coca Cola,Beverages,45.56,365,16629.4,0.0
2026-02-14,SKU_1007,Coca Cola 750ml Family,Coca Cola,Beverages,58.84,353,20770.52,5.0
2026-02-15,SKU_1007,Coca Cola 750ml Family,Coca Cola,Beverages,74.26,315,23391.9,5.0
2026-02-16,SKU_1007,Coca Cola 750ml Family,Coca Cola,Beverages,52.63,324,17052.12,0.0
2026-02-17,SKU_1007,Coca Cola 750ml Family,Coca Cola,Beverages,65.85,259,17055.15,10.0
2026-02-18,SKU_1007,Coca Cola 750ml Family,Coca Cola,Beverages,53.62,334,17909.08,0.0
2026-02-19,SKU_1007,Coca Cola 750ml Family,Coca Cola,Beverages,59.21,300,17763.0,0.0
2026-02-20,SKU_1007,Coca Cola 750ml Family,Coca Cola,Beverages,58.4,283,16527.2,5.0
2026-02-21,SKU_1007,Coca Cola 750ml Family,Coca Cola,Beverages,50.33,418,21037.94,0.0
2026-02-22,SKU_1007,Coca Cola 750ml Family,Coca Cola,Beverages,51.64,388,20036.32,0.0
2026-02-23,SKU_1007,Coca Cola 750ml Family,Coca Cola,Beverages,70.81,281,19897.61,0.0
2026-02-24,SKU_1007,Coca Cola 750ml Family,Coca Cola,Beverages,69.28,281,19467.68,0.0
2026-02-25,SKU_1007,Coca Cola 750ml Family,Coca Cola,Beverages,52.63,349,18367.87,5.0
2026-02-26,SKU_1007,Coca Cola 750ml Family,Coca Cola,Beverages,51.27,320,16406.4,0.0
2026-02-27,SKU_1007,Coca Cola 750ml Family,Coca Cola,Beverages,75.37,234,17636.58,0.0
2026-02-28,SKU_1007,Coca Cola 750ml Family,Coca Cola,Beverages,74.96,289,21663.44,0.0
2026-03-01,SKU_1007,Coca Cola 750ml Family,Coca Cola,Beverages,53.16,466,24772.56,0.0
2026-03-02,SKU_1007,Coca Cola 750ml Family,Coca Cola,Beverages,63.25,312,19734.0,5.0
2026-03-03,SKU_1007,Coca Cola 750ml Family,Coca Cola,Beverages,64.12,351,22506.12,0.0
2026-03-04,SKU_1007,Coca Cola 750ml Family,Coca Cola,Beverages,51.06,405,20679.3,0.0
2026-03-05,SKU_1007,Coca Cola 750ml Family,Coca Cola,Beverages,72.75,319,23207.25,0.0
2026-03-06,SKU_1007,Coca Cola 750ml Family,Coca Cola,Beverages,74.33,297,22076.01,0.0
2026-03-07,SKU_1007,Coca Cola 750ml Family,Coca Cola,Beverages,74.85,382,28592.7,0.0
2026-03-08,SKU_1007,Coca Cola 750ml Family,Coca Cola,Beverages,50.2,493,24748.6,10.0
2026-03-09,SKU_1007,Coca Cola 750ml Family,Coca Cola,Beverages,67.02,309,20709.18,5.0
2026-03-10,SKU_1007,Coca Cola 750ml Family,Coca Cola,Beverages,65.46,543,35544.78,10.0
2026-03-11,SKU_1007,Coca Cola 750ml Family,Coca Cola,Beverages,68.63,465,31912.95,0.0
2026-03-12,SKU_1007,Coca Cola 750ml Family,Coca Cola,Beverages,45.59,475,21655.25,0.0
2026-03-13,SKU_1007,Coca Cola 750ml Family,Coca Cola,Beverages,52.23,666,34785.18,0.0
2026-03-14,SKU_1007,Coca Cola 750ml Family,Coca Cola,Beverages,55.04,616,33904.64,10.0
2026-03-15,SKU_1007,Coca Cola 750ml Family,Coca Cola,Beverages,48.2,798,38463.6,5.0
2026-03-16,SKU_1007,Coca Cola 750ml Family,Coca Cola,Beverages,59.85,411,24598.35,0.0
2026-03-17,SKU_1007,Coca Cola 750ml Family,Coca Cola,Beverages,54.05,447,24160.35,0.0
2026-03-18,SKU_1007,Coca Cola 750ml Family,Coca Cola,Beverages,75.33,468,35254.44,0.0
2026-03-19,SKU_1007,Coca Cola 750ml Family,Coca Cola,Beverages,68.31,272,18580.32,0.0
2026-03-20,SKU_1007,Coca Cola 750ml Family,Coca Cola,Beverages,57.18,326,18640.68,0.0
2026-03-21,SKU_1007,Coca Cola 750ml Family,Coca Cola,Beverages,73.07,350,25574.5,10.0
2026-03-22,SKU_1007,Coca Cola 750ml Family,Coca Cola,Beverages,62.76,361,22656.36,0.0
2026-03-23,SKU_1007,Coca Cola 750ml Family,Coca Cola,Beverages,69.11,265,18314.15,0.0
2026-03-24,SKU_1007,Coca Cola 750ml Family,Coca Cola,Beverages,62.36,290,18084.4,0.0
2026-03-25,SKU_1007,Coca Cola 750ml Family,Coca Cola,Beverages,65.16,277,18049.32,0.0
2026-03-26,SKU_1007,Coca Cola 750ml Family,Coca Cola,Beverages,51.11,327,16712.97,5.0
2026-03-27,SKU_1007,Coca Cola 750ml Family,Coca Cola,Beverages,48.39,321,15533.19,10.0
2026-03-28,SKU_1007,Coca Cola 750ml Family,Coca Cola,Beverages,51.99,356,18508.44,0.0
2026-03-29,SKU_1007,Coca Cola 750ml Family,Coca Cola,Beverages,46.41,395,18331.95,0.0
2026-03-30,SKU_1007,Coca Cola 750ml Family,Coca Cola,Beverages,71.51,234,16733.34,0.0
2026-03-31,SKU_1007,Coca Cola 750ml Family,Coca Cola,Beverages,74.03,238,17619.14,0.0
2026-04-01,SKU_1007,Coca Cola 750ml Family,Coca Cola,Beverages,58.51,361,21122.11,0.0
2026-04-02,SKU_1007,Coca Cola 750ml Family,Coca Cola,Beverages,60.93,360,21934.8,5.0
2026-04-03,SKU_1007,Coca Cola 750ml Family,Coca Cola,Beverages,53.85,372,20032.2,0.0
2026-04-04,SKU_1007,Coca Cola 750ml Family,Coca Cola,Beverages,72.33,407,29438.31,0.0
2026-04-05,SKU_1007,Coca Cola 750ml Family,Coca Cola,Beverages,72.29,378,27325.62,10.0
2026-04-06,SKU_1007,Coca Cola 750ml Family,Coca Cola,Beverages,68.9,316,21772.4,0.0
2026-04-07,SKU_1007,Coca Cola 750ml Family,Coca Cola,Beverages,60.35,335,20217.25,0.0
2026-04-08,SKU_1007,Coca Cola 750ml Family,Coca Cola,Beverages,63.18,323,20407.14,0.0
2026-04-09,SKU_1007,Coca Cola 750ml Family,Coca Cola,Beverages,55.34,390,21582.6,0.0
2026-04-10,SKU_1007,Coca Cola 750ml Family,Coca Cola,Beverages,51.58,368,18981.44,0.0
2026-04-11,SKU_1007,Coca Cola 750ml Family,Coca Cola,Beverages,47.4,480,22752.0,5.0
2026-04-12,SKU_1007,Coca Cola 750ml Family,Coca Cola,Beverages,60.63,373,22614.99,0.0
2026-04-13,SKU_1007,Coca Cola 750ml Family,Coca Cola,Beverages,69.82,285,19898.7,0.0
2026-04-14,SKU_1007,Coca Cola 750ml Family,Coca Cola,Beverages,55.36,331,18324.16,10.0
2026-04-15,SKU_1007,Coca Cola 750ml Family,Coca Cola,Beverages,68.62,282,19350.84,0.0
2026-04-16,SKU_1007,Coca Cola 750ml Family,Coca Cola,Beverages,49.9,366,18263.4,0.0
2026-04-17,SKU_1007,Coca Cola 750ml Family,Coca Cola,Beverages,61.61,289,17805.29,0.0
2026-04-18,SKU_1007,Coca Cola 750ml Family,Coca Cola,Beverages,58.17,363,21115.71,0.0
2026-04-19,SKU_1007,Coca Cola 750ml Family,Coca Cola,Beverages,49.18,455,22376.9,10.0
2026-04-20,SKU_1007,Coca Cola 750ml Family,Coca Cola,Beverages,45.32,368,16677.76,0.0
2026-04-21,SKU_1007,Coca Cola 750ml Family,Coca Cola,Beverages,61.11,280,17110.8,0.0
2026-04-22,SKU_1007,Coca Cola 750ml Family,Coca Cola,Beverages,74.72,248,18530.56,10.0
2026-04-23,SKU_1007,Coca Cola 750ml Family,Coca Cola,Beverages,54.51,315,17170.65,5.0
2026-04-24,SKU_1007,Coca Cola 750ml Family,Coca Cola,Beverages,52.28,311,16259.08,10.0
2026-04-25,SKU_1007,Coca Cola 750ml Family,Coca Cola,Beverages,67.35,369,24852.15,10.0
2026-04-26,SKU_1007,Coca Cola 750ml Family,Coca Cola,Beverages,52.1,385,20058.5,0.0
2026-04-27,SKU_1007,Coca Cola 750ml Family,Coca Cola,Beverages,67.73,260,17609.8,5.0
2026-04-28,SKU_1007,Coca Cola 750ml Family,Coca Cola,Beverages,58.09,270,15684.3,10.0
2026-04-29,SKU_1007,Coca Cola 750ml Family,Coca Cola,Beverages,55.15,296,16324.4,0.0
2026-04-30,SKU_1007,Coca Cola 750ml Family,Coca Cola,Beverages,70.0,231,16170.0,5.0
2026-05-01,SKU_1007,Coca Cola 750ml Family,Coca Cola,Beverages,56.53,381,21537.93,5.0
2026-05-02,SKU_1007,Coca Cola 750ml Family,Coca Cola,Beverages,69.69,412,28712.28,0.0
2026-05-03,SKU_1007,Coca Cola 750ml Family,Coca Cola,Beverages,68.11,386,26290.46,0.0
2026-05-04,SKU_1007,Coca Cola 750ml Family,Coca Cola,Beverages,63.16,339,21411.24,0.0
2026-05-05,SKU_1007,Coca Cola 750ml Family,Coca Cola,Beverages,47.69,409,19505.21,10.0
2026-05-06,SKU_1007,Coca Cola 750ml Family,Coca Cola,Beverages,66.75,303,20225.25,5.0
2026-05-07,SKU_1007,Coca Cola 750ml Family,Coca Cola,Beverages,68.9,313,21565.7,5.0
2026-05-08,SKU_1007,Coca Cola 750ml Family,Coca Cola,Beverages,74.09,274,20300.66,0.0
2026-05-09,SKU_1007,Coca Cola 750ml Family,Coca Cola,Beverages,53.33,472,25171.76,10.0
2026-05-10,SKU_1007,Coca Cola 750ml Family,Coca Cola,Beverages,54.28,473,25674.44,0.0
2026-05-11,SKU_1007,Coca Cola 750ml Family,Coca Cola,Beverages,68.25,255,17403.75,0.0
2026-05-12,SKU_1007,Coca Cola 750ml Family,Coca Cola,Beverages,60.84,293,17826.12,0.0
2026-05-13,SKU_1007,Coca Cola 750ml Family,Coca Cola,Beverages,56.48,327,18468.96,0.0
2026-05-14,SKU_1007,Coca Cola 750ml Family,Coca Cola,Beverages,70.32,270,18986.4,0.0
2026-05-15,SKU_1007,Coca Cola 750ml Family,Coca Cola,Beverages,66.9,270,18063.0,0.0
2026-05-16,SKU_1007,Coca Cola 750ml Family,Coca Cola,Beverages,73.14,327,23916.78,10.0
2026-05-17,SKU_1007,Coca Cola 750ml Family,Coca Cola,Beverages,67.34,354,23838.36,0.0
2026-05-18,SKU_1007,Coca Cola 750ml Family,Coca Cola,Beverages,53.6,332,17795.2,5.0
