customer_data/sales_history.csv
date,product_id,product_name,brand,category,selling_price,units_sold,revenue,promotion_discount_pct
2025-11-20,SKU_1008,Coca Cola 1L Mini,Coca Cola,Beverages,31.43,266,8360.38,0.0
2025-11-21,SKU_1008,Coca Cola 1L Mini,Coca Cola,Beverages,42.22,181,7641.82,0.0
2025-11-22,SKU_1008,Coca Cola 1L Mini,Coca Cola,Beverages,37.49,268,10047.32,0.0
2025-11-23,SKU_1008,Coca Cola 1L Mini,Coca Cola,Beverages,35.12,306,10746.72,10.0
2025-11-24,SKU_1008,Coca Cola 1L Mini,Coca Cola,Beverages,34.0,239,8126.0,0.0
2025-11-25,SKU_1008,Coca Cola 1L Mini,Coca Cola,Beverages,28.33,336,9518.88,0.0
2025-11-26,SKU_1008,Coca Cola 1L Mini,Coca Cola,Beverages,38.06,182,6926.92,5.0
2025-11-27,SKU_1008,Coca Cola 1L Mini,Coca Cola,Beverages,25.98,350,9093.0,0.0
2025-11-28,SKU_1008,Coca Cola 1L Mini,Coca Cola,Beverages,25.74,349,8983.26,0.0
2025-11-29,SKU_1008,Coca Cola 1L Mini,Coca Cola,Beverages,42.07,197,8287.79,5.0
2025-11-30,SKU_1008,Coca Cola 1L Mini,Coca Cola,Beverages,29.55,354,10460.7,0.0
2025-12-01,SKU_1008,Coca Cola 1L Mini,Coca Cola,Beverages,39.47,227,8959.69,5.0
2025-12-02,SKU_1008,Coca Cola 1L Mini,Coca Cola,Beverages,42.02,192,8067.84,0.0
2025-12-03,SKU_1008,Coca Cola 1L Mini,Coca Cola,Beverages,34.15,292,9971.8,0.0
2025-12-04,SKU_1008,Coca Cola 1L Mini,Coca Cola,Beverages,40.24,211,8490.64,0.0
2025-12-05,SKU_1008,Coca Cola 1L Mini,Coca Cola,Beverages,39.17,232,9087.44,10.0
2025-12-06,SKU_1008,Coca Cola 1L Mini,Coca Cola,Beverages,32.3,369,11918.7,0.0
2025-12-07,SKU_1008,Coca Cola 1L Mini,Coca Cola,Beverages,40.29,264,10636.56,5.0
2025-12-08,SKU_1008,Coca Cola 1L Mini,Coca Cola,Beverages,30.83,326,10050.58,5.0
2025-12-09,SKU_1008,Coca Cola 1L Mini,Coca Cola,Beverages,40.39,227,9168.53,0.0
2025-12-10,SKU_1008,Coca Cola 1L Mini,Coca Cola,Beverages,39.12,226,8841.12,10.0
2025-12-11,SKU_1008,Coca Cola 1L Mini,Coca Cola,Beverages,36.19,232,8396.08,5.0
2025-12-12,SKU_1008,Coca Cola 1L Mini,Coca Cola,Beverages,39.73,211,8383.03,10.0
2025-12-13,SKU_1008,Coca Cola 1L Mini,Coca Cola,Beverages,25.76,501,12905.76,0.0
2025-12-14,SKU_1008,Coca Cola 1L Mini,Coca Cola,Beverages,26.43,474,12527.82,5.0
2025-12-15,SKU_1008,Coca Cola 1L Mini,Coca Cola,Beverages,30.45,295,8982.75,10.0
2025-12-16,SKU_1008,Coca Cola 1L Mini,Coca Cola,Beverages,31.56,293,9247.08,0.0
2025-12-17,SKU_1008,Coca Cola 1L Mini,Coca Cola,Beverages,31.24,303,9465.72,5.0
2025-12-18,SKU_1008,Coca Cola 1L Mini,Coca Cola,Beverages,32.44,261,8466.84,10.0
2025-12-19,SKU_1008,Coca Cola 1L Mini,Coca Cola,Beverages,38.9,204,7935.6,10.0
2025-12-20,SKU_1008,Coca Cola 1L Mini,Coca Cola,Beverages,32.92,349,11489.08,0.0
2025-12-21,SKU_1008,Coca Cola 1L Mini,Coca Cola,Beverages,31.21,348,10861.08,5.0
2025-12-22,SKU_1008,Coca Cola 1L Mini,Coca Cola,Beverages,31.92,305,9735.6,10.0
2025-12-23,SKU_1008,Coca Cola 1L Mini,Coca Cola,Beverages,36.48,240,8755.2,0.0
2025-12-24,SKU_1008,Coca Cola 1L Mini,Coca Cola,Beverages,36.32,227,8244.64,5.0
2025-12-25,SKU_1008,Coca Cola 1L Mini,Coca Cola,Beverages,32.67,289,9441.63,0.0
2025-12-26,SKU_1008,Coca Cola 1L Mini,Coca Cola,Beverages,27.28,323,8811.44,0.0
2025-12-27,SKU_1008,Coca Cola 1L Mini,Coca Cola,Beverages,30.26,352,10651.52,10.0
2025-12-28,SKU_1008,Coca Cola 1L Mini,Coca Cola,Beverages,42.25,200,8450.0,0.0
2025-12-29,SKU_1008,Coca Cola 1L Mini,Coca Cola,Beverages,34.38,224,7701.12,0.0
2025-12-30,SKU_1008,Coca Cola 1L Mini,Coca Cola,Beverages,42.08,163,6859.04,0.0
2025-12-31,SKU_1008,Coca Cola 1L Mini,Coca Cola,Beverages,32.42,267,8656.14,0.0
2026-01-01,SKU_1008,Coca Cola 1L Mini,Coca Cola,Beverages,37.55,261,9800.55,0.0
2026-01-02,SKU_1008,Coca Cola 1L Mini,Coca Cola,Beverages,31.45,343,10787.35,10.0
2026-01-03,SKU_1008,Coca Cola 1L Mini,Coca Cola,Beverages,30.05,448,13462.4,0.0
2026-01-04,SKU_1008,Coca Cola 1L Mini,Coca Cola,Beverages,33.78,379,12802.62,5.0
2026-01-05,SKU_1008,Coca Cola 1L Mini,Coca Cola,Beverages,30.44,377,11475.88,0.0
2026-01-06,SKU_1008,Coca Cola 1L Mini,Coca Cola,Beverages,42.05,228,9587.4,5.0
2026-01-07,SKU_1008,Coca Cola 1L Mini,Coca Cola,Beverages,26.86,423,11361.78,0.0
2026-01-08,SKU_1008,Coca Cola 1L Mini,Coca Cola,Beverages,41.75,221,9226.75,0.0
2026-01-09,SKU_1008,Coca Cola 1L Mini,Coca Cola,Beverages,27.12,451,12231.12,5.0
2026-01-10,SKU_1008,Coca Cola 1L Mini,Coca Cola,Beverages,36.17,365,13202.05,0.0
2026-01-11,SKU_1008,Coca Cola 1L Mini,Coca Cola,Beverages,30.1,386,11618.6,5.0
2026-01-12,SKU_1008,Coca Cola 1L Mini,Coca Cola,Beverages,41.99,192,8062.08,0.0
2026-01-13,SKU_1008,Coca Cola 1L Mini,Coca Cola,Beverages,37.06,248,9190.88,0.0
2026-01-14,SKU_1008,Coca Cola 1L Mini,Coca Cola,Beverages,35.94,247,8877.18,0.0
2026-01-15,SKU_1008,Coca Cola 1L Mini,Coca Cola,Beverages,30.17,338,10197.46,0.0
2026-01-16,SKU_1008,Coca Cola 1L Mini,Coca Cola,Beverages,40.3,227,9148.1,0.0
2026-01-17,SKU_1008,Coca Cola 1L Mini,Coca Cola,Beverages,27.35,464,12690.4,10.0
2026-01-18,SKU_1008,Coca Cola 1L Mini,Coca Cola,Beverages,41.64,263,10951.32,10.0
2026-01-19,SKU_1008,Coca Cola 1L Mini,Coca Cola,Beverages,40.59,204,8280.36,0.0
2026-01-20,SKU_1008,Coca Cola 1L Mini,Coca Cola,Beverages,35.56,269,9565.64,0.0
2026-01-21,SKU_1008,Coca Cola 1L Mini,Coca Cola,Beverages,37.13,242,8985.46,5.0
2026-01-22,SKU_1008,Coca Cola 1L Mini,Coca Cola,Beverages,25.81,436,11253.16,0.0
2026-01-23,SKU_1008,Coca Cola 1L Mini,Coca Cola,Beverages,29.86,343,10241.98,0.0
2026-01-24,SKU_1008,Coca Cola 1L Mini,Coca Cola,Beverages,41.86,253,10590.58,0.0
2026-01-25,SKU_1008,Coca Cola 1L Mini,Coca Cola,Beverages,39.85,265,10560.25,0.0
2026-01-26,SKU_1008,Coca Cola 1L Mini,Coca Cola,Beverages,37.0,239,8843.0,0.0
2026-01-27,SKU_1008,Coca Cola 1L Mini,Coca Cola,Beverages,27.28,335,9138.8,10.0
2026-01-28,SKU_1008,Coca Cola 1L Mini,Coca Cola,Beverages,32.93,254,8364.22,0.0
2026-01-29,SKU_1008,Coca Cola 1L Mini,Coca Cola,Beverages,38.3,226,8655.8,5.0
2026-01-30,SKU_1008,Coca Cola 1L Mini,Coca Cola,Beverages,32.94,262,8630.28,0.0
2026-01-31,SKU_1008,Coca Cola 1L Mini,Coca Cola,Beverages,32.95,350,11532.5,5.0
2026-02-01,SKU_1008,Coca Cola 1L Mini,Coca Cola,Beverages,25.7,646,16602.2,5.0
2026-02-02,SKU_1008,Coca Cola 1L Mini,Coca Cola,Beverages,35.99,310,11156.9,10.0
2026-02-03,SKU_1008,Coca Cola 1L Mini,Coca Cola,Beverages,29.67,422,12520.74,5.0
2026-02-04,SKU_1008,Coca Cola 1L Mini,Coca Cola,Beverages,27.11,453,12280.83,0.0
2026-02-05,SKU_1008,Coca Cola 1L Mini,Coca Cola,Beverages,40.49,263,10648.87,10.0
2026-02-06,SKU_1008,Coca Cola 1L Mini,Coca Cola,Beverages,25.78,495,12761.1,0.0
2026-02-07,SKU_1008,Coca Cola 1L Mini,Coca Cola,Beverages,29.2,513,14979.6,0.0
2026-02-08,SKU_1008,Coca Cola 1L Mini,Coca Cola,Beverages,29.77,483,14378.91,0.0
2026-02-09,SKU_1008,Coca Cola 1L Mini,Coca Cola,Beverages,33.37,357,11913.09,0.0
2026-02-10,SKU_1008,Coca Cola 1L Mini,Coca Cola,Beverages,35.88,317,11373.96,10.0
2026-02-11,SKU_1008,Coca Cola 1L Mini,Coca Cola,Beverages,26.93,447,12037.71,0.0
2026-02-12,SKU_1008,Coca Cola 1L Mini,Coca Cola,Beverages,39.83,240,9559.2,0.0
2026-02-13,SKU_1008,Coca Cola 1L Mini,Coca Cola,Beverages,39.57,247,9773.79,0.0
2026-02-14,SKU_1008,Coca Cola 1L Mini,Coca Cola,Beverages,34.82,340,11838.8,0.0
2026-02-15,SKU_1008,Coca Cola 1L Mini,Coca Cola,Beverages,36.05,349,12581.45,0.0
2026-02-16,SKU_1008,Coca Cola 1L Mini,Coca Cola,Beverages,38.12,249,9491.88,5.0
2026-02-17,SKU_1008,Coca Cola 1L Mini,Coca Cola,Beverages,26.71,422,11271.62,10.0
2026-02-18,SKU_1008,Coca Cola 1L Mini,Coca Cola,Beverages,41.23,223,9194.29,0.0
2026-02-19,SKU_1008,Coca Cola 1L Mini,Coca Cola,Beverages,34.72,278,9652.16,0.0
2026-02-20,SKU_1008,Coca Cola 1L Mini,Coca Cola,Beverages,31.82,348,11073.36,0.0
2026-02-21,SKU_1008,Coca Cola 1L Mini,Coca Cola,Beverages,36.9,341,12582.9,0.0
2026-02-22,SKU_1008,Coca Cola 1L Mini,Coca Cola,Beverages,33.29,392,13049.68,0.0
2026-02-23,SKU_1008,Coca Cola 1L Mini,Coca Cola,Beverages,29.78,377,11227.06,0.0
2026-02-24,SKU_1008,Coca Cola 1L Mini,Coca Cola,Beverages,32.83,313,10275.79,0.0
2026-02-25,SKU_1008,Coca Cola 1L Mini,Coca Cola,Beverages,36.61,284,10397.24,0.0
2026-02-26,SKU_1008,Coca Cola 1L Mini,Coca Cola,Beverages,26.64,412,10975.68,0.0
2026-02-27,SKU_1008,Coca Cola 1L Mini,Coca Cola,Beverages,30.53,317,9678.01,0.0
2026-02-28,SKU_1008,Coca Cola 1L Mini,Coca Cola,Beverages,25.92,500,12960.0,0.0
2026-03-01,SKU_1008,Coca Cola 1L Mini,Coca Cola,Beverages,34.11,404,13780.44,10.0
2026-03-02,SKU_1008,Coca Cola 1L Mini,Coca Cola,Beverages,33.91,369,12512.79,10.0
2026-03-03,SKU_1008,Coca Cola 1L Mini,Coca Cola,Beverages,27.34,504,13779.36,0.0
2026-03-04,SKU_1008,Coca Cola 1L Mini,Coca Cola,Beverages,32.53,380,12361.4,0.0
2026-03-05,SKU_1008,Coca Cola 1L Mini,Coca Cola,Beverages,29.98,402,12051.96,10.0
2026-03-06,SKU_1008,Coca Cola 1L Mini,Coca Cola,Beverages,28.28,435,12301.8,5.0
2026-03-07,SKU_1008,Coca Cola 1L Mini,Coca Cola,Beverages,28.71,579,16623.09,5.0
2026-03-08,SKU_1008,Coca Cola 1L Mini,Coca Cola,Beverages,40.57,346,14037.22,10.0
2026-03-09,SKU_1008,Coca Cola 1L Mini,Coca Cola,Beverages,37.22,287,10682.14,5.0
2026-03-10,SKU_1008,Coca Cola 1L Mini,Coca Cola,Beverages,30.83,589,18158.87,0.0
2026-03-11,SKU_1008,Coca Cola 1L Mini,Coca Cola,Beverages,34.67,480,16641.6,10.0
2026-03-12,SKU_1008,Coca Cola 1L Mini,Coca Cola,Beverages,39.66,386,15308.76,0.0
2026-03-13,SKU_1008,Coca Cola 1L Mini,Coca Cola,Beverages,41.11,366,15046.26,0.0
2026-03-14,SKU_1008,Coca Cola 1L Mini,Coca Cola,Beverages,31.59,653,20628.27,0.0
2026-03-15,SKU_1008,Coca Cola 1L Mini,Coca Cola,Beverages,40.47,539,21813.33,0.0
2026-03-16,SKU_1008,Coca Cola 1L Mini,Coca Cola,Beverages,34.97,460,16086.2,0.0
2026-03-17,SKU_1008,Coca Cola 1L Mini,Coca Cola,Beverages,40.18,347,13942.46,0.0
2026-03-18,SKU_1008,Coca Cola 1L Mini,Coca Cola,Beverages,40.18,461,18522.98,5.0
2026-03-19,SKU_1008,Coca Cola 1L Mini,Coca Cola,Beverages,33.03,325,10734.75,10.0
2026-03-20,SKU_1008,Coca Cola 1L Mini,Coca Cola,Beverages,28.28,417,11792.76,0.0
2026-03-21,SKU_1008,Coca Cola 1L Mini,Coca Cola,Beverages,28.6,513,14671.8,0.0
2026-03-22,SKU_1008,Coca Cola 1L Mini,Coca Cola,Beverages,29.46,452,13315.92,0.0
2026-03-23,SKU_1008,Coca Cola 1L Mini,Coca Cola,Beverages,28.36,377,10691.72,0.0
2026-03-24,SKU_1008,Coca Cola 1L Mini,Coca Cola,Beverages,37.79,269,10165.51,5.0
2026-03-25,SKU_1008,Coca Cola 1L Mini,Coca Cola,Beverages,34.32,288,9884.16,0.0
2026-03-26,SKU_1008,Coca Cola 1L Mini,Coca Cola,Beverages,26.97,368,9924.96,0.0
2026-03-27,SKU_1008,Coca Cola 1L Mini,Coca Cola,Beverages,28.37,385,10922.45,0.0
2026-03-28,SKU_1008,Coca Cola 1L Mini,Coca Cola,Beverages,29.66,417,12368.22,0.0
2026-03-29,SKU_1008,Coca Cola 1L Mini,Coca Cola,Beverages,27.34,465,12713.1,5.0
2026-03-30,SKU_1008,Coca Cola 1L Mini,Coca Cola,Beverages,34.39,275,9457.25,0.0
2026-03-31,SKU_1008,Coca Cola 1L Mini,Coca Cola,Beverages,29.73,319,9483.87,5.0
2026-04-01,SKU_1008,Coca Cola 1L Mini,Coca Cola,Beverages,32.21,369,11885.49,0.0
2026-04-02,SKU_1008,Coca Cola 1L Mini,Coca Cola,Beverages,29.29,473,13854.17,5.0
2026-04-03,SKU_1008,Coca Cola 1L Mini,Coca Cola,Beverages,36.05,325,11716.25,0.0
2026-04-04,SKU_1008,Coca Cola 1L Mini,Coca Cola,Beverages,32.63,465,15172.95,0.0
2026-04-05,SKU_1008,Coca Cola 1L Mini,Coca Cola,Beverages,34.76,438,15224.88,0.0
2026-04-06,SKU_1008,Coca Cola 1L Mini,Coca Cola,Beverages,37.51,289,10840.39,0.0
2026-04-07,SKU_1008,Coca Cola 1L Mini,Coca Cola,Beverages,34.07,347,11822.29,5.0
2026-04-08,SKU_1008,Coca Cola 1L Mini,Coca Cola,Beverages,40.38,275,11104.5,5.0
2026-04-09,SKU_1008,Coca Cola 1L Mini,Coca Cola,Beverages,34.62,324,11216.88,5.0
2026-04-10,SKU_1008,Coca Cola 1L Mini,Coca Cola,Beverages,35.86,307,11009.02,0.0
2026-04-11,SKU_1008,Coca Cola 1L Mini,Coca Cola,Beverages,31.29,413,12922.77,0.0
2026-04-12,SKU_1008,Coca Cola 1L Mini,Coca Cola,Beverages,37.34,317,11836.78,0.0
2026-04-13,SKU_1008,Coca Cola 1L Mini,Coca Cola,Beverages,32.22,351,11309.22,0.0
2026-04-14,SKU_1008,Coca Cola 1L Mini,Coca Cola,Beverages,29.03,391,11350.73,5.0
2026-04-15,SKU_1008,Coca Cola 1L Mini,Coca Cola,Beverages,32.69,303,9905.07,0.0
2026-04-16,SKU_1008,Coca Cola 1L Mini,Coca Cola,Beverages,39.05,232,9059.6,0.0
2026-04-17,SKU_1008,Coca Cola 1L Mini,Coca Cola,Beverages,33.63,313,10526.19,10.0
2026-04-18,SKU_1008,Coca Cola 1L Mini,Coca Cola,Beverages,36.25,355,12868.75,0.0
2026-04-19,SKU_1008,Coca Cola 1L Mini,Coca Cola,Beverages,29.86,434,12959.24,0.0
2026-04-20,SKU_1008,Coca Cola 1L Mini,Coca Cola,Beverages,37.87,259,9808.33,0.0
2026-04-21,SKU_1008,Coca Cola 1L Mini,Coca Cola,Beverages,39.79,250,9947.5,0.0
2026-04-22,SKU_1008,Coca Cola 1L Mini,Coca Cola,Beverages,39.91,237,9458.67,0.0
2026-04-23,SKU_1008,Coca Cola 1L Mini,Coca Cola,Beverages,31.23,361,11274.03,0.0
2026-04-24,SKU_1008,Coca Cola 1L Mini,Coca Cola,Beverages,33.24,301,10005.24,0.0
2026-04-25,SKU_1008,Coca Cola 1L Mini,Coca Cola,Beverages,40.11,310,12434.1,0.0
2026-04-26,SKU_1008,Coca Cola 1L Mini,Coca Cola,Beverages,33.49,328,10984.72,0.0
2026-04-27,SKU_1008,Coca Cola 1L Mini,Coca Cola,Beverages,32.15,310,9966.5,0.0
2026-04-28,SKU_1008,Coca Cola 1L Mini,Coca Cola,Beverages,40.91,196,8018.36,5.0
2026-04-29,SKU_1008,Coca Cola 1L Mini,Coca Cola,Beverages,26.69,417,11129.73,0.0
2026-04-30,SKU_1008,Coca Cola 1L Mini,Coca Cola,Beverages,32.18,298,9589.64,0.0
2026-05-01,SKU_1008,Coca Cola 1L Mini,Coca Cola,Beverages,42.04,235,9879.4,0.0
2026-05-02,SKU_1008,Coca Cola 1L Mini,Coca Cola,Beverages,36.59,364,13318.76,5.0
2026-05-03,SKU_1008,Coca Cola 1L Mini,Coca Cola,Beverages,31.94,497,15874.18,0.0
2026-05-04,SKU_1008,Coca Cola 1L Mini,Coca Cola,Beverages,32.93,389,12809.77,0.0
2026-05-05,SKU_1008,Coca Cola 1L Mini,Coca Cola,Beverages,35.07,321,11257.47,5.0
2026-05-06,SKU_1008,Coca Cola 1L Mini,Coca Cola,Beverages,29.3,425,12452.5,10.0
2026-05-07,SKU_1008,Coca Cola 1L Mini,Coca Cola,Beverages,31.89,357,11384.73,5.0
2026-05-08,SKU_1008,Coca Cola 1L Mini,Coca Cola,Beverages,31.84,379,12067.36,5.0
2026-05-09,SKU_1008,Coca Cola 1L Mini,Coca Cola,Beverages,37.86,372,14083.92,10.0
2026-05-10,SKU_1008,Coca Cola 1L Mini,Coca Cola,Beverages,37.62,341,12828.42,10.0
2026-05-11,SKU_1008,Coca Cola 1L Mini,Coca Cola,Beverages,29.26,384,11235.84,0.0
2026-05-12,SKU_1008,Coca Cola 1L Mini,Coca Cola,Beverages,33.79,279,9427.41,5.0
2026-05-13,SKU_1008,Coca Cola 1L Mini,Coca Cola,Beverages,39.25,247,9694.75,5.0
2026-05-14,SKU_1008,Coca Cola 1L Mini,Coca Cola,Beverages,34.89,268,9350.52,0.0
2026-05-15,SKU_1008,Coca Cola 1L Mini,Coca Cola,Beverages,38.6,246,9495.6,0.0
2026-05-16,SKU_1008,Coca Cola 1L Mini,Coca Cola,Beverages,38.87,311,12088.57,0.0
2026-05-17,SKU_1008,Coca Cola 1L Mini,Coca Cola,Beverages,39.23,296,11612.08,5.0
2026-05-18,SKU_1008,Coca Cola 1L Mini,Coca Cola,Beverages,27.94,409,11427.46,5.0
