customer_data/sales_history.csv
date,product_id,product_name,brand,category,selling_price,units_sold,revenue,promotion_discount_pct
2025-11-20,SKU_1009,Coca Cola 1L Regular,Coca Cola,Beverages,54.74,205,11221.7,0.0
2025-11-21,SKU_1009,Coca Cola 1L Regular,Coca Cola,Beverages,41.38,300,12414.0,5.0
2025-11-22,SKU_1009,Coca Cola 1L Regular,Coca Cola,Beverages,54.93,284,15600.12,0.0
2025-11-23,SKU_1009,Coca Cola 1L Regular,Coca Cola,Beverages,55.14,272,14998.08,10.0
2025-11-24,SKU_1009,Coca Cola 1L Regular,Coca Cola,Beverages,52.59,238,12516.42,5.0
2025-11-25,SKU_1009,Coca Cola 1L Regular,Coca Cola,Beverages,50.75,238,12078.5,5.0
2025-11-26,SKU_1009,Coca Cola 1L Regular,Coca Cola,Beverages,40.44,264,10676.16,0.0
2025-11-27,SKU_1009,Coca Cola 1L Regular,Coca Cola,Beverages,54.11,192,10389.12,10.0
2025-11-28,SKU_1009,Coca Cola 1L Regular,Coca Cola,Beverages,41.56,252,10473.12,10.0
2025-11-29,SKU_1009,Coca Cola 1L Regular,Coca Cola,Beverages,42.51,304,12923.04,5.0
2025-11-30,SKU_1009,Coca Cola 1L Regular,Coca Cola,Beverages,46.99,304,14284.96,10.0
2025-12-01,SKU_1009,Coca Cola 1L Regular,Coca Cola,Beverages,49.0,270,13230.0,5.0
2025-12-02,SKU_1009,Coca Cola 1L Regular,Coca Cola,Beverages,38.5,370,14245.0,0.0
2025-12-03,SKU_1009,Coca Cola 1L Regular,Coca Cola,Beverages,45.96,316,14523.36,0.0
2025-12-04,SKU_1009,Coca Cola 1L Regular,Coca Cola,Beverages,52.72,276,14550.72,5.0
2025-12-05,SKU_1009,Coca Cola 1L Regular,Coca Cola,Beverages,43.26,332,14362.32,0.0
2025-12-06,SKU_1009,Coca Cola 1L Regular,Coca Cola,Beverages,43.07,432,18606.24,10.0
2025-12-07,SKU_1009,Coca Cola 1L Regular,Coca Cola,Beverages,52.15,329,17157.35,0.0
2025-12-08,SKU_1009,Coca Cola 1L Regular,Coca Cola,Beverages,43.2,312,13478.4,0.0
2025-12-09,SKU_1009,Coca Cola 1L Regular,Coca Cola,Beverages,53.58,254,13609.32,10.0
2025-12-10,SKU_1009,Coca Cola 1L Regular,Coca Cola,Beverages,51.15,268,13708.2,0.0
2025-12-11,SKU_1009,Coca Cola 1L Regular,Coca Cola,Beverages,52.78,244,12878.32,0.0
2025-12-12,SKU_1009,Coca Cola 1L Regular,Coca Cola,Beverages,55.61,231,12845.91,0.0
2025-12-13,SKU_1009,Coca Cola 1L Regular,Coca Cola,Beverages,41.2,355,14626.0,0.0
2025-12-14,SKU_1009,Coca Cola 1L Regular,Coca Cola,Beverages,53.68,285,15298.8,0.0
2025-12-15,SKU_1009,Coca Cola 1L Regular,Coca Cola,Beverages,47.17,247,11650.99,0.0
2025-12-16,SKU_1009,Coca Cola 1L Regular,Coca Cola,Beverages,42.96,272,11685.12,0.0
2025-12-17,SKU_1009,Coca Cola 1L Regular,Coca Cola,Beverages,58.08,208,12080.64,0.0
2025-12-18,SKU_1009,Coca Cola 1L Regular,Coca Cola,Beverages,50.22,234,11751.48,10.0
2025-12-19,SKU_1009,Coca Cola 1L Regular,Coca Cola,Beverages,52.9,233,12325.7,0.0
2025-12-20,SKU_1009,Coca Cola 1L Regular,Coca Cola,Beverages,58.54,285,16683.9,0.0
2025-12-21,SKU_1009,Coca Cola 1L Regular,Coca Cola,Beverages,44.56,375,16710.0,10.0
2025-12-22,SKU_1009,Coca Cola 1L Regular,Coca Cola,Beverages,60.94,218,13284.92,0.0
2025-12-23,SKU_1009,Coca Cola 1L Regular,Coca Cola,Beverages,57.24,215,12306.6,0.0
2025-12-24,SKU_1009,Coca Cola 1L Regular,Coca Cola,Beverages,50.7,237,12015.9,0.0
2025-12-25,SKU_1009,Coca Cola 1L Regular,Coca Cola,Beverages,38.94,351,13667.94,0.0
2025-12-26,SKU_1009,Coca Cola 1L Regular,Coca Cola,Beverages,44.59,268,11950.12,10.0
2025-12-27,SKU_1009,Coca Cola 1L Regular,Coca Cola,Beverages,56.31,270,15203.7,0.0
2025-12-28,SKU_1009,Coca Cola 1L Regular,Coca Cola,Beverages,60.97,230,14023.1,0.0
2025-12-29,SKU_1009,Coca Cola 1L Regular,Coca Cola,Beverages,37.6,305,11468.0,5.0
2025-12-30,SKU_1009,Coca Cola 1L Regular,Coca Cola,Beverages,39.79,274,10902.46,10.0
2025-12-31,SKU_1009,Coca Cola 1L Regular,Coca Cola,Beverages,45.42,268,12172.56,0.0
2026-01-01,SKU_1009,Coca Cola 1L Regular,Coca Cola,Beverages,50.44,290,14627.6,0.0
2026-01-02,SKU_1009,Coca Cola 1L Regular,Coca Cola,Beverages,52.59,275,14462.25,0.0
2026-01-03,SKU_1009,Coca Cola 1L Regular,Coca Cola,Beverages,36.97,528,19520.16,5.0
2026-01-04,SKU_1009,Coca Cola 1L Regular,Coca Cola,Beverages,51.85,378,19599.3,0.0
2026-01-05,SKU_1009,Coca Cola 1L Regular,Coca Cola,Beverages,37.57,422,15854.54,5.0
2026-01-06,SKU_1009,Coca Cola 1L Regular,Coca Cola,Beverages,51.74,296,15315.04,0.0
2026-01-07,SKU_1009,Coca Cola 1L Regular,Coca Cola,Beverages,51.87,309,16027.83,5.0
2026-01-08,SKU_1009,Coca Cola 1L Regular,Coca Cola,Beverages,50.95,303,15437.85,0.0
2026-01-09,SKU_1009,Coca Cola 1L Regular,Coca Cola,Beverages,60.8,261,15868.8,5.0
2026-01-10,SKU_1009,Coca Cola 1L Regular,Coca Cola,Beverages,47.42,416,19726.72,10.0
2026-01-11,SKU_1009,Coca Cola 1L Regular,Coca Cola,Beverages,46.12,349,16095.88,5.0
2026-01-12,SKU_1009,Coca Cola 1L Regular,Coca Cola,Beverages,51.19,278,14230.82,0.0
2026-01-13,SKU_1009,Coca Cola 1L Regular,Coca Cola,Beverages,59.3,222,13164.6,10.0
2026-01-14,SKU_1009,Coca Cola 1L Regular,Coca Cola,Beverages,49.5,261,12919.5,5.0
2026-01-15,SKU_1009,Coca Cola 1L Regular,Coca Cola,Beverages,60.92,237,14438.04,10.0
2026-01-16,SKU_1009,Coca Cola 1L Regular,Coca Cola,Beverages,52.47,269,14114.43,10.0
2026-01-17,SKU_1009,Coca Cola 1L Regular,Coca Cola,Beverages,54.08,318,17197.44,0.0
2026-01-18,SKU_1009,Coca Cola 1L Regular,Coca Cola,Beverages,37.92,445,16874.4,0.0
2026-01-19,SKU_1009,Coca Cola 1L Regular,Coca Cola,Beverages,53.09,263,13962.67,0.0
2026-01-20,SKU_1009,Coca Cola 1L Regular,Coca Cola,Beverages,45.73,317,14496.41,0.0
2026-01-21,SKU_1009,Coca Cola 1L Regular,Coca Cola,Beverages,40.7,336,13675.2,0.0
2026-01-22,SKU_1009,Coca Cola 1L Regular,Coca Cola,Beverages,53.48,264,14118.72,0.0
2026-01-23,SKU_1009,Coca Cola 1L Regular,Coca Cola,Beverages,52.45,254,13322.3,0.0
2026-01-24,SKU_1009,Coca Cola 1L Regular,Coca Cola,Beverages,40.43,434,17546.62,5.0
2026-01-25,SKU_1009,Coca Cola 1L Regular,Coca Cola,Beverages,51.25,322,16502.5,0.0
2026-01-26,SKU_1009,Coca Cola 1L Regular,Coca Cola,Beverages,53.83,230,12380.9,0.0
2026-01-27,SKU_1009,Coca Cola 1L Regular,Coca Cola,Beverages,52.92,247,13071.24,10.0
2026-01-28,SKU_1009,Coca Cola 1L Regular,Coca Cola,Beverages,40.76,286,11657.36,0.0
2026-01-29,SKU_1009,Coca Cola 1L Regular,Coca Cola,Beverages,55.64,229,12741.56,0.0
2026-01-30,SKU_1009,Coca Cola 1L Regular,Coca Cola,Beverages,53.7,245,13156.5,0.0
2026-01-31,SKU_1009,Coca Cola 1L Regular,Coca Cola,Beverages,56.22,299,16809.78,0.0
2026-02-01,SKU_1009,Coca Cola 1L Regular,Coca Cola,Beverages,49.7,405,20128.5,0.0
2026-02-02,SKU_1009,Coca Cola 1L Regular,Coca Cola,Beverages,46.43,331,15368.33,10.0
2026-02-03,SKU_1009,Coca Cola 1L Regular,Coca Cola,Beverages,50.6,310,15686.0,5.0
2026-02-04,SKU_1009,Coca Cola 1L Regular,Coca Cola,Beverages,59.11,278,16432.58,0.0
2026-02-05,SKU_1009,Coca Cola 1L Regular,Coca Cola,Beverages,51.09,312,15940.08,0.0
2026-02-06,SKU_1009,Coca Cola 1L Regular,Coca Cola,Beverages,37.89,401,15193.89,0.0
2026-02-07,SKU_1009,Coca Cola 1L Regular,Coca Cola,Beverages,46.95,409,19202.55,0.0
2026-02-08,SKU_1009,Coca Cola 1L Regular,Coca Cola,Beverages,51.43,419,21549.17,10.0
2026-02-09,SKU_1009,Coca Cola 1L Regular,Coca Cola,Beverages,58.17,288,16752.96,0.0
2026-02-10,SKU_1009,Coca Cola 1L Regular,Coca Cola,Beverages,41.78,413,17255.14,0.0
2026-02-11,SKU_1009,Coca Cola 1L Regular,Coca Cola,Beverages,58.25,235,13688.75,0.0
2026-02-12,SKU_1009,Coca Cola 1L Regular,Coca Cola,Beverages,54.62,255,13928.1,10.0
2026-02-13,SKU_1009,Coca Cola 1L Regular,Coca Cola,Beverages,56.21,273,15345.33,0.0
2026-02-14,SKU_1009,Coca Cola 1L Regular,Coca Cola,Beverages,37.35,507,18936.45,0.0
2026-02-15,SKU_1009,Coca Cola 1L Regular,Coca Cola,Beverages,51.82,371,19225.22,0.0
2026-02-16,SKU_1009,Coca Cola 1L Regular,Coca Cola,Beverages,47.97,315,15110.55,0.0
2026-02-17,SKU_1009,Coca Cola 1L Regular,Coca Cola,Beverages,38.14,369,14073.66,0.0
2026-02-18,SKU_1009,Coca Cola 1L Regular,Coca Cola,Beverages,38.25,403,15414.75,0.0
2026-02-19,SKU_1009,Coca Cola 1L Regular,Coca Cola,Beverages,56.56,269,15214.64,0.0
2026-02-20,SKU_1009,Coca Cola 1L Regular,Coca Cola,Beverages,59.52,230,13689.6,0.0
2026-02-21,SKU_1009,Coca Cola 1L Regular,Coca Cola,Beverages,46.03,371,17077.13,0.0
2026-02-22,SKU_1009,Coca Cola 1L Regular,Coca Cola,Beverages,41.76,419,17497.44,5.0
2026-02-23,SKU_1009,Coca Cola 1L Regular,Coca Cola,Beverages,48.07,293,14084.51,10.0
2026-02-24,SKU_1009,Coca Cola 1L Regular,Coca Cola,Beverages,39.08,356,13912.48,5.0
2026-02-25,SKU_1009,Coca Cola 1L Regular,Coca Cola,Beverages,40.21,387,15561.27,10.0
2026-02-26,SKU_1009,Coca Cola 1L Regular,Coca Cola,Beverages,55.15,255,14063.25,5.0
2026-02-27,SKU_1009,Coca Cola 1L Regular,Coca Cola,Beverages,47.35,270,12784.5,0.0
2026-02-28,SKU_1009,Coca Cola 1L Regular,Coca Cola,Beverages,56.11,287,16103.57,10.0
2026-03-01,SKU_1009,Coca Cola 1L Regular,Coca Cola,Beverages,43.93,462,20295.66,0.0
2026-03-02,SKU_1009,Coca Cola 1L Regular,Coca Cola,Beverages,39.78,410,16309.8,0.0
2026-03-03,SKU_1009,Coca Cola 1L Regular,Coca Cola,Beverages,45.29,383,17346.07,0.0
2026-03-04,SKU_1009,Coca Cola 1L Regular,Coca Cola,Beverages,38.15,426,16251.9,0.0
2026-03-05,SKU_1009,Coca Cola 1L Regular,Coca Cola,Beverages,56.37,286,16121.82,0.0
2026-03-06,SKU_1009,Coca Cola 1L Regular,Coca Cola,Beverages,44.98,397,17857.06,0.0
2026-03-07,SKU_1009,Coca Cola 1L Regular,Coca Cola,Beverages,40.4,495,19998.0,0.0
2026-03-08,SKU_1009,Coca Cola 1L Regular,Coca Cola,Beverages,48.45,427,20688.15,5.0
2026-03-09,SKU_1009,Coca Cola 1L Regular,Coca Cola,Beverages,50.37,353,17780.61,5.0
2026-03-10,SKU_1009,Coca Cola 1L Regular,Coca Cola,Beverages,50.8,469,23825.2,5.0
2026-03-11,SKU_1009,Coca Cola 1L Regular,Coca Cola,Beverages,51.85,388,20117.8,10.0
2026-03-12,SKU_1009,Coca Cola 1L Regular,Coca Cola,Beverages,38.63,626,24182.38,0.0
2026-03-13,SKU_1009,Coca Cola 1L Regular,Coca Cola,Beverages,56.7,373,21149.1,5.0
2026-03-14,SKU_1009,Coca Cola 1L Regular,Coca Cola,Beverages,47.81,639,30550.59,10.0
2026-03-15,SKU_1009,Coca Cola 1L Regular,Coca Cola,Beverages,52.91,622,32910.02,0.0
2026-03-16,SKU_1009,Coca Cola 1L Regular,Coca Cola,Beverages,44.28,643,28472.04,10.0
2026-03-17,SKU_1009,Coca Cola 1L Regular,Coca Cola,Beverages,60.77,489,29716.53,0.0
2026-03-18,SKU_1009,Coca Cola 1L Regular,Coca Cola,Beverages,41.38,560,23172.8,5.0
2026-03-19,SKU_1009,Coca Cola 1L Regular,Coca Cola,Beverages,54.72,272,14883.84,0.0
2026-03-20,SKU_1009,Coca Cola 1L Regular,Coca Cola,Beverages,48.41,323,15636.43,10.0
2026-03-21,SKU_1009,Coca Cola 1L Regular,Coca Cola,Beverages,45.44,431,19584.64,0.0
2026-03-22,SKU_1009,Coca Cola 1L Regular,Coca Cola,Beverages,46.55,391,18201.05,0.0
2026-03-23,SKU_1009,Coca Cola 1L Regular,Coca Cola,Beverages,47.7,325,15502.5,0.0
2026-03-24,SKU_1009,Coca Cola 1L Regular,Coca Cola,Beverages,39.69,360,14288.4,10.0
2026-03-25,SKU_1009,Coca Cola 1L Regular,Coca Cola,Beverages,59.85,239,14304.15,10.0
2026-03-26,SKU_1009,Coca Cola 1L Regular,Coca Cola,Beverages,50.48,270,13629.6,10.0
2026-03-27,SKU_1009,Coca Cola 1L Regular,Coca Cola,Beverages,48.57,283,13745.31,0.0
2026-03-28,SKU_1009,Coca Cola 1L Regular,Coca Cola,Beverages,42.23,401,16934.23,5.0
2026-03-29,SKU_1009,Coca Cola 1L Regular,Coca Cola,Beverages,45.7,376,17183.2,0.0
2026-03-30,SKU_1009,Coca Cola 1L Regular,Coca Cola,Beverages,40.07,339,13583.73,0.0
2026-03-31,SKU_1009,Coca Cola 1L Regular,Coca Cola,Beverages,41.14,317,13041.38,0.0
2026-04-01,SKU_1009,Coca Cola 1L Regular,Coca Cola,Beverages,41.96,392,16448.32,0.0
2026-04-02,SKU_1009,Coca Cola 1L Regular,Coca Cola,Beverages,56.78,294,16693.32,0.0
2026-04-03,SKU_1009,Coca Cola 1L Regular,Coca Cola,Beverages,59.25,310,18367.5,0.0
2026-04-04,SKU_1009,Coca Cola 1L Regular,Coca Cola,Beverages,50.56,404,20426.24,5.0
2026-04-05,SKU_1009,Coca Cola 1L Regular,Coca Cola,Beverages,45.76,489,22376.64,0.0
2026-04-06,SKU_1009,Coca Cola 1L Regular,Coca Cola,Beverages,45.59,355,16184.45,0.0
2026-04-07,SKU_1009,Coca Cola 1L Regular,Coca Cola,Beverages,50.21,359,18025.39,0.0
2026-04-08,SKU_1009,Coca Cola 1L Regular,Coca Cola,Beverages,56.05,293,16422.65,0.0
2026-04-09,SKU_1009,Coca Cola 1L Regular,Coca Cola,Beverages,53.04,312,16548.48,5.0
2026-04-10,SKU_1009,Coca Cola 1L Regular,Coca Cola,Beverages,41.95,431,18080.45,5.0
2026-04-11,SKU_1009,Coca Cola 1L Regular,Coca Cola,Beverages,42.71,422,18023.62,0.0
2026-04-12,SKU_1009,Coca Cola 1L Regular,Coca Cola,Beverages,36.63,535,19597.05,5.0
2026-04-13,SKU_1009,Coca Cola 1L Regular,Coca Cola,Beverages,55.97,272,15223.84,5.0
2026-04-14,SKU_1009,Coca Cola 1L Regular,Coca Cola,Beverages,54.93,259,14226.87,0.0
2026-04-15,SKU_1009,Coca Cola 1L Regular,Coca Cola,Beverages,47.81,305,14582.05,0.0
2026-04-16,SKU_1009,Coca Cola 1L Regular,Coca Cola,Beverages,38.91,382,14863.62,0.0
2026-04-17,SKU_1009,Coca Cola 1L Regular,Coca Cola,Beverages,59.1,236,13947.6,0.0
2026-04-18,SKU_1009,Coca Cola 1L Regular,Coca Cola,Beverages,43.73,408,17841.84,5.0
2026-04-19,SKU_1009,Coca Cola 1L Regular,Coca Cola,Beverages,42.43,463,19645.09,0.0
2026-04-20,SKU_1009,Coca Cola 1L Regular,Coca Cola,Beverages,48.05,308,14799.4,0.0
2026-04-21,SKU_1009,Coca Cola 1L Regular,Coca Cola,Beverages,55.19,256,14128.64,0.0
2026-04-22,SKU_1009,Coca Cola 1L Regular,Coca Cola,Beverages,48.51,303,14698.53,5.0
2026-04-23,SKU_1009,Coca Cola 1L Regular,Coca Cola,Beverages,51.19,310,15868.9,10.0
2026-04-24,SKU_1009,Coca Cola 1L Regular,Coca Cola,Beverages,55.4,264,14625.6,10.0
2026-04-25,SKU_1009,Coca Cola 1L Regular,Coca Cola,Beverages,56.82,311,17671.02,0.0
2026-04-26,SKU_1009,Coca Cola 1L Regular,Coca Cola,Beverages,37.36,426,15915.36,0.0
2026-04-27,SKU_1009,Coca Cola 1L Regular,Coca Cola,Beverages,44.93,296,13299.28,10.0
2026-04-28,SKU_1009,Coca Cola 1L Regular,Coca Cola,Beverages,51.64,272,14046.08,5.0
2026-04-29,SKU_1009,Coca Cola 1L Regular,Coca Cola,Beverages,49.07,271,13297.97,0.0
2026-04-30,SKU_1009,Coca Cola 1L Regular,Coca Cola,Beverages,37.85,327,12376.95,0.0
2026-05-01,SKU_1009,Coca Cola 1L Regular,Coca Cola,Beverages,50.07,335,16773.45,0.0
2026-05-02,SKU_1009,Coca Cola 1L Regular,Coca Cola,Beverages,57.11,353,20159.83,0.0
2026-05-03,SKU_1009,Coca Cola 1L Regular,Coca Cola,Beverages,37.23,562,20923.26,0.0
2026-05-04,SKU_1009,Coca Cola 1L Regular,Coca Cola,Beverages,42.42,372,15780.24,0.0
2026-05-05,SKU_1009,Coca Cola 1L Regular,Coca Cola,Beverages,54.31,293,15912.83,10.0
2026-05-06,SKU_1009,Coca Cola 1L Regular,Coca Cola,Beverages,51.47,317,16315.99,5.0
2026-05-07,SKU_1009,Coca Cola 1L Regular,Coca Cola,Beverages,40.85,404,16503.4,0.0
2026-05-08,SKU_1009,Coca Cola 1L Regular,Coca Cola,Beverages,56.18,294,16516.92,0.0
2026-05-09,SKU_1009,Coca Cola 1L Regular,Coca Cola,Beverages,54.95,361,19836.95,0.0
2026-05-10,SKU_1009,Coca Cola 1L Regular,Coca Cola,Beverages,55.48,363,20139.24,10.0
2026-05-11,SKU_1009,Coca Cola 1L Regular,Coca Cola,Beverages,53.16,276,14672.16,10.0
2026-05-12,SKU_1009,Coca Cola 1L Regular,Coca Cola,Beverages,59.3,241,14291.3,10.0
2026-05-13,SKU_1009,Coca Cola 1L Regular,Coca Cola,Beverages,38.23,353,13495.19,0.0
2026-05-14,SKU_1009,Coca Cola 1L Regular,Coca Cola,Beverages,56.8,256,14540.8,0.0
2026-05-15,SKU_1009,Coca Cola 1L Regular,Coca Cola,Beverages,55.54,250,13885.0,0.0
2026-05-16,SKU_1009,Coca Cola 1L Regular,Coca Cola,Beverages,45.04,373,16799.92,0.0
2026-05-17,SKU_1009,Coca Cola 1L Regular,Coca Cola,Beverages,60.09,307,18447.63,0.0
2026-05-18,SKU_1009,Coca Cola 1L Regular,Coca Cola,Beverages,59.4,234,13899.6,0.0
