customer_data/sales_history.csv
date,product_id,product_name,brand,category,selling_price,units_sold,revenue,promotion_discount_pct
2025-11-20,SKU_1010,Coca Cola 1L Value,Coca Cola,Beverages,63.62,213,13551.06,10.0
2025-11-21,SKU_1010,Coca Cola 1L Value,Coca Cola,Beverages,68.57,216,14811.12,0.0
2025-11-22,SKU_1010,Coca Cola 1L Value,Coca Cola,Beverages,69.64,259,18036.76,5.0
2025-11-23,SKU_1010,Coca Cola 1L Value,Coca Cola,Beverages,51.91,327,16974.57,0.0
2025-11-24,SKU_1010,Coca Cola 1L Value,Coca Cola,Beverages,71.94,182,13093.08,0.0
2025-11-25,SKU_1010,Coca Cola 1L Value,Coca Cola,Beverages,64.71,224,14495.04,0.0
2025-11-26,SKU_1010,Coca Cola 1L Value,Coca Cola,Beverages,61.99,219,13575.81,5.0
2025-11-27,SKU_1010,Coca Cola 1L Value,Coca Cola,Beverages,52.91,235,12433.85,0.0
2025-11-28,SKU_1010,Coca Cola 1L Value,Coca Cola,Beverages,46.11,275,12680.25,5.0
2025-11-29,SKU_1010,Coca Cola 1L Value,Coca Cola,Beverages,51.43,304,15634.72,0.0
2025-11-30,SKU_1010,Coca Cola 1L Value,Coca Cola,Beverages,68.18,249,16976.82,10.0
2025-12-01,SKU_1010,Coca Cola 1L Value,Coca Cola,Beverages,49.23,328,16147.44,10.0
2025-12-02,SKU_1010,Coca Cola 1L Value,Coca Cola,Beverages,70.92,218,15460.56,0.0
2025-12-03,SKU_1010,Coca Cola 1L Value,Coca Cola,Beverages,46.5,338,15717.0,0.0
2025-12-04,SKU_1010,Coca Cola 1L Value,Coca Cola,Beverages,61.19,257,15725.83,0.0
2025-12-05,SKU_1010,Coca Cola 1L Value,Coca Cola,Beverages,72.07,228,16431.96,0.0
2025-12-06,SKU_1010,Coca Cola 1L Value,Coca Cola,Beverages,58.45,343,20048.35,0.0
2025-12-07,SKU_1010,Coca Cola 1L Value,Coca Cola,Beverages,57.56,370,21297.2,0.0
2025-12-08,SKU_1010,Coca Cola 1L Value,Coca Cola,Beverages,65.74,263,17289.62,0.0
2025-12-09,SKU_1010,Coca Cola 1L Value,Coca Cola,Beverages,60.68,292,17718.56,10.0
2025-12-10,SKU_1010,Coca Cola 1L Value,Coca Cola,Beverages,67.67,257,17391.19,10.0
2025-12-11,SKU_1010,Coca Cola 1L Value,Coca Cola,Beverages,45.43,300,13629.0,10.0
2025-12-12,SKU_1010,Coca Cola 1L Value,Coca Cola,Beverages,50.01,300,15003.0,0.0
2025-12-13,SKU_1010,Coca Cola 1L Value,Coca Cola,Beverages,55.81,325,18138.25,0.0
2025-12-14,SKU_1010,Coca Cola 1L Value,Coca Cola,Beverages,69.64,279,19429.56,10.0
2025-12-15,SKU_1010,Coca Cola 1L Value,Coca Cola,Beverages,70.35,205,14421.75,10.0
2025-12-16,SKU_1010,Coca Cola 1L Value,Coca Cola,Beverages,63.98,224,14331.52,0.0
2025-12-17,SKU_1010,Coca Cola 1L Value,Coca Cola,Beverages,49.37,288,14218.56,10.0
2025-12-18,SKU_1010,Coca Cola 1L Value,Coca Cola,Beverages,53.79,275,14792.25,0.0
2025-12-19,SKU_1010,Coca Cola 1L Value,Coca Cola,Beverages,68.07,208,14158.56,5.0
2025-12-20,SKU_1010,Coca Cola 1L Value,Coca Cola,Beverages,65.27,288,18797.76,5.0
2025-12-21,SKU_1010,Coca Cola 1L Value,Coca Cola,Beverages,52.21,360,18795.6,5.0
2025-12-22,SKU_1010,Coca Cola 1L Value,Coca Cola,Beverages,52.56,291,15294.96,0.0
2025-12-23,SKU_1010,Coca Cola 1L Value,Coca Cola,Beverages,56.47,255,14399.85,0.0
2025-12-24,SKU_1010,Coca Cola 1L Value,Coca Cola,Beverages,47.21,323,15248.83,0.0
2025-12-25,SKU_1010,Coca Cola 1L Value,Coca Cola,Beverages,70.16,211,14803.76,10.0
2025-12-26,SKU_1010,Coca Cola 1L Value,Coca Cola,Beverages,65.21,215,14020.15,0.0
2025-12-27,SKU_1010,Coca Cola 1L Value,Coca Cola,Beverages,71.01,252,17894.52,5.0
2025-12-28,SKU_1010,Coca Cola 1L Value,Coca Cola,Beverages,60.35,291,17561.85,0.0
2025-12-29,SKU_1010,Coca Cola 1L Value,Coca Cola,Beverages,70.04,194,13587.76,0.0
2025-12-30,SKU_1010,Coca Cola 1L Value,Coca Cola,Beverages,53.35,242,12910.7,0.0
2025-12-31,SKU_1010,Coca Cola 1L Value,Coca Cola,Beverages,67.94,213,14471.22,0.0
2026-01-01,SKU_1010,Coca Cola 1L Value,Coca Cola,Beverages,46.85,384,17990.4,0.0
2026-01-02,SKU_1010,Coca Cola 1L Value,Coca Cola,Beverages,57.35,294,16860.9,0.0
2026-01-03,SKU_1010,Coca Cola 1L Value,Coca Cola,Beverages,72.44,296,21442.24,0.0
2026-01-04,SKU_1010,Coca Cola 1L Value,Coca Cola,Beverages,45.77,496,22701.92,10.0
2026-01-05,SKU_1010,Coca Cola 1L Value,Coca Cola,Beverages,65.38,257,16802.66,0.0
2026-01-06,SKU_1010,Coca Cola 1L Value,Coca Cola,Beverages,63.04,287,18092.48,10.0
2026-01-07,SKU_1010,Coca Cola 1L Value,Coca Cola,Beverages,46.82,368,17229.76,0.0
2026-01-08,SKU_1010,Coca Cola 1L Value,Coca Cola,Beverages,60.39,291,17573.49,0.0
2026-01-09,SKU_1010,Coca Cola 1L Value,Coca Cola,Beverages,71.2,266,18939.2,5.0
2026-01-10,SKU_1010,Coca Cola 1L Value,Coca Cola,Beverages,72.53,303,21976.59,0.0
2026-01-11,SKU_1010,Coca Cola 1L Value,Coca Cola,Beverages,72.12,272,19616.64,0.0
2026-01-12,SKU_1010,Coca Cola 1L Value,Coca Cola,Beverages,53.95,276,14890.2,5.0
2026-01-13,SKU_1010,Coca Cola 1L Value,Coca Cola,Beverages,45.34,361,16367.74,0.0
2026-01-14,SKU_1010,Coca Cola 1L Value,Coca Cola,Beverages,57.18,269,15381.42,0.0
2026-01-15,SKU_1010,Coca Cola 1L Value,Coca Cola,Beverages,61.73,250,15432.5,0.0
2026-01-16,SKU_1010,Coca Cola 1L Value,Coca Cola,Beverages,60.67,259,15713.53,0.0
2026-01-17,SKU_1010,Coca Cola 1L Value,Coca Cola,Beverages,67.85,309,20965.65,0.0
2026-01-18,SKU_1010,Coca Cola 1L Value,Coca Cola,Beverages,57.74,342,19747.08,10.0
2026-01-19,SKU_1010,Coca Cola 1L Value,Coca Cola,Beverages,54.39,310,16860.9,0.0
2026-01-20,SKU_1010,Coca Cola 1L Value,Coca Cola,Beverages,53.39,291,15536.49,10.0
2026-01-21,SKU_1010,Coca Cola 1L Value,Coca Cola,Beverages,46.28,350,16198.0,0.0
2026-01-22,SKU_1010,Coca Cola 1L Value,Coca Cola,Beverages,57.88,295,17074.6,0.0
2026-01-23,SKU_1010,Coca Cola 1L Value,Coca Cola,Beverages,50.26,319,16032.94,0.0
2026-01-24,SKU_1010,Coca Cola 1L Value,Coca Cola,Beverages,67.41,317,21368.97,0.0
2026-01-25,SKU_1010,Coca Cola 1L Value,Coca Cola,Beverages,55.04,370,20364.8,0.0
2026-01-26,SKU_1010,Coca Cola 1L Value,Coca Cola,Beverages,52.66,298,15692.68,5.0
2026-01-27,SKU_1010,Coca Cola 1L Value,Coca Cola,Beverages,47.27,333,15740.91,0.0
2026-01-28,SKU_1010,Coca Cola 1L Value,Coca Cola,Beverages,63.77,234,14922.18,0.0
2026-01-29,SKU_1010,Coca Cola 1L Value,Coca Cola,Beverages,44.76,332,14860.32,0.0
2026-01-30,SKU_1010,Coca Cola 1L Value,Coca Cola,Beverages,55.71,255,14206.05,5.0
2026-01-31,SKU_1010,Coca Cola 1L Value,Coca Cola,Beverages,62.97,316,19898.52,0.0
2026-02-01,SKU_1010,Coca Cola 1L Value,Coca Cola,Beverages,60.22,409,24629.98,10.0
2026-02-02,SKU_1010,Coca Cola 1L Value,Coca Cola,Beverages,45.8,414,18961.2,0.0
2026-02-03,SKU_1010,Coca Cola 1L Value,Coca Cola,Beverages,47.2,414,19540.8,5.0
2026-02-04,SKU_1010,Coca Cola 1L Value,Coca Cola,Beverages,71.21,276,19653.96,0.0
2026-02-05,SKU_1010,Coca Cola 1L Value,Coca Cola,Beverages,46.05,411,18926.55,0.0
2026-02-06,SKU_1010,Coca Cola 1L Value,Coca Cola,Beverages,59.88,318,19041.84,0.0
2026-02-07,SKU_1010,Coca Cola 1L Value,Coca Cola,Beverages,68.15,370,25215.5,0.0
2026-02-08,SKU_1010,Coca Cola 1L Value,Coca Cola,Beverages,61.67,386,23804.62,0.0
2026-02-09,SKU_1010,Coca Cola 1L Value,Coca Cola,Beverages,51.26,358,18351.08,10.0
2026-02-10,SKU_1010,Coca Cola 1L Value,Coca Cola,Beverages,54.17,355,19230.35,0.0
2026-02-11,SKU_1010,Coca Cola 1L Value,Coca Cola,Beverages,63.54,273,17346.42,0.0
2026-02-12,SKU_1010,Coca Cola 1L Value,Coca Cola,Beverages,45.85,365,16735.25,5.0
2026-02-13,SKU_1010,Coca Cola 1L Value,Coca Cola,Beverages,49.11,330,16206.3,10.0
2026-02-14,SKU_1010,Coca Cola 1L Value,Coca Cola,Beverages,67.96,293,19912.28,0.0
2026-02-15,SKU_1010,Coca Cola 1L Value,Coca Cola,Beverages,56.04,363,20342.52,0.0
2026-02-16,SKU_1010,Coca Cola 1L Value,Coca Cola,Beverages,69.48,248,17231.04,5.0
2026-02-17,SKU_1010,Coca Cola 1L Value,Coca Cola,Beverages,50.56,339,17139.84,0.0
2026-02-18,SKU_1010,Coca Cola 1L Value,Coca Cola,Beverages,65.16,280,18244.8,0.0
2026-02-19,SKU_1010,Coca Cola 1L Value,Coca Cola,Beverages,50.24,361,18136.64,5.0
2026-02-20,SKU_1010,Coca Cola 1L Value,Coca Cola,Beverages,71.09,256,18199.04,0.0
2026-02-21,SKU_1010,Coca Cola 1L Value,Coca Cola,Beverages,62.36,351,21888.36,0.0
2026-02-22,SKU_1010,Coca Cola 1L Value,Coca Cola,Beverages,55.58,402,22343.16,0.0
2026-02-23,SKU_1010,Coca Cola 1L Value,Coca Cola,Beverages,59.32,298,17677.36,5.0
2026-02-24,SKU_1010,Coca Cola 1L Value,Coca Cola,Beverages,56.32,317,17853.44,10.0
2026-02-25,SKU_1010,Coca Cola 1L Value,Coca Cola,Beverages,67.88,242,16426.96,0.0
2026-02-26,SKU_1010,Coca Cola 1L Value,Coca Cola,Beverages,68.13,230,15669.9,5.0
2026-02-27,SKU_1010,Coca Cola 1L Value,Coca Cola,Beverages,68.47,226,15474.22,10.0
2026-02-28,SKU_1010,Coca Cola 1L Value,Coca Cola,Beverages,54.87,377,20685.99,10.0
2026-03-01,SKU_1010,Coca Cola 1L Value,Coca Cola,Beverages,51.14,513,26234.82,5.0
2026-03-02,SKU_1010,Coca Cola 1L Value,Coca Cola,Beverages,57.94,347,20105.18,5.0
2026-03-03,SKU_1010,Coca Cola 1L Value,Coca Cola,Beverages,52.81,384,20279.04,5.0
2026-03-04,SKU_1010,Coca Cola 1L Value,Coca Cola,Beverages,53.3,353,18814.9,0.0
2026-03-05,SKU_1010,Coca Cola 1L Value,Coca Cola,Beverages,51.75,362,18733.5,0.0
2026-03-06,SKU_1010,Coca Cola 1L Value,Coca Cola,Beverages,72.37,296,21421.52,0.0
2026-03-07,SKU_1010,Coca Cola 1L Value,Coca Cola,Beverages,55.34,470,26009.8,0.0
2026-03-08,SKU_1010,Coca Cola 1L Value,Coca Cola,Beverages,53.9,479,25818.1,0.0
2026-03-09,SKU_1010,Coca Cola 1L Value,Coca Cola,Beverages,67.32,318,21407.76,10.0
2026-03-10,SKU_1010,Coca Cola 1L Value,Coca Cola,Beverages,66.68,463,30872.84,5.0
2026-03-11,SKU_1010,Coca Cola 1L Value,Coca Cola,Beverages,44.56,799,35603.44,0.0
2026-03-12,SKU_1010,Coca Cola 1L Value,Coca Cola,Beverages,63.9,459,29330.1,0.0
2026-03-13,SKU_1010,Coca Cola 1L Value,Coca Cola,Beverages,49.09,715,35099.35,0.0
2026-03-14,SKU_1010,Coca Cola 1L Value,Coca Cola,Beverages,52.78,612,32301.36,0.0
2026-03-15,SKU_1010,Coca Cola 1L Value,Coca Cola,Beverages,48.48,691,33499.68,5.0
2026-03-16,SKU_1010,Coca Cola 1L Value,Coca Cola,Beverages,65.92,450,29664.0,0.0
2026-03-17,SKU_1010,Coca Cola 1L Value,Coca Cola,Beverages,55.28,410,22664.8,5.0
2026-03-18,SKU_1010,Coca Cola 1L Value,Coca Cola,Beverages,63.13,372,23484.36,0.0
2026-03-19,SKU_1010,Coca Cola 1L Value,Coca Cola,Beverages,48.56,351,17044.56,0.0
2026-03-20,SKU_1010,Coca Cola 1L Value,Coca Cola,Beverages,44.5,417,18556.5,0.0
2026-03-21,SKU_1010,Coca Cola 1L Value,Coca Cola,Beverages,72.27,290,20958.3,0.0
2026-03-22,SKU_1010,Coca Cola 1L Value,Coca Cola,Beverages,50.56,460,23257.6,10.0
2026-03-23,SKU_1010,Coca Cola 1L Value,Coca Cola,Beverages,70.86,247,17502.42,5.0
2026-03-24,SKU_1010,Coca Cola 1L Value,Coca Cola,Beverages,45.28,366,16572.48,10.0
2026-03-25,SKU_1010,Coca Cola 1L Value,Coca Cola,Beverages,60.56,288,17441.28,5.0
2026-03-26,SKU_1010,Coca Cola 1L Value,Coca Cola,Beverages,44.64,362,16159.68,0.0
2026-03-27,SKU_1010,Coca Cola 1L Value,Coca Cola,Beverages,44.13,377,16637.01,5.0
2026-03-28,SKU_1010,Coca Cola 1L Value,Coca Cola,Beverages,52.75,354,18673.5,0.0
2026-03-29,SKU_1010,Coca Cola 1L Value,Coca Cola,Beverages,60.99,322,19638.78,0.0
2026-03-30,SKU_1010,Coca Cola 1L Value,Coca Cola,Beverages,72.24,222,16037.28,0.0
2026-03-31,SKU_1010,Coca Cola 1L Value,Coca Cola,Beverages,51.84,317,16433.28,0.0
2026-04-01,SKU_1010,Coca Cola 1L Value,Coca Cola,Beverages,51.73,417,21571.41,0.0
2026-04-02,SKU_1010,Coca Cola 1L Value,Coca Cola,Beverages,54.75,375,20531.25,0.0
2026-04-03,SKU_1010,Coca Cola 1L Value,Coca Cola,Beverages,45.28,446,20194.88,5.0
2026-04-04,SKU_1010,Coca Cola 1L Value,Coca Cola,Beverages,68.11,390,26562.9,10.0
2026-04-05,SKU_1010,Coca Cola 1L Value,Coca Cola,Beverages,50.35,487,24520.45,5.0
2026-04-06,SKU_1010,Coca Cola 1L Value,Coca Cola,Beverages,67.67,319,21586.73,0.0
2026-04-07,SKU_1010,Coca Cola 1L Value,Coca Cola,Beverages,46.59,435,20266.65,10.0
2026-04-08,SKU_1010,Coca Cola 1L Value,Coca Cola,Beverages,53.66,400,21464.0,5.0
2026-04-09,SKU_1010,Coca Cola 1L Value,Coca Cola,Beverages,46.24,423,19559.52,0.0
2026-04-10,SKU_1010,Coca Cola 1L Value,Coca Cola,Beverages,65.78,290,19076.2,0.0
2026-04-11,SKU_1010,Coca Cola 1L Value,Coca Cola,Beverages,58.19,377,21937.63,0.0
2026-04-12,SKU_1010,Coca Cola 1L Value,Coca Cola,Beverages,53.57,407,21802.99,0.0
2026-04-13,SKU_1010,Coca Cola 1L Value,Coca Cola,Beverages,59.28,284,16835.52,0.0
2026-04-14,SKU_1010,Coca Cola 1L Value,Coca Cola,Beverages,60.51,305,18455.55,0.0
2026-04-15,SKU_1010,Coca Cola 1L Value,Coca Cola,Beverages,66.0,255,16830.0,10.0
2026-04-16,SKU_1010,Coca Cola 1L Value,Coca Cola,Beverages,48.16,355,17096.8,0.0
2026-04-17,SKU_1010,Coca Cola 1L Value,Coca Cola,Beverages,54.35,321,17446.35,5.0
2026-04-18,SKU_1010,Coca Cola 1L Value,Coca Cola,Beverages,63.65,325,20686.25,0.0
2026-04-19,SKU_1010,Coca Cola 1L Value,Coca Cola,Beverages,44.82,485,21737.7,5.0
2026-04-20,SKU_1010,Coca Cola 1L Value,Coca Cola,Beverages,64.16,263,16874.08,0.0
2026-04-21,SKU_1010,Coca Cola 1L Value,Coca Cola,Beverages,62.54,272,17010.88,5.0
2026-04-22,SKU_1010,Coca Cola 1L Value,Coca Cola,Beverages,69.68,266,18534.88,0.0
2026-04-23,SKU_1010,Coca Cola 1L Value,Coca Cola,Beverages,52.49,322,16901.78,0.0
2026-04-24,SKU_1010,Coca Cola 1L Value,Coca Cola,Beverages,55.81,303,16910.43,5.0
2026-04-25,SKU_1010,Coca Cola 1L Value,Coca Cola,Beverages,63.44,361,22901.84,0.0
2026-04-26,SKU_1010,Coca Cola 1L Value,Coca Cola,Beverages,63.46,325,20624.5,0.0
2026-04-27,SKU_1010,Coca Cola 1L Value,Coca Cola,Beverages,55.4,271,15013.4,0.0
2026-04-28,SKU_1010,Coca Cola 1L Value,Coca Cola,Beverages,65.35,236,15422.6,0.0
2026-04-29,SKU_1010,Coca Cola 1L Value,Coca Cola,Beverages,63.41,240,15218.4,5.0
2026-04-30,SKU_1010,Coca Cola 1L Value,Coca Cola,Beverages,46.18,364,16809.52,0.0
2026-05-01,SKU_1010,Coca Cola 1L Value,Coca Cola,Beverages,48.37,443,21427.91,5.0
2026-05-02,SKU_1010,Coca Cola 1L Value,Coca Cola,Beverages,72.34,360,26042.4,0.0
2026-05-03,SKU_1010,Coca Cola 1L Value,Coca Cola,Beverages,63.06,401,25287.06,5.0
2026-05-04,SKU_1010,Coca Cola 1L Value,Coca Cola,Beverages,69.1,280,19348.0,5.0
2026-05-05,SKU_1010,Coca Cola 1L Value,Coca Cola,Beverages,57.46,353,20283.38,0.0
2026-05-06,SKU_1010,Coca Cola 1L Value,Coca Cola,Beverages,55.81,354,19756.74,0.0
2026-05-07,SKU_1010,Coca Cola 1L Value,Coca Cola,Beverages,53.45,376,20097.2,10.0
2026-05-08,SKU_1010,Coca Cola 1L Value,Coca Cola,Beverages,68.64,277,19013.28,0.0
2026-05-09,SKU_1010,Coca Cola 1L Value,Coca Cola,Beverages,71.09,358,25450.22,0.0
2026-05-10,SKU_1010,Coca Cola 1L Value,Coca Cola,Beverages,67.85,368,24968.8,5.0
2026-05-11,SKU_1010,Coca Cola 1L Value,Coca Cola,Beverages,66.57,241,16043.37,5.0
2026-05-12,SKU_1010,Coca Cola 1L Value,Coca Cola,Beverages,67.7,237,16044.9,5.0
2026-05-13,SKU_1010,Coca Cola 1L Value,Coca Cola,Beverages,69.79,263,18354.77,0.0
2026-05-14,SKU_1010,Coca Cola 1L Value,Coca Cola,Beverages,52.39,314,16450.46,10.0
2026-05-15,SKU_1010,Coca Cola 1L Value,Coca Cola,Beverages,66.15,249,16471.35,0.0
2026-05-16,SKU_1010,Coca Cola 1L Value,Coca Cola,Beverages,69.08,292,20171.36,10.0
2026-05-17,SKU_1010,Coca Cola 1L Value,Coca Cola,Beverages,47.48,480,22790.4,0.0
2026-05-18,SKU_1010,Coca Cola 1L Value,Coca Cola,Beverages,63.48,281,17837.88,0.0
