customer_data/sales_history.csv
date,product_id,product_name,brand,category,selling_price,units_sold,revenue,promotion_discount_pct
2025-11-20,SKU_1011,Coca Cola 1L Family,Coca Cola,Beverages,78.94,215,16972.1,5.0
2025-11-21,SKU_1011,Coca Cola 1L Family,Coca Cola,Beverages,76.28,229,17468.12,10.0
2025-11-22,SKU_1011,Coca Cola 1L Family,Coca Cola,Beverages,75.27,282,21226.14,0.0
2025-11-23,SKU_1011,Coca Cola 1L Family,Coca Cola,Beverages,64.41,367,23638.47,0.0
2025-11-24,SKU_1011,Coca Cola 1L Family,Coca Cola,Beverages,62.61,302,18908.22,10.0
2025-11-25,SKU_1011,Coca Cola 1L Family,Coca Cola,Beverages,62.86,299,18795.14,5.0
2025-11-26,SKU_1011,Coca Cola 1L Family,Coca Cola,Beverages,81.5,178,14507.0,0.0
2025-11-27,SKU_1011,Coca Cola 1L Family,Coca Cola,Beverages,56.58,291,16464.78,0.0
2025-11-28,SKU_1011,Coca Cola 1L Family,Coca Cola,Beverages,76.38,213,16268.94,5.0
2025-11-29,SKU_1011,Coca Cola 1L Family,Coca Cola,Beverages,56.03,403,22580.09,10.0
2025-11-30,SKU_1011,Coca Cola 1L Family,Coca Cola,Beverages,66.78,307,20501.46,0.0
2025-12-01,SKU_1011,Coca Cola 1L Family,Coca Cola,Beverages,88.09,210,18498.9,0.0
2025-12-02,SKU_1011,Coca Cola 1L Family,Coca Cola,Beverages,71.28,269,19174.32,5.0
2025-12-03,SKU_1011,Coca Cola 1L Family,Coca Cola,Beverages,57.36,377,21624.72,0.0
2025-12-04,SKU_1011,Coca Cola 1L Family,Coca Cola,Beverages,55.41,418,23161.38,5.0
2025-12-05,SKU_1011,Coca Cola 1L Family,Coca Cola,Beverages,69.87,301,21030.87,5.0
2025-12-06,SKU_1011,Coca Cola 1L Family,Coca Cola,Beverages,60.74,441,26786.34,10.0
2025-12-07,SKU_1011,Coca Cola 1L Family,Coca Cola,Beverages,78.48,341,26761.68,0.0
2025-12-08,SKU_1011,Coca Cola 1L Family,Coca Cola,Beverages,56.23,429,24122.67,5.0
2025-12-09,SKU_1011,Coca Cola 1L Family,Coca Cola,Beverages,75.32,275,20713.0,5.0
2025-12-10,SKU_1011,Coca Cola 1L Family,Coca Cola,Beverages,72.55,270,19588.5,0.0
2025-12-11,SKU_1011,Coca Cola 1L Family,Coca Cola,Beverages,57.66,349,20123.34,10.0
2025-12-12,SKU_1011,Coca Cola 1L Family,Coca Cola,Beverages,66.77,298,19897.46,5.0
2025-12-13,SKU_1011,Coca Cola 1L Family,Coca Cola,Beverages,69.15,320,22128.0,10.0
2025-12-14,SKU_1011,Coca Cola 1L Family,Coca Cola,Beverages,80.32,266,21365.12,10.0
2025-12-15,SKU_1011,Coca Cola 1L Family,Coca Cola,Beverages,73.46,256,18805.76,0.0
2025-12-16,SKU_1011,Coca Cola 1L Family,Coca Cola,Beverages,87.05,206,17932.3,0.0
2025-12-17,SKU_1011,Coca Cola 1L Family,Coca Cola,Beverages,78.93,232,18311.76,0.0
2025-12-18,SKU_1011,Coca Cola 1L Family,Coca Cola,Beverages,88.71,188,16677.48,5.0
2025-12-19,SKU_1011,Coca Cola 1L Family,Coca Cola,Beverages,54.44,368,20033.92,10.0
2025-12-20,SKU_1011,Coca Cola 1L Family,Coca Cola,Beverages,62.3,404,25169.2,0.0
2025-12-21,SKU_1011,Coca Cola 1L Family,Coca Cola,Beverages,77.38,298,23059.24,10.0
2025-12-22,SKU_1011,Coca Cola 1L Family,Coca Cola,Beverages,54.99,390,21446.1,0.0
2025-12-23,SKU_1011,Coca Cola 1L Family,Coca Cola,Beverages,66.13,300,19839.0,0.0
2025-12-24,SKU_1011,Coca Cola 1L Family,Coca Cola,Beverages,74.59,244,18199.96,0.0
2025-12-25,SKU_1011,Coca Cola 1L Family,Coca Cola,Beverages,59.28,324,19206.72,0.0
2025-12-26,SKU_1011,Coca Cola 1L Family,Coca Cola,Beverages,84.56,201,16996.56,0.0
2025-12-27,SKU_1011,Coca Cola 1L Family,Coca Cola,Beverages,77.97,251,19570.47,5.0
2025-12-28,SKU_1011,Coca Cola 1L Family,Coca Cola,Beverages,68.98,326,22487.48,0.0
2025-12-29,SKU_1011,Coca Cola 1L Family,Coca Cola,Beverages,82.68,187,15461.16,10.0
2025-12-30,SKU_1011,Coca Cola 1L Family,Coca Cola,Beverages,54.4,363,19747.2,10.0
2025-12-31,SKU_1011,Coca Cola 1L Family,Coca Cola,Beverages,67.33,254,17101.82,0.0
2026-01-01,SKU_1011,Coca Cola 1L Family,Coca Cola,Beverages,54.87,450,24691.5,0.0
2026-01-02,SKU_1011,Coca Cola 1L Family,Coca Cola,Beverages,85.27,260,22170.2,0.0
2026-01-03,SKU_1011,Coca Cola 1L Family,Coca Cola,Beverages,74.92,366,27420.72,0.0
2026-01-04,SKU_1011,Coca Cola 1L Family,Coca Cola,Beverages,57.49,532,30584.68,0.0
2026-01-05,SKU_1011,Coca Cola 1L Family,Coca Cola,Beverages,68.18,340,23181.2,0.0
2026-01-06,SKU_1011,Coca Cola 1L Family,Coca Cola,Beverages,68.5,321,21988.5,0.0
2026-01-07,SKU_1011,Coca Cola 1L Family,Coca Cola,Beverages,57.85,411,23776.35,0.0
2026-01-08,SKU_1011,Coca Cola 1L Family,Coca Cola,Beverages,57.91,404,23395.64,0.0
2026-01-09,SKU_1011,Coca Cola 1L Family,Coca Cola,Beverages,90.21,228,20567.88,0.0
2026-01-10,SKU_1011,Coca Cola 1L Family,Coca Cola,Beverages,73.69,401,29549.69,10.0
2026-01-11,SKU_1011,Coca Cola 1L Family,Coca Cola,Beverages,90.51,253,22899.03,0.0
2026-01-12,SKU_1011,Coca Cola 1L Family,Coca Cola,Beverages,83.87,217,18199.79,0.0
2026-01-13,SKU_1011,Coca Cola 1L Family,Coca Cola,Beverages,65.49,310,20301.9,0.0
2026-01-14,SKU_1011,Coca Cola 1L Family,Coca Cola,Beverages,78.79,250,19697.5,0.0
2026-01-15,SKU_1011,Coca Cola 1L Family,Coca Cola,Beverages,65.83,297,19551.51,0.0
2026-01-16,SKU_1011,Coca Cola 1L Family,Coca Cola,Beverages,77.34,238,18406.92,0.0
2026-01-17,SKU_1011,Coca Cola 1L Family,Coca Cola,Beverages,75.38,335,25252.3,0.0
2026-01-18,SKU_1011,Coca Cola 1L Family,Coca Cola,Beverages,79.81,313,24980.53,0.0
2026-01-19,SKU_1011,Coca Cola 1L Family,Coca Cola,Beverages,86.06,219,18847.14,5.0
2026-01-20,SKU_1011,Coca Cola 1L Family,Coca Cola,Beverages,80.89,243,19656.27,0.0
2026-01-21,SKU_1011,Coca Cola 1L Family,Coca Cola,Beverages,61.17,328,20063.76,0.0
2026-01-22,SKU_1011,Coca Cola 1L Family,Coca Cola,Beverages,64.72,323,20904.56,10.0
2026-01-23,SKU_1011,Coca Cola 1L Family,Coca Cola,Beverages,76.78,271,20807.38,5.0
2026-01-24,SKU_1011,Coca Cola 1L Family,Coca Cola,Beverages,61.52,416,25592.32,0.0
2026-01-25,SKU_1011,Coca Cola 1L Family,Coca Cola,Beverages,89.34,249,22245.66,10.0
2026-01-26,SKU_1011,Coca Cola 1L Family,Coca Cola,Beverages,71.75,260,18655.0,0.0
2026-01-27,SKU_1011,Coca Cola 1L Family,Coca Cola,Beverages,74.04,232,17177.28,5.0
2026-01-28,SKU_1011,Coca Cola 1L Family,Coca Cola,Beverages,56.47,339,19143.33,0.0
2026-01-29,SKU_1011,Coca Cola 1L Family,Coca Cola,Beverages,75.64,242,18304.88,10.0
2026-01-30,SKU_1011,Coca Cola 1L Family,Coca Cola,Beverages,62.88,317,19932.96,0.0
2026-01-31,SKU_1011,Coca Cola 1L Family,Coca Cola,Beverages,84.14,244,20530.16,0.0
2026-02-01,SKU_1011,Coca Cola 1L Family,Coca Cola,Beverages,72.47,421,30509.87,0.0
2026-02-02,SKU_1011,Coca Cola 1L Family,Coca Cola,Beverages,63.55,383,24339.65,0.0
2026-02-03,SKU_1011,Coca Cola 1L Family,Coca Cola,Beverages,76.66,322,24684.52,0.0
2026-02-04,SKU_1011,Coca Cola 1L Family,Coca Cola,Beverages,83.78,273,22871.94,0.0
2026-02-05,SKU_1011,Coca Cola 1L Family,Coca Cola,Beverages,80.88,279,22565.52,5.0
2026-02-06,SKU_1011,Coca Cola 1L Family,Coca Cola,Beverages,77.65,300,23295.0,0.0
2026-02-07,SKU_1011,Coca Cola 1L Family,Coca Cola,Beverages,61.29,537,32912.73,0.0
2026-02-08,SKU_1011,Coca Cola 1L Family,Coca Cola,Beverages,74.58,391,29160.78,5.0
2026-02-09,SKU_1011,Coca Cola 1L Family,Coca Cola,Beverages,87.45,240,20988.0,0.0
2026-02-10,SKU_1011,Coca Cola 1L Family,Coca Cola,Beverages,65.85,357,23508.45,0.0
2026-02-11,SKU_1011,Coca Cola 1L Family,Coca Cola,Beverages,82.2,251,20632.2,0.0
2026-02-12,SKU_1011,Coca Cola 1L Family,Coca Cola,Beverages,66.42,336,22317.12,0.0
2026-02-13,SKU_1011,Coca Cola 1L Family,Coca Cola,Beverages,68.76,325,22347.0,10.0
2026-02-14,SKU_1011,Coca Cola 1L Family,Coca Cola,Beverages,70.87,372,26363.64,5.0
2026-02-15,SKU_1011,Coca Cola 1L Family,Coca Cola,Beverages,88.3,269,23752.7,0.0
2026-02-16,SKU_1011,Coca Cola 1L Family,Coca Cola,Beverages,58.77,396,23272.92,5.0
2026-02-17,SKU_1011,Coca Cola 1L Family,Coca Cola,Beverages,89.56,215,19255.4,0.0
2026-02-18,SKU_1011,Coca Cola 1L Family,Coca Cola,Beverages,56.65,403,22829.95,5.0
2026-02-19,SKU_1011,Coca Cola 1L Family,Coca Cola,Beverages,72.75,279,20297.25,10.0
2026-02-20,SKU_1011,Coca Cola 1L Family,Coca Cola,Beverages,78.27,284,22228.68,5.0
2026-02-21,SKU_1011,Coca Cola 1L Family,Coca Cola,Beverages,70.78,374,26471.72,0.0
2026-02-22,SKU_1011,Coca Cola 1L Family,Coca Cola,Beverages,68.93,375,25848.75,0.0
2026-02-23,SKU_1011,Coca Cola 1L Family,Coca Cola,Beverages,86.44,229,19794.76,0.0
2026-02-24,SKU_1011,Coca Cola 1L Family,Coca Cola,Beverages,68.45,328,22451.6,5.0
2026-02-25,SKU_1011,Coca Cola 1L Family,Coca Cola,Beverages,70.43,315,22185.45,0.0
2026-02-26,SKU_1011,Coca Cola 1L Family,Coca Cola,Beverages,56.63,392,22198.96,0.0
2026-02-27,SKU_1011,Coca Cola 1L Family,Coca Cola,Beverages,88.51,208,18410.08,0.0
2026-02-28,SKU_1011,Coca Cola 1L Family,Coca Cola,Beverages,89.02,240,21364.8,0.0
2026-03-01,SKU_1011,Coca Cola 1L Family,Coca Cola,Beverages,71.72,441,31628.52,0.0
2026-03-02,SKU_1011,Coca Cola 1L Family,Coca Cola,Beverages,75.5,320,24160.0,5.0
2026-03-03,SKU_1011,Coca Cola 1L Family,Coca Cola,Beverages,66.66,366,24397.56,10.0
2026-03-04,SKU_1011,Coca Cola 1L Family,Coca Cola,Beverages,68.61,354,24287.94,0.0
2026-03-05,SKU_1011,Coca Cola 1L Family,Coca Cola,Beverages,81.03,283,22931.49,5.0
2026-03-06,SKU_1011,Coca Cola 1L Family,Coca Cola,Beverages,56.53,489,27643.17,10.0
2026-03-07,SKU_1011,Coca Cola 1L Family,Coca Cola,Beverages,75.99,425,32295.75,0.0
2026-03-08,SKU_1011,Coca Cola 1L Family,Coca Cola,Beverages,75.33,401,30207.33,0.0
2026-03-09,SKU_1011,Coca Cola 1L Family,Coca Cola,Beverages,83.52,286,23886.72,0.0
2026-03-10,SKU_1011,Coca Cola 1L Family,Coca Cola,Beverages,74.92,474,35512.08,0.0
2026-03-11,SKU_1011,Coca Cola 1L Family,Coca Cola,Beverages,65.15,523,34073.45,0.0
2026-03-12,SKU_1011,Coca Cola 1L Family,Coca Cola,Beverages,70.1,450,31545.0,5.0
2026-03-13,SKU_1011,Coca Cola 1L Family,Coca Cola,Beverages,88.48,322,28490.56,5.0
2026-03-14,SKU_1011,Coca Cola 1L Family,Coca Cola,Beverages,84.45,492,41549.4,0.0
2026-03-15,SKU_1011,Coca Cola 1L Family,Coca Cola,Beverages,77.25,591,45654.75,10.0
2026-03-16,SKU_1011,Coca Cola 1L Family,Coca Cola,Beverages,64.45,698,44986.1,0.0
2026-03-17,SKU_1011,Coca Cola 1L Family,Coca Cola,Beverages,86.14,353,30407.42,10.0
2026-03-18,SKU_1011,Coca Cola 1L Family,Coca Cola,Beverages,80.59,348,28045.32,0.0
2026-03-19,SKU_1011,Coca Cola 1L Family,Coca Cola,Beverages,69.1,324,22388.4,10.0
2026-03-20,SKU_1011,Coca Cola 1L Family,Coca Cola,Beverages,75.46,304,22939.84,0.0
2026-03-21,SKU_1011,Coca Cola 1L Family,Coca Cola,Beverages,78.78,337,26548.86,0.0
2026-03-22,SKU_1011,Coca Cola 1L Family,Coca Cola,Beverages,83.77,330,27644.1,0.0
2026-03-23,SKU_1011,Coca Cola 1L Family,Coca Cola,Beverages,55.2,471,25999.2,0.0
2026-03-24,SKU_1011,Coca Cola 1L Family,Coca Cola,Beverages,57.53,436,25083.08,0.0
2026-03-25,SKU_1011,Coca Cola 1L Family,Coca Cola,Beverages,64.57,338,21824.66,10.0
2026-03-26,SKU_1011,Coca Cola 1L Family,Coca Cola,Beverages,70.35,291,20471.85,10.0
2026-03-27,SKU_1011,Coca Cola 1L Family,Coca Cola,Beverages,68.22,279,19033.38,5.0
2026-03-28,SKU_1011,Coca Cola 1L Family,Coca Cola,Beverages,76.14,337,25659.18,5.0
2026-03-29,SKU_1011,Coca Cola 1L Family,Coca Cola,Beverages,68.3,356,24314.8,5.0
2026-03-30,SKU_1011,Coca Cola 1L Family,Coca Cola,Beverages,70.45,266,18739.7,0.0
2026-03-31,SKU_1011,Coca Cola 1L Family,Coca Cola,Beverages,84.16,233,19609.28,10.0
2026-04-01,SKU_1011,Coca Cola 1L Family,Coca Cola,Beverages,75.73,322,24385.06,0.0
2026-04-02,SKU_1011,Coca Cola 1L Family,Coca Cola,Beverages,83.41,290,24188.9,0.0
2026-04-03,SKU_1011,Coca Cola 1L Family,Coca Cola,Beverages,84.36,289,24380.04,10.0
2026-04-04,SKU_1011,Coca Cola 1L Family,Coca Cola,Beverages,82.85,368,30488.8,0.0
2026-04-05,SKU_1011,Coca Cola 1L Family,Coca Cola,Beverages,69.42,493,34224.06,5.0
2026-04-06,SKU_1011,Coca Cola 1L Family,Coca Cola,Beverages,74.03,344,25466.32,0.0
2026-04-07,SKU_1011,Coca Cola 1L Family,Coca Cola,Beverages,62.4,437,27268.8,0.0
2026-04-08,SKU_1011,Coca Cola 1L Family,Coca Cola,Beverages,75.13,318,23891.34,10.0
2026-04-09,SKU_1011,Coca Cola 1L Family,Coca Cola,Beverages,56.56,499,28223.44,10.0
2026-04-10,SKU_1011,Coca Cola 1L Family,Coca Cola,Beverages,82.1,295,24219.5,0.0
2026-04-11,SKU_1011,Coca Cola 1L Family,Coca Cola,Beverages,62.63,475,29749.25,0.0
2026-04-12,SKU_1011,Coca Cola 1L Family,Coca Cola,Beverages,57.31,520,29801.2,0.0
2026-04-13,SKU_1011,Coca Cola 1L Family,Coca Cola,Beverages,60.33,373,22503.09,0.0
2026-04-14,SKU_1011,Coca Cola 1L Family,Coca Cola,Beverages,61.74,372,22967.28,0.0
2026-04-15,SKU_1011,Coca Cola 1L Family,Coca Cola,Beverages,56.26,423,23797.98,0.0
2026-04-16,SKU_1011,Coca Cola 1L Family,Coca Cola,Beverages,72.96,299,21815.04,0.0
2026-04-17,SKU_1011,Coca Cola 1L Family,Coca Cola,Beverages,68.28,344,23488.32,10.0
2026-04-18,SKU_1011,Coca Cola 1L Family,Coca Cola,Beverages,59.67,494,29476.98,0.0
2026-04-19,SKU_1011,Coca Cola 1L Family,Coca Cola,Beverages,56.65,498,28211.7,0.0
2026-04-20,SKU_1011,Coca Cola 1L Family,Coca Cola,Beverages,75.21,290,21810.9,0.0
2026-04-21,SKU_1011,Coca Cola 1L Family,Coca Cola,Beverages,86.25,239,20613.75,0.0
2026-04-22,SKU_1011,Coca Cola 1L Family,Coca Cola,Beverages,89.21,212,18912.52,5.0
2026-04-23,SKU_1011,Coca Cola 1L Family,Coca Cola,Beverages,57.96,384,22256.64,0.0
2026-04-24,SKU_1011,Coca Cola 1L Family,Coca Cola,Beverages,61.12,383,23408.96,5.0
2026-04-25,SKU_1011,Coca Cola 1L Family,Coca Cola,Beverages,77.81,319,24821.39,0.0
2026-04-26,SKU_1011,Coca Cola 1L Family,Coca Cola,Beverages,88.71,268,23774.28,10.0
2026-04-27,SKU_1011,Coca Cola 1L Family,Coca Cola,Beverages,65.16,294,19157.04,0.0
2026-04-28,SKU_1011,Coca Cola 1L Family,Coca Cola,Beverages,60.56,328,19863.68,0.0
2026-04-29,SKU_1011,Coca Cola 1L Family,Coca Cola,Beverages,58.87,360,21193.2,5.0
2026-04-30,SKU_1011,Coca Cola 1L Family,Coca Cola,Beverages,63.32,318,20135.76,5.0
2026-05-01,SKU_1011,Coca Cola 1L Family,Coca Cola,Beverages,90.29,260,23475.4,5.0
2026-05-02,SKU_1011,Coca Cola 1L Family,Coca Cola,Beverages,88.82,308,27356.56,10.0
2026-05-03,SKU_1011,Coca Cola 1L Family,Coca Cola,Beverages,68.26,469,32013.94,10.0
2026-05-04,SKU_1011,Coca Cola 1L Family,Coca Cola,Beverages,57.19,442,25277.98,0.0
2026-05-05,SKU_1011,Coca Cola 1L Family,Coca Cola,Beverages,78.72,311,24481.92,0.0
2026-05-06,SKU_1011,Coca Cola 1L Family,Coca Cola,Beverages,69.3,363,25155.9,10.0
2026-05-07,SKU_1011,Coca Cola 1L Family,Coca Cola,Beverages,69.47,338,23480.86,5.0
2026-05-08,SKU_1011,Coca Cola 1L Family,Coca Cola,Beverages,66.56,366,24360.96,0.0
2026-05-09,SKU_1011,Coca Cola 1L Family,Coca Cola,Beverages,57.97,616,35709.52,5.0
2026-05-10,SKU_1011,Coca Cola 1L Family,Coca Cola,Beverages,76.14,409,31141.26,0.0
2026-05-11,SKU_1011,Coca Cola 1L Family,Coca Cola,Beverages,65.84,332,21858.88,10.0
2026-05-12,SKU_1011,Coca Cola 1L Family,Coca Cola,Beverages,62.99,337,21227.63,0.0
2026-05-13,SKU_1011,Coca Cola 1L Family,Coca Cola,Beverages,60.89,390,23747.1,0.0
2026-05-14,SKU_1011,Coca Cola 1L Family,Coca Cola,Beverages,78.97,263,20769.11,0.0
2026-05-15,SKU_1011,Coca Cola 1L Family,Coca Cola,Beverages,71.63,316,22635.08,5.0
2026-05-16,SKU_1011,Coca Cola 1L Family,Coca Cola,Beverages,57.04,493,28120.72,0.0
2026-05-17,SKU_1011,Coca Cola 1L Family,Coca Cola,Beverages,67.09,422,28311.98,10.0
2026-05-18,SKU_1011,Coca Cola 1L Family,Coca Cola,Beverages,90.4,207,18712.8,0.0
