customer_data/sales_history.csv
date,product_id,product_name,brand,category,selling_price,units_sold,revenue,promotion_discount_pct
2025-11-20,SKU_1012,Coca Cola 2L Mini,Coca Cola,Beverages,77.78,213,16567.14,0.0
2025-11-21,SKU_1012,Coca Cola 2L Mini,Coca Cola,Beverages,63.39,251,15910.89,0.0
2025-11-22,SKU_1012,Coca Cola 2L Mini,Coca Cola,Beverages,82.71,255,21091.05,0.0
2025-11-23,SKU_1012,Coca Cola 2L Mini,Coca Cola,Beverages,76.73,275,21100.75,5.0
2025-11-24,SKU_1012,Coca Cola 2L Mini,Coca Cola,Beverages,74.46,228,16976.88,0.0
2025-11-25,SKU_1012,Coca Cola 2L Mini,Coca Cola,Beverages,69.37,253,17550.61,0.0
2025-11-26,SKU_1012,Coca Cola 2L Mini,Coca Cola,Beverages,76.9,214,16456.6,0.0
2025-11-27,SKU_1012,Coca Cola 2L Mini,Coca Cola,Beverages,52.05,272,14157.6,0.0
2025-11-28,SKU_1012,Coca Cola 2L Mini,Coca Cola,Beverages,54.73,254,13901.42,0.0
2025-11-29,SKU_1012,Coca Cola 2L Mini,Coca Cola,Beverages,68.37,274,18733.38,10.0
2025-11-30,SKU_1012,Coca Cola 2L Mini,Coca Cola,Beverages,67.4,300,20220.0,5.0
2025-12-01,SKU_1012,Coca Cola 2L Mini,Coca Cola,Beverages,54.58,339,18502.62,0.0
2025-12-02,SKU_1012,Coca Cola 2L Mini,Coca Cola,Beverages,63.28,285,18034.8,10.0
2025-12-03,SKU_1012,Coca Cola 2L Mini,Coca Cola,Beverages,55.36,350,19376.0,0.0
2025-12-04,SKU_1012,Coca Cola 2L Mini,Coca Cola,Beverages,79.42,275,21840.5,5.0
2025-12-05,SKU_1012,Coca Cola 2L Mini,Coca Cola,Beverages,83.15,243,20205.45,5.0
2025-12-06,SKU_1012,Coca Cola 2L Mini,Coca Cola,Beverages,61.93,394,24400.42,0.0
2025-12-07,SKU_1012,Coca Cola 2L Mini,Coca Cola,Beverages,66.21,365,24166.65,0.0
2025-12-08,SKU_1012,Coca Cola 2L Mini,Coca Cola,Beverages,62.0,314,19468.0,10.0
2025-12-09,SKU_1012,Coca Cola 2L Mini,Coca Cola,Beverages,69.27,275,19049.25,5.0
2025-12-10,SKU_1012,Coca Cola 2L Mini,Coca Cola,Beverages,65.81,301,19808.81,10.0
2025-12-11,SKU_1012,Coca Cola 2L Mini,Coca Cola,Beverages,69.1,242,16722.2,0.0
2025-12-12,SKU_1012,Coca Cola 2L Mini,Coca Cola,Beverages,74.84,224,16764.16,0.0
2025-12-13,SKU_1012,Coca Cola 2L Mini,Coca Cola,Beverages,61.91,354,21916.14,10.0
2025-12-14,SKU_1012,Coca Cola 2L Mini,Coca Cola,Beverages,68.88,308,21215.04,0.0
2025-12-15,SKU_1012,Coca Cola 2L Mini,Coca Cola,Beverages,73.26,248,18168.48,0.0
2025-12-16,SKU_1012,Coca Cola 2L Mini,Coca Cola,Beverages,76.64,247,18930.08,10.0
2025-12-17,SKU_1012,Coca Cola 2L Mini,Coca Cola,Beverages,70.42,253,17816.26,0.0
2025-12-18,SKU_1012,Coca Cola 2L Mini,Coca Cola,Beverages,54.51,291,15862.41,0.0
2025-12-19,SKU_1012,Coca Cola 2L Mini,Coca Cola,Beverages,64.05,275,17613.75,0.0
2025-12-20,SKU_1012,Coca Cola 2L Mini,Coca Cola,Beverages,67.21,319,21439.99,10.0
2025-12-21,SKU_1012,Coca Cola 2L Mini,Coca Cola,Beverages,50.28,400,20112.0,0.0
2025-12-22,SKU_1012,Coca Cola 2L Mini,Coca Cola,Beverages,59.6,296,17641.6,10.0
2025-12-23,SKU_1012,Coca Cola 2L Mini,Coca Cola,Beverages,50.86,323,16427.78,0.0
2025-12-24,SKU_1012,Coca Cola 2L Mini,Coca Cola,Beverages,81.48,223,18170.04,0.0
2025-12-25,SKU_1012,Coca Cola 2L Mini,Coca Cola,Beverages,65.8,255,16779.0,10.0
2025-12-26,SKU_1012,Coca Cola 2L Mini,Coca Cola,Beverages,70.94,234,16599.96,0.0
2025-12-27,SKU_1012,Coca Cola 2L Mini,Coca Cola,Beverages,63.66,313,19925.58,0.0
2025-12-28,SKU_1012,Coca Cola 2L Mini,Coca Cola,Beverages,79.99,258,20637.42,0.0
2025-12-29,SKU_1012,Coca Cola 2L Mini,Coca Cola,Beverages,50.82,307,15601.74,10.0
2025-12-30,SKU_1012,Coca Cola 2L Mini,Coca Cola,Beverages,69.32,251,17399.32,0.0
2025-12-31,SKU_1012,Coca Cola 2L Mini,Coca Cola,Beverages,69.99,248,17357.52,0.0
2026-01-01,SKU_1012,Coca Cola 2L Mini,Coca Cola,Beverages,64.4,332,21380.8,0.0
2026-01-02,SKU_1012,Coca Cola 2L Mini,Coca Cola,Beverages,80.54,280,22551.2,0.0
2026-01-03,SKU_1012,Coca Cola 2L Mini,Coca Cola,Beverages,56.1,428,24010.8,10.0
2026-01-04,SKU_1012,Coca Cola 2L Mini,Coca Cola,Beverages,56.69,425,24093.25,10.0
2026-01-05,SKU_1012,Coca Cola 2L Mini,Coca Cola,Beverages,60.29,342,20619.18,0.0
2026-01-06,SKU_1012,Coca Cola 2L Mini,Coca Cola,Beverages,69.69,306,21325.14,0.0
2026-01-07,SKU_1012,Coca Cola 2L Mini,Coca Cola,Beverages,70.6,289,20403.4,10.0
2026-01-08,SKU_1012,Coca Cola 2L Mini,Coca Cola,Beverages,52.99,355,18811.45,10.0
2026-01-09,SKU_1012,Coca Cola 2L Mini,Coca Cola,Beverages,67.35,305,20541.75,0.0
2026-01-10,SKU_1012,Coca Cola 2L Mini,Coca Cola,Beverages,59.52,427,25415.04,0.0
2026-01-11,SKU_1012,Coca Cola 2L Mini,Coca Cola,Beverages,77.16,296,22839.36,0.0
2026-01-12,SKU_1012,Coca Cola 2L Mini,Coca Cola,Beverages,71.74,274,19656.76,0.0
2026-01-13,SKU_1012,Coca Cola 2L Mini,Coca Cola,Beverages,76.72,272,20867.84,5.0
2026-01-14,SKU_1012,Coca Cola 2L Mini,Coca Cola,Beverages,50.73,322,16335.06,0.0
2026-01-15,SKU_1012,Coca Cola 2L Mini,Coca Cola,Beverages,79.64,250,19910.0,10.0
2026-01-16,SKU_1012,Coca Cola 2L Mini,Coca Cola,Beverages,68.91,284,19570.44,10.0
2026-01-17,SKU_1012,Coca Cola 2L Mini,Coca Cola,Beverages,72.73,355,25819.15,0.0
2026-01-18,SKU_1012,Coca Cola 2L Mini,Coca Cola,Beverages,83.34,316,26335.44,0.0
2026-01-19,SKU_1012,Coca Cola 2L Mini,Coca Cola,Beverages,59.65,324,19326.6,5.0
2026-01-20,SKU_1012,Coca Cola 2L Mini,Coca Cola,Beverages,51.71,326,16857.46,0.0
2026-01-21,SKU_1012,Coca Cola 2L Mini,Coca Cola,Beverages,80.01,245,19602.45,0.0
2026-01-22,SKU_1012,Coca Cola 2L Mini,Coca Cola,Beverages,57.43,301,17286.43,5.0
2026-01-23,SKU_1012,Coca Cola 2L Mini,Coca Cola,Beverages,78.74,258,20314.92,0.0
2026-01-24,SKU_1012,Coca Cola 2L Mini,Coca Cola,Beverages,72.59,329,23882.11,0.0
2026-01-25,SKU_1012,Coca Cola 2L Mini,Coca Cola,Beverages,75.36,345,25999.2,0.0
2026-01-26,SKU_1012,Coca Cola 2L Mini,Coca Cola,Beverages,60.5,275,16637.5,5.0
2026-01-27,SKU_1012,Coca Cola 2L Mini,Coca Cola,Beverages,57.06,309,17631.54,10.0
2026-01-28,SKU_1012,Coca Cola 2L Mini,Coca Cola,Beverages,71.61,265,18976.65,0.0
2026-01-29,SKU_1012,Coca Cola 2L Mini,Coca Cola,Beverages,60.19,292,17575.48,5.0
2026-01-30,SKU_1012,Coca Cola 2L Mini,Coca Cola,Beverages,75.62,249,18829.38,0.0
2026-01-31,SKU_1012,Coca Cola 2L Mini,Coca Cola,Beverages,82.29,282,23205.78,0.0
2026-02-01,SKU_1012,Coca Cola 2L Mini,Coca Cola,Beverages,54.43,494,26888.42,0.0
2026-02-02,SKU_1012,Coca Cola 2L Mini,Coca Cola,Beverages,74.4,318,23659.2,10.0
2026-02-03,SKU_1012,Coca Cola 2L Mini,Coca Cola,Beverages,56.97,376,21420.72,10.0
2026-02-04,SKU_1012,Coca Cola 2L Mini,Coca Cola,Beverages,60.48,359,21712.32,5.0
2026-02-05,SKU_1012,Coca Cola 2L Mini,Coca Cola,Beverages,71.6,336,24057.6,10.0
2026-02-06,SKU_1012,Coca Cola 2L Mini,Coca Cola,Beverages,57.81,370,21389.7,5.0
2026-02-07,SKU_1012,Coca Cola 2L Mini,Coca Cola,Beverages,59.05,443,26159.15,0.0
2026-02-08,SKU_1012,Coca Cola 2L Mini,Coca Cola,Beverages,76.21,414,31550.94,0.0
2026-02-09,SKU_1012,Coca Cola 2L Mini,Coca Cola,Beverages,62.42,371,23157.82,10.0
2026-02-10,SKU_1012,Coca Cola 2L Mini,Coca Cola,Beverages,80.0,319,25520.0,0.0
2026-02-11,SKU_1012,Coca Cola 2L Mini,Coca Cola,Beverages,56.16,357,20049.12,0.0
2026-02-12,SKU_1012,Coca Cola 2L Mini,Coca Cola,Beverages,62.63,305,19102.15,0.0
2026-02-13,SKU_1012,Coca Cola 2L Mini,Coca Cola,Beverages,52.15,353,18408.95,10.0
2026-02-14,SKU_1012,Coca Cola 2L Mini,Coca Cola,Beverages,53.7,419,22500.3,10.0
2026-02-15,SKU_1012,Coca Cola 2L Mini,Coca Cola,Beverages,60.64,418,25347.52,10.0
2026-02-16,SKU_1012,Coca Cola 2L Mini,Coca Cola,Beverages,79.28,262,20771.36,0.0
2026-02-17,SKU_1012,Coca Cola 2L Mini,Coca Cola,Beverages,78.72,284,22356.48,0.0
2026-02-18,SKU_1012,Coca Cola 2L Mini,Coca Cola,Beverages,75.58,265,20028.7,0.0
2026-02-19,SKU_1012,Coca Cola 2L Mini,Coca Cola,Beverages,73.1,303,22149.3,0.0
2026-02-20,SKU_1012,Coca Cola 2L Mini,Coca Cola,Beverages,72.84,280,20395.2,0.0
2026-02-21,SKU_1012,Coca Cola 2L Mini,Coca Cola,Beverages,66.77,387,25839.99,10.0
2026-02-22,SKU_1012,Coca Cola 2L Mini,Coca Cola,Beverages,67.1,359,24088.9,0.0
2026-02-23,SKU_1012,Coca Cola 2L Mini,Coca Cola,Beverages,60.48,339,20502.72,5.0
2026-02-24,SKU_1012,Coca Cola 2L Mini,Coca Cola,Beverages,78.81,259,20411.79,10.0
2026-02-25,SKU_1012,Coca Cola 2L Mini,Coca Cola,Beverages,81.85,260,21281.0,0.0
2026-02-26,SKU_1012,Coca Cola 2L Mini,Coca Cola,Beverages,72.17,271,19558.07,0.0
2026-02-27,SKU_1012,Coca Cola 2L Mini,Coca Cola,Beverages,77.16,266,20524.56,0.0
2026-02-28,SKU_1012,Coca Cola 2L Mini,Coca Cola,Beverages,60.51,387,23417.37,0.0
2026-03-01,SKU_1012,Coca Cola 2L Mini,Coca Cola,Beverages,54.46,520,28319.2,0.0
2026-03-02,SKU_1012,Coca Cola 2L Mini,Coca Cola,Beverages,74.83,336,25142.88,0.0
2026-03-03,SKU_1012,Coca Cola 2L Mini,Coca Cola,Beverages,58.48,407,23801.36,5.0
2026-03-04,SKU_1012,Coca Cola 2L Mini,Coca Cola,Beverages,55.7,375,20887.5,10.0
2026-03-05,SKU_1012,Coca Cola 2L Mini,Coca Cola,Beverages,74.01,330,24423.3,10.0
2026-03-06,SKU_1012,Coca Cola 2L Mini,Coca Cola,Beverages,78.4,314,24617.6,5.0
2026-03-07,SKU_1012,Coca Cola 2L Mini,Coca Cola,Beverages,55.68,525,29232.0,10.0
2026-03-08,SKU_1012,Coca Cola 2L Mini,Coca Cola,Beverages,68.38,419,28651.22,10.0
2026-03-09,SKU_1012,Coca Cola 2L Mini,Coca Cola,Beverages,74.11,333,24678.63,0.0
2026-03-10,SKU_1012,Coca Cola 2L Mini,Coca Cola,Beverages,65.44,651,42601.44,0.0
2026-03-11,SKU_1012,Coca Cola 2L Mini,Coca Cola,Beverages,73.74,516,38049.84,0.0
2026-03-12,SKU_1012,Coca Cola 2L Mini,Coca Cola,Beverages,72.46,570,41302.2,0.0
2026-03-13,SKU_1012,Coca Cola 2L Mini,Coca Cola,Beverages,79.41,444,35258.04,5.0
2026-03-14,SKU_1012,Coca Cola 2L Mini,Coca Cola,Beverages,63.67,583,37119.61,0.0
2026-03-15,SKU_1012,Coca Cola 2L Mini,Coca Cola,Beverages,82.15,463,38035.45,5.0
2026-03-16,SKU_1012,Coca Cola 2L Mini,Coca Cola,Beverages,59.09,567,33504.03,0.0
2026-03-17,SKU_1012,Coca Cola 2L Mini,Coca Cola,Beverages,60.02,680,40813.6,0.0
2026-03-18,SKU_1012,Coca Cola 2L Mini,Coca Cola,Beverages,54.71,522,28558.62,0.0
2026-03-19,SKU_1012,Coca Cola 2L Mini,Coca Cola,Beverages,68.23,328,22379.44,10.0
2026-03-20,SKU_1012,Coca Cola 2L Mini,Coca Cola,Beverages,62.38,320,19961.6,5.0
2026-03-21,SKU_1012,Coca Cola 2L Mini,Coca Cola,Beverages,61.55,413,25420.15,0.0
2026-03-22,SKU_1012,Coca Cola 2L Mini,Coca Cola,Beverages,64.77,419,27138.63,10.0
2026-03-23,SKU_1012,Coca Cola 2L Mini,Coca Cola,Beverages,66.93,312,20882.16,0.0
2026-03-24,SKU_1012,Coca Cola 2L Mini,Coca Cola,Beverages,54.68,381,20833.08,0.0
2026-03-25,SKU_1012,Coca Cola 2L Mini,Coca Cola,Beverages,58.41,321,18749.61,5.0
2026-03-26,SKU_1012,Coca Cola 2L Mini,Coca Cola,Beverages,72.2,271,19566.2,0.0
2026-03-27,SKU_1012,Coca Cola 2L Mini,Coca Cola,Beverages,63.92,286,18281.12,0.0
2026-03-28,SKU_1012,Coca Cola 2L Mini,Coca Cola,Beverages,76.26,308,23488.08,0.0
2026-03-29,SKU_1012,Coca Cola 2L Mini,Coca Cola,Beverages,77.44,325,25168.0,5.0
2026-03-30,SKU_1012,Coca Cola 2L Mini,Coca Cola,Beverages,64.05,288,18446.4,5.0
2026-03-31,SKU_1012,Coca Cola 2L Mini,Coca Cola,Beverages,58.63,318,18644.34,5.0
2026-04-01,SKU_1012,Coca Cola 2L Mini,Coca Cola,Beverages,67.18,349,23445.82,10.0
2026-04-02,SKU_1012,Coca Cola 2L Mini,Coca Cola,Beverages,69.96,373,26095.08,10.0
2026-04-03,SKU_1012,Coca Cola 2L Mini,Coca Cola,Beverages,64.59,389,25125.51,0.0
2026-04-04,SKU_1012,Coca Cola 2L Mini,Coca Cola,Beverages,61.58,445,27403.1,0.0
2026-04-05,SKU_1012,Coca Cola 2L Mini,Coca Cola,Beverages,56.88,494,28098.72,5.0
2026-04-06,SKU_1012,Coca Cola 2L Mini,Coca Cola,Beverages,57.39,370,21234.3,0.0
2026-04-07,SKU_1012,Coca Cola 2L Mini,Coca Cola,Beverages,80.6,332,26759.2,0.0
2026-04-08,SKU_1012,Coca Cola 2L Mini,Coca Cola,Beverages,74.84,318,23799.12,5.0
2026-04-09,SKU_1012,Coca Cola 2L Mini,Coca Cola,Beverages,54.08,388,20983.04,10.0
2026-04-10,SKU_1012,Coca Cola 2L Mini,Coca Cola,Beverages,74.23,355,26351.65,0.0
2026-04-11,SKU_1012,Coca Cola 2L Mini,Coca Cola,Beverages,64.43,378,24354.54,0.0
2026-04-12,SKU_1012,Coca Cola 2L Mini,Coca Cola,Beverages,67.16,380,25520.8,10.0
2026-04-13,SKU_1012,Coca Cola 2L Mini,Coca Cola,Beverages,62.57,331,20710.67,10.0
2026-04-14,SKU_1012,Coca Cola 2L Mini,Coca Cola,Beverages,74.05,275,20363.75,10.0
2026-04-15,SKU_1012,Coca Cola 2L Mini,Coca Cola,Beverages,51.25,397,20346.25,0.0
2026-04-16,SKU_1012,Coca Cola 2L Mini,Coca Cola,Beverages,57.83,321,18563.43,5.0
2026-04-17,SKU_1012,Coca Cola 2L Mini,Coca Cola,Beverages,56.4,326,18386.4,0.0
2026-04-18,SKU_1012,Coca Cola 2L Mini,Coca Cola,Beverages,63.14,421,26581.94,10.0
2026-04-19,SKU_1012,Coca Cola 2L Mini,Coca Cola,Beverages,61.45,407,25010.15,0.0
2026-04-20,SKU_1012,Coca Cola 2L Mini,Coca Cola,Beverages,72.61,294,21347.34,0.0
2026-04-21,SKU_1012,Coca Cola 2L Mini,Coca Cola,Beverages,78.81,292,23012.52,0.0
2026-04-22,SKU_1012,Coca Cola 2L Mini,Coca Cola,Beverages,50.39,388,19551.32,5.0
2026-04-23,SKU_1012,Coca Cola 2L Mini,Coca Cola,Beverages,65.44,336,21987.84,10.0
2026-04-24,SKU_1012,Coca Cola 2L Mini,Coca Cola,Beverages,66.19,333,22041.27,0.0
2026-04-25,SKU_1012,Coca Cola 2L Mini,Coca Cola,Beverages,75.25,345,25961.25,5.0
2026-04-26,SKU_1012,Coca Cola 2L Mini,Coca Cola,Beverages,68.03,367,24967.01,0.0
2026-04-27,SKU_1012,Coca Cola 2L Mini,Coca Cola,Beverages,78.68,235,18489.8,0.0
2026-04-28,SKU_1012,Coca Cola 2L Mini,Coca Cola,Beverages,73.64,255,18778.2,0.0
2026-04-29,SKU_1012,Coca Cola 2L Mini,Coca Cola,Beverages,50.3,330,16599.0,0.0
2026-04-30,SKU_1012,Coca Cola 2L Mini,Coca Cola,Beverages,57.9,318,18412.2,5.0
2026-05-01,SKU_1012,Coca Cola 2L Mini,Coca Cola,Beverages,61.32,391,23976.12,0.0
2026-05-02,SKU_1012,Coca Cola 2L Mini,Coca Cola,Beverages,50.08,520,26041.6,5.0
2026-05-03,SKU_1012,Coca Cola 2L Mini,Coca Cola,Beverages,58.11,466,27079.26,0.0
2026-05-04,SKU_1012,Coca Cola 2L Mini,Coca Cola,Beverages,52.34,396,20726.64,0.0
2026-05-05,SKU_1012,Coca Cola 2L Mini,Coca Cola,Beverages,68.6,336,23049.6,0.0
2026-05-06,SKU_1012,Coca Cola 2L Mini,Coca Cola,Beverages,63.99,355,22716.45,10.0
2026-05-07,SKU_1012,Coca Cola 2L Mini,Coca Cola,Beverages,79.3,331,26248.3,0.0
2026-05-08,SKU_1012,Coca Cola 2L Mini,Coca Cola,Beverages,66.51,343,22812.93,10.0
2026-05-09,SKU_1012,Coca Cola 2L Mini,Coca Cola,Beverages,53.63,538,28852.94,10.0
2026-05-10,SKU_1012,Coca Cola 2L Mini,Coca Cola,Beverages,52.07,501,26087.07,0.0
2026-05-11,SKU_1012,Coca Cola 2L Mini,Coca Cola,Beverages,60.01,318,19083.18,0.0
2026-05-12,SKU_1012,Coca Cola 2L Mini,Coca Cola,Beverages,55.55,356,19775.8,0.0
2026-05-13,SKU_1012,Coca Cola 2L Mini,Coca Cola,Beverages,54.15,354,19169.1,0.0
2026-05-14,SKU_1012,Coca Cola 2L Mini,Coca Cola,Beverages,54.2,326,17669.2,10.0
2026-05-15,SKU_1012,Coca Cola 2L Mini,Coca Cola,Beverages,80.41,255,20504.55,10.0
2026-05-16,SKU_1012,Coca Cola 2L Mini,Coca Cola,Beverages,77.47,343,26572.21,10.0
2026-05-17,SKU_1012,Coca Cola 2L Mini,Coca Cola,Beverages,52.66,468,24644.88,10.0
2026-05-18,SKU_1012,Coca Cola 2L Mini,Coca Cola,Beverages,58.3,345,20113.5,0.0
