customer_data/sales_history.csv
date,product_id,product_name,brand,category,selling_price,units_sold,revenue,promotion_discount_pct
2025-11-20,SKU_1013,Coca Cola 2L Regular,Coca Cola,Beverages,113.1,176,19905.6,0.0
2025-11-21,SKU_1013,Coca Cola 2L Regular,Coca Cola,Beverages,96.66,252,24358.32,5.0
2025-11-22,SKU_1013,Coca Cola 2L Regular,Coca Cola,Beverages,116.98,238,27841.24,0.0
2025-11-23,SKU_1013,Coca Cola 2L Regular,Coca Cola,Beverages,111.45,257,28642.65,10.0
2025-11-24,SKU_1013,Coca Cola 2L Regular,Coca Cola,Beverages,81.64,310,25308.4,10.0
2025-11-25,SKU_1013,Coca Cola 2L Regular,Coca Cola,Beverages,85.95,290,24925.5,10.0
2025-11-26,SKU_1013,Coca Cola 2L Regular,Coca Cola,Beverages,90.96,245,22285.2,10.0
2025-11-27,SKU_1013,Coca Cola 2L Regular,Coca Cola,Beverages,79.75,308,24563.0,0.0
2025-11-28,SKU_1013,Coca Cola 2L Regular,Coca Cola,Beverages,80.12,291,23314.92,5.0
2025-11-29,SKU_1013,Coca Cola 2L Regular,Coca Cola,Beverages,96.25,292,28105.0,5.0
2025-11-30,SKU_1013,Coca Cola 2L Regular,Coca Cola,Beverages,107.6,240,25824.0,0.0
2025-12-01,SKU_1013,Coca Cola 2L Regular,Coca Cola,Beverages,79.55,392,31183.6,0.0
2025-12-02,SKU_1013,Coca Cola 2L Regular,Coca Cola,Beverages,76.27,410,31270.7,5.0
2025-12-03,SKU_1013,Coca Cola 2L Regular,Coca Cola,Beverages,91.93,291,26751.63,5.0
2025-12-04,SKU_1013,Coca Cola 2L Regular,Coca Cola,Beverages,85.23,374,31876.02,0.0
2025-12-05,SKU_1013,Coca Cola 2L Regular,Coca Cola,Beverages,117.88,207,24401.16,5.0
2025-12-06,SKU_1013,Coca Cola 2L Regular,Coca Cola,Beverages,74.14,525,38923.5,10.0
2025-12-07,SKU_1013,Coca Cola 2L Regular,Coca Cola,Beverages,90.91,425,38636.75,0.0
2025-12-08,SKU_1013,Coca Cola 2L Regular,Coca Cola,Beverages,78.85,416,32801.6,0.0
2025-12-09,SKU_1013,Coca Cola 2L Regular,Coca Cola,Beverages,77.29,443,34239.47,5.0
2025-12-10,SKU_1013,Coca Cola 2L Regular,Coca Cola,Beverages,90.4,338,30555.2,5.0
2025-12-11,SKU_1013,Coca Cola 2L Regular,Coca Cola,Beverages,88.53,298,26381.94,0.0
2025-12-12,SKU_1013,Coca Cola 2L Regular,Coca Cola,Beverages,81.29,319,25931.51,10.0
2025-12-13,SKU_1013,Coca Cola 2L Regular,Coca Cola,Beverages,117.14,250,29285.0,10.0
2025-12-14,SKU_1013,Coca Cola 2L Regular,Coca Cola,Beverages,114.71,249,28562.79,0.0
2025-12-15,SKU_1013,Coca Cola 2L Regular,Coca Cola,Beverages,110.9,195,21625.5,10.0
2025-12-16,SKU_1013,Coca Cola 2L Regular,Coca Cola,Beverages,88.15,291,25651.65,0.0
2025-12-17,SKU_1013,Coca Cola 2L Regular,Coca Cola,Beverages,102.61,231,23702.91,10.0
2025-12-18,SKU_1013,Coca Cola 2L Regular,Coca Cola,Beverages,79.2,360,28512.0,5.0
2025-12-19,SKU_1013,Coca Cola 2L Regular,Coca Cola,Beverages,111.19,205,22793.95,0.0
2025-12-20,SKU_1013,Coca Cola 2L Regular,Coca Cola,Beverages,78.42,435,34112.7,0.0
2025-12-21,SKU_1013,Coca Cola 2L Regular,Coca Cola,Beverages,83.48,401,33475.48,10.0
2025-12-22,SKU_1013,Coca Cola 2L Regular,Coca Cola,Beverages,102.95,241,24810.95,0.0
2025-12-23,SKU_1013,Coca Cola 2L Regular,Coca Cola,Beverages,105.51,225,23739.75,0.0
2025-12-24,SKU_1013,Coca Cola 2L Regular,Coca Cola,Beverages,111.66,201,22443.66,0.0
2025-12-25,SKU_1013,Coca Cola 2L Regular,Coca Cola,Beverages,94.6,285,26961.0,0.0
2025-12-26,SKU_1013,Coca Cola 2L Regular,Coca Cola,Beverages,80.72,300,24216.0,0.0
2025-12-27,SKU_1013,Coca Cola 2L Regular,Coca Cola,Beverages,114.52,224,25652.48,0.0
2025-12-28,SKU_1013,Coca Cola 2L Regular,Coca Cola,Beverages,104.92,246,25810.32,10.0
2025-12-29,SKU_1013,Coca Cola 2L Regular,Coca Cola,Beverages,105.22,205,21570.1,0.0
2025-12-30,SKU_1013,Coca Cola 2L Regular,Coca Cola,Beverages,74.75,367,27433.25,10.0
2025-12-31,SKU_1013,Coca Cola 2L Regular,Coca Cola,Beverages,83.64,299,25008.36,5.0
2026-01-01,SKU_1013,Coca Cola 2L Regular,Coca Cola,Beverages,75.94,431,32730.14,0.0
2026-01-02,SKU_1013,Coca Cola 2L Regular,Coca Cola,Beverages,86.38,349,30146.62,0.0
2026-01-03,SKU_1013,Coca Cola 2L Regular,Coca Cola,Beverages,115.83,272,31505.76,0.0
2026-01-04,SKU_1013,Coca Cola 2L Regular,Coca Cola,Beverages,95.31,378,36027.18,0.0
2026-01-05,SKU_1013,Coca Cola 2L Regular,Coca Cola,Beverages,86.85,392,34045.2,0.0
2026-01-06,SKU_1013,Coca Cola 2L Regular,Coca Cola,Beverages,79.84,452,36087.68,10.0
2026-01-07,SKU_1013,Coca Cola 2L Regular,Coca Cola,Beverages,81.95,422,34582.9,10.0
2026-01-08,SKU_1013,Coca Cola 2L Regular,Coca Cola,Beverages,98.33,323,31760.59,0.0
2026-01-09,SKU_1013,Coca Cola 2L Regular,Coca Cola,Beverages,98.68,307,30294.76,0.0
2026-01-10,SKU_1013,Coca Cola 2L Regular,Coca Cola,Beverages,81.46,495,40322.7,0.0
2026-01-11,SKU_1013,Coca Cola 2L Regular,Coca Cola,Beverages,116.1,252,29257.2,0.0
2026-01-12,SKU_1013,Coca Cola 2L Regular,Coca Cola,Beverages,89.94,321,28870.74,0.0
2026-01-13,SKU_1013,Coca Cola 2L Regular,Coca Cola,Beverages,88.35,340,30039.0,0.0
2026-01-14,SKU_1013,Coca Cola 2L Regular,Coca Cola,Beverages,107.52,238,25589.76,0.0
2026-01-15,SKU_1013,Coca Cola 2L Regular,Coca Cola,Beverages,114.39,200,22878.0,5.0
2026-01-16,SKU_1013,Coca Cola 2L Regular,Coca Cola,Beverages,84.42,344,29040.48,0.0
2026-01-17,SKU_1013,Coca Cola 2L Regular,Coca Cola,Beverages,82.97,461,38249.17,0.0
2026-01-18,SKU_1013,Coca Cola 2L Regular,Coca Cola,Beverages,116.23,259,30103.57,10.0
2026-01-19,SKU_1013,Coca Cola 2L Regular,Coca Cola,Beverages,88.51,344,30447.44,5.0
2026-01-20,SKU_1013,Coca Cola 2L Regular,Coca Cola,Beverages,93.44,297,27751.68,10.0
2026-01-21,SKU_1013,Coca Cola 2L Regular,Coca Cola,Beverages,88.96,341,30335.36,0.0
2026-01-22,SKU_1013,Coca Cola 2L Regular,Coca Cola,Beverages,99.4,281,27931.4,0.0
2026-01-23,SKU_1013,Coca Cola 2L Regular,Coca Cola,Beverages,111.07,223,24768.61,5.0
2026-01-24,SKU_1013,Coca Cola 2L Regular,Coca Cola,Beverages,92.9,397,36881.3,0.0
2026-01-25,SKU_1013,Coca Cola 2L Regular,Coca Cola,Beverages,89.52,419,37508.88,0.0
2026-01-26,SKU_1013,Coca Cola 2L Regular,Coca Cola,Beverages,117.28,193,22635.04,0.0
2026-01-27,SKU_1013,Coca Cola 2L Regular,Coca Cola,Beverages,107.7,227,24447.9,5.0
2026-01-28,SKU_1013,Coca Cola 2L Regular,Coca Cola,Beverages,112.67,200,22534.0,5.0
2026-01-29,SKU_1013,Coca Cola 2L Regular,Coca Cola,Beverages,74.53,385,28694.05,5.0
2026-01-30,SKU_1013,Coca Cola 2L Regular,Coca Cola,Beverages,104.44,228,23812.32,0.0
2026-01-31,SKU_1013,Coca Cola 2L Regular,Coca Cola,Beverages,108.05,267,28849.35,5.0
2026-02-01,SKU_1013,Coca Cola 2L Regular,Coca Cola,Beverages,102.56,362,37126.72,0.0
2026-02-02,SKU_1013,Coca Cola 2L Regular,Coca Cola,Beverages,108.07,282,30475.74,5.0
2026-02-03,SKU_1013,Coca Cola 2L Regular,Coca Cola,Beverages,81.87,422,34549.14,5.0
2026-02-04,SKU_1013,Coca Cola 2L Regular,Coca Cola,Beverages,108.03,280,30248.4,0.0
2026-02-05,SKU_1013,Coca Cola 2L Regular,Coca Cola,Beverages,82.45,460,37927.0,10.0
2026-02-06,SKU_1013,Coca Cola 2L Regular,Coca Cola,Beverages,106.43,307,32674.01,0.0
2026-02-07,SKU_1013,Coca Cola 2L Regular,Coca Cola,Beverages,92.59,449,41572.91,0.0
2026-02-08,SKU_1013,Coca Cola 2L Regular,Coca Cola,Beverages,115.21,321,36982.41,0.0
2026-02-09,SKU_1013,Coca Cola 2L Regular,Coca Cola,Beverages,106.05,282,29906.1,0.0
2026-02-10,SKU_1013,Coca Cola 2L Regular,Coca Cola,Beverages,93.53,338,31613.14,10.0
2026-02-11,SKU_1013,Coca Cola 2L Regular,Coca Cola,Beverages,81.96,356,29177.76,0.0
2026-02-12,SKU_1013,Coca Cola 2L Regular,Coca Cola,Beverages,73.95,482,35643.9,10.0
2026-02-13,SKU_1013,Coca Cola 2L Regular,Coca Cola,Beverages,83.71,380,31809.8,0.0
2026-02-14,SKU_1013,Coca Cola 2L Regular,Coca Cola,Beverages,112.38,294,33039.72,0.0
2026-02-15,SKU_1013,Coca Cola 2L Regular,Coca Cola,Beverages,79.43,523,41541.89,0.0
2026-02-16,SKU_1013,Coca Cola 2L Regular,Coca Cola,Beverages,100.91,287,28961.17,10.0
2026-02-17,SKU_1013,Coca Cola 2L Regular,Coca Cola,Beverages,109.05,263,28680.15,0.0
2026-02-18,SKU_1013,Coca Cola 2L Regular,Coca Cola,Beverages,99.62,278,27694.36,0.0
2026-02-19,SKU_1013,Coca Cola 2L Regular,Coca Cola,Beverages,103.22,253,26114.66,0.0
2026-02-20,SKU_1013,Coca Cola 2L Regular,Coca Cola,Beverages,115.18,215,24763.7,5.0
2026-02-21,SKU_1013,Coca Cola 2L Regular,Coca Cola,Beverages,87.82,456,40045.92,0.0
2026-02-22,SKU_1013,Coca Cola 2L Regular,Coca Cola,Beverages,100.77,346,34866.42,10.0
2026-02-23,SKU_1013,Coca Cola 2L Regular,Coca Cola,Beverages,94.81,325,30813.25,0.0
2026-02-24,SKU_1013,Coca Cola 2L Regular,Coca Cola,Beverages,88.4,365,32266.0,10.0
2026-02-25,SKU_1013,Coca Cola 2L Regular,Coca Cola,Beverages,76.3,455,34716.5,5.0
2026-02-26,SKU_1013,Coca Cola 2L Regular,Coca Cola,Beverages,112.79,203,22896.37,0.0
2026-02-27,SKU_1013,Coca Cola 2L Regular,Coca Cola,Beverages,92.74,277,25688.98,0.0
2026-02-28,SKU_1013,Coca Cola 2L Regular,Coca Cola,Beverages,106.02,296,31381.92,0.0
2026-03-01,SKU_1013,Coca Cola 2L Regular,Coca Cola,Beverages,102.59,380,38984.2,5.0
2026-03-02,SKU_1013,Coca Cola 2L Regular,Coca Cola,Beverages,82.24,422,34705.28,5.0
2026-03-03,SKU_1013,Coca Cola 2L Regular,Coca Cola,Beverages,87.54,412,36066.48,10.0
2026-03-04,SKU_1013,Coca Cola 2L Regular,Coca Cola,Beverages,113.29,278,31494.62,5.0
2026-03-05,SKU_1013,Coca Cola 2L Regular,Coca Cola,Beverages,92.99,396,36824.04,10.0
2026-03-06,SKU_1013,Coca Cola 2L Regular,Coca Cola,Beverages,106.62,318,33905.16,0.0
2026-03-07,SKU_1013,Coca Cola 2L Regular,Coca Cola,Beverages,97.42,418,40721.56,0.0
2026-03-08,SKU_1013,Coca Cola 2L Regular,Coca Cola,Beverages,74.61,682,50884.02,0.0
2026-03-09,SKU_1013,Coca Cola 2L Regular,Coca Cola,Beverages,77.9,481,37469.9,0.0
2026-03-10,SKU_1013,Coca Cola 2L Regular,Coca Cola,Beverages,99.18,573,56830.14,5.0
2026-03-11,SKU_1013,Coca Cola 2L Regular,Coca Cola,Beverages,90.31,491,44342.21,10.0
2026-03-12,SKU_1013,Coca Cola 2L Regular,Coca Cola,Beverages,107.03,547,58545.41,10.0
2026-03-13,SKU_1013,Coca Cola 2L Regular,Coca Cola,Beverages,100.5,506,50853.0,0.0
2026-03-14,SKU_1013,Coca Cola 2L Regular,Coca Cola,Beverages,102.02,631,64374.62,0.0
2026-03-15,SKU_1013,Coca Cola 2L Regular,Coca Cola,Beverages,97.47,608,59261.76,10.0
2026-03-16,SKU_1013,Coca Cola 2L Regular,Coca Cola,Beverages,81.56,697,56847.32,0.0
2026-03-17,SKU_1013,Coca Cola 2L Regular,Coca Cola,Beverages,76.15,635,48355.25,10.0
2026-03-18,SKU_1013,Coca Cola 2L Regular,Coca Cola,Beverages,93.1,557,51856.7,0.0
2026-03-19,SKU_1013,Coca Cola 2L Regular,Coca Cola,Beverages,98.88,291,28774.08,10.0
2026-03-20,SKU_1013,Coca Cola 2L Regular,Coca Cola,Beverages,116.89,241,28170.49,0.0
2026-03-21,SKU_1013,Coca Cola 2L Regular,Coca Cola,Beverages,96.2,379,36459.8,0.0
2026-03-22,SKU_1013,Coca Cola 2L Regular,Coca Cola,Beverages,107.48,305,32781.4,0.0
2026-03-23,SKU_1013,Coca Cola 2L Regular,Coca Cola,Beverages,94.88,310,29412.8,0.0
2026-03-24,SKU_1013,Coca Cola 2L Regular,Coca Cola,Beverages,116.29,214,24886.06,0.0
2026-03-25,SKU_1013,Coca Cola 2L Regular,Coca Cola,Beverages,98.63,309,30476.67,0.0
2026-03-26,SKU_1013,Coca Cola 2L Regular,Coca Cola,Beverages,95.37,267,25463.79,5.0
2026-03-27,SKU_1013,Coca Cola 2L Regular,Coca Cola,Beverages,118.79,201,23876.79,0.0
2026-03-28,SKU_1013,Coca Cola 2L Regular,Coca Cola,Beverages,101.58,309,31388.22,0.0
2026-03-29,SKU_1013,Coca Cola 2L Regular,Coca Cola,Beverages,95.3,352,33545.6,0.0
2026-03-30,SKU_1013,Coca Cola 2L Regular,Coca Cola,Beverages,75.67,387,29284.29,0.0
2026-03-31,SKU_1013,Coca Cola 2L Regular,Coca Cola,Beverages,112.3,211,23695.3,10.0
2026-04-01,SKU_1013,Coca Cola 2L Regular,Coca Cola,Beverages,81.43,466,37946.38,0.0
2026-04-02,SKU_1013,Coca Cola 2L Regular,Coca Cola,Beverages,109.0,276,30084.0,0.0
2026-04-03,SKU_1013,Coca Cola 2L Regular,Coca Cola,Beverages,99.78,320,31929.6,0.0
2026-04-04,SKU_1013,Coca Cola 2L Regular,Coca Cola,Beverages,73.82,637,47023.34,5.0
2026-04-05,SKU_1013,Coca Cola 2L Regular,Coca Cola,Beverages,112.14,332,37230.48,5.0
2026-04-06,SKU_1013,Coca Cola 2L Regular,Coca Cola,Beverages,74.24,534,39644.16,0.0
2026-04-07,SKU_1013,Coca Cola 2L Regular,Coca Cola,Beverages,112.62,269,30294.78,5.0
2026-04-08,SKU_1013,Coca Cola 2L Regular,Coca Cola,Beverages,92.33,357,32961.81,10.0
2026-04-09,SKU_1013,Coca Cola 2L Regular,Coca Cola,Beverages,93.64,377,35302.28,0.0
2026-04-10,SKU_1013,Coca Cola 2L Regular,Coca Cola,Beverages,99.5,331,32934.5,0.0
2026-04-11,SKU_1013,Coca Cola 2L Regular,Coca Cola,Beverages,87.23,428,37334.44,5.0
2026-04-12,SKU_1013,Coca Cola 2L Regular,Coca Cola,Beverages,89.69,409,36683.21,5.0
2026-04-13,SKU_1013,Coca Cola 2L Regular,Coca Cola,Beverages,108.9,272,29620.8,0.0
2026-04-14,SKU_1013,Coca Cola 2L Regular,Coca Cola,Beverages,118.67,234,27768.78,0.0
2026-04-15,SKU_1013,Coca Cola 2L Regular,Coca Cola,Beverages,100.93,295,29774.35,0.0
2026-04-16,SKU_1013,Coca Cola 2L Regular,Coca Cola,Beverages,85.77,378,32421.06,5.0
2026-04-17,SKU_1013,Coca Cola 2L Regular,Coca Cola,Beverages,93.96,321,30161.16,10.0
2026-04-18,SKU_1013,Coca Cola 2L Regular,Coca Cola,Beverages,108.47,310,33625.7,10.0
2026-04-19,SKU_1013,Coca Cola 2L Regular,Coca Cola,Beverages,87.35,477,41665.95,0.0
2026-04-20,SKU_1013,Coca Cola 2L Regular,Coca Cola,Beverages,74.77,459,34319.43,0.0
2026-04-21,SKU_1013,Coca Cola 2L Regular,Coca Cola,Beverages,115.92,234,27125.28,0.0
2026-04-22,SKU_1013,Coca Cola 2L Regular,Coca Cola,Beverages,98.32,288,28316.16,0.0
2026-04-23,SKU_1013,Coca Cola 2L Regular,Coca Cola,Beverages,88.56,369,32678.64,0.0
2026-04-24,SKU_1013,Coca Cola 2L Regular,Coca Cola,Beverages,98.94,295,29187.3,5.0
2026-04-25,SKU_1013,Coca Cola 2L Regular,Coca Cola,Beverages,76.85,511,39270.35,0.0
2026-04-26,SKU_1013,Coca Cola 2L Regular,Coca Cola,Beverages,118.37,245,29000.65,5.0
2026-04-27,SKU_1013,Coca Cola 2L Regular,Coca Cola,Beverages,101.05,241,24353.05,10.0
2026-04-28,SKU_1013,Coca Cola 2L Regular,Coca Cola,Beverages,104.89,255,26746.95,0.0
2026-04-29,SKU_1013,Coca Cola 2L Regular,Coca Cola,Beverages,99.73,247,24633.31,0.0
2026-04-30,SKU_1013,Coca Cola 2L Regular,Coca Cola,Beverages,100.02,269,26905.38,10.0
2026-05-01,SKU_1013,Coca Cola 2L Regular,Coca Cola,Beverages,91.59,400,36636.0,0.0
2026-05-02,SKU_1013,Coca Cola 2L Regular,Coca Cola,Beverages,103.23,415,42840.45,0.0
2026-05-03,SKU_1013,Coca Cola 2L Regular,Coca Cola,Beverages,102.02,379,38665.58,5.0
2026-05-04,SKU_1013,Coca Cola 2L Regular,Coca Cola,Beverages,86.95,394,34258.3,0.0
2026-05-05,SKU_1013,Coca Cola 2L Regular,Coca Cola,Beverages,115.73,271,31362.83,0.0
2026-05-06,SKU_1013,Coca Cola 2L Regular,Coca Cola,Beverages,104.57,298,31161.86,0.0
2026-05-07,SKU_1013,Coca Cola 2L Regular,Coca Cola,Beverages,80.91,476,38513.16,0.0
2026-05-08,SKU_1013,Coca Cola 2L Regular,Coca Cola,Beverages,94.85,343,32533.55,0.0
2026-05-09,SKU_1013,Coca Cola 2L Regular,Coca Cola,Beverages,101.69,373,37930.37,10.0
2026-05-10,SKU_1013,Coca Cola 2L Regular,Coca Cola,Beverages,87.74,501,43957.74,0.0
2026-05-11,SKU_1013,Coca Cola 2L Regular,Coca Cola,Beverages,79.18,439,34760.02,0.0
2026-05-12,SKU_1013,Coca Cola 2L Regular,Coca Cola,Beverages,82.11,367,30134.37,10.0
2026-05-13,SKU_1013,Coca Cola 2L Regular,Coca Cola,Beverages,81.85,403,32985.55,5.0
2026-05-14,SKU_1013,Coca Cola 2L Regular,Coca Cola,Beverages,92.51,323,29880.73,5.0
2026-05-15,SKU_1013,Coca Cola 2L Regular,Coca Cola,Beverages,73.08,433,31643.64,0.0
2026-05-16,SKU_1013,Coca Cola 2L Regular,Coca Cola,Beverages,93.49,409,38237.41,0.0
2026-05-17,SKU_1013,Coca Cola 2L Regular,Coca Cola,Beverages,114.6,267,30598.2,0.0
2026-05-18,SKU_1013,Coca Cola 2L Regular,Coca Cola,Beverages,97.93,307,30064.51,0.0
