customer_data/sales_history.csv
date,product_id,product_name,brand,category,selling_price,units_sold,revenue,promotion_discount_pct
2025-11-20,SKU_1014,Coca Cola 2L Value,Coca Cola,Beverages,134.25,187,25104.75,0.0
2025-11-21,SKU_1014,Coca Cola 2L Value,Coca Cola,Beverages,140.35,193,27087.55,0.0
2025-11-22,SKU_1014,Coca Cola 2L Value,Coca Cola,Beverages,140.69,239,33624.91,10.0
2025-11-23,SKU_1014,Coca Cola 2L Value,Coca Cola,Beverages,107.39,352,37801.28,0.0
2025-11-24,SKU_1014,Coca Cola 2L Value,Coca Cola,Beverages,102.33,277,28345.41,10.0
2025-11-25,SKU_1014,Coca Cola 2L Value,Coca Cola,Beverages,126.83,223,28283.09,5.0
2025-11-26,SKU_1014,Coca Cola 2L Value,Coca Cola,Beverages,140.01,164,22961.64,0.0
2025-11-27,SKU_1014,Coca Cola 2L Value,Coca Cola,Beverages,132.43,190,25161.7,0.0
2025-11-28,SKU_1014,Coca Cola 2L Value,Coca Cola,Beverages,90.12,298,26855.76,5.0
2025-11-29,SKU_1014,Coca Cola 2L Value,Coca Cola,Beverages,102.74,312,32054.88,10.0
2025-11-30,SKU_1014,Coca Cola 2L Value,Coca Cola,Beverages,143.09,213,30478.17,0.0
2025-12-01,SKU_1014,Coca Cola 2L Value,Coca Cola,Beverages,127.8,265,33867.0,0.0
2025-12-02,SKU_1014,Coca Cola 2L Value,Coca Cola,Beverages,108.18,322,34833.96,0.0
2025-12-03,SKU_1014,Coca Cola 2L Value,Coca Cola,Beverages,111.49,313,34896.37,0.0
2025-12-04,SKU_1014,Coca Cola 2L Value,Coca Cola,Beverages,96.86,381,36903.66,0.0
2025-12-05,SKU_1014,Coca Cola 2L Value,Coca Cola,Beverages,99.05,340,33677.0,0.0
2025-12-06,SKU_1014,Coca Cola 2L Value,Coca Cola,Beverages,130.02,303,39396.06,0.0
2025-12-07,SKU_1014,Coca Cola 2L Value,Coca Cola,Beverages,121.5,334,40581.0,0.0
2025-12-08,SKU_1014,Coca Cola 2L Value,Coca Cola,Beverages,129.23,239,30885.97,0.0
2025-12-09,SKU_1014,Coca Cola 2L Value,Coca Cola,Beverages,89.81,389,34936.09,0.0
2025-12-10,SKU_1014,Coca Cola 2L Value,Coca Cola,Beverages,113.78,281,31972.18,0.0
2025-12-11,SKU_1014,Coca Cola 2L Value,Coca Cola,Beverages,106.89,275,29394.75,5.0
2025-12-12,SKU_1014,Coca Cola 2L Value,Coca Cola,Beverages,89.75,355,31861.25,0.0
2025-12-13,SKU_1014,Coca Cola 2L Value,Coca Cola,Beverages,137.41,241,33115.81,5.0
2025-12-14,SKU_1014,Coca Cola 2L Value,Coca Cola,Beverages,120.9,306,36995.4,0.0
2025-12-15,SKU_1014,Coca Cola 2L Value,Coca Cola,Beverages,110.61,277,30638.97,5.0
2025-12-16,SKU_1014,Coca Cola 2L Value,Coca Cola,Beverages,110.12,272,29952.64,0.0
2025-12-17,SKU_1014,Coca Cola 2L Value,Coca Cola,Beverages,86.87,381,33097.47,0.0
2025-12-18,SKU_1014,Coca Cola 2L Value,Coca Cola,Beverages,124.56,218,27154.08,5.0
2025-12-19,SKU_1014,Coca Cola 2L Value,Coca Cola,Beverages,107.67,301,32408.67,0.0
2025-12-20,SKU_1014,Coca Cola 2L Value,Coca Cola,Beverages,110.69,341,37745.29,10.0
2025-12-21,SKU_1014,Coca Cola 2L Value,Coca Cola,Beverages,138.88,263,36525.44,0.0
2025-12-22,SKU_1014,Coca Cola 2L Value,Coca Cola,Beverages,119.99,257,30837.43,0.0
2025-12-23,SKU_1014,Coca Cola 2L Value,Coca Cola,Beverages,136.26,209,28478.34,0.0
2025-12-24,SKU_1014,Coca Cola 2L Value,Coca Cola,Beverages,113.83,262,29823.46,5.0
2025-12-25,SKU_1014,Coca Cola 2L Value,Coca Cola,Beverages,142.16,205,29142.8,10.0
2025-12-26,SKU_1014,Coca Cola 2L Value,Coca Cola,Beverages,91.24,337,30747.88,0.0
2025-12-27,SKU_1014,Coca Cola 2L Value,Coca Cola,Beverages,114.14,282,32187.48,0.0
2025-12-28,SKU_1014,Coca Cola 2L Value,Coca Cola,Beverages,118.13,285,33667.05,0.0
2025-12-29,SKU_1014,Coca Cola 2L Value,Coca Cola,Beverages,137.03,183,25076.49,0.0
2025-12-30,SKU_1014,Coca Cola 2L Value,Coca Cola,Beverages,134.07,198,26545.86,0.0
2025-12-31,SKU_1014,Coca Cola 2L Value,Coca Cola,Beverages,89.59,354,31714.86,10.0
2026-01-01,SKU_1014,Coca Cola 2L Value,Coca Cola,Beverages,115.99,296,34333.04,5.0
2026-01-02,SKU_1014,Coca Cola 2L Value,Coca Cola,Beverages,113.5,330,37455.0,0.0
2026-01-03,SKU_1014,Coca Cola 2L Value,Coca Cola,Beverages,104.02,422,43896.44,5.0
2026-01-04,SKU_1014,Coca Cola 2L Value,Coca Cola,Beverages,93.88,491,46095.08,0.0
2026-01-05,SKU_1014,Coca Cola 2L Value,Coca Cola,Beverages,131.4,261,34295.4,10.0
2026-01-06,SKU_1014,Coca Cola 2L Value,Coca Cola,Beverages,99.55,359,35738.45,10.0
2026-01-07,SKU_1014,Coca Cola 2L Value,Coca Cola,Beverages,105.62,371,39185.02,0.0
2026-01-08,SKU_1014,Coca Cola 2L Value,Coca Cola,Beverages,106.21,372,39510.12,10.0
2026-01-09,SKU_1014,Coca Cola 2L Value,Coca Cola,Beverages,114.41,302,34551.82,0.0
2026-01-10,SKU_1014,Coca Cola 2L Value,Coca Cola,Beverages,137.8,310,42718.0,0.0
2026-01-11,SKU_1014,Coca Cola 2L Value,Coca Cola,Beverages,127.34,321,40876.14,0.0
2026-01-12,SKU_1014,Coca Cola 2L Value,Coca Cola,Beverages,89.34,361,32251.74,0.0
2026-01-13,SKU_1014,Coca Cola 2L Value,Coca Cola,Beverages,127.96,233,29814.68,0.0
2026-01-14,SKU_1014,Coca Cola 2L Value,Coca Cola,Beverages,97.07,323,31353.61,0.0
2026-01-15,SKU_1014,Coca Cola 2L Value,Coca Cola,Beverages,87.7,409,35869.3,5.0
2026-01-16,SKU_1014,Coca Cola 2L Value,Coca Cola,Beverages,94.19,359,33814.21,10.0
2026-01-17,SKU_1014,Coca Cola 2L Value,Coca Cola,Beverages,121.36,322,39077.92,0.0
2026-01-18,SKU_1014,Coca Cola 2L Value,Coca Cola,Beverages,88.01,514,45237.14,5.0
2026-01-19,SKU_1014,Coca Cola 2L Value,Coca Cola,Beverages,87.05,417,36299.85,5.0
2026-01-20,SKU_1014,Coca Cola 2L Value,Coca Cola,Beverages,137.93,220,30344.6,0.0
2026-01-21,SKU_1014,Coca Cola 2L Value,Coca Cola,Beverages,117.31,273,32025.63,0.0
2026-01-22,SKU_1014,Coca Cola 2L Value,Coca Cola,Beverages,108.88,319,34732.72,0.0
2026-01-23,SKU_1014,Coca Cola 2L Value,Coca Cola,Beverages,137.96,218,30075.28,5.0
2026-01-24,SKU_1014,Coca Cola 2L Value,Coca Cola,Beverages,121.89,348,42417.72,5.0
2026-01-25,SKU_1014,Coca Cola 2L Value,Coca Cola,Beverages,141.89,271,38452.19,0.0
2026-01-26,SKU_1014,Coca Cola 2L Value,Coca Cola,Beverages,112.54,255,28697.7,0.0
2026-01-27,SKU_1014,Coca Cola 2L Value,Coca Cola,Beverages,141.7,186,26356.2,0.0
2026-01-28,SKU_1014,Coca Cola 2L Value,Coca Cola,Beverages,119.86,236,28286.96,0.0
2026-01-29,SKU_1014,Coca Cola 2L Value,Coca Cola,Beverages,102.52,295,30243.4,0.0
2026-01-30,SKU_1014,Coca Cola 2L Value,Coca Cola,Beverages,144.01,181,26065.81,0.0
2026-01-31,SKU_1014,Coca Cola 2L Value,Coca Cola,Beverages,119.79,289,34619.31,5.0
2026-02-01,SKU_1014,Coca Cola 2L Value,Coca Cola,Beverages,95.35,524,49963.4,5.0
2026-02-02,SKU_1014,Coca Cola 2L Value,Coca Cola,Beverages,115.86,318,36843.48,0.0
2026-02-03,SKU_1014,Coca Cola 2L Value,Coca Cola,Beverages,104.68,354,37056.72,0.0
2026-02-04,SKU_1014,Coca Cola 2L Value,Coca Cola,Beverages,103.92,405,42087.6,0.0
2026-02-05,SKU_1014,Coca Cola 2L Value,Coca Cola,Beverages,140.89,251,35363.39,0.0
2026-02-06,SKU_1014,Coca Cola 2L Value,Coca Cola,Beverages,119.34,337,40217.58,10.0
2026-02-07,SKU_1014,Coca Cola 2L Value,Coca Cola,Beverages,86.8,630,54684.0,5.0
2026-02-08,SKU_1014,Coca Cola 2L Value,Coca Cola,Beverages,141.1,304,42894.4,0.0
2026-02-09,SKU_1014,Coca Cola 2L Value,Coca Cola,Beverages,95.75,454,43470.5,5.0
2026-02-10,SKU_1014,Coca Cola 2L Value,Coca Cola,Beverages,117.42,306,35930.52,0.0
2026-02-11,SKU_1014,Coca Cola 2L Value,Coca Cola,Beverages,101.29,344,34843.76,0.0
2026-02-12,SKU_1014,Coca Cola 2L Value,Coca Cola,Beverages,126.38,269,33996.22,10.0
2026-02-13,SKU_1014,Coca Cola 2L Value,Coca Cola,Beverages,143.81,214,30775.34,0.0
2026-02-14,SKU_1014,Coca Cola 2L Value,Coca Cola,Beverages,117.46,361,42403.06,10.0
2026-02-15,SKU_1014,Coca Cola 2L Value,Coca Cola,Beverages,109.82,374,41072.68,5.0
2026-02-16,SKU_1014,Coca Cola 2L Value,Coca Cola,Beverages,142.78,235,33553.3,0.0
2026-02-17,SKU_1014,Coca Cola 2L Value,Coca Cola,Beverages,115.16,301,34663.16,0.0
2026-02-18,SKU_1014,Coca Cola 2L Value,Coca Cola,Beverages,99.54,361,35933.94,0.0
2026-02-19,SKU_1014,Coca Cola 2L Value,Coca Cola,Beverages,126.5,264,33396.0,0.0
2026-02-20,SKU_1014,Coca Cola 2L Value,Coca Cola,Beverages,143.52,227,32579.04,0.0
2026-02-21,SKU_1014,Coca Cola 2L Value,Coca Cola,Beverages,107.82,421,45392.22,0.0
2026-02-22,SKU_1014,Coca Cola 2L Value,Coca Cola,Beverages,96.27,463,44573.01,0.0
2026-02-23,SKU_1014,Coca Cola 2L Value,Coca Cola,Beverages,106.44,328,34912.32,5.0
2026-02-24,SKU_1014,Coca Cola 2L Value,Coca Cola,Beverages,131.5,251,33006.5,0.0
2026-02-25,SKU_1014,Coca Cola 2L Value,Coca Cola,Beverages,132.2,253,33446.6,5.0
2026-02-26,SKU_1014,Coca Cola 2L Value,Coca Cola,Beverages,106.16,313,33228.08,10.0
2026-02-27,SKU_1014,Coca Cola 2L Value,Coca Cola,Beverages,100.18,311,31155.98,10.0
2026-02-28,SKU_1014,Coca Cola 2L Value,Coca Cola,Beverages,115.52,326,37659.52,0.0
2026-03-01,SKU_1014,Coca Cola 2L Value,Coca Cola,Beverages,86.97,636,55312.92,0.0
2026-03-02,SKU_1014,Coca Cola 2L Value,Coca Cola,Beverages,115.9,341,39521.9,0.0
2026-03-03,SKU_1014,Coca Cola 2L Value,Coca Cola,Beverages,142.17,267,37959.39,0.0
2026-03-04,SKU_1014,Coca Cola 2L Value,Coca Cola,Beverages,136.2,265,36093.0,0.0
2026-03-05,SKU_1014,Coca Cola 2L Value,Coca Cola,Beverages,119.25,350,41737.5,0.0
2026-03-06,SKU_1014,Coca Cola 2L Value,Coca Cola,Beverages,120.05,340,40817.0,0.0
2026-03-07,SKU_1014,Coca Cola 2L Value,Coca Cola,Beverages,107.89,447,48226.83,0.0
2026-03-08,SKU_1014,Coca Cola 2L Value,Coca Cola,Beverages,112.83,441,49758.03,0.0
2026-03-09,SKU_1014,Coca Cola 2L Value,Coca Cola,Beverages,136.41,270,36830.7,10.0
2026-03-10,SKU_1014,Coca Cola 2L Value,Coca Cola,Beverages,141.66,510,72246.6,0.0
2026-03-11,SKU_1014,Coca Cola 2L Value,Coca Cola,Beverages,138.06,395,54533.7,0.0
2026-03-12,SKU_1014,Coca Cola 2L Value,Coca Cola,Beverages,104.94,555,58241.7,5.0
2026-03-13,SKU_1014,Coca Cola 2L Value,Coca Cola,Beverages,102.21,654,66845.34,0.0
2026-03-14,SKU_1014,Coca Cola 2L Value,Coca Cola,Beverages,89.29,697,62235.13,5.0
2026-03-15,SKU_1014,Coca Cola 2L Value,Coca Cola,Beverages,104.63,667,69788.21,10.0
2026-03-16,SKU_1014,Coca Cola 2L Value,Coca Cola,Beverages,97.52,562,54806.24,0.0
2026-03-17,SKU_1014,Coca Cola 2L Value,Coca Cola,Beverages,110.14,637,70159.18,0.0
2026-03-18,SKU_1014,Coca Cola 2L Value,Coca Cola,Beverages,143.11,379,54238.69,10.0
2026-03-19,SKU_1014,Coca Cola 2L Value,Coca Cola,Beverages,125.71,281,35324.51,10.0
2026-03-20,SKU_1014,Coca Cola 2L Value,Coca Cola,Beverages,121.45,269,32670.05,10.0
2026-03-21,SKU_1014,Coca Cola 2L Value,Coca Cola,Beverages,125.45,322,40394.9,5.0
2026-03-22,SKU_1014,Coca Cola 2L Value,Coca Cola,Beverages,120.8,372,44937.6,0.0
2026-03-23,SKU_1014,Coca Cola 2L Value,Coca Cola,Beverages,98.6,392,38651.2,5.0
2026-03-24,SKU_1014,Coca Cola 2L Value,Coca Cola,Beverages,88.19,454,40038.26,10.0
2026-03-25,SKU_1014,Coca Cola 2L Value,Coca Cola,Beverages,112.97,302,34116.94,0.0
2026-03-26,SKU_1014,Coca Cola 2L Value,Coca Cola,Beverages,94.15,381,35871.15,10.0
2026-03-27,SKU_1014,Coca Cola 2L Value,Coca Cola,Beverages,90.63,361,32717.43,5.0
2026-03-28,SKU_1014,Coca Cola 2L Value,Coca Cola,Beverages,106.49,388,41318.12,10.0
2026-03-29,SKU_1014,Coca Cola 2L Value,Coca Cola,Beverages,117.84,317,37355.28,5.0
2026-03-30,SKU_1014,Coca Cola 2L Value,Coca Cola,Beverages,103.14,307,31663.98,10.0
2026-03-31,SKU_1014,Coca Cola 2L Value,Coca Cola,Beverages,98.75,333,32883.75,10.0
2026-04-01,SKU_1014,Coca Cola 2L Value,Coca Cola,Beverages,127.02,298,37851.96,0.0
2026-04-02,SKU_1014,Coca Cola 2L Value,Coca Cola,Beverages,107.58,379,40772.82,0.0
2026-04-03,SKU_1014,Coca Cola 2L Value,Coca Cola,Beverages,142.72,284,40532.48,0.0
2026-04-04,SKU_1014,Coca Cola 2L Value,Coca Cola,Beverages,132.56,354,46926.24,5.0
2026-04-05,SKU_1014,Coca Cola 2L Value,Coca Cola,Beverages,90.37,588,53137.56,5.0
2026-04-06,SKU_1014,Coca Cola 2L Value,Coca Cola,Beverages,101.82,414,42153.48,0.0
2026-04-07,SKU_1014,Coca Cola 2L Value,Coca Cola,Beverages,131.27,313,41087.51,0.0
2026-04-08,SKU_1014,Coca Cola 2L Value,Coca Cola,Beverages,135.13,281,37971.53,0.0
2026-04-09,SKU_1014,Coca Cola 2L Value,Coca Cola,Beverages,126.05,305,38445.25,5.0
2026-04-10,SKU_1014,Coca Cola 2L Value,Coca Cola,Beverages,89.95,499,44885.05,0.0
2026-04-11,SKU_1014,Coca Cola 2L Value,Coca Cola,Beverages,87.01,543,47246.43,0.0
2026-04-12,SKU_1014,Coca Cola 2L Value,Coca Cola,Beverages,105.43,441,46494.63,0.0
2026-04-13,SKU_1014,Coca Cola 2L Value,Coca Cola,Beverages,130.6,253,33041.8,5.0
2026-04-14,SKU_1014,Coca Cola 2L Value,Coca Cola,Beverages,133.22,246,32772.12,0.0
2026-04-15,SKU_1014,Coca Cola 2L Value,Coca Cola,Beverages,112.17,326,36567.42,0.0
2026-04-16,SKU_1014,Coca Cola 2L Value,Coca Cola,Beverages,126.38,289,36523.82,0.0
2026-04-17,SKU_1014,Coca Cola 2L Value,Coca Cola,Beverages,99.42,378,37580.76,10.0
2026-04-18,SKU_1014,Coca Cola 2L Value,Coca Cola,Beverages,121.58,376,45714.08,0.0
2026-04-19,SKU_1014,Coca Cola 2L Value,Coca Cola,Beverages,95.46,503,48016.38,5.0
2026-04-20,SKU_1014,Coca Cola 2L Value,Coca Cola,Beverages,119.19,282,33611.58,0.0
2026-04-21,SKU_1014,Coca Cola 2L Value,Coca Cola,Beverages,113.79,302,34364.58,0.0
2026-04-22,SKU_1014,Coca Cola 2L Value,Coca Cola,Beverages,119.83,305,36548.15,0.0
2026-04-23,SKU_1014,Coca Cola 2L Value,Coca Cola,Beverages,119.25,296,35298.0,0.0
2026-04-24,SKU_1014,Coca Cola 2L Value,Coca Cola,Beverages,116.34,281,32691.54,0.0
2026-04-25,SKU_1014,Coca Cola 2L Value,Coca Cola,Beverages,99.86,456,45536.16,0.0
2026-04-26,SKU_1014,Coca Cola 2L Value,Coca Cola,Beverages,104.32,370,38598.4,10.0
2026-04-27,SKU_1014,Coca Cola 2L Value,Coca Cola,Beverages,115.5,265,30607.5,0.0
2026-04-28,SKU_1014,Coca Cola 2L Value,Coca Cola,Beverages,101.32,320,32422.4,0.0
2026-04-29,SKU_1014,Coca Cola 2L Value,Coca Cola,Beverages,94.13,375,35298.75,0.0
2026-04-30,SKU_1014,Coca Cola 2L Value,Coca Cola,Beverages,136.45,225,30701.25,5.0
2026-05-01,SKU_1014,Coca Cola 2L Value,Coca Cola,Beverages,92.57,478,44248.46,5.0
2026-05-02,SKU_1014,Coca Cola 2L Value,Coca Cola,Beverages,133.01,373,49612.73,10.0
2026-05-03,SKU_1014,Coca Cola 2L Value,Coca Cola,Beverages,93.01,582,54131.82,10.0
2026-05-04,SKU_1014,Coca Cola 2L Value,Coca Cola,Beverages,134.53,286,38475.58,0.0
2026-05-05,SKU_1014,Coca Cola 2L Value,Coca Cola,Beverages,123.7,313,38718.1,0.0
2026-05-06,SKU_1014,Coca Cola 2L Value,Coca Cola,Beverages,116.91,316,36943.56,10.0
2026-05-07,SKU_1014,Coca Cola 2L Value,Coca Cola,Beverages,123.27,297,36611.19,0.0
2026-05-08,SKU_1014,Coca Cola 2L Value,Coca Cola,Beverages,111.51,348,38805.48,10.0
2026-05-09,SKU_1014,Coca Cola 2L Value,Coca Cola,Beverages,117.88,395,46562.6,0.0
2026-05-10,SKU_1014,Coca Cola 2L Value,Coca Cola,Beverages,126.3,396,50014.8,0.0
2026-05-11,SKU_1014,Coca Cola 2L Value,Coca Cola,Beverages,95.86,357,34222.02,0.0
2026-05-12,SKU_1014,Coca Cola 2L Value,Coca Cola,Beverages,94.83,403,38216.49,5.0
2026-05-13,SKU_1014,Coca Cola 2L Value,Coca Cola,Beverages,116.88,290,33895.2,0.0
2026-05-14,SKU_1014,Coca Cola 2L Value,Coca Cola,Beverages,92.59,402,37221.18,0.0
2026-05-15,SKU_1014,Coca Cola 2L Value,Coca Cola,Beverages,136.47,248,33844.56,10.0
2026-05-16,SKU_1014,Coca Cola 2L Value,Coca Cola,Beverages,122.52,321,39328.92,0.0
2026-05-17,SKU_1014,Coca Cola 2L Value,Coca Cola,Beverages,92.92,456,42371.52,0.0
2026-05-18,SKU_1014,Coca Cola 2L Value,Coca Cola,Beverages,101.28,330,33422.4,0.0
