customer_data/sales_history.csv
date,product_id,product_name,brand,category,selling_price,units_sold,revenue,promotion_discount_pct
2025-11-20,SKU_1015,Coca Cola 2L Family,Coca Cola,Beverages,135.99,276,37533.24,0.0
2025-11-21,SKU_1015,Coca Cola 2L Family,Coca Cola,Beverages,152.25,231,35169.75,0.0
2025-11-22,SKU_1015,Coca Cola 2L Family,Coca Cola,Beverages,159.46,244,38908.24,0.0
2025-11-23,SKU_1015,Coca Cola 2L Family,Coca Cola,Beverages,161.3,247,39841.1,5.0
2025-11-24,SKU_1015,Coca Cola 2L Family,Coca Cola,Beverages,154.32,213,32870.16,0.0
2025-11-25,SKU_1015,Coca Cola 2L Family,Coca Cola,Beverages,180.19,168,30271.92,0.0
2025-11-26,SKU_1015,Coca Cola 2L Family,Coca Cola,Beverages,128.35,274,35167.9,10.0
2025-11-27,SKU_1015,Coca Cola 2L Family,Coca Cola,Beverages,109.99,333,36626.67,0.0
2025-11-28,SKU_1015,Coca Cola 2L Family,Coca Cola,Beverages,160.54,196,31465.84,10.0
2025-11-29,SKU_1015,Coca Cola 2L Family,Coca Cola,Beverages,178.51,214,38201.14,5.0
2025-11-30,SKU_1015,Coca Cola 2L Family,Coca Cola,Beverages,112.92,410,46297.2,0.0
2025-12-01,SKU_1015,Coca Cola 2L Family,Coca Cola,Beverages,154.84,259,40103.56,0.0
2025-12-02,SKU_1015,Coca Cola 2L Family,Coca Cola,Beverages,117.47,389,45695.83,0.0
2025-12-03,SKU_1015,Coca Cola 2L Family,Coca Cola,Beverages,179.09,218,39041.62,0.0
2025-12-04,SKU_1015,Coca Cola 2L Family,Coca Cola,Beverages,139.89,277,38749.53,5.0
2025-12-05,SKU_1015,Coca Cola 2L Family,Coca Cola,Beverages,134.35,329,44201.15,10.0
2025-12-06,SKU_1015,Coca Cola 2L Family,Coca Cola,Beverages,158.82,307,48757.74,0.0
2025-12-07,SKU_1015,Coca Cola 2L Family,Coca Cola,Beverages,112.19,510,57216.9,0.0
2025-12-08,SKU_1015,Coca Cola 2L Family,Coca Cola,Beverages,142.05,310,44035.5,10.0
2025-12-09,SKU_1015,Coca Cola 2L Family,Coca Cola,Beverages,154.46,253,39078.38,0.0
2025-12-10,SKU_1015,Coca Cola 2L Family,Coca Cola,Beverages,146.11,265,38719.15,0.0
2025-12-11,SKU_1015,Coca Cola 2L Family,Coca Cola,Beverages,178.38,180,32108.4,0.0
2025-12-12,SKU_1015,Coca Cola 2L Family,Coca Cola,Beverages,142.69,250,35672.5,0.0
2025-12-13,SKU_1015,Coca Cola 2L Family,Coca Cola,Beverages,157.45,283,44558.35,10.0
2025-12-14,SKU_1015,Coca Cola 2L Family,Coca Cola,Beverages,159.82,263,42032.66,0.0
2025-12-15,SKU_1015,Coca Cola 2L Family,Coca Cola,Beverages,130.99,276,36153.24,0.0
2025-12-16,SKU_1015,Coca Cola 2L Family,Coca Cola,Beverages,155.5,213,33121.5,10.0
2025-12-17,SKU_1015,Coca Cola 2L Family,Coca Cola,Beverages,151.33,250,37832.5,10.0
2025-12-18,SKU_1015,Coca Cola 2L Family,Coca Cola,Beverages,172.48,195,33633.6,0.0
2025-12-19,SKU_1015,Coca Cola 2L Family,Coca Cola,Beverages,141.35,248,35054.8,0.0
2025-12-20,SKU_1015,Coca Cola 2L Family,Coca Cola,Beverages,156.6,297,46510.2,10.0
2025-12-21,SKU_1015,Coca Cola 2L Family,Coca Cola,Beverages,125.86,388,48833.68,0.0
2025-12-22,SKU_1015,Coca Cola 2L Family,Coca Cola,Beverages,168.73,216,36445.68,0.0
2025-12-23,SKU_1015,Coca Cola 2L Family,Coca Cola,Beverages,125.76,318,39991.68,0.0
2025-12-24,SKU_1015,Coca Cola 2L Family,Coca Cola,Beverages,122.1,312,38095.2,5.0
2025-12-25,SKU_1015,Coca Cola 2L Family,Coca Cola,Beverages,173.94,207,36005.58,0.0
2025-12-26,SKU_1015,Coca Cola 2L Family,Coca Cola,Beverages,163.04,184,29999.36,10.0
2025-12-27,SKU_1015,Coca Cola 2L Family,Coca Cola,Beverages,169.08,231,39057.48,0.0
2025-12-28,SKU_1015,Coca Cola 2L Family,Coca Cola,Beverages,132.91,334,44391.94,0.0
2025-12-29,SKU_1015,Coca Cola 2L Family,Coca Cola,Beverages,114.8,342,39261.6,0.0
2025-12-30,SKU_1015,Coca Cola 2L Family,Coca Cola,Beverages,150.23,214,32149.22,0.0
2025-12-31,SKU_1015,Coca Cola 2L Family,Coca Cola,Beverages,121.79,291,35440.89,10.0
2026-01-01,SKU_1015,Coca Cola 2L Family,Coca Cola,Beverages,112.33,444,49874.52,5.0
2026-01-02,SKU_1015,Coca Cola 2L Family,Coca Cola,Beverages,168.84,226,38157.84,5.0
2026-01-03,SKU_1015,Coca Cola 2L Family,Coca Cola,Beverages,111.75,561,62691.75,0.0
2026-01-04,SKU_1015,Coca Cola 2L Family,Coca Cola,Beverages,167.33,301,50366.33,0.0
2026-01-05,SKU_1015,Coca Cola 2L Family,Coca Cola,Beverages,133.44,349,46570.56,0.0
2026-01-06,SKU_1015,Coca Cola 2L Family,Coca Cola,Beverages,128.0,343,43904.0,0.0
2026-01-07,SKU_1015,Coca Cola 2L Family,Coca Cola,Beverages,161.25,267,43053.75,0.0
2026-01-08,SKU_1015,Coca Cola 2L Family,Coca Cola,Beverages,150.11,302,45333.22,5.0
2026-01-09,SKU_1015,Coca Cola 2L Family,Coca Cola,Beverages,156.93,263,41272.59,0.0
2026-01-10,SKU_1015,Coca Cola 2L Family,Coca Cola,Beverages,133.64,413,55193.32,5.0
2026-01-11,SKU_1015,Coca Cola 2L Family,Coca Cola,Beverages,117.58,469,55145.02,0.0
2026-01-12,SKU_1015,Coca Cola 2L Family,Coca Cola,Beverages,170.16,228,38796.48,0.0
2026-01-13,SKU_1015,Coca Cola 2L Family,Coca Cola,Beverages,153.54,238,36542.52,0.0
2026-01-14,SKU_1015,Coca Cola 2L Family,Coca Cola,Beverages,115.84,393,45525.12,0.0
2026-01-15,SKU_1015,Coca Cola 2L Family,Coca Cola,Beverages,149.97,263,39442.11,5.0
2026-01-16,SKU_1015,Coca Cola 2L Family,Coca Cola,Beverages,164.59,233,38349.47,5.0
2026-01-17,SKU_1015,Coca Cola 2L Family,Coca Cola,Beverages,168.41,258,43449.78,5.0
2026-01-18,SKU_1015,Coca Cola 2L Family,Coca Cola,Beverages,162.14,305,49452.7,0.0
2026-01-19,SKU_1015,Coca Cola 2L Family,Coca Cola,Beverages,128.86,333,42910.38,0.0
2026-01-20,SKU_1015,Coca Cola 2L Family,Coca Cola,Beverages,130.88,340,44499.2,5.0
2026-01-21,SKU_1015,Coca Cola 2L Family,Coca Cola,Beverages,110.63,414,45800.82,0.0
2026-01-22,SKU_1015,Coca Cola 2L Family,Coca Cola,Beverages,120.23,375,45086.25,5.0
2026-01-23,SKU_1015,Coca Cola 2L Family,Coca Cola,Beverages,120.9,348,42073.2,0.0
2026-01-24,SKU_1015,Coca Cola 2L Family,Coca Cola,Beverages,143.88,372,53523.36,10.0
2026-01-25,SKU_1015,Coca Cola 2L Family,Coca Cola,Beverages,123.49,418,51618.82,5.0
2026-01-26,SKU_1015,Coca Cola 2L Family,Coca Cola,Beverages,162.97,212,34549.64,0.0
2026-01-27,SKU_1015,Coca Cola 2L Family,Coca Cola,Beverages,173.99,183,31840.17,5.0
2026-01-28,SKU_1015,Coca Cola 2L Family,Coca Cola,Beverages,154.81,221,34213.01,0.0
2026-01-29,SKU_1015,Coca Cola 2L Family,Coca Cola,Beverages,119.52,344,41114.88,0.0
2026-01-30,SKU_1015,Coca Cola 2L Family,Coca Cola,Beverages,151.04,247,37306.88,0.0
2026-01-31,SKU_1015,Coca Cola 2L Family,Coca Cola,Beverages,130.54,367,47908.18,5.0
2026-02-01,SKU_1015,Coca Cola 2L Family,Coca Cola,Beverages,137.47,469,64473.43,0.0
2026-02-02,SKU_1015,Coca Cola 2L Family,Coca Cola,Beverages,129.3,374,48358.2,5.0
2026-02-03,SKU_1015,Coca Cola 2L Family,Coca Cola,Beverages,133.79,370,49502.3,0.0
2026-02-04,SKU_1015,Coca Cola 2L Family,Coca Cola,Beverages,126.42,423,53475.66,0.0
2026-02-05,SKU_1015,Coca Cola 2L Family,Coca Cola,Beverages,127.38,418,53244.84,0.0
2026-02-06,SKU_1015,Coca Cola 2L Family,Coca Cola,Beverages,115.68,467,54022.56,5.0
2026-02-07,SKU_1015,Coca Cola 2L Family,Coca Cola,Beverages,173.65,301,52268.65,5.0
2026-02-08,SKU_1015,Coca Cola 2L Family,Coca Cola,Beverages,178.07,303,53955.21,0.0
2026-02-09,SKU_1015,Coca Cola 2L Family,Coca Cola,Beverages,176.44,254,44815.76,0.0
2026-02-10,SKU_1015,Coca Cola 2L Family,Coca Cola,Beverages,129.97,371,48218.87,5.0
2026-02-11,SKU_1015,Coca Cola 2L Family,Coca Cola,Beverages,130.13,318,41381.34,10.0
2026-02-12,SKU_1015,Coca Cola 2L Family,Coca Cola,Beverages,118.59,366,43403.94,0.0
2026-02-13,SKU_1015,Coca Cola 2L Family,Coca Cola,Beverages,138.73,321,44532.33,10.0
2026-02-14,SKU_1015,Coca Cola 2L Family,Coca Cola,Beverages,118.41,462,54705.42,5.0
2026-02-15,SKU_1015,Coca Cola 2L Family,Coca Cola,Beverages,154.63,316,48863.08,0.0
2026-02-16,SKU_1015,Coca Cola 2L Family,Coca Cola,Beverages,115.26,387,44605.62,0.0
2026-02-17,SKU_1015,Coca Cola 2L Family,Coca Cola,Beverages,174.85,231,40390.35,0.0
2026-02-18,SKU_1015,Coca Cola 2L Family,Coca Cola,Beverages,133.76,335,44809.6,0.0
2026-02-19,SKU_1015,Coca Cola 2L Family,Coca Cola,Beverages,146.97,293,43062.21,5.0
2026-02-20,SKU_1015,Coca Cola 2L Family,Coca Cola,Beverages,157.46,264,41569.44,0.0
2026-02-21,SKU_1015,Coca Cola 2L Family,Coca Cola,Beverages,127.41,414,52747.74,10.0
2026-02-22,SKU_1015,Coca Cola 2L Family,Coca Cola,Beverages,141.08,402,56714.16,5.0
2026-02-23,SKU_1015,Coca Cola 2L Family,Coca Cola,Beverages,149.3,294,43894.2,0.0
2026-02-24,SKU_1015,Coca Cola 2L Family,Coca Cola,Beverages,179.75,205,36848.75,0.0
2026-02-25,SKU_1015,Coca Cola 2L Family,Coca Cola,Beverages,158.12,266,42059.92,0.0
2026-02-26,SKU_1015,Coca Cola 2L Family,Coca Cola,Beverages,178.91,208,37213.28,0.0
2026-02-27,SKU_1015,Coca Cola 2L Family,Coca Cola,Beverages,157.75,226,35651.5,0.0
2026-02-28,SKU_1015,Coca Cola 2L Family,Coca Cola,Beverages,165.82,258,42781.56,0.0
2026-03-01,SKU_1015,Coca Cola 2L Family,Coca Cola,Beverages,164.54,374,61537.96,10.0
2026-03-02,SKU_1015,Coca Cola 2L Family,Coca Cola,Beverages,135.83,382,51887.06,0.0
2026-03-03,SKU_1015,Coca Cola 2L Family,Coca Cola,Beverages,139.25,359,49990.75,10.0
2026-03-04,SKU_1015,Coca Cola 2L Family,Coca Cola,Beverages,130.6,412,53807.2,10.0
2026-03-05,SKU_1015,Coca Cola 2L Family,Coca Cola,Beverages,175.75,274,48155.5,0.0
2026-03-06,SKU_1015,Coca Cola 2L Family,Coca Cola,Beverages,120.82,470,56785.4,0.0
2026-03-07,SKU_1015,Coca Cola 2L Family,Coca Cola,Beverages,161.41,353,56977.73,0.0
2026-03-08,SKU_1015,Coca Cola 2L Family,Coca Cola,Beverages,113.07,596,67389.72,0.0
2026-03-09,SKU_1015,Coca Cola 2L Family,Coca Cola,Beverages,174.02,268,46637.36,5.0
2026-03-10,SKU_1015,Coca Cola 2L Family,Coca Cola,Beverages,126.77,777,98500.29,5.0
2026-03-11,SKU_1015,Coca Cola 2L Family,Coca Cola,Beverages,135.29,444,60068.76,5.0
2026-03-12,SKU_1015,Coca Cola 2L Family,Coca Cola,Beverages,167.59,327,54801.93,0.0
2026-03-13,SKU_1015,Coca Cola 2L Family,Coca Cola,Beverages,137.45,576,79171.2,0.0
2026-03-14,SKU_1015,Coca Cola 2L Family,Coca Cola,Beverages,109.43,821,89842.03,10.0
2026-03-15,SKU_1015,Coca Cola 2L Family,Coca Cola,Beverages,167.35,484,80997.4,0.0
2026-03-16,SKU_1015,Coca Cola 2L Family,Coca Cola,Beverages,127.34,537,68381.58,10.0
2026-03-17,SKU_1015,Coca Cola 2L Family,Coca Cola,Beverages,174.28,453,78948.84,0.0
2026-03-18,SKU_1015,Coca Cola 2L Family,Coca Cola,Beverages,118.01,804,94880.04,10.0
2026-03-19,SKU_1015,Coca Cola 2L Family,Coca Cola,Beverages,177.78,212,37689.36,5.0
2026-03-20,SKU_1015,Coca Cola 2L Family,Coca Cola,Beverages,129.81,334,43356.54,5.0
2026-03-21,SKU_1015,Coca Cola 2L Family,Coca Cola,Beverages,127.82,472,60331.04,0.0
2026-03-22,SKU_1015,Coca Cola 2L Family,Coca Cola,Beverages,135.51,391,52984.41,0.0
2026-03-23,SKU_1015,Coca Cola 2L Family,Coca Cola,Beverages,132.9,365,48508.5,5.0
2026-03-24,SKU_1015,Coca Cola 2L Family,Coca Cola,Beverages,153.64,273,41943.72,0.0
2026-03-25,SKU_1015,Coca Cola 2L Family,Coca Cola,Beverages,120.23,423,50857.29,0.0
2026-03-26,SKU_1015,Coca Cola 2L Family,Coca Cola,Beverages,167.43,213,35662.59,10.0
2026-03-27,SKU_1015,Coca Cola 2L Family,Coca Cola,Beverages,113.27,365,41343.55,5.0
2026-03-28,SKU_1015,Coca Cola 2L Family,Coca Cola,Beverages,116.9,470,54943.0,0.0
2026-03-29,SKU_1015,Coca Cola 2L Family,Coca Cola,Beverages,175.22,257,45031.54,0.0
2026-03-30,SKU_1015,Coca Cola 2L Family,Coca Cola,Beverages,169.03,215,36341.45,5.0
2026-03-31,SKU_1015,Coca Cola 2L Family,Coca Cola,Beverages,159.33,244,38876.52,0.0
2026-04-01,SKU_1015,Coca Cola 2L Family,Coca Cola,Beverages,120.76,444,53617.44,0.0
2026-04-02,SKU_1015,Coca Cola 2L Family,Coca Cola,Beverages,154.19,298,45948.62,0.0
2026-04-03,SKU_1015,Coca Cola 2L Family,Coca Cola,Beverages,134.3,390,52377.0,5.0
2026-04-04,SKU_1015,Coca Cola 2L Family,Coca Cola,Beverages,180.08,314,56545.12,10.0
2026-04-05,SKU_1015,Coca Cola 2L Family,Coca Cola,Beverages,167.09,349,58314.41,0.0
2026-04-06,SKU_1015,Coca Cola 2L Family,Coca Cola,Beverages,165.67,289,47878.63,0.0
2026-04-07,SKU_1015,Coca Cola 2L Family,Coca Cola,Beverages,172.17,266,45797.22,5.0
2026-04-08,SKU_1015,Coca Cola 2L Family,Coca Cola,Beverages,151.81,330,50097.3,0.0
2026-04-09,SKU_1015,Coca Cola 2L Family,Coca Cola,Beverages,138.32,352,48688.64,0.0
2026-04-10,SKU_1015,Coca Cola 2L Family,Coca Cola,Beverages,114.96,453,52076.88,0.0
2026-04-11,SKU_1015,Coca Cola 2L Family,Coca Cola,Beverages,171.23,284,48629.32,5.0
2026-04-12,SKU_1015,Coca Cola 2L Family,Coca Cola,Beverages,123.47,491,60623.77,10.0
2026-04-13,SKU_1015,Coca Cola 2L Family,Coca Cola,Beverages,131.3,348,45692.4,5.0
2026-04-14,SKU_1015,Coca Cola 2L Family,Coca Cola,Beverages,119.94,422,50614.68,10.0
2026-04-15,SKU_1015,Coca Cola 2L Family,Coca Cola,Beverages,169.65,251,42582.15,0.0
2026-04-16,SKU_1015,Coca Cola 2L Family,Coca Cola,Beverages,137.56,336,46220.16,10.0
2026-04-17,SKU_1015,Coca Cola 2L Family,Coca Cola,Beverages,118.59,375,44471.25,0.0
2026-04-18,SKU_1015,Coca Cola 2L Family,Coca Cola,Beverages,109.65,571,62610.15,0.0
2026-04-19,SKU_1015,Coca Cola 2L Family,Coca Cola,Beverages,141.07,391,55158.37,10.0
2026-04-20,SKU_1015,Coca Cola 2L Family,Coca Cola,Beverages,108.75,451,49046.25,0.0
2026-04-21,SKU_1015,Coca Cola 2L Family,Coca Cola,Beverages,160.02,257,41125.14,10.0
2026-04-22,SKU_1015,Coca Cola 2L Family,Coca Cola,Beverages,161.04,247,39776.88,0.0
2026-04-23,SKU_1015,Coca Cola 2L Family,Coca Cola,Beverages,166.88,246,41052.48,5.0
2026-04-24,SKU_1015,Coca Cola 2L Family,Coca Cola,Beverages,123.42,364,44924.88,0.0
2026-04-25,SKU_1015,Coca Cola 2L Family,Coca Cola,Beverages,153.52,359,55113.68,0.0
2026-04-26,SKU_1015,Coca Cola 2L Family,Coca Cola,Beverages,138.2,347,47955.4,0.0
2026-04-27,SKU_1015,Coca Cola 2L Family,Coca Cola,Beverages,170.76,216,36884.16,0.0
2026-04-28,SKU_1015,Coca Cola 2L Family,Coca Cola,Beverages,140.54,280,39351.2,10.0
2026-04-29,SKU_1015,Coca Cola 2L Family,Coca Cola,Beverages,122.95,346,42540.7,10.0
2026-04-30,SKU_1015,Coca Cola 2L Family,Coca Cola,Beverages,134.09,320,42908.8,10.0
2026-05-01,SKU_1015,Coca Cola 2L Family,Coca Cola,Beverages,142.86,348,49715.28,0.0
2026-05-02,SKU_1015,Coca Cola 2L Family,Coca Cola,Beverages,149.04,433,64534.32,0.0
2026-05-03,SKU_1015,Coca Cola 2L Family,Coca Cola,Beverages,165.99,346,57432.54,0.0
2026-05-04,SKU_1015,Coca Cola 2L Family,Coca Cola,Beverages,160.06,297,47537.82,10.0
2026-05-05,SKU_1015,Coca Cola 2L Family,Coca Cola,Beverages,143.73,329,47287.17,0.0
2026-05-06,SKU_1015,Coca Cola 2L Family,Coca Cola,Beverages,141.68,338,47887.84,0.0
2026-05-07,SKU_1015,Coca Cola 2L Family,Coca Cola,Beverages,174.21,253,44075.13,10.0
2026-05-08,SKU_1015,Coca Cola 2L Family,Coca Cola,Beverages,176.91,254,44935.14,0.0
2026-05-09,SKU_1015,Coca Cola 2L Family,Coca Cola,Beverages,153.77,389,59816.53,0.0
2026-05-10,SKU_1015,Coca Cola 2L Family,Coca Cola,Beverages,117.55,562,66063.1,5.0
2026-05-11,SKU_1015,Coca Cola 2L Family,Coca Cola,Beverages,115.37,416,47993.92,10.0
2026-05-12,SKU_1015,Coca Cola 2L Family,Coca Cola,Beverages,140.45,318,44663.1,10.0
2026-05-13,SKU_1015,Coca Cola 2L Family,Coca Cola,Beverages,124.12,349,43317.88,0.0
2026-05-14,SKU_1015,Coca Cola 2L Family,Coca Cola,Beverages,137.53,333,45797.49,10.0
2026-05-15,SKU_1015,Coca Cola 2L Family,Coca Cola,Beverages,159.47,250,39867.5,10.0
2026-05-16,SKU_1015,Coca Cola 2L Family,Coca Cola,Beverages,145.53,340,49480.2,10.0
2026-05-17,SKU_1015,Coca Cola 2L Family,Coca Cola,Beverages,179.24,272,48753.28,0.0
2026-05-18,SKU_1015,Coca Cola 2L Family,Coca Cola,Beverages,128.8,348,44822.4,0.0
