customer_data/sales_history.csv
date,product_id,product_name,brand,category,selling_price,units_sold,revenue,promotion_discount_pct
2025-11-20,SKU_1016,Coke Zero 300ml Mini,Coca Cola,Beverages,35.22,166,5846.52,0.0
2025-11-21,SKU_1016,Coke Zero 300ml Mini,Coca Cola,Beverages,30.68,211,6473.48,0.0
2025-11-22,SKU_1016,Coke Zero 300ml Mini,Coca Cola,Beverages,31.68,270,8553.6,5.0
2025-11-23,SKU_1016,Coke Zero 300ml Mini,Coca Cola,Beverages,31.05,274,8507.7,5.0
2025-11-24,SKU_1016,Coke Zero 300ml Mini,Coca Cola,Beverages,34.18,174,5947.32,5.0
2025-11-25,SKU_1016,Coke Zero 300ml Mini,Coca Cola,Beverages,26.15,278,7269.7,0.0
2025-11-26,SKU_1016,Coke Zero 300ml Mini,Coca Cola,Beverages,35.54,154,5473.16,10.0
2025-11-27,SKU_1016,Coke Zero 300ml Mini,Coca Cola,Beverages,31.89,192,6122.88,10.0
2025-11-28,SKU_1016,Coke Zero 300ml Mini,Coca Cola,Beverages,24.46,281,6873.26,5.0
2025-11-29,SKU_1016,Coke Zero 300ml Mini,Coca Cola,Beverages,25.45,338,8602.1,0.0
2025-11-30,SKU_1016,Coke Zero 300ml Mini,Coca Cola,Beverages,24.77,335,8297.95,5.0
2025-12-01,SKU_1016,Coke Zero 300ml Mini,Coca Cola,Beverages,33.99,232,7885.68,0.0
2025-12-02,SKU_1016,Coke Zero 300ml Mini,Coca Cola,Beverages,26.31,326,8577.06,0.0
2025-12-03,SKU_1016,Coke Zero 300ml Mini,Coca Cola,Beverages,21.53,478,10291.34,10.0
2025-12-04,SKU_1016,Coke Zero 300ml Mini,Coca Cola,Beverages,33.22,216,7175.52,0.0
2025-12-05,SKU_1016,Coke Zero 300ml Mini,Coca Cola,Beverages,23.71,415,9839.65,0.0
2025-12-06,SKU_1016,Coke Zero 300ml Mini,Coca Cola,Beverages,30.23,313,9461.99,10.0
2025-12-07,SKU_1016,Coke Zero 300ml Mini,Coca Cola,Beverages,30.32,325,9854.0,0.0
2025-12-08,SKU_1016,Coke Zero 300ml Mini,Coca Cola,Beverages,26.69,343,9154.67,0.0
2025-12-09,SKU_1016,Coke Zero 300ml Mini,Coca Cola,Beverages,33.01,230,7592.3,0.0
2025-12-10,SKU_1016,Coke Zero 300ml Mini,Coca Cola,Beverages,34.96,210,7341.6,0.0
2025-12-11,SKU_1016,Coke Zero 300ml Mini,Coca Cola,Beverages,32.45,209,6782.05,0.0
2025-12-12,SKU_1016,Coke Zero 300ml Mini,Coca Cola,Beverages,34.25,203,6952.75,0.0
2025-12-13,SKU_1016,Coke Zero 300ml Mini,Coca Cola,Beverages,22.68,506,11476.08,0.0
2025-12-14,SKU_1016,Coke Zero 300ml Mini,Coca Cola,Beverages,33.22,264,8770.08,5.0
2025-12-15,SKU_1016,Coke Zero 300ml Mini,Coca Cola,Beverages,24.3,356,8650.8,0.0
2025-12-16,SKU_1016,Coke Zero 300ml Mini,Coca Cola,Beverages,33.57,195,6546.15,10.0
2025-12-17,SKU_1016,Coke Zero 300ml Mini,Coca Cola,Beverages,35.03,176,6165.28,5.0
2025-12-18,SKU_1016,Coke Zero 300ml Mini,Coca Cola,Beverages,23.57,364,8579.48,0.0
2025-12-19,SKU_1016,Coke Zero 300ml Mini,Coca Cola,Beverages,29.65,253,7501.45,0.0
2025-12-20,SKU_1016,Coke Zero 300ml Mini,Coca Cola,Beverages,21.67,557,12070.19,0.0
2025-12-21,SKU_1016,Coke Zero 300ml Mini,Coca Cola,Beverages,22.06,484,10677.04,0.0
2025-12-22,SKU_1016,Coke Zero 300ml Mini,Coca Cola,Beverages,21.63,426,9214.38,0.0
2025-12-23,SKU_1016,Coke Zero 300ml Mini,Coca Cola,Beverages,34.74,197,6843.78,10.0
2025-12-24,SKU_1016,Coke Zero 300ml Mini,Coca Cola,Beverages,33.18,195,6470.1,0.0
2025-12-25,SKU_1016,Coke Zero 300ml Mini,Coca Cola,Beverages,29.17,258,7525.86,5.0
2025-12-26,SKU_1016,Coke Zero 300ml Mini,Coca Cola,Beverages,28.56,228,6511.68,10.0
2025-12-27,SKU_1016,Coke Zero 300ml Mini,Coca Cola,Beverages,31.2,262,8174.4,0.0
2025-12-28,SKU_1016,Coke Zero 300ml Mini,Coca Cola,Beverages,32.36,247,7992.92,0.0
2025-12-29,SKU_1016,Coke Zero 300ml Mini,Coca Cola,Beverages,23.56,343,8081.08,0.0
2025-12-30,SKU_1016,Coke Zero 300ml Mini,Coca Cola,Beverages,23.89,346,8265.94,10.0
2025-12-31,SKU_1016,Coke Zero 300ml Mini,Coca Cola,Beverages,30.19,213,6430.47,0.0
2026-01-01,SKU_1016,Coke Zero 300ml Mini,Coca Cola,Beverages,35.17,223,7842.91,5.0
2026-01-02,SKU_1016,Coke Zero 300ml Mini,Coca Cola,Beverages,22.47,477,10718.19,5.0
2026-01-03,SKU_1016,Coke Zero 300ml Mini,Coca Cola,Beverages,25.04,512,12820.48,5.0
2026-01-04,SKU_1016,Coke Zero 300ml Mini,Coca Cola,Beverages,33.11,331,10959.41,0.0
2026-01-05,SKU_1016,Coke Zero 300ml Mini,Coca Cola,Beverages,28.6,315,9009.0,0.0
2026-01-06,SKU_1016,Coke Zero 300ml Mini,Coca Cola,Beverages,32.19,248,7983.12,0.0
2026-01-07,SKU_1016,Coke Zero 300ml Mini,Coca Cola,Beverages,29.24,309,9035.16,0.0
2026-01-08,SKU_1016,Coke Zero 300ml Mini,Coca Cola,Beverages,22.71,463,10514.73,0.0
2026-01-09,SKU_1016,Coke Zero 300ml Mini,Coca Cola,Beverages,33.62,257,8640.34,5.0
2026-01-10,SKU_1016,Coke Zero 300ml Mini,Coca Cola,Beverages,22.85,549,12544.65,0.0
2026-01-11,SKU_1016,Coke Zero 300ml Mini,Coca Cola,Beverages,25.18,454,11431.72,10.0
2026-01-12,SKU_1016,Coke Zero 300ml Mini,Coca Cola,Beverages,23.27,407,9470.89,5.0
2026-01-13,SKU_1016,Coke Zero 300ml Mini,Coca Cola,Beverages,22.87,414,9468.18,5.0
2026-01-14,SKU_1016,Coke Zero 300ml Mini,Coca Cola,Beverages,26.51,332,8801.32,10.0
2026-01-15,SKU_1016,Coke Zero 300ml Mini,Coca Cola,Beverages,24.77,365,9041.05,0.0
2026-01-16,SKU_1016,Coke Zero 300ml Mini,Coca Cola,Beverages,24.79,370,9172.3,0.0
2026-01-17,SKU_1016,Coke Zero 300ml Mini,Coca Cola,Beverages,33.91,254,8613.14,5.0
2026-01-18,SKU_1016,Coke Zero 300ml Mini,Coca Cola,Beverages,33.81,273,9230.13,0.0
2026-01-19,SKU_1016,Coke Zero 300ml Mini,Coca Cola,Beverages,23.24,398,9249.52,0.0
2026-01-20,SKU_1016,Coke Zero 300ml Mini,Coca Cola,Beverages,23.73,400,9492.0,0.0
2026-01-21,SKU_1016,Coke Zero 300ml Mini,Coca Cola,Beverages,32.27,222,7163.94,0.0
2026-01-22,SKU_1016,Coke Zero 300ml Mini,Coca Cola,Beverages,28.66,299,8569.34,10.0
2026-01-23,SKU_1016,Coke Zero 300ml Mini,Coca Cola,Beverages,34.8,208,7238.4,10.0
2026-01-24,SKU_1016,Coke Zero 300ml Mini,Coca Cola,Beverages,35.0,259,9065.0,0.0
2026-01-25,SKU_1016,Coke Zero 300ml Mini,Coca Cola,Beverages,27.06,415,11229.9,10.0
2026-01-26,SKU_1016,Coke Zero 300ml Mini,Coca Cola,Beverages,28.47,262,7459.14,0.0
2026-01-27,SKU_1016,Coke Zero 300ml Mini,Coca Cola,Beverages,28.43,277,7875.11,0.0
2026-01-28,SKU_1016,Coke Zero 300ml Mini,Coca Cola,Beverages,33.31,201,6695.31,0.0
2026-01-29,SKU_1016,Coke Zero 300ml Mini,Coca Cola,Beverages,26.19,303,7935.57,0.0
2026-01-30,SKU_1016,Coke Zero 300ml Mini,Coca Cola,Beverages,29.61,239,7076.79,0.0
2026-01-31,SKU_1016,Coke Zero 300ml Mini,Coca Cola,Beverages,32.77,262,8585.74,0.0
2026-02-01,SKU_1016,Coke Zero 300ml Mini,Coca Cola,Beverages,26.2,461,12078.2,0.0
2026-02-02,SKU_1016,Coke Zero 300ml Mini,Coca Cola,Beverages,24.84,454,11277.36,0.0
2026-02-03,SKU_1016,Coke Zero 300ml Mini,Coca Cola,Beverages,25.79,383,9877.57,0.0
2026-02-04,SKU_1016,Coke Zero 300ml Mini,Coca Cola,Beverages,28.01,342,9579.42,0.0
2026-02-05,SKU_1016,Coke Zero 300ml Mini,Coca Cola,Beverages,21.93,515,11293.95,5.0
2026-02-06,SKU_1016,Coke Zero 300ml Mini,Coca Cola,Beverages,29.2,332,9694.4,0.0
2026-02-07,SKU_1016,Coke Zero 300ml Mini,Coca Cola,Beverages,26.52,480,12729.6,10.0
2026-02-08,SKU_1016,Coke Zero 300ml Mini,Coca Cola,Beverages,35.22,298,10495.56,5.0
2026-02-09,SKU_1016,Coke Zero 300ml Mini,Coca Cola,Beverages,25.12,410,10299.2,0.0
2026-02-10,SKU_1016,Coke Zero 300ml Mini,Coca Cola,Beverages,27.97,369,10320.93,0.0
2026-02-11,SKU_1016,Coke Zero 300ml Mini,Coca Cola,Beverages,24.37,401,9772.37,0.0
2026-02-12,SKU_1016,Coke Zero 300ml Mini,Coca Cola,Beverages,21.73,467,10147.91,0.0
2026-02-13,SKU_1016,Coke Zero 300ml Mini,Coca Cola,Beverages,32.51,237,7704.87,0.0
2026-02-14,SKU_1016,Coke Zero 300ml Mini,Coca Cola,Beverages,29.48,343,10111.64,0.0
2026-02-15,SKU_1016,Coke Zero 300ml Mini,Coca Cola,Beverages,32.03,292,9352.76,10.0
2026-02-16,SKU_1016,Coke Zero 300ml Mini,Coca Cola,Beverages,33.61,221,7427.81,10.0
2026-02-17,SKU_1016,Coke Zero 300ml Mini,Coca Cola,Beverages,33.92,223,7564.16,10.0
2026-02-18,SKU_1016,Coke Zero 300ml Mini,Coca Cola,Beverages,31.75,248,7874.0,10.0
2026-02-19,SKU_1016,Coke Zero 300ml Mini,Coca Cola,Beverages,34.37,212,7286.44,5.0
2026-02-20,SKU_1016,Coke Zero 300ml Mini,Coca Cola,Beverages,23.98,406,9735.88,0.0
2026-02-21,SKU_1016,Coke Zero 300ml Mini,Coca Cola,Beverages,22.6,537,12136.2,0.0
2026-02-22,SKU_1016,Coke Zero 300ml Mini,Coca Cola,Beverages,34.91,292,10193.72,0.0
2026-02-23,SKU_1016,Coke Zero 300ml Mini,Coca Cola,Beverages,26.8,360,9648.0,0.0
2026-02-24,SKU_1016,Coke Zero 300ml Mini,Coca Cola,Beverages,29.21,285,8324.85,0.0
2026-02-25,SKU_1016,Coke Zero 300ml Mini,Coca Cola,Beverages,31.46,267,8399.82,0.0
2026-02-26,SKU_1016,Coke Zero 300ml Mini,Coca Cola,Beverages,35.56,186,6614.16,5.0
2026-02-27,SKU_1016,Coke Zero 300ml Mini,Coca Cola,Beverages,31.03,226,7012.78,0.0
2026-02-28,SKU_1016,Coke Zero 300ml Mini,Coca Cola,Beverages,23.05,459,10579.95,10.0
2026-03-01,SKU_1016,Coke Zero 300ml Mini,Coca Cola,Beverages,35.7,319,11388.3,10.0
2026-03-02,SKU_1016,Coke Zero 300ml Mini,Coca Cola,Beverages,32.67,284,9278.28,0.0
2026-03-03,SKU_1016,Coke Zero 300ml Mini,Coca Cola,Beverages,25.71,402,10335.42,0.0
2026-03-04,SKU_1016,Coke Zero 300ml Mini,Coca Cola,Beverages,25.49,421,10731.29,0.0
2026-03-05,SKU_1016,Coke Zero 300ml Mini,Coca Cola,Beverages,32.23,293,9443.39,0.0
2026-03-06,SKU_1016,Coke Zero 300ml Mini,Coca Cola,Beverages,22.53,492,11084.76,0.0
2026-03-07,SKU_1016,Coke Zero 300ml Mini,Coca Cola,Beverages,22.89,635,14535.15,5.0
2026-03-08,SKU_1016,Coke Zero 300ml Mini,Coca Cola,Beverages,34.76,328,11401.28,5.0
2026-03-09,SKU_1016,Coke Zero 300ml Mini,Coca Cola,Beverages,32.88,281,9239.28,5.0
2026-03-10,SKU_1016,Coke Zero 300ml Mini,Coca Cola,Beverages,22.98,837,19234.26,0.0
2026-03-11,SKU_1016,Coke Zero 300ml Mini,Coca Cola,Beverages,23.83,777,18515.91,0.0
2026-03-12,SKU_1016,Coke Zero 300ml Mini,Coca Cola,Beverages,30.36,490,14876.4,5.0
2026-03-13,SKU_1016,Coke Zero 300ml Mini,Coca Cola,Beverages,29.14,481,14016.34,0.0
2026-03-14,SKU_1016,Coke Zero 300ml Mini,Coca Cola,Beverages,24.1,648,15616.8,0.0
2026-03-15,SKU_1016,Coke Zero 300ml Mini,Coca Cola,Beverages,31.76,565,17944.4,10.0
2026-03-16,SKU_1016,Coke Zero 300ml Mini,Coca Cola,Beverages,23.64,782,18486.48,10.0
2026-03-17,SKU_1016,Coke Zero 300ml Mini,Coca Cola,Beverages,26.75,495,13241.25,0.0
2026-03-18,SKU_1016,Coke Zero 300ml Mini,Coca Cola,Beverages,27.25,592,16132.0,0.0
2026-03-19,SKU_1016,Coke Zero 300ml Mini,Coca Cola,Beverages,22.23,450,10003.5,10.0
2026-03-20,SKU_1016,Coke Zero 300ml Mini,Coca Cola,Beverages,22.18,484,10735.12,0.0
2026-03-21,SKU_1016,Coke Zero 300ml Mini,Coca Cola,Beverages,22.21,621,13792.41,0.0
2026-03-22,SKU_1016,Coke Zero 300ml Mini,Coca Cola,Beverages,28.74,389,11179.86,0.0
2026-03-23,SKU_1016,Coke Zero 300ml Mini,Coca Cola,Beverages,29.45,284,8363.8,10.0
2026-03-24,SKU_1016,Coke Zero 300ml Mini,Coca Cola,Beverages,24.25,400,9700.0,0.0
2026-03-25,SKU_1016,Coke Zero 300ml Mini,Coca Cola,Beverages,29.91,278,8314.98,5.0
2026-03-26,SKU_1016,Coke Zero 300ml Mini,Coca Cola,Beverages,23.09,428,9882.52,0.0
2026-03-27,SKU_1016,Coke Zero 300ml Mini,Coca Cola,Beverages,21.74,462,10043.88,0.0
2026-03-28,SKU_1016,Coke Zero 300ml Mini,Coca Cola,Beverages,32.68,274,8954.32,10.0
2026-03-29,SKU_1016,Coke Zero 300ml Mini,Coca Cola,Beverages,23.36,468,10932.48,0.0
2026-03-30,SKU_1016,Coke Zero 300ml Mini,Coca Cola,Beverages,31.39,246,7721.94,0.0
2026-03-31,SKU_1016,Coke Zero 300ml Mini,Coca Cola,Beverages,32.61,240,7826.4,10.0
2026-04-01,SKU_1016,Coke Zero 300ml Mini,Coca Cola,Beverages,31.31,295,9236.45,0.0
2026-04-02,SKU_1016,Coke Zero 300ml Mini,Coca Cola,Beverages,24.91,474,11807.34,0.0
2026-04-03,SKU_1016,Coke Zero 300ml Mini,Coca Cola,Beverages,24.42,439,10720.38,5.0
2026-04-04,SKU_1016,Coke Zero 300ml Mini,Coca Cola,Beverages,31.47,378,11895.66,0.0
2026-04-05,SKU_1016,Coke Zero 300ml Mini,Coca Cola,Beverages,34.57,335,11580.95,10.0
2026-04-06,SKU_1016,Coke Zero 300ml Mini,Coca Cola,Beverages,22.72,560,12723.2,0.0
2026-04-07,SKU_1016,Coke Zero 300ml Mini,Coca Cola,Beverages,25.12,436,10952.32,10.0
2026-04-08,SKU_1016,Coke Zero 300ml Mini,Coca Cola,Beverages,27.17,367,9971.39,0.0
2026-04-09,SKU_1016,Coke Zero 300ml Mini,Coca Cola,Beverages,28.52,342,9753.84,0.0
2026-04-10,SKU_1016,Coke Zero 300ml Mini,Coca Cola,Beverages,27.16,383,10402.28,5.0
2026-04-11,SKU_1016,Coke Zero 300ml Mini,Coca Cola,Beverages,32.47,330,10715.1,5.0
2026-04-12,SKU_1016,Coke Zero 300ml Mini,Coca Cola,Beverages,23.62,526,12424.12,5.0
2026-04-13,SKU_1016,Coke Zero 300ml Mini,Coca Cola,Beverages,26.76,331,8857.56,0.0
2026-04-14,SKU_1016,Coke Zero 300ml Mini,Coca Cola,Beverages,32.83,255,8371.65,10.0
2026-04-15,SKU_1016,Coke Zero 300ml Mini,Coca Cola,Beverages,24.15,405,9780.75,0.0
2026-04-16,SKU_1016,Coke Zero 300ml Mini,Coca Cola,Beverages,22.94,457,10483.58,10.0
2026-04-17,SKU_1016,Coke Zero 300ml Mini,Coca Cola,Beverages,23.16,472,10931.52,0.0
2026-04-18,SKU_1016,Coke Zero 300ml Mini,Coca Cola,Beverages,32.58,309,10067.22,0.0
2026-04-19,SKU_1016,Coke Zero 300ml Mini,Coca Cola,Beverages,29.69,386,11460.34,10.0
2026-04-20,SKU_1016,Coke Zero 300ml Mini,Coca Cola,Beverages,29.34,284,8332.56,5.0
2026-04-21,SKU_1016,Coke Zero 300ml Mini,Coca Cola,Beverages,26.84,362,9716.08,10.0
2026-04-22,SKU_1016,Coke Zero 300ml Mini,Coca Cola,Beverages,30.63,283,8668.29,0.0
2026-04-23,SKU_1016,Coke Zero 300ml Mini,Coca Cola,Beverages,33.81,248,8384.88,0.0
2026-04-24,SKU_1016,Coke Zero 300ml Mini,Coca Cola,Beverages,34.57,213,7363.41,0.0
2026-04-25,SKU_1016,Coke Zero 300ml Mini,Coca Cola,Beverages,29.2,386,11271.2,10.0
2026-04-26,SKU_1016,Coke Zero 300ml Mini,Coca Cola,Beverages,32.24,289,9317.36,0.0
2026-04-27,SKU_1016,Coke Zero 300ml Mini,Coca Cola,Beverages,23.81,392,9333.52,0.0
2026-04-28,SKU_1016,Coke Zero 300ml Mini,Coca Cola,Beverages,31.71,220,6976.2,0.0
2026-04-29,SKU_1016,Coke Zero 300ml Mini,Coca Cola,Beverages,28.05,273,7657.65,0.0
2026-04-30,SKU_1016,Coke Zero 300ml Mini,Coca Cola,Beverages,26.25,298,7822.5,0.0
2026-05-01,SKU_1016,Coke Zero 300ml Mini,Coca Cola,Beverages,27.15,388,10534.2,10.0
2026-05-02,SKU_1016,Coke Zero 300ml Mini,Coca Cola,Beverages,30.28,411,12445.08,10.0
2026-05-03,SKU_1016,Coke Zero 300ml Mini,Coca Cola,Beverages,33.37,328,10945.36,0.0
2026-05-04,SKU_1016,Coke Zero 300ml Mini,Coca Cola,Beverages,23.15,525,12153.75,0.0
2026-05-05,SKU_1016,Coke Zero 300ml Mini,Coca Cola,Beverages,23.66,514,12161.24,5.0
2026-05-06,SKU_1016,Coke Zero 300ml Mini,Coca Cola,Beverages,33.46,271,9067.66,5.0
2026-05-07,SKU_1016,Coke Zero 300ml Mini,Coca Cola,Beverages,35.45,232,8224.4,5.0
2026-05-08,SKU_1016,Coke Zero 300ml Mini,Coca Cola,Beverages,25.76,425,10948.0,0.0
2026-05-09,SKU_1016,Coke Zero 300ml Mini,Coca Cola,Beverages,26.43,529,13981.47,0.0
2026-05-10,SKU_1016,Coke Zero 300ml Mini,Coca Cola,Beverages,22.36,662,14802.32,0.0
2026-05-11,SKU_1016,Coke Zero 300ml Mini,Coca Cola,Beverages,29.87,289,8632.43,0.0
2026-05-12,SKU_1016,Coke Zero 300ml Mini,Coca Cola,Beverages,25.08,370,9279.6,5.0
2026-05-13,SKU_1016,Coke Zero 300ml Mini,Coca Cola,Beverages,33.48,223,7466.04,10.0
2026-05-14,SKU_1016,Coke Zero 300ml Mini,Coca Cola,Beverages,33.24,238,7911.12,0.0
2026-05-15,SKU_1016,Coke Zero 300ml Mini,Coca Cola,Beverages,32.32,254,8209.28,5.0
2026-05-16,SKU_1016,Coke Zero 300ml Mini,Coca Cola,Beverages,24.39,495,12073.05,5.0
2026-05-17,SKU_1016,Coke Zero 300ml Mini,Coca Cola,Beverages,33.82,282,9537.24,5.0
2026-05-18,SKU_1016,Coke Zero 300ml Mini,Coca Cola,Beverages,35.24,211,7435.64,0.0
