customer_data/sales_history.csv
date,product_id,product_name,brand,category,selling_price,units_sold,revenue,promotion_discount_pct
2025-11-20,SKU_1017,Coke Zero 300ml Regular,Coca Cola,Beverages,38.21,277,10584.17,5.0
2025-11-21,SKU_1017,Coke Zero 300ml Regular,Coca Cola,Beverages,36.8,291,10708.8,0.0
2025-11-22,SKU_1017,Coke Zero 300ml Regular,Coca Cola,Beverages,48.15,220,10593.0,0.0
2025-11-23,SKU_1017,Coke Zero 300ml Regular,Coca Cola,Beverages,32.02,449,14376.98,0.0
2025-11-24,SKU_1017,Coke Zero 300ml Regular,Coca Cola,Beverages,36.63,292,10695.96,0.0
2025-11-25,SKU_1017,Coke Zero 300ml Regular,Coca Cola,Beverages,39.29,251,9861.79,0.0
2025-11-26,SKU_1017,Coke Zero 300ml Regular,Coca Cola,Beverages,46.07,173,7970.11,0.0
2025-11-27,SKU_1017,Coke Zero 300ml Regular,Coca Cola,Beverages,39.29,224,8800.96,0.0
2025-11-28,SKU_1017,Coke Zero 300ml Regular,Coca Cola,Beverages,37.76,244,9213.44,0.0
2025-11-29,SKU_1017,Coke Zero 300ml Regular,Coca Cola,Beverages,46.69,212,9898.28,0.0
2025-11-30,SKU_1017,Coke Zero 300ml Regular,Coca Cola,Beverages,40.94,274,11217.56,0.0
2025-12-01,SKU_1017,Coke Zero 300ml Regular,Coca Cola,Beverages,35.78,331,11843.18,0.0
2025-12-02,SKU_1017,Coke Zero 300ml Regular,Coca Cola,Beverages,49.21,211,10383.31,0.0
2025-12-03,SKU_1017,Coke Zero 300ml Regular,Coca Cola,Beverages,42.01,270,11342.7,10.0
2025-12-04,SKU_1017,Coke Zero 300ml Regular,Coca Cola,Beverages,30.93,442,13671.06,0.0
2025-12-05,SKU_1017,Coke Zero 300ml Regular,Coca Cola,Beverages,40.64,282,11460.48,0.0
2025-12-06,SKU_1017,Coke Zero 300ml Regular,Coca Cola,Beverages,37.6,375,14100.0,0.0
2025-12-07,SKU_1017,Coke Zero 300ml Regular,Coca Cola,Beverages,34.24,494,16914.56,10.0
2025-12-08,SKU_1017,Coke Zero 300ml Regular,Coca Cola,Beverages,38.6,306,11811.6,0.0
2025-12-09,SKU_1017,Coke Zero 300ml Regular,Coca Cola,Beverages,31.4,402,12622.8,5.0
2025-12-10,SKU_1017,Coke Zero 300ml Regular,Coca Cola,Beverages,44.84,244,10940.96,10.0
2025-12-11,SKU_1017,Coke Zero 300ml Regular,Coca Cola,Beverages,40.62,239,9708.18,5.0
2025-12-12,SKU_1017,Coke Zero 300ml Regular,Coca Cola,Beverages,45.39,198,8987.22,5.0
2025-12-13,SKU_1017,Coke Zero 300ml Regular,Coca Cola,Beverages,34.17,410,14009.7,10.0
2025-12-14,SKU_1017,Coke Zero 300ml Regular,Coca Cola,Beverages,36.12,364,13147.68,0.0
2025-12-15,SKU_1017,Coke Zero 300ml Regular,Coca Cola,Beverages,43.38,230,9977.4,0.0
2025-12-16,SKU_1017,Coke Zero 300ml Regular,Coca Cola,Beverages,47.01,196,9213.96,0.0
2025-12-17,SKU_1017,Coke Zero 300ml Regular,Coca Cola,Beverages,31.81,362,11515.22,0.0
2025-12-18,SKU_1017,Coke Zero 300ml Regular,Coca Cola,Beverages,50.15,182,9127.3,10.0
2025-12-19,SKU_1017,Coke Zero 300ml Regular,Coca Cola,Beverages,44.69,202,9027.38,0.0
2025-12-20,SKU_1017,Coke Zero 300ml Regular,Coca Cola,Beverages,40.81,294,11998.14,5.0
2025-12-21,SKU_1017,Coke Zero 300ml Regular,Coca Cola,Beverages,41.85,321,13433.85,5.0
2025-12-22,SKU_1017,Coke Zero 300ml Regular,Coca Cola,Beverages,49.92,184,9185.28,5.0
2025-12-23,SKU_1017,Coke Zero 300ml Regular,Coca Cola,Beverages,39.6,283,11206.8,0.0
2025-12-24,SKU_1017,Coke Zero 300ml Regular,Coca Cola,Beverages,43.96,212,9319.52,10.0
2025-12-25,SKU_1017,Coke Zero 300ml Regular,Coca Cola,Beverages,39.75,257,10215.75,5.0
2025-12-26,SKU_1017,Coke Zero 300ml Regular,Coca Cola,Beverages,39.83,238,9479.54,0.0
2025-12-27,SKU_1017,Coke Zero 300ml Regular,Coca Cola,Beverages,42.11,269,11327.59,5.0
2025-12-28,SKU_1017,Coke Zero 300ml Regular,Coca Cola,Beverages,33.66,395,13295.7,10.0
2025-12-29,SKU_1017,Coke Zero 300ml Regular,Coca Cola,Beverages,47.12,188,8858.56,10.0
2025-12-30,SKU_1017,Coke Zero 300ml Regular,Coca Cola,Beverages,37.18,287,10670.66,10.0
2025-12-31,SKU_1017,Coke Zero 300ml Regular,Coca Cola,Beverages,48.78,168,8195.04,0.0
2026-01-01,SKU_1017,Coke Zero 300ml Regular,Coca Cola,Beverages,31.13,478,14880.14,0.0
2026-01-02,SKU_1017,Coke Zero 300ml Regular,Coca Cola,Beverages,47.07,254,11955.78,0.0
2026-01-03,SKU_1017,Coke Zero 300ml Regular,Coca Cola,Beverages,48.33,290,14015.7,0.0
2026-01-04,SKU_1017,Coke Zero 300ml Regular,Coca Cola,Beverages,41.05,348,14285.4,0.0
2026-01-05,SKU_1017,Coke Zero 300ml Regular,Coca Cola,Beverages,35.32,379,13386.28,5.0
2026-01-06,SKU_1017,Coke Zero 300ml Regular,Coca Cola,Beverages,43.04,280,12051.2,10.0
2026-01-07,SKU_1017,Coke Zero 300ml Regular,Coca Cola,Beverages,45.35,248,11246.8,0.0
2026-01-08,SKU_1017,Coke Zero 300ml Regular,Coca Cola,Beverages,41.76,276,11525.76,0.0
2026-01-09,SKU_1017,Coke Zero 300ml Regular,Coca Cola,Beverages,38.7,344,13312.8,0.0
2026-01-10,SKU_1017,Coke Zero 300ml Regular,Coca Cola,Beverages,44.36,357,15836.52,0.0
2026-01-11,SKU_1017,Coke Zero 300ml Regular,Coca Cola,Beverages,35.95,409,14703.55,0.0
2026-01-12,SKU_1017,Coke Zero 300ml Regular,Coca Cola,Beverages,37.0,310,11470.0,10.0
2026-01-13,SKU_1017,Coke Zero 300ml Regular,Coca Cola,Beverages,47.66,214,10199.24,5.0
2026-01-14,SKU_1017,Coke Zero 300ml Regular,Coca Cola,Beverages,48.18,197,9491.46,0.0
2026-01-15,SKU_1017,Coke Zero 300ml Regular,Coca Cola,Beverages,48.0,194,9312.0,0.0
2026-01-16,SKU_1017,Coke Zero 300ml Regular,Coca Cola,Beverages,48.3,201,9708.3,10.0
2026-01-17,SKU_1017,Coke Zero 300ml Regular,Coca Cola,Beverages,36.7,402,14753.4,5.0
2026-01-18,SKU_1017,Coke Zero 300ml Regular,Coca Cola,Beverages,49.36,233,11500.88,0.0
2026-01-19,SKU_1017,Coke Zero 300ml Regular,Coca Cola,Beverages,37.46,328,12286.88,0.0
2026-01-20,SKU_1017,Coke Zero 300ml Regular,Coca Cola,Beverages,38.34,289,11080.26,0.0
2026-01-21,SKU_1017,Coke Zero 300ml Regular,Coca Cola,Beverages,38.92,290,11286.8,5.0
2026-01-22,SKU_1017,Coke Zero 300ml Regular,Coca Cola,Beverages,48.85,212,10356.2,0.0
2026-01-23,SKU_1017,Coke Zero 300ml Regular,Coca Cola,Beverages,40.55,296,12002.8,0.0
2026-01-24,SKU_1017,Coke Zero 300ml Regular,Coca Cola,Beverages,39.74,336,13352.64,5.0
2026-01-25,SKU_1017,Coke Zero 300ml Regular,Coca Cola,Beverages,35.64,425,15147.0,0.0
2026-01-26,SKU_1017,Coke Zero 300ml Regular,Coca Cola,Beverages,33.51,363,12164.13,0.0
2026-01-27,SKU_1017,Coke Zero 300ml Regular,Coca Cola,Beverages,45.84,200,9168.0,5.0
2026-01-28,SKU_1017,Coke Zero 300ml Regular,Coca Cola,Beverages,42.28,243,10274.04,0.0
2026-01-29,SKU_1017,Coke Zero 300ml Regular,Coca Cola,Beverages,49.37,194,9577.78,0.0
2026-01-30,SKU_1017,Coke Zero 300ml Regular,Coca Cola,Beverages,40.75,261,10635.75,5.0
2026-01-31,SKU_1017,Coke Zero 300ml Regular,Coca Cola,Beverages,41.7,305,12718.5,0.0
2026-02-01,SKU_1017,Coke Zero 300ml Regular,Coca Cola,Beverages,32.65,546,17826.9,10.0
2026-02-02,SKU_1017,Coke Zero 300ml Regular,Coca Cola,Beverages,41.04,309,12681.36,0.0
2026-02-03,SKU_1017,Coke Zero 300ml Regular,Coca Cola,Beverages,30.76,525,16149.0,0.0
2026-02-04,SKU_1017,Coke Zero 300ml Regular,Coca Cola,Beverages,30.99,511,15835.89,0.0
2026-02-05,SKU_1017,Coke Zero 300ml Regular,Coca Cola,Beverages,41.24,340,14021.6,0.0
2026-02-06,SKU_1017,Coke Zero 300ml Regular,Coca Cola,Beverages,40.13,313,12560.69,5.0
2026-02-07,SKU_1017,Coke Zero 300ml Regular,Coca Cola,Beverages,41.49,415,17218.35,0.0
2026-02-08,SKU_1017,Coke Zero 300ml Regular,Coca Cola,Beverages,50.49,286,14440.14,0.0
2026-02-09,SKU_1017,Coke Zero 300ml Regular,Coca Cola,Beverages,36.81,408,15018.48,5.0
2026-02-10,SKU_1017,Coke Zero 300ml Regular,Coca Cola,Beverages,34.2,442,15116.4,0.0
2026-02-11,SKU_1017,Coke Zero 300ml Regular,Coca Cola,Beverages,38.54,292,11253.68,5.0
2026-02-12,SKU_1017,Coke Zero 300ml Regular,Coca Cola,Beverages,37.36,318,11880.48,5.0
2026-02-13,SKU_1017,Coke Zero 300ml Regular,Coca Cola,Beverages,44.21,267,11804.07,0.0
2026-02-14,SKU_1017,Coke Zero 300ml Regular,Coca Cola,Beverages,35.75,463,16552.25,5.0
2026-02-15,SKU_1017,Coke Zero 300ml Regular,Coca Cola,Beverages,31.45,549,17266.05,0.0
2026-02-16,SKU_1017,Coke Zero 300ml Regular,Coca Cola,Beverages,31.76,457,14514.32,10.0
2026-02-17,SKU_1017,Coke Zero 300ml Regular,Coca Cola,Beverages,45.83,244,11182.52,0.0
2026-02-18,SKU_1017,Coke Zero 300ml Regular,Coca Cola,Beverages,46.99,234,10995.66,0.0
2026-02-19,SKU_1017,Coke Zero 300ml Regular,Coca Cola,Beverages,49.93,215,10734.95,0.0
2026-02-20,SKU_1017,Coke Zero 300ml Regular,Coca Cola,Beverages,49.03,216,10590.48,0.0
2026-02-21,SKU_1017,Coke Zero 300ml Regular,Coca Cola,Beverages,32.7,520,17004.0,10.0
2026-02-22,SKU_1017,Coke Zero 300ml Regular,Coca Cola,Beverages,32.9,520,17108.0,5.0
2026-02-23,SKU_1017,Coke Zero 300ml Regular,Coca Cola,Beverages,40.09,304,12187.36,0.0
2026-02-24,SKU_1017,Coke Zero 300ml Regular,Coca Cola,Beverages,30.54,444,13559.76,0.0
2026-02-25,SKU_1017,Coke Zero 300ml Regular,Coca Cola,Beverages,40.27,316,12725.32,0.0
2026-02-26,SKU_1017,Coke Zero 300ml Regular,Coca Cola,Beverages,38.09,290,11046.1,0.0
2026-02-27,SKU_1017,Coke Zero 300ml Regular,Coca Cola,Beverages,44.79,229,10256.91,0.0
2026-02-28,SKU_1017,Coke Zero 300ml Regular,Coca Cola,Beverages,36.38,391,14224.58,5.0
2026-03-01,SKU_1017,Coke Zero 300ml Regular,Coca Cola,Beverages,34.74,581,20183.94,0.0
2026-03-02,SKU_1017,Coke Zero 300ml Regular,Coca Cola,Beverages,32.98,467,15401.66,0.0
2026-03-03,SKU_1017,Coke Zero 300ml Regular,Coca Cola,Beverages,30.86,509,15707.74,10.0
2026-03-04,SKU_1017,Coke Zero 300ml Regular,Coca Cola,Beverages,46.12,266,12267.92,10.0
2026-03-05,SKU_1017,Coke Zero 300ml Regular,Coca Cola,Beverages,31.95,500,15975.0,0.0
2026-03-06,SKU_1017,Coke Zero 300ml Regular,Coca Cola,Beverages,30.54,509,15544.86,0.0
2026-03-07,SKU_1017,Coke Zero 300ml Regular,Coca Cola,Beverages,46.67,354,16521.18,0.0
2026-03-08,SKU_1017,Coke Zero 300ml Regular,Coca Cola,Beverages,48.84,333,16263.72,0.0
2026-03-09,SKU_1017,Coke Zero 300ml Regular,Coca Cola,Beverages,44.15,280,12362.0,10.0
2026-03-10,SKU_1017,Coke Zero 300ml Regular,Coca Cola,Beverages,47.43,513,24331.59,0.0
2026-03-11,SKU_1017,Coke Zero 300ml Regular,Coca Cola,Beverages,35.04,656,22986.24,0.0
2026-03-12,SKU_1017,Coke Zero 300ml Regular,Coca Cola,Beverages,50.17,365,18312.05,0.0
2026-03-13,SKU_1017,Coke Zero 300ml Regular,Coca Cola,Beverages,34.62,586,20287.32,0.0
2026-03-14,SKU_1017,Coke Zero 300ml Regular,Coca Cola,Beverages,31.68,853,27023.04,0.0
2026-03-15,SKU_1017,Coke Zero 300ml Regular,Coca Cola,Beverages,47.22,378,17849.16,0.0
2026-03-16,SKU_1017,Coke Zero 300ml Regular,Coca Cola,Beverages,41.55,575,23891.25,5.0
2026-03-17,SKU_1017,Coke Zero 300ml Regular,Coca Cola,Beverages,30.52,869,26521.88,0.0
2026-03-18,SKU_1017,Coke Zero 300ml Regular,Coca Cola,Beverages,43.87,411,18030.57,0.0
2026-03-19,SKU_1017,Coke Zero 300ml Regular,Coca Cola,Beverages,39.63,316,12523.08,0.0
2026-03-20,SKU_1017,Coke Zero 300ml Regular,Coca Cola,Beverages,34.15,413,14103.95,0.0
2026-03-21,SKU_1017,Coke Zero 300ml Regular,Coca Cola,Beverages,49.9,260,12974.0,5.0
2026-03-22,SKU_1017,Coke Zero 300ml Regular,Coca Cola,Beverages,40.34,357,14401.38,0.0
2026-03-23,SKU_1017,Coke Zero 300ml Regular,Coca Cola,Beverages,41.64,288,11992.32,0.0
2026-03-24,SKU_1017,Coke Zero 300ml Regular,Coca Cola,Beverages,33.25,411,13665.75,0.0
2026-03-25,SKU_1017,Coke Zero 300ml Regular,Coca Cola,Beverages,37.09,349,12944.41,0.0
2026-03-26,SKU_1017,Coke Zero 300ml Regular,Coca Cola,Beverages,42.18,237,9996.66,5.0
2026-03-27,SKU_1017,Coke Zero 300ml Regular,Coca Cola,Beverages,45.72,230,10515.6,0.0
2026-03-28,SKU_1017,Coke Zero 300ml Regular,Coca Cola,Beverages,37.74,357,13473.18,5.0
2026-03-29,SKU_1017,Coke Zero 300ml Regular,Coca Cola,Beverages,45.6,298,13588.8,0.0
2026-03-30,SKU_1017,Coke Zero 300ml Regular,Coca Cola,Beverages,35.19,332,11683.08,0.0
2026-03-31,SKU_1017,Coke Zero 300ml Regular,Coca Cola,Beverages,34.05,363,12360.15,0.0
2026-04-01,SKU_1017,Coke Zero 300ml Regular,Coca Cola,Beverages,33.47,463,15496.61,0.0
2026-04-02,SKU_1017,Coke Zero 300ml Regular,Coca Cola,Beverages,44.43,301,13373.43,0.0
2026-04-03,SKU_1017,Coke Zero 300ml Regular,Coca Cola,Beverages,38.15,378,14420.7,5.0
2026-04-04,SKU_1017,Coke Zero 300ml Regular,Coca Cola,Beverages,41.7,385,16054.5,10.0
2026-04-05,SKU_1017,Coke Zero 300ml Regular,Coca Cola,Beverages,31.92,671,21418.32,5.0
2026-04-06,SKU_1017,Coke Zero 300ml Regular,Coca Cola,Beverages,31.91,524,16720.84,5.0
2026-04-07,SKU_1017,Coke Zero 300ml Regular,Coca Cola,Beverages,48.94,247,12088.18,0.0
2026-04-08,SKU_1017,Coke Zero 300ml Regular,Coca Cola,Beverages,37.83,391,14791.53,10.0
2026-04-09,SKU_1017,Coke Zero 300ml Regular,Coca Cola,Beverages,48.16,278,13388.48,5.0
2026-04-10,SKU_1017,Coke Zero 300ml Regular,Coca Cola,Beverages,45.29,273,12364.17,0.0
2026-04-11,SKU_1017,Coke Zero 300ml Regular,Coca Cola,Beverages,43.87,327,14345.49,0.0
2026-04-12,SKU_1017,Coke Zero 300ml Regular,Coca Cola,Beverages,39.85,362,14425.7,0.0
2026-04-13,SKU_1017,Coke Zero 300ml Regular,Coca Cola,Beverages,34.2,412,14090.4,0.0
2026-04-14,SKU_1017,Coke Zero 300ml Regular,Coca Cola,Beverages,39.51,304,12011.04,0.0
2026-04-15,SKU_1017,Coke Zero 300ml Regular,Coca Cola,Beverages,38.1,348,13258.8,0.0
2026-04-16,SKU_1017,Coke Zero 300ml Regular,Coca Cola,Beverages,45.48,241,10960.68,0.0
2026-04-17,SKU_1017,Coke Zero 300ml Regular,Coca Cola,Beverages,32.71,409,13378.39,0.0
2026-04-18,SKU_1017,Coke Zero 300ml Regular,Coca Cola,Beverages,48.95,279,13657.05,5.0
2026-04-19,SKU_1017,Coke Zero 300ml Regular,Coca Cola,Beverages,41.12,371,15255.52,0.0
2026-04-20,SKU_1017,Coke Zero 300ml Regular,Coca Cola,Beverages,37.74,350,13209.0,0.0
2026-04-21,SKU_1017,Coke Zero 300ml Regular,Coca Cola,Beverages,40.92,279,11416.68,0.0
2026-04-22,SKU_1017,Coke Zero 300ml Regular,Coca Cola,Beverages,32.94,420,13834.8,0.0
2026-04-23,SKU_1017,Coke Zero 300ml Regular,Coca Cola,Beverages,49.27,212,10445.24,0.0
2026-04-24,SKU_1017,Coke Zero 300ml Regular,Coca Cola,Beverages,47.92,236,11309.12,5.0
2026-04-25,SKU_1017,Coke Zero 300ml Regular,Coca Cola,Beverages,35.35,435,15377.25,10.0
2026-04-26,SKU_1017,Coke Zero 300ml Regular,Coca Cola,Beverages,32.39,497,16097.83,0.0
2026-04-27,SKU_1017,Coke Zero 300ml Regular,Coca Cola,Beverages,34.37,343,11788.91,0.0
2026-04-28,SKU_1017,Coke Zero 300ml Regular,Coca Cola,Beverages,40.48,277,11212.96,0.0
2026-04-29,SKU_1017,Coke Zero 300ml Regular,Coca Cola,Beverages,32.62,375,12232.5,5.0
2026-04-30,SKU_1017,Coke Zero 300ml Regular,Coca Cola,Beverages,40.14,273,10958.22,0.0
2026-05-01,SKU_1017,Coke Zero 300ml Regular,Coca Cola,Beverages,46.88,257,12048.16,0.0
2026-05-02,SKU_1017,Coke Zero 300ml Regular,Coca Cola,Beverages,46.67,348,16241.16,5.0
2026-05-03,SKU_1017,Coke Zero 300ml Regular,Coca Cola,Beverages,41.57,419,17417.83,0.0
2026-05-04,SKU_1017,Coke Zero 300ml Regular,Coca Cola,Beverages,38.67,348,13457.16,0.0
2026-05-05,SKU_1017,Coke Zero 300ml Regular,Coca Cola,Beverages,43.8,300,13140.0,0.0
2026-05-06,SKU_1017,Coke Zero 300ml Regular,Coca Cola,Beverages,43.26,298,12891.48,0.0
2026-05-07,SKU_1017,Coke Zero 300ml Regular,Coca Cola,Beverages,48.67,255,12410.85,0.0
2026-05-08,SKU_1017,Coke Zero 300ml Regular,Coca Cola,Beverages,32.06,490,15709.4,0.0
2026-05-09,SKU_1017,Coke Zero 300ml Regular,Coca Cola,Beverages,45.63,363,16563.69,5.0
2026-05-10,SKU_1017,Coke Zero 300ml Regular,Coca Cola,Beverages,40.34,448,18072.32,0.0
2026-05-11,SKU_1017,Coke Zero 300ml Regular,Coca Cola,Beverages,35.75,354,12655.5,0.0
2026-05-12,SKU_1017,Coke Zero 300ml Regular,Coca Cola,Beverages,48.51,231,11205.81,0.0
2026-05-13,SKU_1017,Coke Zero 300ml Regular,Coca Cola,Beverages,44.2,266,11757.2,0.0
2026-05-14,SKU_1017,Coke Zero 300ml Regular,Coca Cola,Beverages,32.13,445,14297.85,0.0
2026-05-15,SKU_1017,Coke Zero 300ml Regular,Coca Cola,Beverages,36.82,324,11929.68,0.0
2026-05-16,SKU_1017,Coke Zero 300ml Regular,Coca Cola,Beverages,35.17,451,15861.67,10.0
2026-05-17,SKU_1017,Coke Zero 300ml Regular,Coca Cola,Beverages,35.41,439,15544.99,5.0
2026-05-18,SKU_1017,Coke Zero 300ml Regular,Coca Cola,Beverages,33.06,391,12926.46,0.0
