customer_data/sales_history.csv
date,product_id,product_name,brand,category,selling_price,units_sold,revenue,promotion_discount_pct
2025-11-20,SKU_1018,Coke Zero 300ml Value,Coca Cola,Beverages,47.16,240,11318.4,0.0
2025-11-21,SKU_1018,Coke Zero 300ml Value,Coca Cola,Beverages,54.56,222,12112.32,10.0
2025-11-22,SKU_1018,Coke Zero 300ml Value,Coca Cola,Beverages,54.81,256,14031.36,0.0
2025-11-23,SKU_1018,Coke Zero 300ml Value,Coca Cola,Beverages,54.51,252,13736.52,0.0
2025-11-24,SKU_1018,Coke Zero 300ml Value,Coca Cola,Beverages,39.59,291,11520.69,0.0
2025-11-25,SKU_1018,Coke Zero 300ml Value,Coca Cola,Beverages,56.04,199,11151.96,0.0
2025-11-26,SKU_1018,Coke Zero 300ml Value,Coca Cola,Beverages,37.96,266,10097.36,0.0
2025-11-27,SKU_1018,Coke Zero 300ml Value,Coca Cola,Beverages,57.28,186,10654.08,10.0
2025-11-28,SKU_1018,Coke Zero 300ml Value,Coca Cola,Beverages,42.58,252,10730.16,0.0
2025-11-29,SKU_1018,Coke Zero 300ml Value,Coca Cola,Beverages,49.24,275,13541.0,0.0
2025-11-30,SKU_1018,Coke Zero 300ml Value,Coca Cola,Beverages,42.09,334,14058.06,0.0
2025-12-01,SKU_1018,Coke Zero 300ml Value,Coca Cola,Beverages,43.94,320,14060.8,10.0
2025-12-02,SKU_1018,Coke Zero 300ml Value,Coca Cola,Beverages,36.82,369,13586.58,0.0
2025-12-03,SKU_1018,Coke Zero 300ml Value,Coca Cola,Beverages,44.97,307,13805.79,0.0
2025-12-04,SKU_1018,Coke Zero 300ml Value,Coca Cola,Beverages,38.19,378,14435.82,0.0
2025-12-05,SKU_1018,Coke Zero 300ml Value,Coca Cola,Beverages,41.72,340,14184.8,5.0
2025-12-06,SKU_1018,Coke Zero 300ml Value,Coca Cola,Beverages,55.93,308,17226.44,0.0
2025-12-07,SKU_1018,Coke Zero 300ml Value,Coca Cola,Beverages,54.42,322,17523.24,10.0
2025-12-08,SKU_1018,Coke Zero 300ml Value,Coca Cola,Beverages,45.06,322,14509.32,0.0
2025-12-09,SKU_1018,Coke Zero 300ml Value,Coca Cola,Beverages,43.58,324,14119.92,0.0
2025-12-10,SKU_1018,Coke Zero 300ml Value,Coca Cola,Beverages,54.53,249,13577.97,0.0
2025-12-11,SKU_1018,Coke Zero 300ml Value,Coca Cola,Beverages,43.78,277,12127.06,5.0
2025-12-12,SKU_1018,Coke Zero 300ml Value,Coca Cola,Beverages,56.29,227,12777.83,10.0
2025-12-13,SKU_1018,Coke Zero 300ml Value,Coca Cola,Beverages,49.66,313,15543.58,5.0
2025-12-14,SKU_1018,Coke Zero 300ml Value,Coca Cola,Beverages,58.36,245,14298.2,0.0
2025-12-15,SKU_1018,Coke Zero 300ml Value,Coca Cola,Beverages,42.06,302,12702.12,0.0
2025-12-16,SKU_1018,Coke Zero 300ml Value,Coca Cola,Beverages,56.43,227,12809.61,5.0
2025-12-17,SKU_1018,Coke Zero 300ml Value,Coca Cola,Beverages,46.51,250,11627.5,10.0
2025-12-18,SKU_1018,Coke Zero 300ml Value,Coca Cola,Beverages,47.06,253,11906.18,0.0
2025-12-19,SKU_1018,Coke Zero 300ml Value,Coca Cola,Beverages,43.5,297,12919.5,0.0
2025-12-20,SKU_1018,Coke Zero 300ml Value,Coca Cola,Beverages,38.26,430,16451.8,0.0
2025-12-21,SKU_1018,Coke Zero 300ml Value,Coca Cola,Beverages,46.81,338,15821.78,10.0
2025-12-22,SKU_1018,Coke Zero 300ml Value,Coca Cola,Beverages,38.6,320,12352.0,0.0
2025-12-23,SKU_1018,Coke Zero 300ml Value,Coca Cola,Beverages,38.61,349,13474.89,0.0
2025-12-24,SKU_1018,Coke Zero 300ml Value,Coca Cola,Beverages,56.03,221,12382.63,0.0
2025-12-25,SKU_1018,Coke Zero 300ml Value,Coca Cola,Beverages,41.86,321,13437.06,0.0
2025-12-26,SKU_1018,Coke Zero 300ml Value,Coca Cola,Beverages,44.8,242,10841.6,5.0
2025-12-27,SKU_1018,Coke Zero 300ml Value,Coca Cola,Beverages,50.1,301,15080.1,10.0
2025-12-28,SKU_1018,Coke Zero 300ml Value,Coca Cola,Beverages,36.52,382,13950.64,10.0
2025-12-29,SKU_1018,Coke Zero 300ml Value,Coca Cola,Beverages,59.22,182,10778.04,0.0
2025-12-30,SKU_1018,Coke Zero 300ml Value,Coca Cola,Beverages,39.18,299,11714.82,0.0
2025-12-31,SKU_1018,Coke Zero 300ml Value,Coca Cola,Beverages,57.36,198,11357.28,0.0
2026-01-01,SKU_1018,Coke Zero 300ml Value,Coca Cola,Beverages,60.58,246,14902.68,0.0
2026-01-02,SKU_1018,Coke Zero 300ml Value,Coca Cola,Beverages,38.23,418,15980.14,0.0
2026-01-03,SKU_1018,Coke Zero 300ml Value,Coca Cola,Beverages,46.33,389,18022.37,0.0
2026-01-04,SKU_1018,Coke Zero 300ml Value,Coca Cola,Beverages,49.98,360,17992.8,0.0
2026-01-05,SKU_1018,Coke Zero 300ml Value,Coca Cola,Beverages,38.53,364,14024.92,0.0
2026-01-06,SKU_1018,Coke Zero 300ml Value,Coca Cola,Beverages,47.35,330,15625.5,0.0
2026-01-07,SKU_1018,Coke Zero 300ml Value,Coca Cola,Beverages,50.33,317,15954.61,0.0
2026-01-08,SKU_1018,Coke Zero 300ml Value,Coca Cola,Beverages,43.39,337,14622.43,0.0
2026-01-09,SKU_1018,Coke Zero 300ml Value,Coca Cola,Beverages,40.31,359,14471.29,0.0
2026-01-10,SKU_1018,Coke Zero 300ml Value,Coca Cola,Beverages,43.35,455,19724.25,0.0
2026-01-11,SKU_1018,Coke Zero 300ml Value,Coca Cola,Beverages,58.42,297,17350.74,10.0
2026-01-12,SKU_1018,Coke Zero 300ml Value,Coca Cola,Beverages,42.07,332,13967.24,5.0
2026-01-13,SKU_1018,Coke Zero 300ml Value,Coca Cola,Beverages,44.4,283,12565.2,0.0
2026-01-14,SKU_1018,Coke Zero 300ml Value,Coca Cola,Beverages,57.56,232,13353.92,0.0
2026-01-15,SKU_1018,Coke Zero 300ml Value,Coca Cola,Beverages,40.43,328,13261.04,5.0
2026-01-16,SKU_1018,Coke Zero 300ml Value,Coca Cola,Beverages,43.4,318,13801.2,0.0
2026-01-17,SKU_1018,Coke Zero 300ml Value,Coca Cola,Beverages,47.44,376,17837.44,0.0
2026-01-18,SKU_1018,Coke Zero 300ml Value,Coca Cola,Beverages,37.76,439,16576.64,0.0
2026-01-19,SKU_1018,Coke Zero 300ml Value,Coca Cola,Beverages,48.13,278,13380.14,0.0
2026-01-20,SKU_1018,Coke Zero 300ml Value,Coca Cola,Beverages,44.1,316,13935.6,5.0
2026-01-21,SKU_1018,Coke Zero 300ml Value,Coca Cola,Beverages,57.67,245,14129.15,10.0
2026-01-22,SKU_1018,Coke Zero 300ml Value,Coca Cola,Beverages,55.98,251,14050.98,5.0
2026-01-23,SKU_1018,Coke Zero 300ml Value,Coca Cola,Beverages,49.8,283,14093.4,0.0
2026-01-24,SKU_1018,Coke Zero 300ml Value,Coca Cola,Beverages,43.8,383,16775.4,0.0
2026-01-25,SKU_1018,Coke Zero 300ml Value,Coca Cola,Beverages,44.12,385,16986.2,0.0
2026-01-26,SKU_1018,Coke Zero 300ml Value,Coca Cola,Beverages,43.36,303,13138.08,10.0
2026-01-27,SKU_1018,Coke Zero 300ml Value,Coca Cola,Beverages,44.02,264,11621.28,0.0
2026-01-28,SKU_1018,Coke Zero 300ml Value,Coca Cola,Beverages,49.22,234,11517.48,0.0
2026-01-29,SKU_1018,Coke Zero 300ml Value,Coca Cola,Beverages,39.11,306,11967.66,0.0
2026-01-30,SKU_1018,Coke Zero 300ml Value,Coca Cola,Beverages,47.7,257,12258.9,5.0
2026-01-31,SKU_1018,Coke Zero 300ml Value,Coca Cola,Beverages,55.85,284,15861.4,5.0
2026-02-01,SKU_1018,Coke Zero 300ml Value,Coca Cola,Beverages,46.78,414,19366.92,0.0
2026-02-02,SKU_1018,Coke Zero 300ml Value,Coca Cola,Beverages,44.11,376,16585.36,5.0
2026-02-03,SKU_1018,Coke Zero 300ml Value,Coca Cola,Beverages,37.69,399,15038.31,0.0
2026-02-04,SKU_1018,Coke Zero 300ml Value,Coca Cola,Beverages,55.75,283,15777.25,0.0
2026-02-05,SKU_1018,Coke Zero 300ml Value,Coca Cola,Beverages,39.61,393,15566.73,0.0
2026-02-06,SKU_1018,Coke Zero 300ml Value,Coca Cola,Beverages,59.07,281,16598.67,0.0
2026-02-07,SKU_1018,Coke Zero 300ml Value,Coca Cola,Beverages,53.66,370,19854.2,5.0
2026-02-08,SKU_1018,Coke Zero 300ml Value,Coca Cola,Beverages,49.06,436,21390.16,0.0
2026-02-09,SKU_1018,Coke Zero 300ml Value,Coca Cola,Beverages,59.88,255,15269.4,0.0
2026-02-10,SKU_1018,Coke Zero 300ml Value,Coca Cola,Beverages,56.13,273,15323.49,0.0
2026-02-11,SKU_1018,Coke Zero 300ml Value,Coca Cola,Beverages,41.61,349,14521.89,0.0
2026-02-12,SKU_1018,Coke Zero 300ml Value,Coca Cola,Beverages,46.26,323,14941.98,0.0
2026-02-13,SKU_1018,Coke Zero 300ml Value,Coca Cola,Beverages,38.59,370,14278.3,5.0
2026-02-14,SKU_1018,Coke Zero 300ml Value,Coca Cola,Beverages,58.73,314,18441.22,0.0
2026-02-15,SKU_1018,Coke Zero 300ml Value,Coca Cola,Beverages,40.23,436,17540.28,0.0
2026-02-16,SKU_1018,Coke Zero 300ml Value,Coca Cola,Beverages,51.46,261,13431.06,0.0
2026-02-17,SKU_1018,Coke Zero 300ml Value,Coca Cola,Beverages,59.94,247,14805.18,10.0
2026-02-18,SKU_1018,Coke Zero 300ml Value,Coca Cola,Beverages,40.48,336,13601.28,0.0
2026-02-19,SKU_1018,Coke Zero 300ml Value,Coca Cola,Beverages,38.5,396,15246.0,5.0
2026-02-20,SKU_1018,Coke Zero 300ml Value,Coca Cola,Beverages,41.13,346,14230.98,0.0
2026-02-21,SKU_1018,Coke Zero 300ml Value,Coca Cola,Beverages,47.33,383,18127.39,0.0
2026-02-22,SKU_1018,Coke Zero 300ml Value,Coca Cola,Beverages,38.17,456,17405.52,0.0
2026-02-23,SKU_1018,Coke Zero 300ml Value,Coca Cola,Beverages,59.05,253,14939.65,0.0
2026-02-24,SKU_1018,Coke Zero 300ml Value,Coca Cola,Beverages,55.4,239,13240.6,5.0
2026-02-25,SKU_1018,Coke Zero 300ml Value,Coca Cola,Beverages,44.37,331,14686.47,10.0
2026-02-26,SKU_1018,Coke Zero 300ml Value,Coca Cola,Beverages,43.11,319,13752.09,0.0
2026-02-27,SKU_1018,Coke Zero 300ml Value,Coca Cola,Beverages,51.82,234,12125.88,5.0
2026-02-28,SKU_1018,Coke Zero 300ml Value,Coca Cola,Beverages,58.5,292,17082.0,5.0
2026-03-01,SKU_1018,Coke Zero 300ml Value,Coca Cola,Beverages,38.31,551,21108.81,0.0
2026-03-02,SKU_1018,Coke Zero 300ml Value,Coca Cola,Beverages,43.79,376,16465.04,5.0
2026-03-03,SKU_1018,Coke Zero 300ml Value,Coca Cola,Beverages,40.79,416,16968.64,10.0
2026-03-04,SKU_1018,Coke Zero 300ml Value,Coca Cola,Beverages,59.69,276,16474.44,5.0
2026-03-05,SKU_1018,Coke Zero 300ml Value,Coca Cola,Beverages,38.44,446,17144.24,0.0
2026-03-06,SKU_1018,Coke Zero 300ml Value,Coca Cola,Beverages,44.69,393,17563.17,0.0
2026-03-07,SKU_1018,Coke Zero 300ml Value,Coca Cola,Beverages,46.98,426,20013.48,0.0
2026-03-08,SKU_1018,Coke Zero 300ml Value,Coca Cola,Beverages,41.07,533,21890.31,0.0
2026-03-09,SKU_1018,Coke Zero 300ml Value,Coca Cola,Beverages,42.88,407,17452.16,0.0
2026-03-10,SKU_1018,Coke Zero 300ml Value,Coca Cola,Beverages,44.24,546,24155.04,5.0
2026-03-11,SKU_1018,Coke Zero 300ml Value,Coca Cola,Beverages,59.05,459,27103.95,0.0
2026-03-12,SKU_1018,Coke Zero 300ml Value,Coca Cola,Beverages,40.06,571,22874.26,0.0
2026-03-13,SKU_1018,Coke Zero 300ml Value,Coca Cola,Beverages,58.3,426,24835.8,10.0
2026-03-14,SKU_1018,Coke Zero 300ml Value,Coca Cola,Beverages,48.37,625,30231.25,5.0
2026-03-15,SKU_1018,Coke Zero 300ml Value,Coca Cola,Beverages,36.52,923,33707.96,0.0
2026-03-16,SKU_1018,Coke Zero 300ml Value,Coca Cola,Beverages,42.01,536,22517.36,10.0
2026-03-17,SKU_1018,Coke Zero 300ml Value,Coca Cola,Beverages,52.05,359,18685.95,0.0
2026-03-18,SKU_1018,Coke Zero 300ml Value,Coca Cola,Beverages,42.04,489,20557.56,5.0
2026-03-19,SKU_1018,Coke Zero 300ml Value,Coca Cola,Beverages,57.11,253,14448.83,0.0
2026-03-20,SKU_1018,Coke Zero 300ml Value,Coca Cola,Beverages,46.53,337,15680.61,0.0
2026-03-21,SKU_1018,Coke Zero 300ml Value,Coca Cola,Beverages,41.3,430,17759.0,0.0
2026-03-22,SKU_1018,Coke Zero 300ml Value,Coca Cola,Beverages,43.52,404,17582.08,0.0
2026-03-23,SKU_1018,Coke Zero 300ml Value,Coca Cola,Beverages,45.64,341,15563.24,10.0
2026-03-24,SKU_1018,Coke Zero 300ml Value,Coca Cola,Beverages,51.37,281,14434.97,0.0
2026-03-25,SKU_1018,Coke Zero 300ml Value,Coca Cola,Beverages,59.12,230,13597.6,10.0
2026-03-26,SKU_1018,Coke Zero 300ml Value,Coca Cola,Beverages,41.53,324,13455.72,5.0
2026-03-27,SKU_1018,Coke Zero 300ml Value,Coca Cola,Beverages,51.38,240,12331.2,0.0
2026-03-28,SKU_1018,Coke Zero 300ml Value,Coca Cola,Beverages,46.22,366,16916.52,5.0
2026-03-29,SKU_1018,Coke Zero 300ml Value,Coca Cola,Beverages,53.38,314,16761.32,5.0
2026-03-30,SKU_1018,Coke Zero 300ml Value,Coca Cola,Beverages,44.21,283,12511.43,0.0
2026-03-31,SKU_1018,Coke Zero 300ml Value,Coca Cola,Beverages,46.8,268,12542.4,0.0
2026-04-01,SKU_1018,Coke Zero 300ml Value,Coca Cola,Beverages,59.44,280,16643.2,0.0
2026-04-02,SKU_1018,Coke Zero 300ml Value,Coca Cola,Beverages,44.13,399,17607.87,0.0
2026-04-03,SKU_1018,Coke Zero 300ml Value,Coca Cola,Beverages,48.52,339,16448.28,10.0
2026-04-04,SKU_1018,Coke Zero 300ml Value,Coca Cola,Beverages,56.15,392,22010.8,0.0
2026-04-05,SKU_1018,Coke Zero 300ml Value,Coca Cola,Beverages,52.77,373,19683.21,0.0
2026-04-06,SKU_1018,Coke Zero 300ml Value,Coca Cola,Beverages,50.18,348,17462.64,0.0
2026-04-07,SKU_1018,Coke Zero 300ml Value,Coca Cola,Beverages,39.74,413,16412.62,0.0
2026-04-08,SKU_1018,Coke Zero 300ml Value,Coca Cola,Beverages,57.86,269,15564.34,0.0
2026-04-09,SKU_1018,Coke Zero 300ml Value,Coca Cola,Beverages,54.71,305,16686.55,10.0
2026-04-10,SKU_1018,Coke Zero 300ml Value,Coca Cola,Beverages,47.28,333,15744.24,0.0
2026-04-11,SKU_1018,Coke Zero 300ml Value,Coca Cola,Beverages,56.33,316,17800.28,0.0
2026-04-12,SKU_1018,Coke Zero 300ml Value,Coca Cola,Beverages,49.56,378,18733.68,5.0
2026-04-13,SKU_1018,Coke Zero 300ml Value,Coca Cola,Beverages,53.49,290,15512.1,10.0
2026-04-14,SKU_1018,Coke Zero 300ml Value,Coca Cola,Beverages,49.33,292,14404.36,0.0
2026-04-15,SKU_1018,Coke Zero 300ml Value,Coca Cola,Beverages,59.59,248,14778.32,0.0
2026-04-16,SKU_1018,Coke Zero 300ml Value,Coca Cola,Beverages,43.67,319,13930.73,0.0
2026-04-17,SKU_1018,Coke Zero 300ml Value,Coca Cola,Beverages,56.89,250,14222.5,5.0
2026-04-18,SKU_1018,Coke Zero 300ml Value,Coca Cola,Beverages,52.47,345,18102.15,0.0
2026-04-19,SKU_1018,Coke Zero 300ml Value,Coca Cola,Beverages,41.26,453,18690.78,0.0
2026-04-20,SKU_1018,Coke Zero 300ml Value,Coca Cola,Beverages,37.9,386,14629.4,0.0
2026-04-21,SKU_1018,Coke Zero 300ml Value,Coca Cola,Beverages,49.7,290,14413.0,0.0
2026-04-22,SKU_1018,Coke Zero 300ml Value,Coca Cola,Beverages,54.61,277,15126.97,0.0
2026-04-23,SKU_1018,Coke Zero 300ml Value,Coca Cola,Beverages,55.16,245,13514.2,10.0
2026-04-24,SKU_1018,Coke Zero 300ml Value,Coca Cola,Beverages,41.14,359,14769.26,0.0
2026-04-25,SKU_1018,Coke Zero 300ml Value,Coca Cola,Beverages,59.13,318,18803.34,5.0
2026-04-26,SKU_1018,Coke Zero 300ml Value,Coca Cola,Beverages,56.89,277,15758.53,5.0
2026-04-27,SKU_1018,Coke Zero 300ml Value,Coca Cola,Beverages,46.86,278,13027.08,0.0
2026-04-28,SKU_1018,Coke Zero 300ml Value,Coca Cola,Beverages,40.25,306,12316.5,0.0
2026-04-29,SKU_1018,Coke Zero 300ml Value,Coca Cola,Beverages,59.42,209,12418.78,0.0
2026-04-30,SKU_1018,Coke Zero 300ml Value,Coca Cola,Beverages,42.25,292,12337.0,0.0
2026-05-01,SKU_1018,Coke Zero 300ml Value,Coca Cola,Beverages,58.98,282,16632.36,5.0
2026-05-02,SKU_1018,Coke Zero 300ml Value,Coca Cola,Beverages,52.63,415,21841.45,10.0
2026-05-03,SKU_1018,Coke Zero 300ml Value,Coca Cola,Beverages,44.82,472,21155.04,10.0
2026-05-04,SKU_1018,Coke Zero 300ml Value,Coca Cola,Beverages,37.37,430,16069.1,0.0
2026-05-05,SKU_1018,Coke Zero 300ml Value,Coca Cola,Beverages,56.61,300,16983.0,0.0
2026-05-06,SKU_1018,Coke Zero 300ml Value,Coca Cola,Beverages,44.94,363,16313.22,0.0
2026-05-07,SKU_1018,Coke Zero 300ml Value,Coca Cola,Beverages,49.38,310,15307.8,0.0
2026-05-08,SKU_1018,Coke Zero 300ml Value,Coca Cola,Beverages,42.29,376,15901.04,0.0
2026-05-09,SKU_1018,Coke Zero 300ml Value,Coca Cola,Beverages,42.51,508,21595.08,0.0
2026-05-10,SKU_1018,Coke Zero 300ml Value,Coca Cola,Beverages,43.22,457,19751.54,0.0
2026-05-11,SKU_1018,Coke Zero 300ml Value,Coca Cola,Beverages,48.67,308,14990.36,5.0
2026-05-12,SKU_1018,Coke Zero 300ml Value,Coca Cola,Beverages,42.29,319,13490.51,0.0
2026-05-13,SKU_1018,Coke Zero 300ml Value,Coca Cola,Beverages,45.08,328,14786.24,0.0
2026-05-14,SKU_1018,Coke Zero 300ml Value,Coca Cola,Beverages,49.8,297,14790.6,0.0
2026-05-15,SKU_1018,Coke Zero 300ml Value,Coca Cola,Beverages,59.73,244,14574.12,10.0
2026-05-16,SKU_1018,Coke Zero 300ml Value,Coca Cola,Beverages,51.09,345,17626.05,10.0
2026-05-17,SKU_1018,Coke Zero 300ml Value,Coca Cola,Beverages,37.4,512,19148.8,0.0
2026-05-18,SKU_1018,Coke Zero 300ml Value,Coca Cola,Beverages,45.74,294,13447.56,0.0
