customer_data/sales_history.csv
date,product_id,product_name,brand,category,selling_price,units_sold,revenue,promotion_discount_pct
2025-11-20,SKU_1019,Coke Zero 300ml Family,Coca Cola,Beverages,54.21,273,14799.33,5.0
2025-11-21,SKU_1019,Coke Zero 300ml Family,Coca Cola,Beverages,63.4,232,14708.8,0.0
2025-11-22,SKU_1019,Coke Zero 300ml Family,Coca Cola,Beverages,70.97,255,18097.35,0.0
2025-11-23,SKU_1019,Coke Zero 300ml Family,Coca Cola,Beverages,59.2,315,18648.0,0.0
2025-11-24,SKU_1019,Coke Zero 300ml Family,Coca Cola,Beverages,65.73,237,15578.01,10.0
2025-11-25,SKU_1019,Coke Zero 300ml Family,Coca Cola,Beverages,57.56,264,15195.84,0.0
2025-11-26,SKU_1019,Coke Zero 300ml Family,Coca Cola,Beverages,50.15,281,14092.15,10.0
2025-11-27,SKU_1019,Coke Zero 300ml Family,Coca Cola,Beverages,57.21,242,13844.82,5.0
2025-11-28,SKU_1019,Coke Zero 300ml Family,Coca Cola,Beverages,46.19,276,12748.44,5.0
2025-11-29,SKU_1019,Coke Zero 300ml Family,Coca Cola,Beverages,60.37,295,17809.15,0.0
2025-11-30,SKU_1019,Coke Zero 300ml Family,Coca Cola,Beverages,61.59,293,18045.87,0.0
2025-12-01,SKU_1019,Coke Zero 300ml Family,Coca Cola,Beverages,60.27,288,17357.76,0.0
2025-12-02,SKU_1019,Coke Zero 300ml Family,Coca Cola,Beverages,49.21,364,17912.44,10.0
2025-12-03,SKU_1019,Coke Zero 300ml Family,Coca Cola,Beverages,53.07,345,18309.15,5.0
2025-12-04,SKU_1019,Coke Zero 300ml Family,Coca Cola,Beverages,73.24,257,18822.68,0.0
2025-12-05,SKU_1019,Coke Zero 300ml Family,Coca Cola,Beverages,61.37,294,18042.78,10.0
2025-12-06,SKU_1019,Coke Zero 300ml Family,Coca Cola,Beverages,69.22,304,21042.88,0.0
2025-12-07,SKU_1019,Coke Zero 300ml Family,Coca Cola,Beverages,63.83,324,20680.92,0.0
2025-12-08,SKU_1019,Coke Zero 300ml Family,Coca Cola,Beverages,60.69,278,16871.82,0.0
2025-12-09,SKU_1019,Coke Zero 300ml Family,Coca Cola,Beverages,51.13,337,17230.81,0.0
2025-12-10,SKU_1019,Coke Zero 300ml Family,Coca Cola,Beverages,58.71,308,18082.68,5.0
2025-12-11,SKU_1019,Coke Zero 300ml Family,Coca Cola,Beverages,47.83,319,15257.77,0.0
2025-12-12,SKU_1019,Coke Zero 300ml Family,Coca Cola,Beverages,51.12,304,15540.48,0.0
2025-12-13,SKU_1019,Coke Zero 300ml Family,Coca Cola,Beverages,64.93,304,19738.72,0.0
2025-12-14,SKU_1019,Coke Zero 300ml Family,Coca Cola,Beverages,68.0,283,19244.0,5.0
2025-12-15,SKU_1019,Coke Zero 300ml Family,Coca Cola,Beverages,68.81,228,15688.68,0.0
2025-12-16,SKU_1019,Coke Zero 300ml Family,Coca Cola,Beverages,60.28,266,16034.48,0.0
2025-12-17,SKU_1019,Coke Zero 300ml Family,Coca Cola,Beverages,46.13,343,15822.59,5.0
2025-12-18,SKU_1019,Coke Zero 300ml Family,Coca Cola,Beverages,64.36,240,15446.4,0.0
2025-12-19,SKU_1019,Coke Zero 300ml Family,Coca Cola,Beverages,48.18,305,14694.9,0.0
2025-12-20,SKU_1019,Coke Zero 300ml Family,Coca Cola,Beverages,73.62,280,20613.6,10.0
2025-12-21,SKU_1019,Coke Zero 300ml Family,Coca Cola,Beverages,49.43,389,19228.27,0.0
2025-12-22,SKU_1019,Coke Zero 300ml Family,Coca Cola,Beverages,63.57,264,16782.48,5.0
2025-12-23,SKU_1019,Coke Zero 300ml Family,Coca Cola,Beverages,46.9,323,15148.7,0.0
2025-12-24,SKU_1019,Coke Zero 300ml Family,Coca Cola,Beverages,72.6,208,15100.8,5.0
2025-12-25,SKU_1019,Coke Zero 300ml Family,Coca Cola,Beverages,51.69,328,16954.32,0.0
2025-12-26,SKU_1019,Coke Zero 300ml Family,Coca Cola,Beverages,64.21,219,14061.99,5.0
2025-12-27,SKU_1019,Coke Zero 300ml Family,Coca Cola,Beverages,47.61,351,16711.11,0.0
2025-12-28,SKU_1019,Coke Zero 300ml Family,Coca Cola,Beverages,53.01,359,19030.59,0.0
2025-12-29,SKU_1019,Coke Zero 300ml Family,Coca Cola,Beverages,58.21,258,15018.18,5.0
2025-12-30,SKU_1019,Coke Zero 300ml Family,Coca Cola,Beverages,73.47,200,14694.0,0.0
2025-12-31,SKU_1019,Coke Zero 300ml Family,Coca Cola,Beverages,51.38,284,14591.92,0.0
2026-01-01,SKU_1019,Coke Zero 300ml Family,Coca Cola,Beverages,73.16,272,19899.52,5.0
2026-01-02,SKU_1019,Coke Zero 300ml Family,Coca Cola,Beverages,47.57,401,19075.57,5.0
2026-01-03,SKU_1019,Coke Zero 300ml Family,Coca Cola,Beverages,62.94,399,25113.06,0.0
2026-01-04,SKU_1019,Coke Zero 300ml Family,Coca Cola,Beverages,49.29,477,23511.33,5.0
2026-01-05,SKU_1019,Coke Zero 300ml Family,Coca Cola,Beverages,72.29,263,19012.27,10.0
2026-01-06,SKU_1019,Coke Zero 300ml Family,Coca Cola,Beverages,60.21,298,17942.58,0.0
2026-01-07,SKU_1019,Coke Zero 300ml Family,Coca Cola,Beverages,54.02,343,18528.86,0.0
2026-01-08,SKU_1019,Coke Zero 300ml Family,Coca Cola,Beverages,74.28,254,18867.12,0.0
2026-01-09,SKU_1019,Coke Zero 300ml Family,Coca Cola,Beverages,59.57,330,19658.1,0.0
2026-01-10,SKU_1019,Coke Zero 300ml Family,Coca Cola,Beverages,50.5,470,23735.0,5.0
2026-01-11,SKU_1019,Coke Zero 300ml Family,Coca Cola,Beverages,68.01,327,22239.27,0.0
2026-01-12,SKU_1019,Coke Zero 300ml Family,Coca Cola,Beverages,64.6,268,17312.8,5.0
2026-01-13,SKU_1019,Coke Zero 300ml Family,Coca Cola,Beverages,49.41,358,17688.78,0.0
2026-01-14,SKU_1019,Coke Zero 300ml Family,Coca Cola,Beverages,49.6,350,17360.0,0.0
2026-01-15,SKU_1019,Coke Zero 300ml Family,Coca Cola,Beverages,53.62,333,17855.46,5.0
2026-01-16,SKU_1019,Coke Zero 300ml Family,Coca Cola,Beverages,67.44,263,17736.72,0.0
2026-01-17,SKU_1019,Coke Zero 300ml Family,Coca Cola,Beverages,52.23,401,20944.23,0.0
2026-01-18,SKU_1019,Coke Zero 300ml Family,Coca Cola,Beverages,64.34,346,22261.64,10.0
2026-01-19,SKU_1019,Coke Zero 300ml Family,Coca Cola,Beverages,48.73,369,17981.37,0.0
2026-01-20,SKU_1019,Coke Zero 300ml Family,Coca Cola,Beverages,72.61,232,16845.52,0.0
2026-01-21,SKU_1019,Coke Zero 300ml Family,Coca Cola,Beverages,70.57,247,17430.79,0.0
2026-01-22,SKU_1019,Coke Zero 300ml Family,Coca Cola,Beverages,59.6,282,16807.2,0.0
2026-01-23,SKU_1019,Coke Zero 300ml Family,Coca Cola,Beverages,63.22,283,17891.26,5.0
2026-01-24,SKU_1019,Coke Zero 300ml Family,Coca Cola,Beverages,58.05,379,22000.95,0.0
2026-01-25,SKU_1019,Coke Zero 300ml Family,Coca Cola,Beverages,66.82,337,22518.34,0.0
2026-01-26,SKU_1019,Coke Zero 300ml Family,Coca Cola,Beverages,47.15,343,16172.45,0.0
2026-01-27,SKU_1019,Coke Zero 300ml Family,Coca Cola,Beverages,59.49,255,15169.95,0.0
2026-01-28,SKU_1019,Coke Zero 300ml Family,Coca Cola,Beverages,52.91,294,15555.54,0.0
2026-01-29,SKU_1019,Coke Zero 300ml Family,Coca Cola,Beverages,72.51,216,15662.16,0.0
2026-01-30,SKU_1019,Coke Zero 300ml Family,Coca Cola,Beverages,68.35,220,15037.0,5.0
2026-01-31,SKU_1019,Coke Zero 300ml Family,Coca Cola,Beverages,60.03,352,21130.56,5.0
2026-02-01,SKU_1019,Coke Zero 300ml Family,Coca Cola,Beverages,68.98,355,24487.9,10.0
2026-02-02,SKU_1019,Coke Zero 300ml Family,Coca Cola,Beverages,60.8,322,19577.6,5.0
2026-02-03,SKU_1019,Coke Zero 300ml Family,Coca Cola,Beverages,58.01,363,21057.63,0.0
2026-02-04,SKU_1019,Coke Zero 300ml Family,Coca Cola,Beverages,69.0,287,19803.0,0.0
2026-02-05,SKU_1019,Coke Zero 300ml Family,Coca Cola,Beverages,73.59,285,20973.15,0.0
2026-02-06,SKU_1019,Coke Zero 300ml Family,Coca Cola,Beverages,57.11,357,20388.27,5.0
2026-02-07,SKU_1019,Coke Zero 300ml Family,Coca Cola,Beverages,63.95,406,25963.7,0.0
2026-02-08,SKU_1019,Coke Zero 300ml Family,Coca Cola,Beverages,60.35,426,25709.1,0.0
2026-02-09,SKU_1019,Coke Zero 300ml Family,Coca Cola,Beverages,50.93,417,21237.81,0.0
2026-02-10,SKU_1019,Coke Zero 300ml Family,Coca Cola,Beverages,62.03,316,19601.48,0.0
2026-02-11,SKU_1019,Coke Zero 300ml Family,Coca Cola,Beverages,68.85,279,19209.15,0.0
2026-02-12,SKU_1019,Coke Zero 300ml Family,Coca Cola,Beverages,74.35,241,17918.35,5.0
2026-02-13,SKU_1019,Coke Zero 300ml Family,Coca Cola,Beverages,49.69,359,17838.71,5.0
2026-02-14,SKU_1019,Coke Zero 300ml Family,Coca Cola,Beverages,48.99,482,23613.18,5.0
2026-02-15,SKU_1019,Coke Zero 300ml Family,Coca Cola,Beverages,51.15,422,21585.3,0.0
2026-02-16,SKU_1019,Coke Zero 300ml Family,Coca Cola,Beverages,57.92,307,17781.44,5.0
2026-02-17,SKU_1019,Coke Zero 300ml Family,Coca Cola,Beverages,69.71,261,18194.31,5.0
2026-02-18,SKU_1019,Coke Zero 300ml Family,Coca Cola,Beverages,50.76,342,17359.92,10.0
2026-02-19,SKU_1019,Coke Zero 300ml Family,Coca Cola,Beverages,61.04,284,17335.36,5.0
2026-02-20,SKU_1019,Coke Zero 300ml Family,Coca Cola,Beverages,64.15,288,18475.2,10.0
2026-02-21,SKU_1019,Coke Zero 300ml Family,Coca Cola,Beverages,67.28,362,24355.36,10.0
2026-02-22,SKU_1019,Coke Zero 300ml Family,Coca Cola,Beverages,73.28,336,24622.08,10.0
2026-02-23,SKU_1019,Coke Zero 300ml Family,Coca Cola,Beverages,53.0,325,17225.0,10.0
2026-02-24,SKU_1019,Coke Zero 300ml Family,Coca Cola,Beverages,54.75,351,19217.25,0.0
2026-02-25,SKU_1019,Coke Zero 300ml Family,Coca Cola,Beverages,75.1,260,19526.0,0.0
2026-02-26,SKU_1019,Coke Zero 300ml Family,Coca Cola,Beverages,48.91,354,17314.14,5.0
2026-02-27,SKU_1019,Coke Zero 300ml Family,Coca Cola,Beverages,58.43,263,15367.09,10.0
2026-02-28,SKU_1019,Coke Zero 300ml Family,Coca Cola,Beverages,59.01,328,19355.28,0.0
2026-03-01,SKU_1019,Coke Zero 300ml Family,Coca Cola,Beverages,62.09,418,25953.62,5.0
2026-03-02,SKU_1019,Coke Zero 300ml Family,Coca Cola,Beverages,59.95,360,21582.0,0.0
2026-03-03,SKU_1019,Coke Zero 300ml Family,Coca Cola,Beverages,71.96,306,22019.76,10.0
2026-03-04,SKU_1019,Coke Zero 300ml Family,Coca Cola,Beverages,58.76,378,22211.28,0.0
2026-03-05,SKU_1019,Coke Zero 300ml Family,Coca Cola,Beverages,73.08,280,20462.4,0.0
2026-03-06,SKU_1019,Coke Zero 300ml Family,Coca Cola,Beverages,61.73,336,20741.28,0.0
2026-03-07,SKU_1019,Coke Zero 300ml Family,Coca Cola,Beverages,47.0,571,26837.0,0.0
2026-03-08,SKU_1019,Coke Zero 300ml Family,Coca Cola,Beverages,71.78,359,25769.02,0.0
2026-03-09,SKU_1019,Coke Zero 300ml Family,Coca Cola,Beverages,70.25,323,22690.75,0.0
2026-03-10,SKU_1019,Coke Zero 300ml Family,Coca Cola,Beverages,53.63,812,43547.56,0.0
2026-03-11,SKU_1019,Coke Zero 300ml Family,Coca Cola,Beverages,62.35,428,26685.8,0.0
2026-03-12,SKU_1019,Coke Zero 300ml Family,Coca Cola,Beverages,67.45,368,24821.6,0.0
2026-03-13,SKU_1019,Coke Zero 300ml Family,Coca Cola,Beverages,51.35,544,27934.4,5.0
2026-03-14,SKU_1019,Coke Zero 300ml Family,Coca Cola,Beverages,70.05,412,28860.6,10.0
2026-03-15,SKU_1019,Coke Zero 300ml Family,Coca Cola,Beverages,57.3,581,33291.3,0.0
2026-03-16,SKU_1019,Coke Zero 300ml Family,Coca Cola,Beverages,55.31,554,30641.74,10.0
2026-03-17,SKU_1019,Coke Zero 300ml Family,Coca Cola,Beverages,46.28,688,31840.64,0.0
2026-03-18,SKU_1019,Coke Zero 300ml Family,Coca Cola,Beverages,54.73,613,33549.49,5.0
2026-03-19,SKU_1019,Coke Zero 300ml Family,Coca Cola,Beverages,68.61,279,19142.19,5.0
2026-03-20,SKU_1019,Coke Zero 300ml Family,Coca Cola,Beverages,62.9,280,17612.0,10.0
2026-03-21,SKU_1019,Coke Zero 300ml Family,Coca Cola,Beverages,49.84,472,23524.48,0.0
2026-03-22,SKU_1019,Coke Zero 300ml Family,Coca Cola,Beverages,51.88,447,23190.36,0.0
2026-03-23,SKU_1019,Coke Zero 300ml Family,Coca Cola,Beverages,62.12,293,18201.16,0.0
2026-03-24,SKU_1019,Coke Zero 300ml Family,Coca Cola,Beverages,74.38,268,19933.84,10.0
2026-03-25,SKU_1019,Coke Zero 300ml Family,Coca Cola,Beverages,67.52,264,17825.28,10.0
2026-03-26,SKU_1019,Coke Zero 300ml Family,Coca Cola,Beverages,48.79,341,16637.39,10.0
2026-03-27,SKU_1019,Coke Zero 300ml Family,Coca Cola,Beverages,50.45,353,17808.85,0.0
2026-03-28,SKU_1019,Coke Zero 300ml Family,Coca Cola,Beverages,50.39,414,20861.46,5.0
2026-03-29,SKU_1019,Coke Zero 300ml Family,Coca Cola,Beverages,56.63,379,21462.77,0.0
2026-03-30,SKU_1019,Coke Zero 300ml Family,Coca Cola,Beverages,49.49,334,16529.66,0.0
2026-03-31,SKU_1019,Coke Zero 300ml Family,Coca Cola,Beverages,53.92,328,17685.76,5.0
2026-04-01,SKU_1019,Coke Zero 300ml Family,Coca Cola,Beverages,46.8,480,22464.0,5.0
2026-04-02,SKU_1019,Coke Zero 300ml Family,Coca Cola,Beverages,70.88,299,21193.12,10.0
2026-04-03,SKU_1019,Coke Zero 300ml Family,Coca Cola,Beverages,69.55,293,20378.15,0.0
2026-04-04,SKU_1019,Coke Zero 300ml Family,Coca Cola,Beverages,74.94,367,27502.98,0.0
2026-04-05,SKU_1019,Coke Zero 300ml Family,Coca Cola,Beverages,54.78,480,26294.4,0.0
2026-04-06,SKU_1019,Coke Zero 300ml Family,Coca Cola,Beverages,47.59,477,22700.43,0.0
2026-04-07,SKU_1019,Coke Zero 300ml Family,Coca Cola,Beverages,46.76,464,21696.64,0.0
2026-04-08,SKU_1019,Coke Zero 300ml Family,Coca Cola,Beverages,59.02,388,22899.76,0.0
2026-04-09,SKU_1019,Coke Zero 300ml Family,Coca Cola,Beverages,53.04,405,21481.2,0.0
2026-04-10,SKU_1019,Coke Zero 300ml Family,Coca Cola,Beverages,60.22,368,22160.96,0.0
2026-04-11,SKU_1019,Coke Zero 300ml Family,Coca Cola,Beverages,47.64,464,22104.96,0.0
2026-04-12,SKU_1019,Coke Zero 300ml Family,Coca Cola,Beverages,52.09,460,23961.4,0.0
2026-04-13,SKU_1019,Coke Zero 300ml Family,Coca Cola,Beverages,51.32,365,18731.8,0.0
2026-04-14,SKU_1019,Coke Zero 300ml Family,Coca Cola,Beverages,52.11,374,19489.14,0.0
2026-04-15,SKU_1019,Coke Zero 300ml Family,Coca Cola,Beverages,74.19,256,18992.64,5.0
2026-04-16,SKU_1019,Coke Zero 300ml Family,Coca Cola,Beverages,56.27,319,17950.13,10.0
2026-04-17,SKU_1019,Coke Zero 300ml Family,Coca Cola,Beverages,47.08,378,17796.24,0.0
2026-04-18,SKU_1019,Coke Zero 300ml Family,Coca Cola,Beverages,65.45,361,23627.45,0.0
2026-04-19,SKU_1019,Coke Zero 300ml Family,Coca Cola,Beverages,74.25,314,23314.5,0.0
2026-04-20,SKU_1019,Coke Zero 300ml Family,Coca Cola,Beverages,66.65,281,18728.65,0.0
2026-04-21,SKU_1019,Coke Zero 300ml Family,Coca Cola,Beverages,61.14,295,18036.3,0.0
2026-04-22,SKU_1019,Coke Zero 300ml Family,Coca Cola,Beverages,59.39,312,18529.68,0.0
2026-04-23,SKU_1019,Coke Zero 300ml Family,Coca Cola,Beverages,67.04,297,19910.88,5.0
2026-04-24,SKU_1019,Coke Zero 300ml Family,Coca Cola,Beverages,55.57,312,17337.84,0.0
2026-04-25,SKU_1019,Coke Zero 300ml Family,Coca Cola,Beverages,60.65,386,23410.9,5.0
2026-04-26,SKU_1019,Coke Zero 300ml Family,Coca Cola,Beverages,50.69,422,21391.18,0.0
2026-04-27,SKU_1019,Coke Zero 300ml Family,Coca Cola,Beverages,75.49,239,18042.11,0.0
2026-04-28,SKU_1019,Coke Zero 300ml Family,Coca Cola,Beverages,51.56,337,17375.72,0.0
2026-04-29,SKU_1019,Coke Zero 300ml Family,Coca Cola,Beverages,66.97,249,16675.53,0.0
2026-04-30,SKU_1019,Coke Zero 300ml Family,Coca Cola,Beverages,61.99,282,17481.18,5.0
2026-05-01,SKU_1019,Coke Zero 300ml Family,Coca Cola,Beverages,60.16,347,20875.52,10.0
2026-05-02,SKU_1019,Coke Zero 300ml Family,Coca Cola,Beverages,60.55,443,26823.65,0.0
2026-05-03,SKU_1019,Coke Zero 300ml Family,Coca Cola,Beverages,51.31,539,27656.09,0.0
2026-05-04,SKU_1019,Coke Zero 300ml Family,Coca Cola,Beverages,66.05,328,21664.4,0.0
2026-05-05,SKU_1019,Coke Zero 300ml Family,Coca Cola,Beverages,48.59,435,21136.65,0.0
2026-05-06,SKU_1019,Coke Zero 300ml Family,Coca Cola,Beverages,49.24,398,19597.52,5.0
2026-05-07,SKU_1019,Coke Zero 300ml Family,Coca Cola,Beverages,61.59,338,20817.42,0.0
2026-05-08,SKU_1019,Coke Zero 300ml Family,Coca Cola,Beverages,63.46,314,19926.44,5.0
2026-05-09,SKU_1019,Coke Zero 300ml Family,Coca Cola,Beverages,58.66,427,25047.82,10.0
2026-05-10,SKU_1019,Coke Zero 300ml Family,Coca Cola,Beverages,75.56,356,26899.36,0.0
2026-05-11,SKU_1019,Coke Zero 300ml Family,Coca Cola,Beverages,66.45,269,17875.05,5.0
2026-05-12,SKU_1019,Coke Zero 300ml Family,Coca Cola,Beverages,48.45,395,19137.75,0.0
2026-05-13,SKU_1019,Coke Zero 300ml Family,Coca Cola,Beverages,54.27,329,17854.83,0.0
2026-05-14,SKU_1019,Coke Zero 300ml Family,Coca Cola,Beverages,65.31,261,17045.91,5.0
2026-05-15,SKU_1019,Coke Zero 300ml Family,Coca Cola,Beverages,70.19,262,18389.78,0.0
2026-05-16,SKU_1019,Coke Zero 300ml Family,Coca Cola,Beverages,54.02,390,21067.8,0.0
2026-05-17,SKU_1019,Coke Zero 300ml Family,Coca Cola,Beverages,50.51,466,23537.66,10.0
2026-05-18,SKU_1019,Coke Zero 300ml Family,Coca Cola,Beverages,66.41,264,17532.24,10.0
