customer_data/sales_history.csv
date,product_id,product_name,brand,category,selling_price,units_sold,revenue,promotion_discount_pct
2025-11-20,SKU_1020,Coke Zero Can 330ml Mini,Coca Cola,Beverages,35.2,206,7251.2,10.0
2025-11-21,SKU_1020,Coke Zero Can 330ml Mini,Coca Cola,Beverages,30.6,255,7803.0,0.0
2025-11-22,SKU_1020,Coke Zero Can 330ml Mini,Coca Cola,Beverages,27.58,398,10976.84,10.0
2025-11-23,SKU_1020,Coke Zero Can 330ml Mini,Coca Cola,Beverages,39.7,199,7900.3,0.0
2025-11-24,SKU_1020,Coke Zero Can 330ml Mini,Coca Cola,Beverages,33.7,219,7380.3,10.0
2025-11-25,SKU_1020,Coke Zero Can 330ml Mini,Coca Cola,Beverages,31.28,244,7632.32,5.0
2025-11-26,SKU_1020,Coke Zero Can 330ml Mini,Coca Cola,Beverages,37.36,168,6276.48,10.0
2025-11-27,SKU_1020,Coke Zero Can 330ml Mini,Coca Cola,Beverages,32.83,204,6697.32,0.0
2025-11-28,SKU_1020,Coke Zero Can 330ml Mini,Coca Cola,Beverages,27.02,277,7484.54,0.0
2025-11-29,SKU_1020,Coke Zero Can 330ml Mini,Coca Cola,Beverages,35.58,220,7827.6,10.0
2025-11-30,SKU_1020,Coke Zero Can 330ml Mini,Coca Cola,Beverages,35.19,231,8128.89,0.0
2025-12-01,SKU_1020,Coke Zero Can 330ml Mini,Coca Cola,Beverages,30.78,301,9264.78,5.0
2025-12-02,SKU_1020,Coke Zero Can 330ml Mini,Coca Cola,Beverages,30.01,299,8972.99,0.0
2025-12-03,SKU_1020,Coke Zero Can 330ml Mini,Coca Cola,Beverages,29.08,343,9974.44,10.0
2025-12-04,SKU_1020,Coke Zero Can 330ml Mini,Coca Cola,Beverages,34.8,240,8352.0,0.0
2025-12-05,SKU_1020,Coke Zero Can 330ml Mini,Coca Cola,Beverages,31.49,281,8848.69,5.0
2025-12-06,SKU_1020,Coke Zero Can 330ml Mini,Coca Cola,Beverages,27.48,434,11926.32,0.0
2025-12-07,SKU_1020,Coke Zero Can 330ml Mini,Coca Cola,Beverages,38.51,251,9666.01,5.0
2025-12-08,SKU_1020,Coke Zero Can 330ml Mini,Coca Cola,Beverages,27.76,356,9882.56,0.0
2025-12-09,SKU_1020,Coke Zero Can 330ml Mini,Coca Cola,Beverages,26.15,416,10878.4,0.0
2025-12-10,SKU_1020,Coke Zero Can 330ml Mini,Coca Cola,Beverages,25.31,411,10402.41,0.0
2025-12-11,SKU_1020,Coke Zero Can 330ml Mini,Coca Cola,Beverages,34.46,217,7477.82,0.0
2025-12-12,SKU_1020,Coke Zero Can 330ml Mini,Coca Cola,Beverages,35.48,214,7592.72,0.0
2025-12-13,SKU_1020,Coke Zero Can 330ml Mini,Coca Cola,Beverages,28.21,402,11340.42,0.0
2025-12-14,SKU_1020,Coke Zero Can 330ml Mini,Coca Cola,Beverages,25.97,457,11868.29,0.0
2025-12-15,SKU_1020,Coke Zero Can 330ml Mini,Coca Cola,Beverages,31.13,259,8062.67,10.0
2025-12-16,SKU_1020,Coke Zero Can 330ml Mini,Coca Cola,Beverages,33.81,245,8283.45,0.0
2025-12-17,SKU_1020,Coke Zero Can 330ml Mini,Coca Cola,Beverages,40.15,176,7066.4,0.0
2025-12-18,SKU_1020,Coke Zero Can 330ml Mini,Coca Cola,Beverages,30.6,267,8170.2,0.0
2025-12-19,SKU_1020,Coke Zero Can 330ml Mini,Coca Cola,Beverages,28.23,319,9005.37,5.0
2025-12-20,SKU_1020,Coke Zero Can 330ml Mini,Coca Cola,Beverages,30.0,382,11460.0,10.0
2025-12-21,SKU_1020,Coke Zero Can 330ml Mini,Coca Cola,Beverages,30.02,355,10657.1,10.0
2025-12-22,SKU_1020,Coke Zero Can 330ml Mini,Coca Cola,Beverages,30.26,299,9047.74,0.0
2025-12-23,SKU_1020,Coke Zero Can 330ml Mini,Coca Cola,Beverages,34.56,232,8017.92,0.0
2025-12-24,SKU_1020,Coke Zero Can 330ml Mini,Coca Cola,Beverages,29.47,314,9253.58,0.0
2025-12-25,SKU_1020,Coke Zero Can 330ml Mini,Coca Cola,Beverages,24.72,429,10604.88,0.0
2025-12-26,SKU_1020,Coke Zero Can 330ml Mini,Coca Cola,Beverages,32.34,229,7405.86,0.0
2025-12-27,SKU_1020,Coke Zero Can 330ml Mini,Coca Cola,Beverages,32.09,302,9691.18,10.0
2025-12-28,SKU_1020,Coke Zero Can 330ml Mini,Coca Cola,Beverages,24.31,500,12155.0,0.0
2025-12-29,SKU_1020,Coke Zero Can 330ml Mini,Coca Cola,Beverages,31.28,242,7569.76,5.0
2025-12-30,SKU_1020,Coke Zero Can 330ml Mini,Coca Cola,Beverages,26.32,331,8711.92,5.0
2025-12-31,SKU_1020,Coke Zero Can 330ml Mini,Coca Cola,Beverages,32.08,235,7538.8,5.0
2026-01-01,SKU_1020,Coke Zero Can 330ml Mini,Coca Cola,Beverages,35.01,260,9102.6,0.0
2026-01-02,SKU_1020,Coke Zero Can 330ml Mini,Coca Cola,Beverages,39.55,217,8582.35,5.0
2026-01-03,SKU_1020,Coke Zero Can 330ml Mini,Coca Cola,Beverages,37.08,283,10493.64,0.0
2026-01-04,SKU_1020,Coke Zero Can 330ml Mini,Coca Cola,Beverages,30.48,410,12496.8,5.0
2026-01-05,SKU_1020,Coke Zero Can 330ml Mini,Coca Cola,Beverages,33.25,305,10141.25,0.0
2026-01-06,SKU_1020,Coke Zero Can 330ml Mini,Coca Cola,Beverages,25.36,435,11031.6,0.0
2026-01-07,SKU_1020,Coke Zero Can 330ml Mini,Coca Cola,Beverages,37.76,225,8496.0,0.0
2026-01-08,SKU_1020,Coke Zero Can 330ml Mini,Coca Cola,Beverages,34.85,271,9444.35,10.0
2026-01-09,SKU_1020,Coke Zero Can 330ml Mini,Coca Cola,Beverages,37.48,226,8470.48,5.0
2026-01-10,SKU_1020,Coke Zero Can 330ml Mini,Coca Cola,Beverages,26.19,557,14587.83,0.0
2026-01-11,SKU_1020,Coke Zero Can 330ml Mini,Coca Cola,Beverages,39.31,237,9316.47,0.0
2026-01-12,SKU_1020,Coke Zero Can 330ml Mini,Coca Cola,Beverages,29.35,323,9480.05,5.0
2026-01-13,SKU_1020,Coke Zero Can 330ml Mini,Coca Cola,Beverages,39.05,205,8005.25,0.0
2026-01-14,SKU_1020,Coke Zero Can 330ml Mini,Coca Cola,Beverages,40.1,175,7017.5,0.0
2026-01-15,SKU_1020,Coke Zero Can 330ml Mini,Coca Cola,Beverages,25.91,403,10441.73,0.0
2026-01-16,SKU_1020,Coke Zero Can 330ml Mini,Coca Cola,Beverages,37.29,206,7681.74,0.0
2026-01-17,SKU_1020,Coke Zero Can 330ml Mini,Coca Cola,Beverages,27.94,455,12712.7,5.0
2026-01-18,SKU_1020,Coke Zero Can 330ml Mini,Coca Cola,Beverages,25.01,521,13030.21,0.0
2026-01-19,SKU_1020,Coke Zero Can 330ml Mini,Coca Cola,Beverages,32.23,278,8959.94,0.0
2026-01-20,SKU_1020,Coke Zero Can 330ml Mini,Coca Cola,Beverages,35.81,226,8093.06,10.0
2026-01-21,SKU_1020,Coke Zero Can 330ml Mini,Coca Cola,Beverages,33.95,256,8691.2,0.0
2026-01-22,SKU_1020,Coke Zero Can 330ml Mini,Coca Cola,Beverages,32.9,273,8981.7,0.0
2026-01-23,SKU_1020,Coke Zero Can 330ml Mini,Coca Cola,Beverages,28.27,328,9272.56,0.0
2026-01-24,SKU_1020,Coke Zero Can 330ml Mini,Coca Cola,Beverages,26.02,483,12567.66,0.0
2026-01-25,SKU_1020,Coke Zero Can 330ml Mini,Coca Cola,Beverages,32.14,367,11795.38,10.0
2026-01-26,SKU_1020,Coke Zero Can 330ml Mini,Coca Cola,Beverages,35.37,223,7887.51,10.0
2026-01-27,SKU_1020,Coke Zero Can 330ml Mini,Coca Cola,Beverages,29.74,286,8505.64,0.0
2026-01-28,SKU_1020,Coke Zero Can 330ml Mini,Coca Cola,Beverages,30.43,267,8124.81,0.0
2026-01-29,SKU_1020,Coke Zero Can 330ml Mini,Coca Cola,Beverages,25.08,395,9906.6,0.0
2026-01-30,SKU_1020,Coke Zero Can 330ml Mini,Coca Cola,Beverages,40.0,167,6680.0,0.0
2026-01-31,SKU_1020,Coke Zero Can 330ml Mini,Coca Cola,Beverages,24.85,516,12822.6,0.0
2026-02-01,SKU_1020,Coke Zero Can 330ml Mini,Coca Cola,Beverages,28.16,537,15121.92,10.0
2026-02-02,SKU_1020,Coke Zero Can 330ml Mini,Coca Cola,Beverages,35.41,295,10445.95,5.0
2026-02-03,SKU_1020,Coke Zero Can 330ml Mini,Coca Cola,Beverages,30.67,364,11163.88,0.0
2026-02-04,SKU_1020,Coke Zero Can 330ml Mini,Coca Cola,Beverages,31.57,346,10923.22,0.0
2026-02-05,SKU_1020,Coke Zero Can 330ml Mini,Coca Cola,Beverages,31.33,330,10338.9,10.0
2026-02-06,SKU_1020,Coke Zero Can 330ml Mini,Coca Cola,Beverages,32.26,330,10645.8,0.0
2026-02-07,SKU_1020,Coke Zero Can 330ml Mini,Coca Cola,Beverages,37.13,334,12401.42,0.0
2026-02-08,SKU_1020,Coke Zero Can 330ml Mini,Coca Cola,Beverages,34.77,343,11926.11,10.0
2026-02-09,SKU_1020,Coke Zero Can 330ml Mini,Coca Cola,Beverages,35.68,278,9919.04,10.0
2026-02-10,SKU_1020,Coke Zero Can 330ml Mini,Coca Cola,Beverages,38.47,259,9963.73,0.0
2026-02-11,SKU_1020,Coke Zero Can 330ml Mini,Coca Cola,Beverages,24.99,467,11670.33,5.0
2026-02-12,SKU_1020,Coke Zero Can 330ml Mini,Coca Cola,Beverages,24.71,448,11070.08,10.0
2026-02-13,SKU_1020,Coke Zero Can 330ml Mini,Coca Cola,Beverages,32.81,267,8760.27,10.0
2026-02-14,SKU_1020,Coke Zero Can 330ml Mini,Coca Cola,Beverages,36.09,278,10033.02,0.0
2026-02-15,SKU_1020,Coke Zero Can 330ml Mini,Coca Cola,Beverages,26.81,504,13512.24,5.0
2026-02-16,SKU_1020,Coke Zero Can 330ml Mini,Coca Cola,Beverages,35.58,260,9250.8,0.0
2026-02-17,SKU_1020,Coke Zero Can 330ml Mini,Coca Cola,Beverages,35.44,254,9001.76,0.0
2026-02-18,SKU_1020,Coke Zero Can 330ml Mini,Coca Cola,Beverages,30.44,300,9132.0,10.0
2026-02-19,SKU_1020,Coke Zero Can 330ml Mini,Coca Cola,Beverages,26.03,424,11036.72,0.0
2026-02-20,SKU_1020,Coke Zero Can 330ml Mini,Coca Cola,Beverages,34.95,252,8807.4,0.0
2026-02-21,SKU_1020,Coke Zero Can 330ml Mini,Coca Cola,Beverages,35.84,307,11002.88,0.0
2026-02-22,SKU_1020,Coke Zero Can 330ml Mini,Coca Cola,Beverages,25.29,533,13479.57,0.0
2026-02-23,SKU_1020,Coke Zero Can 330ml Mini,Coca Cola,Beverages,37.6,233,8760.8,0.0
2026-02-24,SKU_1020,Coke Zero Can 330ml Mini,Coca Cola,Beverages,38.48,206,7926.88,0.0
2026-02-25,SKU_1020,Coke Zero Can 330ml Mini,Coca Cola,Beverages,40.01,195,7801.95,0.0
2026-02-26,SKU_1020,Coke Zero Can 330ml Mini,Coca Cola,Beverages,24.29,462,11221.98,0.0
2026-02-27,SKU_1020,Coke Zero Can 330ml Mini,Coca Cola,Beverages,28.62,334,9559.08,10.0
2026-02-28,SKU_1020,Coke Zero Can 330ml Mini,Coca Cola,Beverages,26.94,458,12338.52,0.0
2026-03-01,SKU_1020,Coke Zero Can 330ml Mini,Coca Cola,Beverages,38.63,305,11782.15,0.0
2026-03-02,SKU_1020,Coke Zero Can 330ml Mini,Coca Cola,Beverages,34.87,285,9937.95,5.0
2026-03-03,SKU_1020,Coke Zero Can 330ml Mini,Coca Cola,Beverages,34.14,303,10344.42,0.0
2026-03-04,SKU_1020,Coke Zero Can 330ml Mini,Coca Cola,Beverages,27.49,438,12040.62,0.0
2026-03-05,SKU_1020,Coke Zero Can 330ml Mini,Coca Cola,Beverages,26.97,491,13242.27,0.0
2026-03-06,SKU_1020,Coke Zero Can 330ml Mini,Coca Cola,Beverages,30.48,364,11094.72,0.0
2026-03-07,SKU_1020,Coke Zero Can 330ml Mini,Coca Cola,Beverages,31.31,439,13745.09,0.0
2026-03-08,SKU_1020,Coke Zero Can 330ml Mini,Coca Cola,Beverages,36.06,378,13630.68,0.0
2026-03-09,SKU_1020,Coke Zero Can 330ml Mini,Coca Cola,Beverages,31.14,383,11926.62,0.0
2026-03-10,SKU_1020,Coke Zero Can 330ml Mini,Coca Cola,Beverages,26.63,831,22129.53,0.0
2026-03-11,SKU_1020,Coke Zero Can 330ml Mini,Coca Cola,Beverages,34.55,465,16065.75,0.0
2026-03-12,SKU_1020,Coke Zero Can 330ml Mini,Coca Cola,Beverages,38.58,367,14158.86,0.0
2026-03-13,SKU_1020,Coke Zero Can 330ml Mini,Coca Cola,Beverages,33.79,443,14968.97,5.0
2026-03-14,SKU_1020,Coke Zero Can 330ml Mini,Coca Cola,Beverages,34.82,612,21309.84,10.0
2026-03-15,SKU_1020,Coke Zero Can 330ml Mini,Coca Cola,Beverages,34.12,488,16650.56,0.0
2026-03-16,SKU_1020,Coke Zero Can 330ml Mini,Coca Cola,Beverages,31.33,406,12719.98,0.0
2026-03-17,SKU_1020,Coke Zero Can 330ml Mini,Coca Cola,Beverages,28.32,575,16284.0,0.0
2026-03-18,SKU_1020,Coke Zero Can 330ml Mini,Coca Cola,Beverages,32.37,510,16508.7,10.0
2026-03-19,SKU_1020,Coke Zero Can 330ml Mini,Coca Cola,Beverages,29.24,360,10526.4,0.0
2026-03-20,SKU_1020,Coke Zero Can 330ml Mini,Coca Cola,Beverages,25.26,435,10988.1,10.0
2026-03-21,SKU_1020,Coke Zero Can 330ml Mini,Coca Cola,Beverages,25.28,596,15066.88,10.0
2026-03-22,SKU_1020,Coke Zero Can 330ml Mini,Coca Cola,Beverages,36.19,320,11580.8,10.0
2026-03-23,SKU_1020,Coke Zero Can 330ml Mini,Coca Cola,Beverages,35.61,260,9258.6,10.0
2026-03-24,SKU_1020,Coke Zero Can 330ml Mini,Coca Cola,Beverages,31.77,315,10007.55,0.0
2026-03-25,SKU_1020,Coke Zero Can 330ml Mini,Coca Cola,Beverages,24.72,484,11964.48,5.0
2026-03-26,SKU_1020,Coke Zero Can 330ml Mini,Coca Cola,Beverages,36.6,218,7978.8,0.0
2026-03-27,SKU_1020,Coke Zero Can 330ml Mini,Coca Cola,Beverages,29.85,300,8955.0,10.0
2026-03-28,SKU_1020,Coke Zero Can 330ml Mini,Coca Cola,Beverages,34.43,312,10742.16,5.0
2026-03-29,SKU_1020,Coke Zero Can 330ml Mini,Coca Cola,Beverages,38.1,249,9486.9,0.0
2026-03-30,SKU_1020,Coke Zero Can 330ml Mini,Coca Cola,Beverages,36.47,222,8096.34,0.0
2026-03-31,SKU_1020,Coke Zero Can 330ml Mini,Coca Cola,Beverages,38.29,203,7772.87,5.0
2026-04-01,SKU_1020,Coke Zero Can 330ml Mini,Coca Cola,Beverages,32.42,348,11282.16,0.0
2026-04-02,SKU_1020,Coke Zero Can 330ml Mini,Coca Cola,Beverages,36.14,304,10986.56,5.0
2026-04-03,SKU_1020,Coke Zero Can 330ml Mini,Coca Cola,Beverages,25.28,494,12488.32,10.0
2026-04-04,SKU_1020,Coke Zero Can 330ml Mini,Coca Cola,Beverages,39.17,312,12221.04,10.0
2026-04-05,SKU_1020,Coke Zero Can 330ml Mini,Coca Cola,Beverages,33.98,396,13456.08,0.0
2026-04-06,SKU_1020,Coke Zero Can 330ml Mini,Coca Cola,Beverages,25.61,534,13675.74,0.0
2026-04-07,SKU_1020,Coke Zero Can 330ml Mini,Coca Cola,Beverages,36.11,278,10038.58,0.0
2026-04-08,SKU_1020,Coke Zero Can 330ml Mini,Coca Cola,Beverages,29.02,435,12623.7,5.0
2026-04-09,SKU_1020,Coke Zero Can 330ml Mini,Coca Cola,Beverages,25.26,555,14019.3,0.0
2026-04-10,SKU_1020,Coke Zero Can 330ml Mini,Coca Cola,Beverages,28.23,441,12449.43,0.0
2026-04-11,SKU_1020,Coke Zero Can 330ml Mini,Coca Cola,Beverages,39.14,277,10841.78,0.0
2026-04-12,SKU_1020,Coke Zero Can 330ml Mini,Coca Cola,Beverages,30.76,419,12888.44,10.0
2026-04-13,SKU_1020,Coke Zero Can 330ml Mini,Coca Cola,Beverages,29.63,337,9985.31,0.0
2026-04-14,SKU_1020,Coke Zero Can 330ml Mini,Coca Cola,Beverages,40.12,214,8585.68,0.0
2026-04-15,SKU_1020,Coke Zero Can 330ml Mini,Coca Cola,Beverages,34.46,263,9062.98,0.0
2026-04-16,SKU_1020,Coke Zero Can 330ml Mini,Coca Cola,Beverages,24.89,438,10901.82,10.0
2026-04-17,SKU_1020,Coke Zero Can 330ml Mini,Coca Cola,Beverages,33.01,299,9869.99,0.0
2026-04-18,SKU_1020,Coke Zero Can 330ml Mini,Coca Cola,Beverages,32.74,383,12539.42,0.0
2026-04-19,SKU_1020,Coke Zero Can 330ml Mini,Coca Cola,Beverages,24.64,584,14389.76,10.0
2026-04-20,SKU_1020,Coke Zero Can 330ml Mini,Coca Cola,Beverages,27.91,381,10633.71,0.0
2026-04-21,SKU_1020,Coke Zero Can 330ml Mini,Coca Cola,Beverages,25.26,484,12225.84,0.0
2026-04-22,SKU_1020,Coke Zero Can 330ml Mini,Coca Cola,Beverages,27.69,412,11408.28,0.0
2026-04-23,SKU_1020,Coke Zero Can 330ml Mini,Coca Cola,Beverages,30.94,343,10612.42,5.0
2026-04-24,SKU_1020,Coke Zero Can 330ml Mini,Coca Cola,Beverages,33.0,305,10065.0,0.0
2026-04-25,SKU_1020,Coke Zero Can 330ml Mini,Coca Cola,Beverages,24.19,632,15288.08,0.0
2026-04-26,SKU_1020,Coke Zero Can 330ml Mini,Coca Cola,Beverages,38.61,234,9034.74,0.0
2026-04-27,SKU_1020,Coke Zero Can 330ml Mini,Coca Cola,Beverages,25.65,393,10080.45,5.0
2026-04-28,SKU_1020,Coke Zero Can 330ml Mini,Coca Cola,Beverages,39.1,194,7585.4,0.0
2026-04-29,SKU_1020,Coke Zero Can 330ml Mini,Coca Cola,Beverages,32.58,250,8145.0,0.0
2026-04-30,SKU_1020,Coke Zero Can 330ml Mini,Coca Cola,Beverages,24.11,459,11066.49,0.0
2026-05-01,SKU_1020,Coke Zero Can 330ml Mini,Coca Cola,Beverages,25.51,520,13265.2,0.0
2026-05-02,SKU_1020,Coke Zero Can 330ml Mini,Coca Cola,Beverages,38.8,298,11562.4,10.0
2026-05-03,SKU_1020,Coke Zero Can 330ml Mini,Coca Cola,Beverages,34.79,352,12246.08,10.0
2026-05-04,SKU_1020,Coke Zero Can 330ml Mini,Coca Cola,Beverages,33.8,299,10106.2,0.0
2026-05-05,SKU_1020,Coke Zero Can 330ml Mini,Coca Cola,Beverages,35.93,274,9844.82,10.0
2026-05-06,SKU_1020,Coke Zero Can 330ml Mini,Coca Cola,Beverages,31.55,357,11263.35,5.0
2026-05-07,SKU_1020,Coke Zero Can 330ml Mini,Coca Cola,Beverages,26.85,479,12861.15,5.0
2026-05-08,SKU_1020,Coke Zero Can 330ml Mini,Coca Cola,Beverages,28.96,416,12047.36,0.0
2026-05-09,SKU_1020,Coke Zero Can 330ml Mini,Coca Cola,Beverages,26.64,601,16010.64,10.0
2026-05-10,SKU_1020,Coke Zero Can 330ml Mini,Coca Cola,Beverages,26.16,597,15617.52,0.0
2026-05-11,SKU_1020,Coke Zero Can 330ml Mini,Coca Cola,Beverages,28.07,385,10806.95,0.0
2026-05-12,SKU_1020,Coke Zero Can 330ml Mini,Coca Cola,Beverages,28.31,385,10899.35,0.0
2026-05-13,SKU_1020,Coke Zero Can 330ml Mini,Coca Cola,Beverages,38.43,207,7955.01,10.0
2026-05-14,SKU_1020,Coke Zero Can 330ml Mini,Coca Cola,Beverages,33.96,251,8523.96,10.0
2026-05-15,SKU_1020,Coke Zero Can 330ml Mini,Coca Cola,Beverages,30.39,332,10089.48,0.0
2026-05-16,SKU_1020,Coke Zero Can 330ml Mini,Coca Cola,Beverages,34.7,326,11312.2,10.0
2026-05-17,SKU_1020,Coke Zero Can 330ml Mini,Coca Cola,Beverages,28.64,437,12515.68,10.0
2026-05-18,SKU_1020,Coke Zero Can 330ml Mini,Coca Cola,Beverages,25.76,439,11308.64,0.0
