customer_data/sales_history.csv
date,product_id,product_name,brand,category,selling_price,units_sold,revenue,promotion_discount_pct
2025-11-20,SKU_1021,Coke Zero Can 330ml Regular,Coca Cola,Beverages,50.68,205,10389.4,0.0
2025-11-21,SKU_1021,Coke Zero Can 330ml Regular,Coca Cola,Beverages,41.86,259,10841.74,0.0
2025-11-22,SKU_1021,Coke Zero Can 330ml Regular,Coca Cola,Beverages,35.01,399,13968.99,0.0
2025-11-23,SKU_1021,Coke Zero Can 330ml Regular,Coca Cola,Beverages,52.85,269,14216.65,0.0
2025-11-24,SKU_1021,Coke Zero Can 330ml Regular,Coca Cola,Beverages,46.31,236,10929.16,0.0
2025-11-25,SKU_1021,Coke Zero Can 330ml Regular,Coca Cola,Beverages,35.12,345,12116.4,0.0
2025-11-26,SKU_1021,Coke Zero Can 330ml Regular,Coca Cola,Beverages,34.72,318,11040.96,0.0
2025-11-27,SKU_1021,Coke Zero Can 330ml Regular,Coca Cola,Beverages,45.64,214,9766.96,0.0
2025-11-28,SKU_1021,Coke Zero Can 330ml Regular,Coca Cola,Beverages,55.62,164,9121.68,0.0
2025-11-29,SKU_1021,Coke Zero Can 330ml Regular,Coca Cola,Beverages,47.76,263,12560.88,10.0
2025-11-30,SKU_1021,Coke Zero Can 330ml Regular,Coca Cola,Beverages,39.45,323,12742.35,0.0
2025-12-01,SKU_1021,Coke Zero Can 330ml Regular,Coca Cola,Beverages,49.38,267,13184.46,0.0
2025-12-02,SKU_1021,Coke Zero Can 330ml Regular,Coca Cola,Beverages,34.43,416,14322.88,10.0
2025-12-03,SKU_1021,Coke Zero Can 330ml Regular,Coca Cola,Beverages,38.19,336,12831.84,0.0
2025-12-04,SKU_1021,Coke Zero Can 330ml Regular,Coca Cola,Beverages,40.46,306,12380.76,10.0
2025-12-05,SKU_1021,Coke Zero Can 330ml Regular,Coca Cola,Beverages,37.24,385,14337.4,0.0
2025-12-06,SKU_1021,Coke Zero Can 330ml Regular,Coca Cola,Beverages,41.65,376,15660.4,10.0
2025-12-07,SKU_1021,Coke Zero Can 330ml Regular,Coca Cola,Beverages,36.87,472,17402.64,5.0
2025-12-08,SKU_1021,Coke Zero Can 330ml Regular,Coca Cola,Beverages,54.03,229,12372.87,0.0
2025-12-09,SKU_1021,Coke Zero Can 330ml Regular,Coca Cola,Beverages,34.9,377,13157.3,10.0
2025-12-10,SKU_1021,Coke Zero Can 330ml Regular,Coca Cola,Beverages,35.71,362,12927.02,0.0
2025-12-11,SKU_1021,Coke Zero Can 330ml Regular,Coca Cola,Beverages,44.32,251,11124.32,0.0
2025-12-12,SKU_1021,Coke Zero Can 330ml Regular,Coca Cola,Beverages,46.26,240,11102.4,0.0
2025-12-13,SKU_1021,Coke Zero Can 330ml Regular,Coca Cola,Beverages,56.0,265,14840.0,0.0
2025-12-14,SKU_1021,Coke Zero Can 330ml Regular,Coca Cola,Beverages,47.42,298,14131.16,0.0
2025-12-15,SKU_1021,Coke Zero Can 330ml Regular,Coca Cola,Beverages,43.16,268,11566.88,10.0
2025-12-16,SKU_1021,Coke Zero Can 330ml Regular,Coca Cola,Beverages,51.11,223,11397.53,0.0
2025-12-17,SKU_1021,Coke Zero Can 330ml Regular,Coca Cola,Beverages,54.08,224,12113.92,0.0
2025-12-18,SKU_1021,Coke Zero Can 330ml Regular,Coca Cola,Beverages,42.13,284,11964.92,0.0
2025-12-19,SKU_1021,Coke Zero Can 330ml Regular,Coca Cola,Beverages,36.6,318,11638.8,0.0
2025-12-20,SKU_1021,Coke Zero Can 330ml Regular,Coca Cola,Beverages,43.9,324,14223.6,5.0
2025-12-21,SKU_1021,Coke Zero Can 330ml Regular,Coca Cola,Beverages,54.53,251,13687.03,10.0
2025-12-22,SKU_1021,Coke Zero Can 330ml Regular,Coca Cola,Beverages,44.87,269,12070.03,0.0
2025-12-23,SKU_1021,Coke Zero Can 330ml Regular,Coca Cola,Beverages,50.29,229,11516.41,10.0
2025-12-24,SKU_1021,Coke Zero Can 330ml Regular,Coca Cola,Beverages,54.36,216,11741.76,10.0
2025-12-25,SKU_1021,Coke Zero Can 330ml Regular,Coca Cola,Beverages,44.5,253,11258.5,0.0
2025-12-26,SKU_1021,Coke Zero Can 330ml Regular,Coca Cola,Beverages,45.08,250,11270.0,0.0
2025-12-27,SKU_1021,Coke Zero Can 330ml Regular,Coca Cola,Beverages,48.52,289,14022.28,10.0
2025-12-28,SKU_1021,Coke Zero Can 330ml Regular,Coca Cola,Beverages,45.75,280,12810.0,0.0
2025-12-29,SKU_1021,Coke Zero Can 330ml Regular,Coca Cola,Beverages,34.73,316,10974.68,10.0
2025-12-30,SKU_1021,Coke Zero Can 330ml Regular,Coca Cola,Beverages,50.43,221,11145.03,0.0
2025-12-31,SKU_1021,Coke Zero Can 330ml Regular,Coca Cola,Beverages,41.2,269,11082.8,0.0
2026-01-01,SKU_1021,Coke Zero Can 330ml Regular,Coca Cola,Beverages,44.08,315,13885.2,0.0
2026-01-02,SKU_1021,Coke Zero Can 330ml Regular,Coca Cola,Beverages,39.73,342,13587.66,0.0
2026-01-03,SKU_1021,Coke Zero Can 330ml Regular,Coca Cola,Beverages,38.93,433,16856.69,0.0
2026-01-04,SKU_1021,Coke Zero Can 330ml Regular,Coca Cola,Beverages,38.96,431,16791.76,0.0
2026-01-05,SKU_1021,Coke Zero Can 330ml Regular,Coca Cola,Beverages,48.81,279,13617.99,0.0
2026-01-06,SKU_1021,Coke Zero Can 330ml Regular,Coca Cola,Beverages,56.75,231,13109.25,0.0
2026-01-07,SKU_1021,Coke Zero Can 330ml Regular,Coca Cola,Beverages,42.35,332,14060.2,10.0
2026-01-08,SKU_1021,Coke Zero Can 330ml Regular,Coca Cola,Beverages,34.61,448,15505.28,0.0
2026-01-09,SKU_1021,Coke Zero Can 330ml Regular,Coca Cola,Beverages,35.15,447,15712.05,5.0
2026-01-10,SKU_1021,Coke Zero Can 330ml Regular,Coca Cola,Beverages,54.89,319,17509.91,0.0
2026-01-11,SKU_1021,Coke Zero Can 330ml Regular,Coca Cola,Beverages,46.89,338,15848.82,0.0
2026-01-12,SKU_1021,Coke Zero Can 330ml Regular,Coca Cola,Beverages,43.3,297,12860.1,5.0
2026-01-13,SKU_1021,Coke Zero Can 330ml Regular,Coca Cola,Beverages,35.44,344,12191.36,0.0
2026-01-14,SKU_1021,Coke Zero Can 330ml Regular,Coca Cola,Beverages,44.91,282,12664.62,0.0
2026-01-15,SKU_1021,Coke Zero Can 330ml Regular,Coca Cola,Beverages,54.79,211,11560.69,0.0
2026-01-16,SKU_1021,Coke Zero Can 330ml Regular,Coca Cola,Beverages,53.29,222,11830.38,0.0
2026-01-17,SKU_1021,Coke Zero Can 330ml Regular,Coca Cola,Beverages,43.46,357,15515.22,0.0
2026-01-18,SKU_1021,Coke Zero Can 330ml Regular,Coca Cola,Beverages,43.6,348,15172.8,10.0
2026-01-19,SKU_1021,Coke Zero Can 330ml Regular,Coca Cola,Beverages,45.97,288,13239.36,0.0
2026-01-20,SKU_1021,Coke Zero Can 330ml Regular,Coca Cola,Beverages,44.55,287,12785.85,10.0
2026-01-21,SKU_1021,Coke Zero Can 330ml Regular,Coca Cola,Beverages,53.89,238,12825.82,0.0
2026-01-22,SKU_1021,Coke Zero Can 330ml Regular,Coca Cola,Beverages,45.67,271,12376.57,5.0
2026-01-23,SKU_1021,Coke Zero Can 330ml Regular,Coca Cola,Beverages,54.72,231,12640.32,0.0
2026-01-24,SKU_1021,Coke Zero Can 330ml Regular,Coca Cola,Beverages,39.49,402,15874.98,0.0
2026-01-25,SKU_1021,Coke Zero Can 330ml Regular,Coca Cola,Beverages,52.85,279,14745.15,0.0
2026-01-26,SKU_1021,Coke Zero Can 330ml Regular,Coca Cola,Beverages,57.18,187,10692.66,0.0
2026-01-27,SKU_1021,Coke Zero Can 330ml Regular,Coca Cola,Beverages,52.68,213,11220.84,10.0
2026-01-28,SKU_1021,Coke Zero Can 330ml Regular,Coca Cola,Beverages,45.71,269,12295.99,0.0
2026-01-29,SKU_1021,Coke Zero Can 330ml Regular,Coca Cola,Beverages,43.89,269,11806.41,0.0
2026-01-30,SKU_1021,Coke Zero Can 330ml Regular,Coca Cola,Beverages,35.55,318,11304.9,10.0
2026-01-31,SKU_1021,Coke Zero Can 330ml Regular,Coca Cola,Beverages,40.03,383,15331.49,10.0
2026-02-01,SKU_1021,Coke Zero Can 330ml Regular,Coca Cola,Beverages,37.2,492,18302.4,10.0
2026-02-02,SKU_1021,Coke Zero Can 330ml Regular,Coca Cola,Beverages,43.85,353,15479.05,0.0
2026-02-03,SKU_1021,Coke Zero Can 330ml Regular,Coca Cola,Beverages,50.76,280,14212.8,0.0
2026-02-04,SKU_1021,Coke Zero Can 330ml Regular,Coca Cola,Beverages,36.24,458,16597.92,0.0
2026-02-05,SKU_1021,Coke Zero Can 330ml Regular,Coca Cola,Beverages,40.4,401,16200.4,10.0
2026-02-06,SKU_1021,Coke Zero Can 330ml Regular,Coca Cola,Beverages,54.23,284,15401.32,0.0
2026-02-07,SKU_1021,Coke Zero Can 330ml Regular,Coca Cola,Beverages,38.29,532,20370.28,10.0
2026-02-08,SKU_1021,Coke Zero Can 330ml Regular,Coca Cola,Beverages,52.07,364,18953.48,10.0
2026-02-09,SKU_1021,Coke Zero Can 330ml Regular,Coca Cola,Beverages,42.15,354,14921.1,0.0
2026-02-10,SKU_1021,Coke Zero Can 330ml Regular,Coca Cola,Beverages,37.21,424,15777.04,0.0
2026-02-11,SKU_1021,Coke Zero Can 330ml Regular,Coca Cola,Beverages,47.85,271,12967.35,5.0
2026-02-12,SKU_1021,Coke Zero Can 330ml Regular,Coca Cola,Beverages,45.32,289,13097.48,10.0
2026-02-13,SKU_1021,Coke Zero Can 330ml Regular,Coca Cola,Beverages,49.13,284,13952.92,0.0
2026-02-14,SKU_1021,Coke Zero Can 330ml Regular,Coca Cola,Beverages,38.18,443,16913.74,0.0
2026-02-15,SKU_1021,Coke Zero Can 330ml Regular,Coca Cola,Beverages,37.65,466,17544.9,10.0
2026-02-16,SKU_1021,Coke Zero Can 330ml Regular,Coca Cola,Beverages,51.14,274,14012.36,0.0
2026-02-17,SKU_1021,Coke Zero Can 330ml Regular,Coca Cola,Beverages,40.82,356,14531.92,5.0
2026-02-18,SKU_1021,Coke Zero Can 330ml Regular,Coca Cola,Beverages,35.87,395,14168.65,0.0
2026-02-19,SKU_1021,Coke Zero Can 330ml Regular,Coca Cola,Beverages,35.73,413,14756.49,0.0
2026-02-20,SKU_1021,Coke Zero Can 330ml Regular,Coca Cola,Beverages,46.57,296,13784.72,10.0
2026-02-21,SKU_1021,Coke Zero Can 330ml Regular,Coca Cola,Beverages,53.5,294,15729.0,0.0
2026-02-22,SKU_1021,Coke Zero Can 330ml Regular,Coca Cola,Beverages,35.3,525,18532.5,0.0
2026-02-23,SKU_1021,Coke Zero Can 330ml Regular,Coca Cola,Beverages,41.64,313,13033.32,5.0
2026-02-24,SKU_1021,Coke Zero Can 330ml Regular,Coca Cola,Beverages,45.17,306,13822.02,0.0
2026-02-25,SKU_1021,Coke Zero Can 330ml Regular,Coca Cola,Beverages,35.13,390,13700.7,0.0
2026-02-26,SKU_1021,Coke Zero Can 330ml Regular,Coca Cola,Beverages,35.17,358,12590.86,0.0
2026-02-27,SKU_1021,Coke Zero Can 330ml Regular,Coca Cola,Beverages,54.96,232,12750.72,0.0
2026-02-28,SKU_1021,Coke Zero Can 330ml Regular,Coca Cola,Beverages,49.03,296,14512.88,0.0
2026-03-01,SKU_1021,Coke Zero Can 330ml Regular,Coca Cola,Beverages,55.2,348,19209.6,0.0
2026-03-02,SKU_1021,Coke Zero Can 330ml Regular,Coca Cola,Beverages,37.95,452,17153.4,0.0
2026-03-03,SKU_1021,Coke Zero Can 330ml Regular,Coca Cola,Beverages,51.8,309,16006.2,5.0
2026-03-04,SKU_1021,Coke Zero Can 330ml Regular,Coca Cola,Beverages,50.69,294,14902.86,10.0
2026-03-05,SKU_1021,Coke Zero Can 330ml Regular,Coca Cola,Beverages,39.26,422,16567.72,5.0
2026-03-06,SKU_1021,Coke Zero Can 330ml Regular,Coca Cola,Beverages,39.46,406,16020.76,0.0
2026-03-07,SKU_1021,Coke Zero Can 330ml Regular,Coca Cola,Beverages,52.36,385,20158.6,0.0
2026-03-08,SKU_1021,Coke Zero Can 330ml Regular,Coca Cola,Beverages,44.82,461,20662.02,10.0
2026-03-09,SKU_1021,Coke Zero Can 330ml Regular,Coca Cola,Beverages,53.66,295,15829.7,5.0
2026-03-10,SKU_1021,Coke Zero Can 330ml Regular,Coca Cola,Beverages,40.7,564,22954.8,0.0
2026-03-11,SKU_1021,Coke Zero Can 330ml Regular,Coca Cola,Beverages,40.69,458,18636.02,0.0
2026-03-12,SKU_1021,Coke Zero Can 330ml Regular,Coca Cola,Beverages,55.26,372,20556.72,0.0
2026-03-13,SKU_1021,Coke Zero Can 330ml Regular,Coca Cola,Beverages,50.19,463,23237.97,0.0
2026-03-14,SKU_1021,Coke Zero Can 330ml Regular,Coca Cola,Beverages,47.46,693,32889.78,5.0
2026-03-15,SKU_1021,Coke Zero Can 330ml Regular,Coca Cola,Beverages,40.32,822,33143.04,0.0
2026-03-16,SKU_1021,Coke Zero Can 330ml Regular,Coca Cola,Beverages,53.68,333,17875.44,0.0
2026-03-17,SKU_1021,Coke Zero Can 330ml Regular,Coca Cola,Beverages,39.49,642,25352.58,0.0
2026-03-18,SKU_1021,Coke Zero Can 330ml Regular,Coca Cola,Beverages,45.28,575,26036.0,0.0
2026-03-19,SKU_1021,Coke Zero Can 330ml Regular,Coca Cola,Beverages,44.89,327,14679.03,0.0
2026-03-20,SKU_1021,Coke Zero Can 330ml Regular,Coca Cola,Beverages,45.84,318,14577.12,10.0
2026-03-21,SKU_1021,Coke Zero Can 330ml Regular,Coca Cola,Beverages,52.8,318,16790.4,0.0
2026-03-22,SKU_1021,Coke Zero Can 330ml Regular,Coca Cola,Beverages,39.7,441,17507.7,10.0
2026-03-23,SKU_1021,Coke Zero Can 330ml Regular,Coca Cola,Beverages,53.38,245,13078.1,0.0
2026-03-24,SKU_1021,Coke Zero Can 330ml Regular,Coca Cola,Beverages,46.45,312,14492.4,10.0
2026-03-25,SKU_1021,Coke Zero Can 330ml Regular,Coca Cola,Beverages,42.53,337,14332.61,10.0
2026-03-26,SKU_1021,Coke Zero Can 330ml Regular,Coca Cola,Beverages,40.05,302,12095.1,0.0
2026-03-27,SKU_1021,Coke Zero Can 330ml Regular,Coca Cola,Beverages,52.64,220,11580.8,5.0
2026-03-28,SKU_1021,Coke Zero Can 330ml Regular,Coca Cola,Beverages,40.64,412,16743.68,10.0
2026-03-29,SKU_1021,Coke Zero Can 330ml Regular,Coca Cola,Beverages,42.37,399,16905.63,5.0
2026-03-30,SKU_1021,Coke Zero Can 330ml Regular,Coca Cola,Beverages,56.9,207,11778.3,0.0
2026-03-31,SKU_1021,Coke Zero Can 330ml Regular,Coca Cola,Beverages,35.36,379,13401.44,10.0
2026-04-01,SKU_1021,Coke Zero Can 330ml Regular,Coca Cola,Beverages,44.77,339,15177.03,5.0
2026-04-02,SKU_1021,Coke Zero Can 330ml Regular,Coca Cola,Beverages,50.65,291,14739.15,10.0
2026-04-03,SKU_1021,Coke Zero Can 330ml Regular,Coca Cola,Beverages,54.38,273,14845.74,10.0
2026-04-04,SKU_1021,Coke Zero Can 330ml Regular,Coca Cola,Beverages,37.34,527,19678.18,0.0
2026-04-05,SKU_1021,Coke Zero Can 330ml Regular,Coca Cola,Beverages,56.45,354,19983.3,0.0
2026-04-06,SKU_1021,Coke Zero Can 330ml Regular,Coca Cola,Beverages,52.8,293,15470.4,0.0
2026-04-07,SKU_1021,Coke Zero Can 330ml Regular,Coca Cola,Beverages,42.13,370,15588.1,0.0
2026-04-08,SKU_1021,Coke Zero Can 330ml Regular,Coca Cola,Beverages,45.45,355,16134.75,0.0
2026-04-09,SKU_1021,Coke Zero Can 330ml Regular,Coca Cola,Beverages,48.91,313,15308.83,5.0
2026-04-10,SKU_1021,Coke Zero Can 330ml Regular,Coca Cola,Beverages,56.18,264,14831.52,0.0
2026-04-11,SKU_1021,Coke Zero Can 330ml Regular,Coca Cola,Beverages,56.57,278,15726.46,10.0
2026-04-12,SKU_1021,Coke Zero Can 330ml Regular,Coca Cola,Beverages,45.46,374,17002.04,5.0
2026-04-13,SKU_1021,Coke Zero Can 330ml Regular,Coca Cola,Beverages,44.72,315,14086.8,5.0
2026-04-14,SKU_1021,Coke Zero Can 330ml Regular,Coca Cola,Beverages,44.41,310,13767.1,0.0
2026-04-15,SKU_1021,Coke Zero Can 330ml Regular,Coca Cola,Beverages,51.23,274,14037.02,10.0
2026-04-16,SKU_1021,Coke Zero Can 330ml Regular,Coca Cola,Beverages,53.54,245,13117.3,10.0
2026-04-17,SKU_1021,Coke Zero Can 330ml Regular,Coca Cola,Beverages,48.4,288,13939.2,0.0
2026-04-18,SKU_1021,Coke Zero Can 330ml Regular,Coca Cola,Beverages,42.9,407,17460.3,0.0
2026-04-19,SKU_1021,Coke Zero Can 330ml Regular,Coca Cola,Beverages,41.62,401,16689.62,0.0
2026-04-20,SKU_1021,Coke Zero Can 330ml Regular,Coca Cola,Beverages,39.32,340,13368.8,10.0
2026-04-21,SKU_1021,Coke Zero Can 330ml Regular,Coca Cola,Beverages,50.09,279,13975.11,0.0
2026-04-22,SKU_1021,Coke Zero Can 330ml Regular,Coca Cola,Beverages,56.23,246,13832.58,10.0
2026-04-23,SKU_1021,Coke Zero Can 330ml Regular,Coca Cola,Beverages,35.61,424,15098.64,0.0
2026-04-24,SKU_1021,Coke Zero Can 330ml Regular,Coca Cola,Beverages,54.21,246,13335.66,5.0
2026-04-25,SKU_1021,Coke Zero Can 330ml Regular,Coca Cola,Beverages,47.86,382,18282.52,0.0
2026-04-26,SKU_1021,Coke Zero Can 330ml Regular,Coca Cola,Beverages,46.63,350,16320.5,5.0
2026-04-27,SKU_1021,Coke Zero Can 330ml Regular,Coca Cola,Beverages,36.32,337,12239.84,0.0
2026-04-28,SKU_1021,Coke Zero Can 330ml Regular,Coca Cola,Beverages,44.53,282,12557.46,0.0
2026-04-29,SKU_1021,Coke Zero Can 330ml Regular,Coca Cola,Beverages,53.15,243,12915.45,0.0
2026-04-30,SKU_1021,Coke Zero Can 330ml Regular,Coca Cola,Beverages,43.34,269,11658.46,0.0
2026-05-01,SKU_1021,Coke Zero Can 330ml Regular,Coca Cola,Beverages,52.8,297,15681.6,10.0
2026-05-02,SKU_1021,Coke Zero Can 330ml Regular,Coca Cola,Beverages,38.97,516,20108.52,0.0
2026-05-03,SKU_1021,Coke Zero Can 330ml Regular,Coca Cola,Beverages,51.45,390,20065.5,0.0
2026-05-04,SKU_1021,Coke Zero Can 330ml Regular,Coca Cola,Beverages,45.88,333,15278.04,0.0
2026-05-05,SKU_1021,Coke Zero Can 330ml Regular,Coca Cola,Beverages,56.76,274,15552.24,10.0
2026-05-06,SKU_1021,Coke Zero Can 330ml Regular,Coca Cola,Beverages,43.78,349,15279.22,5.0
2026-05-07,SKU_1021,Coke Zero Can 330ml Regular,Coca Cola,Beverages,51.19,290,14845.1,5.0
2026-05-08,SKU_1021,Coke Zero Can 330ml Regular,Coca Cola,Beverages,38.36,420,16111.2,0.0
2026-05-09,SKU_1021,Coke Zero Can 330ml Regular,Coca Cola,Beverages,41.07,491,20165.37,0.0
2026-05-10,SKU_1021,Coke Zero Can 330ml Regular,Coca Cola,Beverages,37.12,553,20527.36,10.0
2026-05-11,SKU_1021,Coke Zero Can 330ml Regular,Coca Cola,Beverages,40.92,313,12807.96,0.0
2026-05-12,SKU_1021,Coke Zero Can 330ml Regular,Coca Cola,Beverages,37.33,395,14745.35,0.0
2026-05-13,SKU_1021,Coke Zero Can 330ml Regular,Coca Cola,Beverages,54.32,233,12656.56,0.0
2026-05-14,SKU_1021,Coke Zero Can 330ml Regular,Coca Cola,Beverages,52.28,257,13435.96,10.0
2026-05-15,SKU_1021,Coke Zero Can 330ml Regular,Coca Cola,Beverages,56.69,226,12811.94,0.0
2026-05-16,SKU_1021,Coke Zero Can 330ml Regular,Coca Cola,Beverages,50.05,311,15565.55,0.0
2026-05-17,SKU_1021,Coke Zero Can 330ml Regular,Coca Cola,Beverages,43.51,413,17969.63,5.0
2026-05-18,SKU_1021,Coke Zero Can 330ml Regular,Coca Cola,Beverages,46.78,277,12958.06,0.0
