customer_data/sales_history.csv
date,product_id,product_name,brand,category,selling_price,units_sold,revenue,promotion_discount_pct
2025-11-20,SKU_1022,Coke Zero Can 330ml Value,Coca Cola,Beverages,61.31,212,12997.72,0.0
2025-11-21,SKU_1022,Coke Zero Can 330ml Value,Coca Cola,Beverages,52.14,289,15068.46,5.0
2025-11-22,SKU_1022,Coke Zero Can 330ml Value,Coca Cola,Beverages,42.36,466,19739.76,0.0
2025-11-23,SKU_1022,Coke Zero Can 330ml Value,Coca Cola,Beverages,67.37,218,14686.66,5.0
2025-11-24,SKU_1022,Coke Zero Can 330ml Value,Coca Cola,Beverages,48.76,307,14969.32,5.0
2025-11-25,SKU_1022,Coke Zero Can 330ml Value,Coca Cola,Beverages,64.66,182,11768.12,10.0
2025-11-26,SKU_1022,Coke Zero Can 330ml Value,Coca Cola,Beverages,67.98,167,11352.66,5.0
2025-11-27,SKU_1022,Coke Zero Can 330ml Value,Coca Cola,Beverages,46.78,305,14267.9,0.0
2025-11-28,SKU_1022,Coke Zero Can 330ml Value,Coca Cola,Beverages,52.45,243,12745.35,5.0
2025-11-29,SKU_1022,Coke Zero Can 330ml Value,Coca Cola,Beverages,63.53,240,15247.2,0.0
2025-11-30,SKU_1022,Coke Zero Can 330ml Value,Coca Cola,Beverages,45.26,390,17651.4,0.0
2025-12-01,SKU_1022,Coke Zero Can 330ml Value,Coca Cola,Beverages,55.12,287,15819.44,0.0
2025-12-02,SKU_1022,Coke Zero Can 330ml Value,Coca Cola,Beverages,51.84,304,15759.36,5.0
2025-12-03,SKU_1022,Coke Zero Can 330ml Value,Coca Cola,Beverages,60.81,247,15020.07,0.0
2025-12-04,SKU_1022,Coke Zero Can 330ml Value,Coca Cola,Beverages,47.16,397,18722.52,0.0
2025-12-05,SKU_1022,Coke Zero Can 330ml Value,Coca Cola,Beverages,64.07,230,14736.1,5.0
2025-12-06,SKU_1022,Coke Zero Can 330ml Value,Coca Cola,Beverages,50.04,442,22117.68,0.0
2025-12-07,SKU_1022,Coke Zero Can 330ml Value,Coca Cola,Beverages,49.76,422,20998.72,10.0
2025-12-08,SKU_1022,Coke Zero Can 330ml Value,Coca Cola,Beverages,62.06,229,14211.74,5.0
2025-12-09,SKU_1022,Coke Zero Can 330ml Value,Coca Cola,Beverages,44.37,396,17570.52,0.0
2025-12-10,SKU_1022,Coke Zero Can 330ml Value,Coca Cola,Beverages,45.99,378,17384.22,0.0
2025-12-11,SKU_1022,Coke Zero Can 330ml Value,Coca Cola,Beverages,69.45,173,12014.85,0.0
2025-12-12,SKU_1022,Coke Zero Can 330ml Value,Coca Cola,Beverages,45.89,340,15602.6,0.0
2025-12-13,SKU_1022,Coke Zero Can 330ml Value,Coca Cola,Beverages,67.79,234,15862.86,0.0
2025-12-14,SKU_1022,Coke Zero Can 330ml Value,Coca Cola,Beverages,51.89,381,19770.09,5.0
2025-12-15,SKU_1022,Coke Zero Can 330ml Value,Coca Cola,Beverages,52.73,276,14553.48,5.0
2025-12-16,SKU_1022,Coke Zero Can 330ml Value,Coca Cola,Beverages,47.51,331,15725.81,5.0
2025-12-17,SKU_1022,Coke Zero Can 330ml Value,Coca Cola,Beverages,50.55,312,15771.6,0.0
2025-12-18,SKU_1022,Coke Zero Can 330ml Value,Coca Cola,Beverages,49.8,317,15786.6,0.0
2025-12-19,SKU_1022,Coke Zero Can 330ml Value,Coca Cola,Beverages,43.57,374,16295.18,10.0
2025-12-20,SKU_1022,Coke Zero Can 330ml Value,Coca Cola,Beverages,53.07,376,19954.32,0.0
2025-12-21,SKU_1022,Coke Zero Can 330ml Value,Coca Cola,Beverages,52.23,373,19481.79,5.0
2025-12-22,SKU_1022,Coke Zero Can 330ml Value,Coca Cola,Beverages,48.84,310,15140.4,5.0
2025-12-23,SKU_1022,Coke Zero Can 330ml Value,Coca Cola,Beverages,43.37,388,16827.56,0.0
2025-12-24,SKU_1022,Coke Zero Can 330ml Value,Coca Cola,Beverages,46.12,345,15911.4,0.0
2025-12-25,SKU_1022,Coke Zero Can 330ml Value,Coca Cola,Beverages,62.91,203,12770.73,0.0
2025-12-26,SKU_1022,Coke Zero Can 330ml Value,Coca Cola,Beverages,57.26,225,12883.5,0.0
2025-12-27,SKU_1022,Coke Zero Can 330ml Value,Coca Cola,Beverages,55.83,302,16860.66,10.0
2025-12-28,SKU_1022,Coke Zero Can 330ml Value,Coca Cola,Beverages,50.46,344,17358.24,5.0
2025-12-29,SKU_1022,Coke Zero Can 330ml Value,Coca Cola,Beverages,62.14,212,13173.68,5.0
2025-12-30,SKU_1022,Coke Zero Can 330ml Value,Coca Cola,Beverages,47.1,301,14177.1,5.0
2025-12-31,SKU_1022,Coke Zero Can 330ml Value,Coca Cola,Beverages,66.72,177,11809.44,5.0
2026-01-01,SKU_1022,Coke Zero Can 330ml Value,Coca Cola,Beverages,57.08,293,16724.44,0.0
2026-01-02,SKU_1022,Coke Zero Can 330ml Value,Coca Cola,Beverages,45.24,444,20086.56,0.0
2026-01-03,SKU_1022,Coke Zero Can 330ml Value,Coca Cola,Beverages,56.35,367,20680.45,0.0
2026-01-04,SKU_1022,Coke Zero Can 330ml Value,Coca Cola,Beverages,54.31,425,23081.75,0.0
2026-01-05,SKU_1022,Coke Zero Can 330ml Value,Coca Cola,Beverages,58.17,276,16054.92,5.0
2026-01-06,SKU_1022,Coke Zero Can 330ml Value,Coca Cola,Beverages,56.99,312,17780.88,0.0
2026-01-07,SKU_1022,Coke Zero Can 330ml Value,Coca Cola,Beverages,63.79,257,16394.03,0.0
2026-01-08,SKU_1022,Coke Zero Can 330ml Value,Coca Cola,Beverages,45.99,446,20511.54,0.0
2026-01-09,SKU_1022,Coke Zero Can 330ml Value,Coca Cola,Beverages,60.58,258,15629.64,0.0
2026-01-10,SKU_1022,Coke Zero Can 330ml Value,Coca Cola,Beverages,53.19,419,22286.61,0.0
2026-01-11,SKU_1022,Coke Zero Can 330ml Value,Coca Cola,Beverages,60.36,292,17625.12,10.0
2026-01-12,SKU_1022,Coke Zero Can 330ml Value,Coca Cola,Beverages,58.18,274,15941.32,0.0
2026-01-13,SKU_1022,Coke Zero Can 330ml Value,Coca Cola,Beverages,63.94,235,15025.9,10.0
2026-01-14,SKU_1022,Coke Zero Can 330ml Value,Coca Cola,Beverages,68.96,183,12619.68,0.0
2026-01-15,SKU_1022,Coke Zero Can 330ml Value,Coca Cola,Beverages,59.07,251,14826.57,0.0
2026-01-16,SKU_1022,Coke Zero Can 330ml Value,Coca Cola,Beverages,65.66,207,13591.62,0.0
2026-01-17,SKU_1022,Coke Zero Can 330ml Value,Coca Cola,Beverages,69.03,251,17326.53,10.0
2026-01-18,SKU_1022,Coke Zero Can 330ml Value,Coca Cola,Beverages,63.82,265,16912.3,0.0
2026-01-19,SKU_1022,Coke Zero Can 330ml Value,Coca Cola,Beverages,46.84,389,18220.76,10.0
2026-01-20,SKU_1022,Coke Zero Can 330ml Value,Coca Cola,Beverages,42.35,464,19650.4,10.0
2026-01-21,SKU_1022,Coke Zero Can 330ml Value,Coca Cola,Beverages,42.13,459,19337.67,0.0
2026-01-22,SKU_1022,Coke Zero Can 330ml Value,Coca Cola,Beverages,51.9,325,16867.5,5.0
2026-01-23,SKU_1022,Coke Zero Can 330ml Value,Coca Cola,Beverages,61.1,240,14664.0,5.0
2026-01-24,SKU_1022,Coke Zero Can 330ml Value,Coca Cola,Beverages,44.74,481,21519.94,10.0
2026-01-25,SKU_1022,Coke Zero Can 330ml Value,Coca Cola,Beverages,58.12,335,19470.2,10.0
2026-01-26,SKU_1022,Coke Zero Can 330ml Value,Coca Cola,Beverages,62.39,215,13413.85,10.0
2026-01-27,SKU_1022,Coke Zero Can 330ml Value,Coca Cola,Beverages,53.49,273,14602.77,10.0
2026-01-28,SKU_1022,Coke Zero Can 330ml Value,Coca Cola,Beverages,42.47,396,16818.12,5.0
2026-01-29,SKU_1022,Coke Zero Can 330ml Value,Coca Cola,Beverages,68.9,193,13297.7,10.0
2026-01-30,SKU_1022,Coke Zero Can 330ml Value,Coca Cola,Beverages,50.9,306,15575.4,5.0
2026-01-31,SKU_1022,Coke Zero Can 330ml Value,Coca Cola,Beverages,65.31,249,16262.19,0.0
2026-02-01,SKU_1022,Coke Zero Can 330ml Value,Coca Cola,Beverages,42.24,619,26146.56,5.0
2026-02-02,SKU_1022,Coke Zero Can 330ml Value,Coca Cola,Beverages,55.94,355,19858.7,0.0
2026-02-03,SKU_1022,Coke Zero Can 330ml Value,Coca Cola,Beverages,61.03,272,16600.16,0.0
2026-02-04,SKU_1022,Coke Zero Can 330ml Value,Coca Cola,Beverages,47.01,461,21671.61,0.0
2026-02-05,SKU_1022,Coke Zero Can 330ml Value,Coca Cola,Beverages,65.15,265,17264.75,0.0
2026-02-06,SKU_1022,Coke Zero Can 330ml Value,Coca Cola,Beverages,59.67,282,16826.94,5.0
2026-02-07,SKU_1022,Coke Zero Can 330ml Value,Coca Cola,Beverages,64.79,343,22222.97,5.0
2026-02-08,SKU_1022,Coke Zero Can 330ml Value,Coca Cola,Beverages,48.95,539,26384.05,0.0
2026-02-09,SKU_1022,Coke Zero Can 330ml Value,Coca Cola,Beverages,47.72,410,19565.2,0.0
2026-02-10,SKU_1022,Coke Zero Can 330ml Value,Coca Cola,Beverages,47.33,425,20115.25,0.0
2026-02-11,SKU_1022,Coke Zero Can 330ml Value,Coca Cola,Beverages,51.14,337,17234.18,10.0
2026-02-12,SKU_1022,Coke Zero Can 330ml Value,Coca Cola,Beverages,55.89,294,16431.66,10.0
2026-02-13,SKU_1022,Coke Zero Can 330ml Value,Coca Cola,Beverages,49.27,340,16751.8,0.0
2026-02-14,SKU_1022,Coke Zero Can 330ml Value,Coca Cola,Beverages,58.57,338,19796.66,0.0
2026-02-15,SKU_1022,Coke Zero Can 330ml Value,Coca Cola,Beverages,50.05,468,23423.4,0.0
2026-02-16,SKU_1022,Coke Zero Can 330ml Value,Coca Cola,Beverages,62.52,260,16255.2,10.0
2026-02-17,SKU_1022,Coke Zero Can 330ml Value,Coca Cola,Beverages,55.51,285,15820.35,0.0
2026-02-18,SKU_1022,Coke Zero Can 330ml Value,Coca Cola,Beverages,61.11,247,15094.17,0.0
2026-02-19,SKU_1022,Coke Zero Can 330ml Value,Coca Cola,Beverages,54.01,297,16040.97,5.0
2026-02-20,SKU_1022,Coke Zero Can 330ml Value,Coca Cola,Beverages,64.7,223,14428.1,0.0
2026-02-21,SKU_1022,Coke Zero Can 330ml Value,Coca Cola,Beverages,66.87,293,19592.91,10.0
2026-02-22,SKU_1022,Coke Zero Can 330ml Value,Coca Cola,Beverages,54.66,402,21973.32,10.0
2026-02-23,SKU_1022,Coke Zero Can 330ml Value,Coca Cola,Beverages,58.97,287,16924.39,0.0
2026-02-24,SKU_1022,Coke Zero Can 330ml Value,Coca Cola,Beverages,53.75,333,17898.75,0.0
2026-02-25,SKU_1022,Coke Zero Can 330ml Value,Coca Cola,Beverages,54.61,332,18130.52,0.0
2026-02-26,SKU_1022,Coke Zero Can 330ml Value,Coca Cola,Beverages,55.27,275,15199.25,10.0
2026-02-27,SKU_1022,Coke Zero Can 330ml Value,Coca Cola,Beverages,63.58,230,14623.4,10.0
2026-02-28,SKU_1022,Coke Zero Can 330ml Value,Coca Cola,Beverages,57.17,313,17894.21,5.0
2026-03-01,SKU_1022,Coke Zero Can 330ml Value,Coca Cola,Beverages,54.75,480,26280.0,0.0
2026-03-02,SKU_1022,Coke Zero Can 330ml Value,Coca Cola,Beverages,62.69,301,18869.69,10.0
2026-03-03,SKU_1022,Coke Zero Can 330ml Value,Coca Cola,Beverages,42.65,542,23116.3,10.0
2026-03-04,SKU_1022,Coke Zero Can 330ml Value,Coca Cola,Beverages,59.73,328,19591.44,5.0
2026-03-05,SKU_1022,Coke Zero Can 330ml Value,Coca Cola,Beverages,43.11,562,24227.82,10.0
2026-03-06,SKU_1022,Coke Zero Can 330ml Value,Coca Cola,Beverages,57.0,324,18468.0,0.0
2026-03-07,SKU_1022,Coke Zero Can 330ml Value,Coca Cola,Beverages,50.57,500,25285.0,0.0
2026-03-08,SKU_1022,Coke Zero Can 330ml Value,Coca Cola,Beverages,56.51,403,22773.53,0.0
2026-03-09,SKU_1022,Coke Zero Can 330ml Value,Coca Cola,Beverages,46.15,502,23167.3,0.0
2026-03-10,SKU_1022,Coke Zero Can 330ml Value,Coca Cola,Beverages,48.23,619,29854.37,0.0
2026-03-11,SKU_1022,Coke Zero Can 330ml Value,Coca Cola,Beverages,62.98,414,26073.72,5.0
2026-03-12,SKU_1022,Coke Zero Can 330ml Value,Coca Cola,Beverages,58.94,491,28939.54,0.0
2026-03-13,SKU_1022,Coke Zero Can 330ml Value,Coca Cola,Beverages,53.9,451,24308.9,0.0
2026-03-14,SKU_1022,Coke Zero Can 330ml Value,Coca Cola,Beverages,57.9,647,37461.3,0.0
2026-03-15,SKU_1022,Coke Zero Can 330ml Value,Coca Cola,Beverages,48.05,705,33875.25,0.0
2026-03-16,SKU_1022,Coke Zero Can 330ml Value,Coca Cola,Beverages,56.07,465,26072.55,0.0
2026-03-17,SKU_1022,Coke Zero Can 330ml Value,Coca Cola,Beverages,65.46,403,26380.38,5.0
2026-03-18,SKU_1022,Coke Zero Can 330ml Value,Coca Cola,Beverages,68.88,350,24108.0,0.0
2026-03-19,SKU_1022,Coke Zero Can 330ml Value,Coca Cola,Beverages,58.29,270,15738.3,10.0
2026-03-20,SKU_1022,Coke Zero Can 330ml Value,Coca Cola,Beverages,58.6,268,15704.8,5.0
2026-03-21,SKU_1022,Coke Zero Can 330ml Value,Coca Cola,Beverages,68.43,284,19434.12,10.0
2026-03-22,SKU_1022,Coke Zero Can 330ml Value,Coca Cola,Beverages,63.67,319,20310.73,5.0
2026-03-23,SKU_1022,Coke Zero Can 330ml Value,Coca Cola,Beverages,58.15,286,16630.9,10.0
2026-03-24,SKU_1022,Coke Zero Can 330ml Value,Coca Cola,Beverages,65.62,252,16536.24,5.0
2026-03-25,SKU_1022,Coke Zero Can 330ml Value,Coca Cola,Beverages,55.62,329,18298.98,10.0
2026-03-26,SKU_1022,Coke Zero Can 330ml Value,Coca Cola,Beverages,57.97,263,15246.11,10.0
2026-03-27,SKU_1022,Coke Zero Can 330ml Value,Coca Cola,Beverages,54.38,278,15117.64,0.0
2026-03-28,SKU_1022,Coke Zero Can 330ml Value,Coca Cola,Beverages,41.84,538,22509.92,0.0
2026-03-29,SKU_1022,Coke Zero Can 330ml Value,Coca Cola,Beverages,55.92,341,19068.72,0.0
2026-03-30,SKU_1022,Coke Zero Can 330ml Value,Coca Cola,Beverages,54.22,311,16862.42,10.0
2026-03-31,SKU_1022,Coke Zero Can 330ml Value,Coca Cola,Beverages,51.48,315,16216.2,0.0
2026-04-01,SKU_1022,Coke Zero Can 330ml Value,Coca Cola,Beverages,45.45,467,21225.15,0.0
2026-04-02,SKU_1022,Coke Zero Can 330ml Value,Coca Cola,Beverages,63.31,292,18486.52,10.0
2026-04-03,SKU_1022,Coke Zero Can 330ml Value,Coca Cola,Beverages,62.9,278,17486.2,5.0
2026-04-04,SKU_1022,Coke Zero Can 330ml Value,Coca Cola,Beverages,57.65,407,23463.55,0.0
2026-04-05,SKU_1022,Coke Zero Can 330ml Value,Coca Cola,Beverages,48.08,529,25434.32,0.0
2026-04-06,SKU_1022,Coke Zero Can 330ml Value,Coca Cola,Beverages,45.36,486,22044.96,0.0
2026-04-07,SKU_1022,Coke Zero Can 330ml Value,Coca Cola,Beverages,44.99,541,24339.59,0.0
2026-04-08,SKU_1022,Coke Zero Can 330ml Value,Coca Cola,Beverages,50.33,399,20081.67,0.0
2026-04-09,SKU_1022,Coke Zero Can 330ml Value,Coca Cola,Beverages,47.28,472,22316.16,5.0
2026-04-10,SKU_1022,Coke Zero Can 330ml Value,Coca Cola,Beverages,43.52,561,24414.72,5.0
2026-04-11,SKU_1022,Coke Zero Can 330ml Value,Coca Cola,Beverages,68.49,266,18218.34,0.0
2026-04-12,SKU_1022,Coke Zero Can 330ml Value,Coca Cola,Beverages,54.26,377,20456.02,10.0
2026-04-13,SKU_1022,Coke Zero Can 330ml Value,Coca Cola,Beverages,59.57,274,16322.18,5.0
2026-04-14,SKU_1022,Coke Zero Can 330ml Value,Coca Cola,Beverages,49.25,363,17877.75,0.0
2026-04-15,SKU_1022,Coke Zero Can 330ml Value,Coca Cola,Beverages,59.94,271,16243.74,5.0
2026-04-16,SKU_1022,Coke Zero Can 330ml Value,Coca Cola,Beverages,46.74,423,19771.02,0.0
2026-04-17,SKU_1022,Coke Zero Can 330ml Value,Coca Cola,Beverages,57.46,308,17697.68,10.0
2026-04-18,SKU_1022,Coke Zero Can 330ml Value,Coca Cola,Beverages,45.01,569,25610.69,0.0
2026-04-19,SKU_1022,Coke Zero Can 330ml Value,Coca Cola,Beverages,60.48,318,19232.64,10.0
2026-04-20,SKU_1022,Coke Zero Can 330ml Value,Coca Cola,Beverages,61.07,263,16061.41,10.0
2026-04-21,SKU_1022,Coke Zero Can 330ml Value,Coca Cola,Beverages,68.03,210,14286.3,0.0
2026-04-22,SKU_1022,Coke Zero Can 330ml Value,Coca Cola,Beverages,59.62,270,16097.4,10.0
2026-04-23,SKU_1022,Coke Zero Can 330ml Value,Coca Cola,Beverages,68.36,214,14629.04,0.0
2026-04-24,SKU_1022,Coke Zero Can 330ml Value,Coca Cola,Beverages,68.51,231,15825.81,0.0
2026-04-25,SKU_1022,Coke Zero Can 330ml Value,Coca Cola,Beverages,49.26,489,24088.14,5.0
2026-04-26,SKU_1022,Coke Zero Can 330ml Value,Coca Cola,Beverages,69.44,232,16110.08,10.0
2026-04-27,SKU_1022,Coke Zero Can 330ml Value,Coca Cola,Beverages,53.89,292,15735.88,5.0
2026-04-28,SKU_1022,Coke Zero Can 330ml Value,Coca Cola,Beverages,49.94,307,15331.58,5.0
2026-04-29,SKU_1022,Coke Zero Can 330ml Value,Coca Cola,Beverages,47.86,342,16368.12,5.0
2026-04-30,SKU_1022,Coke Zero Can 330ml Value,Coca Cola,Beverages,54.08,275,14872.0,0.0
2026-05-01,SKU_1022,Coke Zero Can 330ml Value,Coca Cola,Beverages,66.04,273,18028.92,0.0
2026-05-02,SKU_1022,Coke Zero Can 330ml Value,Coca Cola,Beverages,44.11,656,28936.16,0.0
2026-05-03,SKU_1022,Coke Zero Can 330ml Value,Coca Cola,Beverages,59.93,412,24691.16,10.0
2026-05-04,SKU_1022,Coke Zero Can 330ml Value,Coca Cola,Beverages,41.82,540,22582.8,5.0
2026-05-05,SKU_1022,Coke Zero Can 330ml Value,Coca Cola,Beverages,67.55,269,18170.95,0.0
2026-05-06,SKU_1022,Coke Zero Can 330ml Value,Coca Cola,Beverages,61.79,305,18845.95,0.0
2026-05-07,SKU_1022,Coke Zero Can 330ml Value,Coca Cola,Beverages,44.28,508,22494.24,5.0
2026-05-08,SKU_1022,Coke Zero Can 330ml Value,Coca Cola,Beverages,48.18,421,20283.78,0.0
2026-05-09,SKU_1022,Coke Zero Can 330ml Value,Coca Cola,Beverages,64.28,325,20891.0,0.0
2026-05-10,SKU_1022,Coke Zero Can 330ml Value,Coca Cola,Beverages,54.78,473,25910.94,0.0
2026-05-11,SKU_1022,Coke Zero Can 330ml Value,Coca Cola,Beverages,46.91,426,19983.66,0.0
2026-05-12,SKU_1022,Coke Zero Can 330ml Value,Coca Cola,Beverages,69.4,211,14643.4,10.0
2026-05-13,SKU_1022,Coke Zero Can 330ml Value,Coca Cola,Beverages,46.47,394,18309.18,0.0
2026-05-14,SKU_1022,Coke Zero Can 330ml Value,Coca Cola,Beverages,53.55,311,16654.05,0.0
2026-05-15,SKU_1022,Coke Zero Can 330ml Value,Coca Cola,Beverages,49.55,386,19126.3,0.0
2026-05-16,SKU_1022,Coke Zero Can 330ml Value,Coca Cola,Beverages,46.0,528,24288.0,0.0
2026-05-17,SKU_1022,Coke Zero Can 330ml Value,Coca Cola,Beverages,41.75,607,25342.25,0.0
2026-05-18,SKU_1022,Coke Zero Can 330ml Value,Coca Cola,Beverages,67.22,212,14250.64,10.0
