customer_data/sales_history.csv
date,product_id,product_name,brand,category,selling_price,units_sold,revenue,promotion_discount_pct
2025-11-20,SKU_1023,Coke Zero Can 330ml Family,Coca Cola,Beverages,73.45,219,16085.55,10.0
2025-11-21,SKU_1023,Coke Zero Can 330ml Family,Coca Cola,Beverages,74.69,202,15087.38,5.0
2025-11-22,SKU_1023,Coke Zero Can 330ml Family,Coca Cola,Beverages,59.82,391,23389.62,5.0
2025-11-23,SKU_1023,Coke Zero Can 330ml Family,Coca Cola,Beverages,82.73,221,18283.33,0.0
2025-11-24,SKU_1023,Coke Zero Can 330ml Family,Coca Cola,Beverages,80.09,186,14896.74,0.0
2025-11-25,SKU_1023,Coke Zero Can 330ml Family,Coca Cola,Beverages,65.69,244,16028.36,5.0
2025-11-26,SKU_1023,Coke Zero Can 330ml Family,Coca Cola,Beverages,65.76,232,15256.32,5.0
2025-11-27,SKU_1023,Coke Zero Can 330ml Family,Coca Cola,Beverages,51.97,331,17202.07,5.0
2025-11-28,SKU_1023,Coke Zero Can 330ml Family,Coca Cola,Beverages,77.88,182,14174.16,0.0
2025-11-29,SKU_1023,Coke Zero Can 330ml Family,Coca Cola,Beverages,72.89,261,19024.29,10.0
2025-11-30,SKU_1023,Coke Zero Can 330ml Family,Coca Cola,Beverages,51.82,425,22023.5,0.0
2025-12-01,SKU_1023,Coke Zero Can 330ml Family,Coca Cola,Beverages,78.08,229,17880.32,0.0
2025-12-02,SKU_1023,Coke Zero Can 330ml Family,Coca Cola,Beverages,62.26,309,19238.34,10.0
2025-12-03,SKU_1023,Coke Zero Can 330ml Family,Coca Cola,Beverages,81.51,213,17361.63,0.0
2025-12-04,SKU_1023,Coke Zero Can 330ml Family,Coca Cola,Beverages,81.18,219,17778.42,0.0
2025-12-05,SKU_1023,Coke Zero Can 330ml Family,Coca Cola,Beverages,74.22,260,19297.2,0.0
2025-12-06,SKU_1023,Coke Zero Can 330ml Family,Coca Cola,Beverages,73.71,311,22923.81,10.0
2025-12-07,SKU_1023,Coke Zero Can 330ml Family,Coca Cola,Beverages,68.74,368,25296.32,10.0
2025-12-08,SKU_1023,Coke Zero Can 330ml Family,Coca Cola,Beverages,63.96,312,19955.52,0.0
2025-12-09,SKU_1023,Coke Zero Can 330ml Family,Coca Cola,Beverages,54.47,431,23476.57,0.0
2025-12-10,SKU_1023,Coke Zero Can 330ml Family,Coca Cola,Beverages,54.31,419,22755.89,0.0
2025-12-11,SKU_1023,Coke Zero Can 330ml Family,Coca Cola,Beverages,65.31,265,17307.15,0.0
2025-12-12,SKU_1023,Coke Zero Can 330ml Family,Coca Cola,Beverages,74.4,206,15326.4,0.0
2025-12-13,SKU_1023,Coke Zero Can 330ml Family,Coca Cola,Beverages,71.47,304,21726.88,0.0
2025-12-14,SKU_1023,Coke Zero Can 330ml Family,Coca Cola,Beverages,79.48,238,18916.24,0.0
2025-12-15,SKU_1023,Coke Zero Can 330ml Family,Coca Cola,Beverages,81.84,195,15958.8,10.0
2025-12-16,SKU_1023,Coke Zero Can 330ml Family,Coca Cola,Beverages,81.31,193,15692.83,0.0
2025-12-17,SKU_1023,Coke Zero Can 330ml Family,Coca Cola,Beverages,69.71,261,18194.31,10.0
2025-12-18,SKU_1023,Coke Zero Can 330ml Family,Coca Cola,Beverages,81.93,191,15648.63,0.0
2025-12-19,SKU_1023,Coke Zero Can 330ml Family,Coca Cola,Beverages,60.57,304,18413.28,10.0
2025-12-20,SKU_1023,Coke Zero Can 330ml Family,Coca Cola,Beverages,64.44,340,21909.6,0.0
2025-12-21,SKU_1023,Coke Zero Can 330ml Family,Coca Cola,Beverages,60.37,409,24691.33,10.0
2025-12-22,SKU_1023,Coke Zero Can 330ml Family,Coca Cola,Beverages,53.59,386,20685.74,0.0
2025-12-23,SKU_1023,Coke Zero Can 330ml Family,Coca Cola,Beverages,57.11,334,19074.74,0.0
2025-12-24,SKU_1023,Coke Zero Can 330ml Family,Coca Cola,Beverages,53.31,369,19671.39,0.0
2025-12-25,SKU_1023,Coke Zero Can 330ml Family,Coca Cola,Beverages,77.44,225,17424.0,5.0
2025-12-26,SKU_1023,Coke Zero Can 330ml Family,Coca Cola,Beverages,58.77,295,17337.15,0.0
2025-12-27,SKU_1023,Coke Zero Can 330ml Family,Coca Cola,Beverages,67.26,317,21321.42,5.0
2025-12-28,SKU_1023,Coke Zero Can 330ml Family,Coca Cola,Beverages,77.25,244,18849.0,0.0
2025-12-29,SKU_1023,Coke Zero Can 330ml Family,Coca Cola,Beverages,74.1,218,16153.8,0.0
2025-12-30,SKU_1023,Coke Zero Can 330ml Family,Coca Cola,Beverages,51.53,362,18653.86,0.0
2025-12-31,SKU_1023,Coke Zero Can 330ml Family,Coca Cola,Beverages,82.18,184,15121.12,0.0
2026-01-01,SKU_1023,Coke Zero Can 330ml Family,Coca Cola,Beverages,69.74,296,20643.04,0.0
2026-01-02,SKU_1023,Coke Zero Can 330ml Family,Coca Cola,Beverages,63.08,346,21825.68,10.0
2026-01-03,SKU_1023,Coke Zero Can 330ml Family,Coca Cola,Beverages,73.58,336,24722.88,10.0
2026-01-04,SKU_1023,Coke Zero Can 330ml Family,Coca Cola,Beverages,75.59,344,26002.96,10.0
2026-01-05,SKU_1023,Coke Zero Can 330ml Family,Coca Cola,Beverages,56.49,410,23160.9,10.0
2026-01-06,SKU_1023,Coke Zero Can 330ml Family,Coca Cola,Beverages,65.14,340,22147.6,0.0
2026-01-07,SKU_1023,Coke Zero Can 330ml Family,Coca Cola,Beverages,59.74,388,23179.12,0.0
2026-01-08,SKU_1023,Coke Zero Can 330ml Family,Coca Cola,Beverages,81.16,234,18991.44,0.0
2026-01-09,SKU_1023,Coke Zero Can 330ml Family,Coca Cola,Beverages,82.31,248,20412.88,10.0
2026-01-10,SKU_1023,Coke Zero Can 330ml Family,Coca Cola,Beverages,54.83,527,28895.41,10.0
2026-01-11,SKU_1023,Coke Zero Can 330ml Family,Coca Cola,Beverages,83.65,263,21999.95,10.0
2026-01-12,SKU_1023,Coke Zero Can 330ml Family,Coca Cola,Beverages,54.54,360,19634.4,10.0
2026-01-13,SKU_1023,Coke Zero Can 330ml Family,Coca Cola,Beverages,56.71,390,22116.9,0.0
2026-01-14,SKU_1023,Coke Zero Can 330ml Family,Coca Cola,Beverages,57.35,359,20588.65,0.0
2026-01-15,SKU_1023,Coke Zero Can 330ml Family,Coca Cola,Beverages,80.17,199,15953.83,0.0
2026-01-16,SKU_1023,Coke Zero Can 330ml Family,Coca Cola,Beverages,71.84,246,17672.64,10.0
2026-01-17,SKU_1023,Coke Zero Can 330ml Family,Coca Cola,Beverages,80.64,258,20805.12,10.0
2026-01-18,SKU_1023,Coke Zero Can 330ml Family,Coca Cola,Beverages,74.65,308,22992.2,0.0
2026-01-19,SKU_1023,Coke Zero Can 330ml Family,Coca Cola,Beverages,58.77,327,19217.79,0.0
2026-01-20,SKU_1023,Coke Zero Can 330ml Family,Coca Cola,Beverages,65.18,289,18837.02,10.0
2026-01-21,SKU_1023,Coke Zero Can 330ml Family,Coca Cola,Beverages,78.82,232,18286.24,0.0
2026-01-22,SKU_1023,Coke Zero Can 330ml Family,Coca Cola,Beverages,66.81,293,19575.33,0.0
2026-01-23,SKU_1023,Coke Zero Can 330ml Family,Coca Cola,Beverages,71.83,270,19394.1,0.0
2026-01-24,SKU_1023,Coke Zero Can 330ml Family,Coca Cola,Beverages,65.71,360,23655.6,0.0
2026-01-25,SKU_1023,Coke Zero Can 330ml Family,Coca Cola,Beverages,60.25,428,25787.0,0.0
2026-01-26,SKU_1023,Coke Zero Can 330ml Family,Coca Cola,Beverages,66.54,261,17366.94,0.0
2026-01-27,SKU_1023,Coke Zero Can 330ml Family,Coca Cola,Beverages,54.32,373,20261.36,0.0
2026-01-28,SKU_1023,Coke Zero Can 330ml Family,Coca Cola,Beverages,58.5,310,18135.0,0.0
2026-01-29,SKU_1023,Coke Zero Can 330ml Family,Coca Cola,Beverages,65.3,263,17173.9,0.0
2026-01-30,SKU_1023,Coke Zero Can 330ml Family,Coca Cola,Beverages,71.14,235,16717.9,0.0
2026-01-31,SKU_1023,Coke Zero Can 330ml Family,Coca Cola,Beverages,66.53,335,22287.55,0.0
2026-02-01,SKU_1023,Coke Zero Can 330ml Family,Coca Cola,Beverages,58.15,500,29075.0,0.0
2026-02-02,SKU_1023,Coke Zero Can 330ml Family,Coca Cola,Beverages,81.26,248,20152.48,0.0
2026-02-03,SKU_1023,Coke Zero Can 330ml Family,Coca Cola,Beverages,65.27,330,21539.1,0.0
2026-02-04,SKU_1023,Coke Zero Can 330ml Family,Coca Cola,Beverages,68.21,332,22645.72,0.0
2026-02-05,SKU_1023,Coke Zero Can 330ml Family,Coca Cola,Beverages,70.28,325,22841.0,5.0
2026-02-06,SKU_1023,Coke Zero Can 330ml Family,Coca Cola,Beverages,57.27,420,24053.4,5.0
2026-02-07,SKU_1023,Coke Zero Can 330ml Family,Coca Cola,Beverages,78.88,351,27686.88,10.0
2026-02-08,SKU_1023,Coke Zero Can 330ml Family,Coca Cola,Beverages,55.85,567,31666.95,0.0
2026-02-09,SKU_1023,Coke Zero Can 330ml Family,Coca Cola,Beverages,58.52,397,23232.44,0.0
2026-02-10,SKU_1023,Coke Zero Can 330ml Family,Coca Cola,Beverages,62.32,365,22746.8,0.0
2026-02-11,SKU_1023,Coke Zero Can 330ml Family,Coca Cola,Beverages,75.44,250,18860.0,5.0
2026-02-12,SKU_1023,Coke Zero Can 330ml Family,Coca Cola,Beverages,56.12,368,20652.16,0.0
2026-02-13,SKU_1023,Coke Zero Can 330ml Family,Coca Cola,Beverages,78.79,222,17491.38,10.0
2026-02-14,SKU_1023,Coke Zero Can 330ml Family,Coca Cola,Beverages,71.9,329,23655.1,5.0
2026-02-15,SKU_1023,Coke Zero Can 330ml Family,Coca Cola,Beverages,71.19,333,23706.27,0.0
2026-02-16,SKU_1023,Coke Zero Can 330ml Family,Coca Cola,Beverages,54.17,403,21830.51,0.0
2026-02-17,SKU_1023,Coke Zero Can 330ml Family,Coca Cola,Beverages,57.63,378,21784.14,0.0
2026-02-18,SKU_1023,Coke Zero Can 330ml Family,Coca Cola,Beverages,73.68,252,18567.36,0.0
2026-02-19,SKU_1023,Coke Zero Can 330ml Family,Coca Cola,Beverages,51.62,456,23538.72,0.0
2026-02-20,SKU_1023,Coke Zero Can 330ml Family,Coca Cola,Beverages,71.89,289,20776.21,0.0
2026-02-21,SKU_1023,Coke Zero Can 330ml Family,Coca Cola,Beverages,71.33,343,24466.19,0.0
2026-02-22,SKU_1023,Coke Zero Can 330ml Family,Coca Cola,Beverages,70.78,370,26188.6,0.0
2026-02-23,SKU_1023,Coke Zero Can 330ml Family,Coca Cola,Beverages,79.49,228,18123.72,0.0
2026-02-24,SKU_1023,Coke Zero Can 330ml Family,Coca Cola,Beverages,59.31,357,21173.67,0.0
2026-02-25,SKU_1023,Coke Zero Can 330ml Family,Coca Cola,Beverages,68.43,306,20939.58,0.0
2026-02-26,SKU_1023,Coke Zero Can 330ml Family,Coca Cola,Beverages,68.38,250,17095.0,5.0
2026-02-27,SKU_1023,Coke Zero Can 330ml Family,Coca Cola,Beverages,75.91,237,17990.67,0.0
2026-02-28,SKU_1023,Coke Zero Can 330ml Family,Coca Cola,Beverages,61.09,407,24863.63,10.0
2026-03-01,SKU_1023,Coke Zero Can 330ml Family,Coca Cola,Beverages,65.77,479,31503.83,5.0
2026-03-02,SKU_1023,Coke Zero Can 330ml Family,Coca Cola,Beverages,80.06,269,21536.14,0.0
2026-03-03,SKU_1023,Coke Zero Can 330ml Family,Coca Cola,Beverages,74.81,314,23490.34,0.0
2026-03-04,SKU_1023,Coke Zero Can 330ml Family,Coca Cola,Beverages,68.13,336,22891.68,0.0
2026-03-05,SKU_1023,Coke Zero Can 330ml Family,Coca Cola,Beverages,76.93,275,21155.75,5.0
2026-03-06,SKU_1023,Coke Zero Can 330ml Family,Coca Cola,Beverages,64.47,396,25530.12,5.0
2026-03-07,SKU_1023,Coke Zero Can 330ml Family,Coca Cola,Beverages,75.94,360,27338.4,10.0
2026-03-08,SKU_1023,Coke Zero Can 330ml Family,Coca Cola,Beverages,58.54,537,31435.98,5.0
2026-03-09,SKU_1023,Coke Zero Can 330ml Family,Coca Cola,Beverages,60.9,394,23994.6,5.0
2026-03-10,SKU_1023,Coke Zero Can 330ml Family,Coca Cola,Beverages,59.81,769,45993.89,0.0
2026-03-11,SKU_1023,Coke Zero Can 330ml Family,Coca Cola,Beverages,84.73,332,28130.36,0.0
2026-03-12,SKU_1023,Coke Zero Can 330ml Family,Coca Cola,Beverages,54.27,592,32127.84,10.0
2026-03-13,SKU_1023,Coke Zero Can 330ml Family,Coca Cola,Beverages,65.5,548,35894.0,0.0
2026-03-14,SKU_1023,Coke Zero Can 330ml Family,Coca Cola,Beverages,68.84,498,34282.32,0.0
2026-03-15,SKU_1023,Coke Zero Can 330ml Family,Coca Cola,Beverages,54.75,708,38763.0,10.0
2026-03-16,SKU_1023,Coke Zero Can 330ml Family,Coca Cola,Beverages,72.02,365,26287.3,0.0
2026-03-17,SKU_1023,Coke Zero Can 330ml Family,Coca Cola,Beverages,57.13,627,35820.51,0.0
2026-03-18,SKU_1023,Coke Zero Can 330ml Family,Coca Cola,Beverages,59.07,702,41467.14,0.0
2026-03-19,SKU_1023,Coke Zero Can 330ml Family,Coca Cola,Beverages,58.37,386,22530.82,10.0
2026-03-20,SKU_1023,Coke Zero Can 330ml Family,Coca Cola,Beverages,51.88,476,24694.88,5.0
2026-03-21,SKU_1023,Coke Zero Can 330ml Family,Coca Cola,Beverages,69.07,393,27144.51,10.0
2026-03-22,SKU_1023,Coke Zero Can 330ml Family,Coca Cola,Beverages,56.82,526,29887.32,0.0
2026-03-23,SKU_1023,Coke Zero Can 330ml Family,Coca Cola,Beverages,78.24,232,18151.68,0.0
2026-03-24,SKU_1023,Coke Zero Can 330ml Family,Coca Cola,Beverages,64.81,314,20350.34,10.0
2026-03-25,SKU_1023,Coke Zero Can 330ml Family,Coca Cola,Beverages,59.9,360,21564.0,5.0
2026-03-26,SKU_1023,Coke Zero Can 330ml Family,Coca Cola,Beverages,70.19,258,18109.02,0.0
2026-03-27,SKU_1023,Coke Zero Can 330ml Family,Coca Cola,Beverages,83.56,189,15792.84,10.0
2026-03-28,SKU_1023,Coke Zero Can 330ml Family,Coca Cola,Beverages,84.45,236,19930.2,0.0
2026-03-29,SKU_1023,Coke Zero Can 330ml Family,Coca Cola,Beverages,77.59,273,21182.07,10.0
2026-03-30,SKU_1023,Coke Zero Can 330ml Family,Coca Cola,Beverages,56.09,390,21875.1,10.0
2026-03-31,SKU_1023,Coke Zero Can 330ml Family,Coca Cola,Beverages,61.75,327,20192.25,0.0
2026-04-01,SKU_1023,Coke Zero Can 330ml Family,Coca Cola,Beverages,70.54,331,23348.74,0.0
2026-04-02,SKU_1023,Coke Zero Can 330ml Family,Coca Cola,Beverages,68.13,362,24663.06,0.0
2026-04-03,SKU_1023,Coke Zero Can 330ml Family,Coca Cola,Beverages,54.2,512,27750.4,10.0
2026-04-04,SKU_1023,Coke Zero Can 330ml Family,Coca Cola,Beverages,81.79,309,25273.11,0.0
2026-04-05,SKU_1023,Coke Zero Can 330ml Family,Coca Cola,Beverages,56.01,612,34278.12,0.0
2026-04-06,SKU_1023,Coke Zero Can 330ml Family,Coca Cola,Beverages,66.13,362,23939.06,0.0
2026-04-07,SKU_1023,Coke Zero Can 330ml Family,Coca Cola,Beverages,55.88,477,26654.76,10.0
2026-04-08,SKU_1023,Coke Zero Can 330ml Family,Coca Cola,Beverages,55.53,480,26654.4,0.0
2026-04-09,SKU_1023,Coke Zero Can 330ml Family,Coca Cola,Beverages,77.27,278,21481.06,10.0
2026-04-10,SKU_1023,Coke Zero Can 330ml Family,Coca Cola,Beverages,67.62,378,25560.36,10.0
2026-04-11,SKU_1023,Coke Zero Can 330ml Family,Coca Cola,Beverages,74.65,345,25754.25,0.0
2026-04-12,SKU_1023,Coke Zero Can 330ml Family,Coca Cola,Beverages,65.37,420,27455.4,10.0
2026-04-13,SKU_1023,Coke Zero Can 330ml Family,Coca Cola,Beverages,52.59,431,22666.29,10.0
2026-04-14,SKU_1023,Coke Zero Can 330ml Family,Coca Cola,Beverages,58.14,383,22267.62,10.0
2026-04-15,SKU_1023,Coke Zero Can 330ml Family,Coca Cola,Beverages,80.08,231,18498.48,10.0
2026-04-16,SKU_1023,Coke Zero Can 330ml Family,Coca Cola,Beverages,73.55,277,20373.35,0.0
2026-04-17,SKU_1023,Coke Zero Can 330ml Family,Coca Cola,Beverages,71.22,277,19727.94,0.0
2026-04-18,SKU_1023,Coke Zero Can 330ml Family,Coca Cola,Beverages,70.91,348,24676.68,10.0
2026-04-19,SKU_1023,Coke Zero Can 330ml Family,Coca Cola,Beverages,54.07,580,31360.6,0.0
2026-04-20,SKU_1023,Coke Zero Can 330ml Family,Coca Cola,Beverages,55.55,391,21720.05,10.0
2026-04-21,SKU_1023,Coke Zero Can 330ml Family,Coca Cola,Beverages,81.2,224,18188.8,0.0
2026-04-22,SKU_1023,Coke Zero Can 330ml Family,Coca Cola,Beverages,73.41,262,19233.42,0.0
2026-04-23,SKU_1023,Coke Zero Can 330ml Family,Coca Cola,Beverages,64.57,317,20468.69,10.0
2026-04-24,SKU_1023,Coke Zero Can 330ml Family,Coca Cola,Beverages,62.92,337,21204.04,0.0
2026-04-25,SKU_1023,Coke Zero Can 330ml Family,Coca Cola,Beverages,75.8,319,24180.2,5.0
2026-04-26,SKU_1023,Coke Zero Can 330ml Family,Coca Cola,Beverages,83.42,231,19270.02,0.0
2026-04-27,SKU_1023,Coke Zero Can 330ml Family,Coca Cola,Beverages,68.38,272,18599.36,10.0
2026-04-28,SKU_1023,Coke Zero Can 330ml Family,Coca Cola,Beverages,82.62,188,15532.56,10.0
2026-04-29,SKU_1023,Coke Zero Can 330ml Family,Coca Cola,Beverages,70.78,267,18898.26,5.0
2026-04-30,SKU_1023,Coke Zero Can 330ml Family,Coca Cola,Beverages,59.47,351,20873.97,10.0
2026-05-01,SKU_1023,Coke Zero Can 330ml Family,Coca Cola,Beverages,51.86,544,28211.84,0.0
2026-05-02,SKU_1023,Coke Zero Can 330ml Family,Coca Cola,Beverages,83.06,323,26828.38,0.0
2026-05-03,SKU_1023,Coke Zero Can 330ml Family,Coca Cola,Beverages,66.19,421,27865.99,10.0
2026-05-04,SKU_1023,Coke Zero Can 330ml Family,Coca Cola,Beverages,82.62,253,20902.86,10.0
2026-05-05,SKU_1023,Coke Zero Can 330ml Family,Coca Cola,Beverages,52.2,533,27822.6,0.0
2026-05-06,SKU_1023,Coke Zero Can 330ml Family,Coca Cola,Beverages,67.65,328,22189.2,10.0
2026-05-07,SKU_1023,Coke Zero Can 330ml Family,Coca Cola,Beverages,58.52,407,23817.64,5.0
2026-05-08,SKU_1023,Coke Zero Can 330ml Family,Coca Cola,Beverages,70.81,327,23154.87,10.0
2026-05-09,SKU_1023,Coke Zero Can 330ml Family,Coca Cola,Beverages,68.47,442,30263.74,10.0
2026-05-10,SKU_1023,Coke Zero Can 330ml Family,Coca Cola,Beverages,80.6,333,26839.8,0.0
2026-05-11,SKU_1023,Coke Zero Can 330ml Family,Coca Cola,Beverages,51.64,468,24167.52,0.0
2026-05-12,SKU_1023,Coke Zero Can 330ml Family,Coca Cola,Beverages,65.48,317,20757.16,0.0
2026-05-13,SKU_1023,Coke Zero Can 330ml Family,Coca Cola,Beverages,73.36,257,18853.52,0.0
2026-05-14,SKU_1023,Coke Zero Can 330ml Family,Coca Cola,Beverages,82.51,207,17079.57,0.0
2026-05-15,SKU_1023,Coke Zero Can 330ml Family,Coca Cola,Beverages,74.13,240,17791.2,5.0
2026-05-16,SKU_1023,Coke Zero Can 330ml Family,Coca Cola,Beverages,82.77,256,21189.12,10.0
2026-05-17,SKU_1023,Coke Zero Can 330ml Family,Coca Cola,Beverages,54.45,507,27606.15,0.0
2026-05-18,SKU_1023,Coke Zero Can 330ml Family,Coca Cola,Beverages,63.96,310,19827.6,10.0
