customer_data/sales_history.csv
date,product_id,product_name,brand,category,selling_price,units_sold,revenue,promotion_discount_pct
2025-11-20,SKU_1024,Pepsi 250ml Mini,Pepsi,Beverages,13.76,234,3219.84,0.0
2025-11-21,SKU_1024,Pepsi 250ml Mini,Pepsi,Beverages,12.88,281,3619.28,0.0
2025-11-22,SKU_1024,Pepsi 250ml Mini,Pepsi,Beverages,15.5,287,4448.5,5.0
2025-11-23,SKU_1024,Pepsi 250ml Mini,Pepsi,Beverages,15.56,270,4201.2,10.0
2025-11-24,SKU_1024,Pepsi 250ml Mini,Pepsi,Beverages,11.33,300,3399.0,0.0
2025-11-25,SKU_1024,Pepsi 250ml Mini,Pepsi,Beverages,16.51,224,3698.24,0.0
2025-11-26,SKU_1024,Pepsi 250ml Mini,Pepsi,Beverages,14.12,207,2922.84,10.0
2025-11-27,SKU_1024,Pepsi 250ml Mini,Pepsi,Beverages,11.61,267,3099.87,0.0
2025-11-28,SKU_1024,Pepsi 250ml Mini,Pepsi,Beverages,14.72,201,2958.72,0.0
2025-11-29,SKU_1024,Pepsi 250ml Mini,Pepsi,Beverages,17.3,223,3857.9,0.0
2025-11-30,SKU_1024,Pepsi 250ml Mini,Pepsi,Beverages,17.08,240,4099.2,0.0
2025-12-01,SKU_1024,Pepsi 250ml Mini,Pepsi,Beverages,15.97,257,4104.29,10.0
2025-12-02,SKU_1024,Pepsi 250ml Mini,Pepsi,Beverages,15.06,275,4141.5,0.0
2025-12-03,SKU_1024,Pepsi 250ml Mini,Pepsi,Beverages,15.07,272,4099.04,0.0
2025-12-04,SKU_1024,Pepsi 250ml Mini,Pepsi,Beverages,17.6,238,4188.8,0.0
2025-12-05,SKU_1024,Pepsi 250ml Mini,Pepsi,Beverages,16.12,266,4287.92,0.0
2025-12-06,SKU_1024,Pepsi 250ml Mini,Pepsi,Beverages,12.15,401,4872.15,0.0
2025-12-07,SKU_1024,Pepsi 250ml Mini,Pepsi,Beverages,14.04,368,5166.72,5.0
2025-12-08,SKU_1024,Pepsi 250ml Mini,Pepsi,Beverages,16.49,247,4073.03,5.0
2025-12-09,SKU_1024,Pepsi 250ml Mini,Pepsi,Beverages,14.66,283,4148.78,10.0
2025-12-10,SKU_1024,Pepsi 250ml Mini,Pepsi,Beverages,10.89,392,4268.88,10.0
2025-12-11,SKU_1024,Pepsi 250ml Mini,Pepsi,Beverages,16.48,208,3427.84,10.0
2025-12-12,SKU_1024,Pepsi 250ml Mini,Pepsi,Beverages,14.83,248,3677.84,5.0
2025-12-13,SKU_1024,Pepsi 250ml Mini,Pepsi,Beverages,11.78,369,4346.82,0.0
2025-12-14,SKU_1024,Pepsi 250ml Mini,Pepsi,Beverages,17.56,254,4460.24,10.0
2025-12-15,SKU_1024,Pepsi 250ml Mini,Pepsi,Beverages,12.23,287,3510.01,0.0
2025-12-16,SKU_1024,Pepsi 250ml Mini,Pepsi,Beverages,15.35,242,3714.7,5.0
2025-12-17,SKU_1024,Pepsi 250ml Mini,Pepsi,Beverages,15.18,228,3461.04,10.0
2025-12-18,SKU_1024,Pepsi 250ml Mini,Pepsi,Beverages,16.95,213,3610.35,10.0
2025-12-19,SKU_1024,Pepsi 250ml Mini,Pepsi,Beverages,12.84,288,3697.92,0.0
2025-12-20,SKU_1024,Pepsi 250ml Mini,Pepsi,Beverages,13.38,365,4883.7,0.0
2025-12-21,SKU_1024,Pepsi 250ml Mini,Pepsi,Beverages,17.2,261,4489.2,0.0
2025-12-22,SKU_1024,Pepsi 250ml Mini,Pepsi,Beverages,16.74,230,3850.2,0.0
2025-12-23,SKU_1024,Pepsi 250ml Mini,Pepsi,Beverages,17.21,208,3579.68,0.0
2025-12-24,SKU_1024,Pepsi 250ml Mini,Pepsi,Beverages,14.7,247,3630.9,0.0
2025-12-25,SKU_1024,Pepsi 250ml Mini,Pepsi,Beverages,16.45,211,3470.95,5.0
2025-12-26,SKU_1024,Pepsi 250ml Mini,Pepsi,Beverages,14.62,226,3304.12,0.0
2025-12-27,SKU_1024,Pepsi 250ml Mini,Pepsi,Beverages,12.9,337,4347.3,0.0
2025-12-28,SKU_1024,Pepsi 250ml Mini,Pepsi,Beverages,16.65,258,4295.7,0.0
2025-12-29,SKU_1024,Pepsi 250ml Mini,Pepsi,Beverages,16.66,197,3282.02,10.0
2025-12-30,SKU_1024,Pepsi 250ml Mini,Pepsi,Beverages,14.3,238,3403.4,0.0
2025-12-31,SKU_1024,Pepsi 250ml Mini,Pepsi,Beverages,10.7,327,3498.9,0.0
2026-01-01,SKU_1024,Pepsi 250ml Mini,Pepsi,Beverages,15.3,290,4437.0,0.0
2026-01-02,SKU_1024,Pepsi 250ml Mini,Pepsi,Beverages,15.83,280,4432.4,5.0
2026-01-03,SKU_1024,Pepsi 250ml Mini,Pepsi,Beverages,11.09,476,5278.84,10.0
2026-01-04,SKU_1024,Pepsi 250ml Mini,Pepsi,Beverages,14.84,361,5357.24,10.0
2026-01-05,SKU_1024,Pepsi 250ml Mini,Pepsi,Beverages,11.18,397,4438.46,5.0
2026-01-06,SKU_1024,Pepsi 250ml Mini,Pepsi,Beverages,14.54,299,4347.46,10.0
2026-01-07,SKU_1024,Pepsi 250ml Mini,Pepsi,Beverages,15.72,289,4543.08,0.0
2026-01-08,SKU_1024,Pepsi 250ml Mini,Pepsi,Beverages,12.98,359,4659.82,0.0
2026-01-09,SKU_1024,Pepsi 250ml Mini,Pepsi,Beverages,15.21,300,4563.0,0.0
2026-01-10,SKU_1024,Pepsi 250ml Mini,Pepsi,Beverages,14.54,360,5234.4,5.0
2026-01-11,SKU_1024,Pepsi 250ml Mini,Pepsi,Beverages,15.55,309,4804.95,0.0
2026-01-12,SKU_1024,Pepsi 250ml Mini,Pepsi,Beverages,17.29,236,4080.44,0.0
2026-01-13,SKU_1024,Pepsi 250ml Mini,Pepsi,Beverages,14.78,257,3798.46,0.0
2026-01-14,SKU_1024,Pepsi 250ml Mini,Pepsi,Beverages,12.06,322,3883.32,0.0
2026-01-15,SKU_1024,Pepsi 250ml Mini,Pepsi,Beverages,13.99,275,3847.25,0.0
2026-01-16,SKU_1024,Pepsi 250ml Mini,Pepsi,Beverages,14.27,265,3781.55,5.0
2026-01-17,SKU_1024,Pepsi 250ml Mini,Pepsi,Beverages,17.54,266,4665.64,5.0
2026-01-18,SKU_1024,Pepsi 250ml Mini,Pepsi,Beverages,17.22,304,5234.88,5.0
2026-01-19,SKU_1024,Pepsi 250ml Mini,Pepsi,Beverages,14.34,288,4129.92,0.0
2026-01-20,SKU_1024,Pepsi 250ml Mini,Pepsi,Beverages,13.71,298,4085.58,5.0
2026-01-21,SKU_1024,Pepsi 250ml Mini,Pepsi,Beverages,13.03,301,3922.03,0.0
2026-01-22,SKU_1024,Pepsi 250ml Mini,Pepsi,Beverages,14.71,273,4015.83,5.0
2026-01-23,SKU_1024,Pepsi 250ml Mini,Pepsi,Beverages,14.72,266,3915.52,5.0
2026-01-24,SKU_1024,Pepsi 250ml Mini,Pepsi,Beverages,13.22,361,4772.42,10.0
2026-01-25,SKU_1024,Pepsi 250ml Mini,Pepsi,Beverages,10.99,450,4945.5,0.0
2026-01-26,SKU_1024,Pepsi 250ml Mini,Pepsi,Beverages,11.15,313,3489.95,0.0
2026-01-27,SKU_1024,Pepsi 250ml Mini,Pepsi,Beverages,16.38,208,3407.04,10.0
2026-01-28,SKU_1024,Pepsi 250ml Mini,Pepsi,Beverages,15.29,232,3547.28,10.0
2026-01-29,SKU_1024,Pepsi 250ml Mini,Pepsi,Beverages,16.79,217,3643.43,10.0
2026-01-30,SKU_1024,Pepsi 250ml Mini,Pepsi,Beverages,12.78,291,3718.98,5.0
2026-01-31,SKU_1024,Pepsi 250ml Mini,Pepsi,Beverages,13.32,351,4675.32,0.0
2026-02-01,SKU_1024,Pepsi 250ml Mini,Pepsi,Beverages,11.43,558,6377.94,10.0
2026-02-02,SKU_1024,Pepsi 250ml Mini,Pepsi,Beverages,13.63,341,4647.83,0.0
2026-02-03,SKU_1024,Pepsi 250ml Mini,Pepsi,Beverages,15.65,297,4648.05,0.0
2026-02-04,SKU_1024,Pepsi 250ml Mini,Pepsi,Beverages,16.52,285,4708.2,0.0
2026-02-05,SKU_1024,Pepsi 250ml Mini,Pepsi,Beverages,15.71,286,4493.06,5.0
2026-02-06,SKU_1024,Pepsi 250ml Mini,Pepsi,Beverages,16.61,295,4899.95,0.0
2026-02-07,SKU_1024,Pepsi 250ml Mini,Pepsi,Beverages,12.12,472,5720.64,0.0
2026-02-08,SKU_1024,Pepsi 250ml Mini,Pepsi,Beverages,12.86,499,6417.14,0.0
2026-02-09,SKU_1024,Pepsi 250ml Mini,Pepsi,Beverages,12.44,386,4801.84,10.0
2026-02-10,SKU_1024,Pepsi 250ml Mini,Pepsi,Beverages,10.83,443,4797.69,0.0
2026-02-11,SKU_1024,Pepsi 250ml Mini,Pepsi,Beverages,14.66,304,4456.64,0.0
2026-02-12,SKU_1024,Pepsi 250ml Mini,Pepsi,Beverages,14.28,307,4383.96,10.0
2026-02-13,SKU_1024,Pepsi 250ml Mini,Pepsi,Beverages,14.49,272,3941.28,10.0
2026-02-14,SKU_1024,Pepsi 250ml Mini,Pepsi,Beverages,12.85,416,5345.6,0.0
2026-02-15,SKU_1024,Pepsi 250ml Mini,Pepsi,Beverages,17.35,317,5499.95,0.0
2026-02-16,SKU_1024,Pepsi 250ml Mini,Pepsi,Beverages,12.24,334,4088.16,5.0
2026-02-17,SKU_1024,Pepsi 250ml Mini,Pepsi,Beverages,12.04,375,4515.0,5.0
2026-02-18,SKU_1024,Pepsi 250ml Mini,Pepsi,Beverages,16.66,263,4381.58,0.0
2026-02-19,SKU_1024,Pepsi 250ml Mini,Pepsi,Beverages,13.4,318,4261.2,0.0
2026-02-20,SKU_1024,Pepsi 250ml Mini,Pepsi,Beverages,13.91,296,4117.36,0.0
2026-02-21,SKU_1024,Pepsi 250ml Mini,Pepsi,Beverages,14.2,351,4984.2,5.0
2026-02-22,SKU_1024,Pepsi 250ml Mini,Pepsi,Beverages,11.55,491,5671.05,0.0
2026-02-23,SKU_1024,Pepsi 250ml Mini,Pepsi,Beverages,15.94,264,4208.16,5.0
2026-02-24,SKU_1024,Pepsi 250ml Mini,Pepsi,Beverages,14.28,294,4198.32,0.0
2026-02-25,SKU_1024,Pepsi 250ml Mini,Pepsi,Beverages,15.86,280,4440.8,10.0
2026-02-26,SKU_1024,Pepsi 250ml Mini,Pepsi,Beverages,16.02,247,3956.94,0.0
2026-02-27,SKU_1024,Pepsi 250ml Mini,Pepsi,Beverages,12.07,315,3802.05,0.0
2026-02-28,SKU_1024,Pepsi 250ml Mini,Pepsi,Beverages,13.95,339,4729.05,0.0
2026-03-01,SKU_1024,Pepsi 250ml Mini,Pepsi,Beverages,15.96,377,6016.92,0.0
2026-03-02,SKU_1024,Pepsi 250ml Mini,Pepsi,Beverages,11.6,425,4930.0,0.0
2026-03-03,SKU_1024,Pepsi 250ml Mini,Pepsi,Beverages,17.56,270,4741.2,0.0
2026-03-04,SKU_1024,Pepsi 250ml Mini,Pepsi,Beverages,14.95,329,4918.55,0.0
2026-03-05,SKU_1024,Pepsi 250ml Mini,Pepsi,Beverages,11.12,451,5015.12,0.0
2026-03-06,SKU_1024,Pepsi 250ml Mini,Pepsi,Beverages,15.59,319,4973.21,0.0
2026-03-07,SKU_1024,Pepsi 250ml Mini,Pepsi,Beverages,16.79,358,6010.82,0.0
2026-03-08,SKU_1024,Pepsi 250ml Mini,Pepsi,Beverages,11.23,595,6681.85,5.0
2026-03-09,SKU_1024,Pepsi 250ml Mini,Pepsi,Beverages,13.3,381,5067.3,0.0
2026-03-10,SKU_1024,Pepsi 250ml Mini,Pepsi,Beverages,12.92,742,9586.64,0.0
2026-03-11,SKU_1024,Pepsi 250ml Mini,Pepsi,Beverages,12.68,457,5794.76,0.0
2026-03-12,SKU_1024,Pepsi 250ml Mini,Pepsi,Beverages,12.2,691,8430.2,10.0
2026-03-13,SKU_1024,Pepsi 250ml Mini,Pepsi,Beverages,14.36,598,8587.28,0.0
2026-03-14,SKU_1024,Pepsi 250ml Mini,Pepsi,Beverages,12.93,684,8844.12,5.0
2026-03-15,SKU_1024,Pepsi 250ml Mini,Pepsi,Beverages,17.6,562,9891.2,0.0
2026-03-16,SKU_1024,Pepsi 250ml Mini,Pepsi,Beverages,16.92,486,8223.12,0.0
2026-03-17,SKU_1024,Pepsi 250ml Mini,Pepsi,Beverages,16.96,443,7513.28,10.0
2026-03-18,SKU_1024,Pepsi 250ml Mini,Pepsi,Beverages,13.56,646,8759.76,5.0
2026-03-19,SKU_1024,Pepsi 250ml Mini,Pepsi,Beverages,15.65,296,4632.4,10.0
2026-03-20,SKU_1024,Pepsi 250ml Mini,Pepsi,Beverages,12.35,369,4557.15,10.0
2026-03-21,SKU_1024,Pepsi 250ml Mini,Pepsi,Beverages,14.31,370,5294.7,5.0
2026-03-22,SKU_1024,Pepsi 250ml Mini,Pepsi,Beverages,16.12,340,5480.8,0.0
2026-03-23,SKU_1024,Pepsi 250ml Mini,Pepsi,Beverages,15.3,278,4253.4,0.0
2026-03-24,SKU_1024,Pepsi 250ml Mini,Pepsi,Beverages,14.03,318,4461.54,0.0
2026-03-25,SKU_1024,Pepsi 250ml Mini,Pepsi,Beverages,13.49,312,4208.88,10.0
2026-03-26,SKU_1024,Pepsi 250ml Mini,Pepsi,Beverages,17.43,225,3921.75,0.0
2026-03-27,SKU_1024,Pepsi 250ml Mini,Pepsi,Beverages,15.82,245,3875.9,10.0
2026-03-28,SKU_1024,Pepsi 250ml Mini,Pepsi,Beverages,13.13,372,4884.36,10.0
2026-03-29,SKU_1024,Pepsi 250ml Mini,Pepsi,Beverages,13.52,368,4975.36,0.0
2026-03-30,SKU_1024,Pepsi 250ml Mini,Pepsi,Beverages,14.47,273,3950.31,10.0
2026-03-31,SKU_1024,Pepsi 250ml Mini,Pepsi,Beverages,11.57,344,3980.08,0.0
2026-04-01,SKU_1024,Pepsi 250ml Mini,Pepsi,Beverages,11.82,408,4822.56,0.0
2026-04-02,SKU_1024,Pepsi 250ml Mini,Pepsi,Beverages,17.22,295,5079.9,0.0
2026-04-03,SKU_1024,Pepsi 250ml Mini,Pepsi,Beverages,15.29,325,4969.25,0.0
2026-04-04,SKU_1024,Pepsi 250ml Mini,Pepsi,Beverages,17.06,374,6380.44,0.0
2026-04-05,SKU_1024,Pepsi 250ml Mini,Pepsi,Beverages,16.07,383,6154.81,0.0
2026-04-06,SKU_1024,Pepsi 250ml Mini,Pepsi,Beverages,17.42,300,5226.0,5.0
2026-04-07,SKU_1024,Pepsi 250ml Mini,Pepsi,Beverages,16.67,287,4784.29,0.0
2026-04-08,SKU_1024,Pepsi 250ml Mini,Pepsi,Beverages,12.54,392,4915.68,10.0
2026-04-09,SKU_1024,Pepsi 250ml Mini,Pepsi,Beverages,12.54,424,5316.96,5.0
2026-04-10,SKU_1024,Pepsi 250ml Mini,Pepsi,Beverages,10.85,441,4784.85,0.0
2026-04-11,SKU_1024,Pepsi 250ml Mini,Pepsi,Beverages,12.56,420,5275.2,0.0
2026-04-12,SKU_1024,Pepsi 250ml Mini,Pepsi,Beverages,12.26,468,5737.68,0.0
2026-04-13,SKU_1024,Pepsi 250ml Mini,Pepsi,Beverages,14.61,279,4076.19,0.0
2026-04-14,SKU_1024,Pepsi 250ml Mini,Pepsi,Beverages,13.66,317,4330.22,0.0
2026-04-15,SKU_1024,Pepsi 250ml Mini,Pepsi,Beverages,11.43,395,4514.85,5.0
2026-04-16,SKU_1024,Pepsi 250ml Mini,Pepsi,Beverages,15.59,288,4489.92,10.0
2026-04-17,SKU_1024,Pepsi 250ml Mini,Pepsi,Beverages,15.78,256,4039.68,5.0
2026-04-18,SKU_1024,Pepsi 250ml Mini,Pepsi,Beverages,17.37,325,5645.25,0.0
2026-04-19,SKU_1024,Pepsi 250ml Mini,Pepsi,Beverages,17.02,296,5037.92,0.0
2026-04-20,SKU_1024,Pepsi 250ml Mini,Pepsi,Beverages,17.23,262,4514.26,0.0
2026-04-21,SKU_1024,Pepsi 250ml Mini,Pepsi,Beverages,16.55,247,4087.85,0.0
2026-04-22,SKU_1024,Pepsi 250ml Mini,Pepsi,Beverages,15.85,291,4612.35,10.0
2026-04-23,SKU_1024,Pepsi 250ml Mini,Pepsi,Beverages,15.42,284,4379.28,0.0
2026-04-24,SKU_1024,Pepsi 250ml Mini,Pepsi,Beverages,17.32,247,4278.04,5.0
2026-04-25,SKU_1024,Pepsi 250ml Mini,Pepsi,Beverages,14.86,363,5394.18,0.0
2026-04-26,SKU_1024,Pepsi 250ml Mini,Pepsi,Beverages,17.22,265,4563.3,5.0
2026-04-27,SKU_1024,Pepsi 250ml Mini,Pepsi,Beverages,14.17,282,3995.94,0.0
2026-04-28,SKU_1024,Pepsi 250ml Mini,Pepsi,Beverages,16.23,242,3927.66,0.0
2026-04-29,SKU_1024,Pepsi 250ml Mini,Pepsi,Beverages,17.06,240,4094.4,5.0
2026-04-30,SKU_1024,Pepsi 250ml Mini,Pepsi,Beverages,11.08,349,3866.92,10.0
2026-05-01,SKU_1024,Pepsi 250ml Mini,Pepsi,Beverages,10.79,454,4898.66,10.0
2026-05-02,SKU_1024,Pepsi 250ml Mini,Pepsi,Beverages,14.42,454,6546.68,0.0
2026-05-03,SKU_1024,Pepsi 250ml Mini,Pepsi,Beverages,16.61,351,5830.11,0.0
2026-05-04,SKU_1024,Pepsi 250ml Mini,Pepsi,Beverages,11.28,448,5053.44,10.0
2026-05-05,SKU_1024,Pepsi 250ml Mini,Pepsi,Beverages,14.39,332,4777.48,10.0
2026-05-06,SKU_1024,Pepsi 250ml Mini,Pepsi,Beverages,16.99,305,5181.95,10.0
2026-05-07,SKU_1024,Pepsi 250ml Mini,Pepsi,Beverages,13.47,386,5199.42,10.0
2026-05-08,SKU_1024,Pepsi 250ml Mini,Pepsi,Beverages,13.34,382,5095.88,5.0
2026-05-09,SKU_1024,Pepsi 250ml Mini,Pepsi,Beverages,13.99,416,5819.84,0.0
2026-05-10,SKU_1024,Pepsi 250ml Mini,Pepsi,Beverages,17.19,352,6050.88,0.0
2026-05-11,SKU_1024,Pepsi 250ml Mini,Pepsi,Beverages,15.82,263,4160.66,5.0
2026-05-12,SKU_1024,Pepsi 250ml Mini,Pepsi,Beverages,10.75,378,4063.5,0.0
2026-05-13,SKU_1024,Pepsi 250ml Mini,Pepsi,Beverages,14.13,309,4366.17,0.0
2026-05-14,SKU_1024,Pepsi 250ml Mini,Pepsi,Beverages,12.99,337,4377.63,0.0
2026-05-15,SKU_1024,Pepsi 250ml Mini,Pepsi,Beverages,15.57,279,4344.03,10.0
2026-05-16,SKU_1024,Pepsi 250ml Mini,Pepsi,Beverages,14.11,396,5587.56,5.0
2026-05-17,SKU_1024,Pepsi 250ml Mini,Pepsi,Beverages,14.08,372,5237.76,0.0
2026-05-18,SKU_1024,Pepsi 250ml Mini,Pepsi,Beverages,12.03,343,4126.29,10.0
