customer_data/sales_history.csv
date,product_id,product_name,brand,category,selling_price,units_sold,revenue,promotion_discount_pct
2025-11-20,SKU_1025,Pepsi 250ml Regular,Pepsi,Beverages,21.48,204,4381.92,5.0
2025-11-21,SKU_1025,Pepsi 250ml Regular,Pepsi,Beverages,18.16,295,5357.2,0.0
2025-11-22,SKU_1025,Pepsi 250ml Regular,Pepsi,Beverages,18.4,335,6164.0,0.0
2025-11-23,SKU_1025,Pepsi 250ml Regular,Pepsi,Beverages,16.8,424,7123.2,0.0
2025-11-24,SKU_1025,Pepsi 250ml Regular,Pepsi,Beverages,16.41,339,5562.99,0.0
2025-11-25,SKU_1025,Pepsi 250ml Regular,Pepsi,Beverages,20.2,244,4928.8,10.0
2025-11-26,SKU_1025,Pepsi 250ml Regular,Pepsi,Beverages,21.48,201,4317.48,10.0
2025-11-27,SKU_1025,Pepsi 250ml Regular,Pepsi,Beverages,15.55,330,5131.5,0.0
2025-11-28,SKU_1025,Pepsi 250ml Regular,Pepsi,Beverages,17.92,252,4515.84,5.0
2025-11-29,SKU_1025,Pepsi 250ml Regular,Pepsi,Beverages,18.01,321,5781.21,0.0
2025-11-30,SKU_1025,Pepsi 250ml Regular,Pepsi,Beverages,20.36,273,5558.28,0.0
2025-12-01,SKU_1025,Pepsi 250ml Regular,Pepsi,Beverages,18.94,320,6060.8,0.0
2025-12-02,SKU_1025,Pepsi 250ml Regular,Pepsi,Beverages,18.49,315,5824.35,0.0
2025-12-03,SKU_1025,Pepsi 250ml Regular,Pepsi,Beverages,20.55,253,5199.15,0.0
2025-12-04,SKU_1025,Pepsi 250ml Regular,Pepsi,Beverages,15.9,419,6662.1,0.0
2025-12-05,SKU_1025,Pepsi 250ml Regular,Pepsi,Beverages,24.59,205,5040.95,0.0
2025-12-06,SKU_1025,Pepsi 250ml Regular,Pepsi,Beverages,15.99,553,8842.47,0.0
2025-12-07,SKU_1025,Pepsi 250ml Regular,Pepsi,Beverages,22.47,297,6673.59,0.0
2025-12-08,SKU_1025,Pepsi 250ml Regular,Pepsi,Beverages,23.36,216,5045.76,0.0
2025-12-09,SKU_1025,Pepsi 250ml Regular,Pepsi,Beverages,17.33,370,6412.1,5.0
2025-12-10,SKU_1025,Pepsi 250ml Regular,Pepsi,Beverages,20.63,275,5673.25,5.0
2025-12-11,SKU_1025,Pepsi 250ml Regular,Pepsi,Beverages,20.79,250,5197.5,10.0
2025-12-12,SKU_1025,Pepsi 250ml Regular,Pepsi,Beverages,24.18,191,4618.38,0.0
2025-12-13,SKU_1025,Pepsi 250ml Regular,Pepsi,Beverages,23.17,260,6024.2,10.0
2025-12-14,SKU_1025,Pepsi 250ml Regular,Pepsi,Beverages,16.09,448,7208.32,0.0
2025-12-15,SKU_1025,Pepsi 250ml Regular,Pepsi,Beverages,20.09,265,5323.85,5.0
2025-12-16,SKU_1025,Pepsi 250ml Regular,Pepsi,Beverages,20.19,259,5229.21,0.0
2025-12-17,SKU_1025,Pepsi 250ml Regular,Pepsi,Beverages,16.5,345,5692.5,0.0
2025-12-18,SKU_1025,Pepsi 250ml Regular,Pepsi,Beverages,22.47,199,4471.53,0.0
2025-12-19,SKU_1025,Pepsi 250ml Regular,Pepsi,Beverages,18.64,281,5237.84,0.0
2025-12-20,SKU_1025,Pepsi 250ml Regular,Pepsi,Beverages,18.62,375,6982.5,0.0
2025-12-21,SKU_1025,Pepsi 250ml Regular,Pepsi,Beverages,18.8,362,6805.6,0.0
2025-12-22,SKU_1025,Pepsi 250ml Regular,Pepsi,Beverages,16.11,394,6347.34,0.0
2025-12-23,SKU_1025,Pepsi 250ml Regular,Pepsi,Beverages,18.83,294,5536.02,0.0
2025-12-24,SKU_1025,Pepsi 250ml Regular,Pepsi,Beverages,22.4,205,4592.0,5.0
2025-12-25,SKU_1025,Pepsi 250ml Regular,Pepsi,Beverages,24.01,193,4633.93,0.0
2025-12-26,SKU_1025,Pepsi 250ml Regular,Pepsi,Beverages,19.42,237,4602.54,5.0
2025-12-27,SKU_1025,Pepsi 250ml Regular,Pepsi,Beverages,24.59,213,5237.67,5.0
2025-12-28,SKU_1025,Pepsi 250ml Regular,Pepsi,Beverages,17.2,376,6467.2,0.0
2025-12-29,SKU_1025,Pepsi 250ml Regular,Pepsi,Beverages,23.25,188,4371.0,0.0
2025-12-30,SKU_1025,Pepsi 250ml Regular,Pepsi,Beverages,22.81,188,4288.28,0.0
2025-12-31,SKU_1025,Pepsi 250ml Regular,Pepsi,Beverages,22.31,194,4328.14,10.0
2026-01-01,SKU_1025,Pepsi 250ml Regular,Pepsi,Beverages,17.23,404,6960.92,10.0
2026-01-02,SKU_1025,Pepsi 250ml Regular,Pepsi,Beverages,24.93,203,5060.79,0.0
2026-01-03,SKU_1025,Pepsi 250ml Regular,Pepsi,Beverages,19.74,402,7935.48,5.0
2026-01-04,SKU_1025,Pepsi 250ml Regular,Pepsi,Beverages,20.55,385,7911.75,0.0
2026-01-05,SKU_1025,Pepsi 250ml Regular,Pepsi,Beverages,22.77,231,5259.87,10.0
2026-01-06,SKU_1025,Pepsi 250ml Regular,Pepsi,Beverages,25.15,215,5407.25,0.0
2026-01-07,SKU_1025,Pepsi 250ml Regular,Pepsi,Beverages,23.8,234,5569.2,0.0
2026-01-08,SKU_1025,Pepsi 250ml Regular,Pepsi,Beverages,23.72,218,5170.96,0.0
2026-01-09,SKU_1025,Pepsi 250ml Regular,Pepsi,Beverages,18.6,373,6937.8,10.0
2026-01-10,SKU_1025,Pepsi 250ml Regular,Pepsi,Beverages,17.13,482,8256.66,5.0
2026-01-11,SKU_1025,Pepsi 250ml Regular,Pepsi,Beverages,23.04,279,6428.16,0.0
2026-01-12,SKU_1025,Pepsi 250ml Regular,Pepsi,Beverages,16.74,391,6545.34,0.0
2026-01-13,SKU_1025,Pepsi 250ml Regular,Pepsi,Beverages,22.02,232,5108.64,5.0
2026-01-14,SKU_1025,Pepsi 250ml Regular,Pepsi,Beverages,23.46,206,4832.76,10.0
2026-01-15,SKU_1025,Pepsi 250ml Regular,Pepsi,Beverages,17.05,353,6018.65,0.0
2026-01-16,SKU_1025,Pepsi 250ml Regular,Pepsi,Beverages,20.19,273,5511.87,0.0
2026-01-17,SKU_1025,Pepsi 250ml Regular,Pepsi,Beverages,23.21,278,6452.38,10.0
2026-01-18,SKU_1025,Pepsi 250ml Regular,Pepsi,Beverages,20.95,332,6955.4,0.0
2026-01-19,SKU_1025,Pepsi 250ml Regular,Pepsi,Beverages,17.03,345,5875.35,0.0
2026-01-20,SKU_1025,Pepsi 250ml Regular,Pepsi,Beverages,23.9,192,4588.8,0.0
2026-01-21,SKU_1025,Pepsi 250ml Regular,Pepsi,Beverages,17.58,359,6311.22,5.0
2026-01-22,SKU_1025,Pepsi 250ml Regular,Pepsi,Beverages,19.22,316,6073.52,0.0
2026-01-23,SKU_1025,Pepsi 250ml Regular,Pepsi,Beverages,18.1,311,5629.1,0.0
2026-01-24,SKU_1025,Pepsi 250ml Regular,Pepsi,Beverages,18.13,422,7650.86,0.0
2026-01-25,SKU_1025,Pepsi 250ml Regular,Pepsi,Beverages,18.89,391,7385.99,0.0
2026-01-26,SKU_1025,Pepsi 250ml Regular,Pepsi,Beverages,23.93,197,4714.21,0.0
2026-01-27,SKU_1025,Pepsi 250ml Regular,Pepsi,Beverages,17.78,311,5529.58,0.0
2026-01-28,SKU_1025,Pepsi 250ml Regular,Pepsi,Beverages,20.63,257,5301.91,0.0
2026-01-29,SKU_1025,Pepsi 250ml Regular,Pepsi,Beverages,25.15,165,4149.75,0.0
2026-01-30,SKU_1025,Pepsi 250ml Regular,Pepsi,Beverages,22.42,206,4618.52,0.0
2026-01-31,SKU_1025,Pepsi 250ml Regular,Pepsi,Beverages,15.18,484,7347.12,5.0
2026-02-01,SKU_1025,Pepsi 250ml Regular,Pepsi,Beverages,19.74,420,8290.8,0.0
2026-02-02,SKU_1025,Pepsi 250ml Regular,Pepsi,Beverages,15.33,538,8247.54,5.0
2026-02-03,SKU_1025,Pepsi 250ml Regular,Pepsi,Beverages,18.06,398,7187.88,0.0
2026-02-04,SKU_1025,Pepsi 250ml Regular,Pepsi,Beverages,18.13,374,6780.62,10.0
2026-02-05,SKU_1025,Pepsi 250ml Regular,Pepsi,Beverages,19.2,343,6585.6,0.0
2026-02-06,SKU_1025,Pepsi 250ml Regular,Pepsi,Beverages,20.49,305,6249.45,0.0
2026-02-07,SKU_1025,Pepsi 250ml Regular,Pepsi,Beverages,20.22,388,7845.36,0.0
2026-02-08,SKU_1025,Pepsi 250ml Regular,Pepsi,Beverages,21.86,369,8066.34,10.0
2026-02-09,SKU_1025,Pepsi 250ml Regular,Pepsi,Beverages,16.21,480,7780.8,0.0
2026-02-10,SKU_1025,Pepsi 250ml Regular,Pepsi,Beverages,15.81,511,8078.91,0.0
2026-02-11,SKU_1025,Pepsi 250ml Regular,Pepsi,Beverages,17.76,360,6393.6,0.0
2026-02-12,SKU_1025,Pepsi 250ml Regular,Pepsi,Beverages,20.31,301,6113.31,0.0
2026-02-13,SKU_1025,Pepsi 250ml Regular,Pepsi,Beverages,20.63,280,5776.4,10.0
2026-02-14,SKU_1025,Pepsi 250ml Regular,Pepsi,Beverages,19.14,420,8038.8,0.0
2026-02-15,SKU_1025,Pepsi 250ml Regular,Pepsi,Beverages,22.93,280,6420.4,5.0
2026-02-16,SKU_1025,Pepsi 250ml Regular,Pepsi,Beverages,23.6,218,5144.8,0.0
2026-02-17,SKU_1025,Pepsi 250ml Regular,Pepsi,Beverages,23.44,233,5461.52,0.0
2026-02-18,SKU_1025,Pepsi 250ml Regular,Pepsi,Beverages,17.0,402,6834.0,0.0
2026-02-19,SKU_1025,Pepsi 250ml Regular,Pepsi,Beverages,18.03,344,6202.32,0.0
2026-02-20,SKU_1025,Pepsi 250ml Regular,Pepsi,Beverages,18.08,364,6581.12,0.0
2026-02-21,SKU_1025,Pepsi 250ml Regular,Pepsi,Beverages,17.42,438,7629.96,0.0
2026-02-22,SKU_1025,Pepsi 250ml Regular,Pepsi,Beverages,22.3,292,6511.6,10.0
2026-02-23,SKU_1025,Pepsi 250ml Regular,Pepsi,Beverages,16.15,415,6702.25,0.0
2026-02-24,SKU_1025,Pepsi 250ml Regular,Pepsi,Beverages,18.93,326,6171.18,10.0
2026-02-25,SKU_1025,Pepsi 250ml Regular,Pepsi,Beverages,15.55,492,7650.6,0.0
2026-02-26,SKU_1025,Pepsi 250ml Regular,Pepsi,Beverages,22.31,216,4818.96,10.0
2026-02-27,SKU_1025,Pepsi 250ml Regular,Pepsi,Beverages,18.31,311,5694.41,0.0
2026-02-28,SKU_1025,Pepsi 250ml Regular,Pepsi,Beverages,21.41,284,6080.44,0.0
2026-03-01,SKU_1025,Pepsi 250ml Regular,Pepsi,Beverages,17.0,600,10200.0,0.0
2026-03-02,SKU_1025,Pepsi 250ml Regular,Pepsi,Beverages,17.68,420,7425.6,0.0
2026-03-03,SKU_1025,Pepsi 250ml Regular,Pepsi,Beverages,23.87,259,6182.33,0.0
2026-03-04,SKU_1025,Pepsi 250ml Regular,Pepsi,Beverages,18.54,404,7490.16,5.0
2026-03-05,SKU_1025,Pepsi 250ml Regular,Pepsi,Beverages,15.3,570,8721.0,0.0
2026-03-06,SKU_1025,Pepsi 250ml Regular,Pepsi,Beverages,20.0,361,7220.0,10.0
2026-03-07,SKU_1025,Pepsi 250ml Regular,Pepsi,Beverages,24.71,317,7833.07,5.0
2026-03-08,SKU_1025,Pepsi 250ml Regular,Pepsi,Beverages,24.26,310,7520.6,0.0
2026-03-09,SKU_1025,Pepsi 250ml Regular,Pepsi,Beverages,18.73,387,7248.51,0.0
2026-03-10,SKU_1025,Pepsi 250ml Regular,Pepsi,Beverages,24.0,432,10368.0,0.0
2026-03-11,SKU_1025,Pepsi 250ml Regular,Pepsi,Beverages,23.31,480,11188.8,10.0
2026-03-12,SKU_1025,Pepsi 250ml Regular,Pepsi,Beverages,17.92,663,11880.96,0.0
2026-03-13,SKU_1025,Pepsi 250ml Regular,Pepsi,Beverages,18.03,508,9159.24,5.0
2026-03-14,SKU_1025,Pepsi 250ml Regular,Pepsi,Beverages,24.15,516,12461.4,0.0
2026-03-15,SKU_1025,Pepsi 250ml Regular,Pepsi,Beverages,16.98,621,10544.58,0.0
2026-03-16,SKU_1025,Pepsi 250ml Regular,Pepsi,Beverages,20.15,436,8785.4,0.0
2026-03-17,SKU_1025,Pepsi 250ml Regular,Pepsi,Beverages,16.91,641,10839.31,0.0
2026-03-18,SKU_1025,Pepsi 250ml Regular,Pepsi,Beverages,20.09,485,9743.65,0.0
2026-03-19,SKU_1025,Pepsi 250ml Regular,Pepsi,Beverages,24.73,201,4970.73,10.0
2026-03-20,SKU_1025,Pepsi 250ml Regular,Pepsi,Beverages,20.3,306,6211.8,10.0
2026-03-21,SKU_1025,Pepsi 250ml Regular,Pepsi,Beverages,20.71,379,7849.09,0.0
2026-03-22,SKU_1025,Pepsi 250ml Regular,Pepsi,Beverages,18.91,417,7885.47,0.0
2026-03-23,SKU_1025,Pepsi 250ml Regular,Pepsi,Beverages,15.99,457,7307.43,10.0
2026-03-24,SKU_1025,Pepsi 250ml Regular,Pepsi,Beverages,18.0,349,6282.0,0.0
2026-03-25,SKU_1025,Pepsi 250ml Regular,Pepsi,Beverages,20.58,291,5988.78,10.0
2026-03-26,SKU_1025,Pepsi 250ml Regular,Pepsi,Beverages,15.87,422,6697.14,0.0
2026-03-27,SKU_1025,Pepsi 250ml Regular,Pepsi,Beverages,21.38,233,4981.54,0.0
2026-03-28,SKU_1025,Pepsi 250ml Regular,Pepsi,Beverages,19.83,359,7118.97,0.0
2026-03-29,SKU_1025,Pepsi 250ml Regular,Pepsi,Beverages,20.43,326,6660.18,0.0
2026-03-30,SKU_1025,Pepsi 250ml Regular,Pepsi,Beverages,18.35,324,5945.4,5.0
2026-03-31,SKU_1025,Pepsi 250ml Regular,Pepsi,Beverages,24.56,196,4813.76,10.0
2026-04-01,SKU_1025,Pepsi 250ml Regular,Pepsi,Beverages,15.85,523,8289.55,10.0
2026-04-02,SKU_1025,Pepsi 250ml Regular,Pepsi,Beverages,24.07,239,5752.73,10.0
2026-04-03,SKU_1025,Pepsi 250ml Regular,Pepsi,Beverages,25.06,251,6290.06,0.0
2026-04-04,SKU_1025,Pepsi 250ml Regular,Pepsi,Beverages,15.89,694,11027.66,5.0
2026-04-05,SKU_1025,Pepsi 250ml Regular,Pepsi,Beverages,18.76,514,9642.64,0.0
2026-04-06,SKU_1025,Pepsi 250ml Regular,Pepsi,Beverages,19.31,369,7125.39,0.0
2026-04-07,SKU_1025,Pepsi 250ml Regular,Pepsi,Beverages,21.49,321,6898.29,0.0
2026-04-08,SKU_1025,Pepsi 250ml Regular,Pepsi,Beverages,15.44,557,8600.08,0.0
2026-04-09,SKU_1025,Pepsi 250ml Regular,Pepsi,Beverages,16.98,456,7742.88,5.0
2026-04-10,SKU_1025,Pepsi 250ml Regular,Pepsi,Beverages,18.6,396,7365.6,0.0
2026-04-11,SKU_1025,Pepsi 250ml Regular,Pepsi,Beverages,18.47,413,7628.11,0.0
2026-04-12,SKU_1025,Pepsi 250ml Regular,Pepsi,Beverages,16.57,493,8169.01,0.0
2026-04-13,SKU_1025,Pepsi 250ml Regular,Pepsi,Beverages,19.84,328,6507.52,0.0
2026-04-14,SKU_1025,Pepsi 250ml Regular,Pepsi,Beverages,16.27,463,7533.01,10.0
2026-04-15,SKU_1025,Pepsi 250ml Regular,Pepsi,Beverages,22.48,252,5664.96,5.0
2026-04-16,SKU_1025,Pepsi 250ml Regular,Pepsi,Beverages,21.6,278,6004.8,0.0
2026-04-17,SKU_1025,Pepsi 250ml Regular,Pepsi,Beverages,16.18,439,7103.02,10.0
2026-04-18,SKU_1025,Pepsi 250ml Regular,Pepsi,Beverages,22.12,322,7122.64,10.0
2026-04-19,SKU_1025,Pepsi 250ml Regular,Pepsi,Beverages,23.49,269,6318.81,0.0
2026-04-20,SKU_1025,Pepsi 250ml Regular,Pepsi,Beverages,22.05,257,5666.85,5.0
2026-04-21,SKU_1025,Pepsi 250ml Regular,Pepsi,Beverages,18.92,326,6167.92,10.0
2026-04-22,SKU_1025,Pepsi 250ml Regular,Pepsi,Beverages,21.35,285,6084.75,0.0
2026-04-23,SKU_1025,Pepsi 250ml Regular,Pepsi,Beverages,20.1,313,6291.3,10.0
2026-04-24,SKU_1025,Pepsi 250ml Regular,Pepsi,Beverages,19.15,307,5879.05,5.0
2026-04-25,SKU_1025,Pepsi 250ml Regular,Pepsi,Beverages,15.72,538,8457.36,10.0
2026-04-26,SKU_1025,Pepsi 250ml Regular,Pepsi,Beverages,18.93,365,6909.45,0.0
2026-04-27,SKU_1025,Pepsi 250ml Regular,Pepsi,Beverages,22.33,231,5158.23,0.0
2026-04-28,SKU_1025,Pepsi 250ml Regular,Pepsi,Beverages,15.61,401,6259.61,0.0
2026-04-29,SKU_1025,Pepsi 250ml Regular,Pepsi,Beverages,17.86,332,5929.52,0.0
2026-04-30,SKU_1025,Pepsi 250ml Regular,Pepsi,Beverages,16.56,356,5895.36,0.0
2026-05-01,SKU_1025,Pepsi 250ml Regular,Pepsi,Beverages,24.6,250,6150.0,0.0
2026-05-02,SKU_1025,Pepsi 250ml Regular,Pepsi,Beverages,16.92,569,9627.48,0.0
2026-05-03,SKU_1025,Pepsi 250ml Regular,Pepsi,Beverages,18.68,504,9414.72,5.0
2026-05-04,SKU_1025,Pepsi 250ml Regular,Pepsi,Beverages,20.24,319,6456.56,10.0
2026-05-05,SKU_1025,Pepsi 250ml Regular,Pepsi,Beverages,22.54,274,6175.96,0.0
2026-05-06,SKU_1025,Pepsi 250ml Regular,Pepsi,Beverages,17.75,415,7366.25,0.0
2026-05-07,SKU_1025,Pepsi 250ml Regular,Pepsi,Beverages,20.11,331,6656.41,0.0
2026-05-08,SKU_1025,Pepsi 250ml Regular,Pepsi,Beverages,17.54,424,7436.96,0.0
2026-05-09,SKU_1025,Pepsi 250ml Regular,Pepsi,Beverages,15.29,708,10825.32,0.0
2026-05-10,SKU_1025,Pepsi 250ml Regular,Pepsi,Beverages,16.82,539,9065.98,5.0
2026-05-11,SKU_1025,Pepsi 250ml Regular,Pepsi,Beverages,21.68,267,5788.56,0.0
2026-05-12,SKU_1025,Pepsi 250ml Regular,Pepsi,Beverages,23.29,226,5263.54,0.0
2026-05-13,SKU_1025,Pepsi 250ml Regular,Pepsi,Beverages,17.17,398,6833.66,10.0
2026-05-14,SKU_1025,Pepsi 250ml Regular,Pepsi,Beverages,22.15,238,5271.7,5.0
2026-05-15,SKU_1025,Pepsi 250ml Regular,Pepsi,Beverages,24.2,199,4815.8,0.0
2026-05-16,SKU_1025,Pepsi 250ml Regular,Pepsi,Beverages,24.99,261,6522.39,0.0
2026-05-17,SKU_1025,Pepsi 250ml Regular,Pepsi,Beverages,22.03,329,7247.87,5.0
2026-05-18,SKU_1025,Pepsi 250ml Regular,Pepsi,Beverages,22.37,230,5145.1,10.0
