customer_data/sales_history.csv
date,product_id,product_name,brand,category,selling_price,units_sold,revenue,promotion_discount_pct
2025-11-20,SKU_1026,Pepsi 250ml Value,Pepsi,Beverages,19.08,319,6086.52,0.0
2025-11-21,SKU_1026,Pepsi 250ml Value,Pepsi,Beverages,27.21,207,5632.47,0.0
2025-11-22,SKU_1026,Pepsi 250ml Value,Pepsi,Beverages,22.22,342,7599.24,0.0
2025-11-23,SKU_1026,Pepsi 250ml Value,Pepsi,Beverages,28.8,230,6624.0,10.0
2025-11-24,SKU_1026,Pepsi 250ml Value,Pepsi,Beverages,22.89,249,5699.61,10.0
2025-11-25,SKU_1026,Pepsi 250ml Value,Pepsi,Beverages,26.65,205,5463.25,0.0
2025-11-26,SKU_1026,Pepsi 250ml Value,Pepsi,Beverages,26.28,194,5098.32,10.0
2025-11-27,SKU_1026,Pepsi 250ml Value,Pepsi,Beverages,20.62,286,5897.32,5.0
2025-11-28,SKU_1026,Pepsi 250ml Value,Pepsi,Beverages,18.43,307,5658.01,0.0
2025-11-29,SKU_1026,Pepsi 250ml Value,Pepsi,Beverages,18.47,386,7129.42,0.0
2025-11-30,SKU_1026,Pepsi 250ml Value,Pepsi,Beverages,24.29,270,6558.3,10.0
2025-12-01,SKU_1026,Pepsi 250ml Value,Pepsi,Beverages,19.81,358,7091.98,5.0
2025-12-02,SKU_1026,Pepsi 250ml Value,Pepsi,Beverages,26.37,268,7067.16,0.0
2025-12-03,SKU_1026,Pepsi 250ml Value,Pepsi,Beverages,24.65,284,7000.6,0.0
2025-12-04,SKU_1026,Pepsi 250ml Value,Pepsi,Beverages,20.65,339,7000.35,5.0
2025-12-05,SKU_1026,Pepsi 250ml Value,Pepsi,Beverages,20.18,348,7022.64,0.0
2025-12-06,SKU_1026,Pepsi 250ml Value,Pepsi,Beverages,20.94,432,9046.08,0.0
2025-12-07,SKU_1026,Pepsi 250ml Value,Pepsi,Beverages,25.04,369,9239.76,5.0
2025-12-08,SKU_1026,Pepsi 250ml Value,Pepsi,Beverages,20.58,361,7429.38,10.0
2025-12-09,SKU_1026,Pepsi 250ml Value,Pepsi,Beverages,28.13,244,6863.72,5.0
2025-12-10,SKU_1026,Pepsi 250ml Value,Pepsi,Beverages,21.31,330,7032.3,5.0
2025-12-11,SKU_1026,Pepsi 250ml Value,Pepsi,Beverages,18.69,340,6354.6,0.0
2025-12-12,SKU_1026,Pepsi 250ml Value,Pepsi,Beverages,27.25,207,5640.75,0.0
2025-12-13,SKU_1026,Pepsi 250ml Value,Pepsi,Beverages,20.87,394,8222.78,0.0
2025-12-14,SKU_1026,Pepsi 250ml Value,Pepsi,Beverages,27.71,270,7481.7,0.0
2025-12-15,SKU_1026,Pepsi 250ml Value,Pepsi,Beverages,26.68,225,6003.0,10.0
2025-12-16,SKU_1026,Pepsi 250ml Value,Pepsi,Beverages,20.15,318,6407.7,0.0
2025-12-17,SKU_1026,Pepsi 250ml Value,Pepsi,Beverages,25.25,261,6590.25,0.0
2025-12-18,SKU_1026,Pepsi 250ml Value,Pepsi,Beverages,19.04,348,6625.92,10.0
2025-12-19,SKU_1026,Pepsi 250ml Value,Pepsi,Beverages,22.2,289,6415.8,10.0
2025-12-20,SKU_1026,Pepsi 250ml Value,Pepsi,Beverages,18.5,441,8158.5,0.0
2025-12-21,SKU_1026,Pepsi 250ml Value,Pepsi,Beverages,28.16,273,7687.68,10.0
2025-12-22,SKU_1026,Pepsi 250ml Value,Pepsi,Beverages,23.68,261,6180.48,0.0
2025-12-23,SKU_1026,Pepsi 250ml Value,Pepsi,Beverages,21.83,293,6396.19,0.0
2025-12-24,SKU_1026,Pepsi 250ml Value,Pepsi,Beverages,28.35,231,6548.85,0.0
2025-12-25,SKU_1026,Pepsi 250ml Value,Pepsi,Beverages,23.54,269,6332.26,0.0
2025-12-26,SKU_1026,Pepsi 250ml Value,Pepsi,Beverages,28.49,193,5498.57,0.0
2025-12-27,SKU_1026,Pepsi 250ml Value,Pepsi,Beverages,24.91,277,6900.07,0.0
2025-12-28,SKU_1026,Pepsi 250ml Value,Pepsi,Beverages,27.24,260,7082.4,0.0
2025-12-29,SKU_1026,Pepsi 250ml Value,Pepsi,Beverages,28.03,208,5830.24,0.0
2025-12-30,SKU_1026,Pepsi 250ml Value,Pepsi,Beverages,20.82,298,6204.36,10.0
2025-12-31,SKU_1026,Pepsi 250ml Value,Pepsi,Beverages,27.92,198,5528.16,0.0
2026-01-01,SKU_1026,Pepsi 250ml Value,Pepsi,Beverages,20.31,356,7230.36,5.0
2026-01-02,SKU_1026,Pepsi 250ml Value,Pepsi,Beverages,23.68,312,7388.16,5.0
2026-01-03,SKU_1026,Pepsi 250ml Value,Pepsi,Beverages,24.95,358,8932.1,0.0
2026-01-04,SKU_1026,Pepsi 250ml Value,Pepsi,Beverages,28.65,306,8766.9,0.0
2026-01-05,SKU_1026,Pepsi 250ml Value,Pepsi,Beverages,20.96,371,7776.16,0.0
2026-01-06,SKU_1026,Pepsi 250ml Value,Pepsi,Beverages,24.27,300,7281.0,0.0
2026-01-07,SKU_1026,Pepsi 250ml Value,Pepsi,Beverages,21.51,346,7442.46,10.0
2026-01-08,SKU_1026,Pepsi 250ml Value,Pepsi,Beverages,26.93,286,7701.98,0.0
2026-01-09,SKU_1026,Pepsi 250ml Value,Pepsi,Beverages,23.82,331,7884.42,0.0
2026-01-10,SKU_1026,Pepsi 250ml Value,Pepsi,Beverages,27.14,326,8847.64,0.0
2026-01-11,SKU_1026,Pepsi 250ml Value,Pepsi,Beverages,29.94,277,8293.38,0.0
2026-01-12,SKU_1026,Pepsi 250ml Value,Pepsi,Beverages,20.69,320,6620.8,10.0
2026-01-13,SKU_1026,Pepsi 250ml Value,Pepsi,Beverages,19.74,338,6672.12,0.0
2026-01-14,SKU_1026,Pepsi 250ml Value,Pepsi,Beverages,27.29,239,6522.31,0.0
2026-01-15,SKU_1026,Pepsi 250ml Value,Pepsi,Beverages,27.71,244,6761.24,10.0
2026-01-16,SKU_1026,Pepsi 250ml Value,Pepsi,Beverages,25.55,268,6847.4,0.0
2026-01-17,SKU_1026,Pepsi 250ml Value,Pepsi,Beverages,18.43,475,8754.25,0.0
2026-01-18,SKU_1026,Pepsi 250ml Value,Pepsi,Beverages,25.95,300,7785.0,0.0
2026-01-19,SKU_1026,Pepsi 250ml Value,Pepsi,Beverages,18.61,407,7574.27,10.0
2026-01-20,SKU_1026,Pepsi 250ml Value,Pepsi,Beverages,26.51,244,6468.44,0.0
2026-01-21,SKU_1026,Pepsi 250ml Value,Pepsi,Beverages,26.56,262,6958.72,0.0
2026-01-22,SKU_1026,Pepsi 250ml Value,Pepsi,Beverages,21.93,299,6557.07,0.0
2026-01-23,SKU_1026,Pepsi 250ml Value,Pepsi,Beverages,29.53,217,6408.01,5.0
2026-01-24,SKU_1026,Pepsi 250ml Value,Pepsi,Beverages,19.5,462,9009.0,0.0
2026-01-25,SKU_1026,Pepsi 250ml Value,Pepsi,Beverages,27.54,292,8041.68,5.0
2026-01-26,SKU_1026,Pepsi 250ml Value,Pepsi,Beverages,21.48,287,6164.76,5.0
2026-01-27,SKU_1026,Pepsi 250ml Value,Pepsi,Beverages,30.25,188,5687.0,0.0
2026-01-28,SKU_1026,Pepsi 250ml Value,Pepsi,Beverages,25.2,260,6552.0,0.0
2026-01-29,SKU_1026,Pepsi 250ml Value,Pepsi,Beverages,19.99,348,6956.52,0.0
2026-01-30,SKU_1026,Pepsi 250ml Value,Pepsi,Beverages,29.71,212,6298.52,0.0
2026-01-31,SKU_1026,Pepsi 250ml Value,Pepsi,Beverages,20.81,398,8282.38,5.0
2026-02-01,SKU_1026,Pepsi 250ml Value,Pepsi,Beverages,27.45,380,10431.0,0.0
2026-02-02,SKU_1026,Pepsi 250ml Value,Pepsi,Beverages,20.4,426,8690.4,0.0
2026-02-03,SKU_1026,Pepsi 250ml Value,Pepsi,Beverages,22.32,352,7856.64,10.0
2026-02-04,SKU_1026,Pepsi 250ml Value,Pepsi,Beverages,23.33,364,8492.12,5.0
